[2024-09-03T16:32:37.947+0530][gc] Using G1
[2024-09-03T16:32:37.953+0530][gc,init] Version: 17.0.8+9-LTS-211 (release)
[2024-09-03T16:32:37.953+0530][gc,init] CPUs: 8 total, 8 available
[2024-09-03T16:32:37.953+0530][gc,init] Memory: 16384M
[2024-09-03T16:32:37.953+0530][gc,init] Large Page Support: Disabled
[2024-09-03T16:32:37.954+0530][gc,init] NUMA Support: Disabled
[2024-09-03T16:32:37.954+0530][gc,init] Compressed Oops: Enabled (Zero based)
[2024-09-03T16:32:37.954+0530][gc,init] Heap Region Size: 1M
[2024-09-03T16:32:37.954+0530][gc,init] Heap Min Capacity: 1G
[2024-09-03T16:32:37.954+0530][gc,init] Heap Initial Capacity: 1G
[2024-09-03T16:32:37.954+0530][gc,init] Heap Max Capacity: 1G
[2024-09-03T16:32:37.954+0530][gc,init] Pre-touch: Disabled
[2024-09-03T16:32:37.954+0530][gc,init] Parallel Workers: 8
[2024-09-03T16:32:37.954+0530][gc,init] Concurrent Workers: 2
[2024-09-03T16:32:37.954+0530][gc,init] Concurrent Refinement Workers: 8
[2024-09-03T16:32:37.954+0530][gc,init] Periodic GC: Disabled
[2024-09-03T16:32:37.962+0530][gc,metaspace] CDS archive(s) mapped at: [0x0000000127000000-0x0000000127be4000-0x0000000127be4000), size 12468224, SharedBaseAddress: 0x0000000127000000, ArchiveRelocationMode: 1.
[2024-09-03T16:32:37.962+0530][gc,metaspace] Compressed class space mapped at: 0x0000000128000000-0x0000000168000000, reserved size: 1073741824
[2024-09-03T16:32:37.962+0530][gc,metaspace] Narrow klass base: 0x0000000127000000, Narrow klass shift: 0, Narrow klass range: 0x100000000
[2024-09-03T16:32:39.078+0530][gc,start    ] GC(0) Pause Young (Normal) (G1 Evacuation Pause)
[2024-09-03T16:32:39.079+0530][gc,task     ] GC(0) Using 8 workers of 8 for evacuation
[2024-09-03T16:32:39.085+0530][gc,phases   ] GC(0)   Pre Evacuate Collection Set: 0.1ms
[2024-09-03T16:32:39.085+0530][gc,phases   ] GC(0)   Merge Heap Roots: 0.1ms
[2024-09-03T16:32:39.085+0530][gc,phases   ] GC(0)   Evacuate Collection Set: 5.0ms
[2024-09-03T16:32:39.085+0530][gc,phases   ] GC(0)   Post Evacuate Collection Set: 0.4ms
[2024-09-03T16:32:39.085+0530][gc,phases   ] GC(0)   Other: 0.7ms
[2024-09-03T16:32:39.085+0530][gc,heap     ] GC(0) Eden regions: 51->0(44)
[2024-09-03T16:32:39.085+0530][gc,heap     ] GC(0) Survivor regions: 0->7(7)
[2024-09-03T16:32:39.085+0530][gc,heap     ] GC(0) Old regions: 0->1
[2024-09-03T16:32:39.085+0530][gc,heap     ] GC(0) Archive regions: 2->2
[2024-09-03T16:32:39.085+0530][gc,heap     ] GC(0) Humongous regions: 0->0
[2024-09-03T16:32:39.085+0530][gc,metaspace] GC(0) Metaspace: 18161K(18304K)->18161K(18304K) NonClass: 15990K(16064K)->15990K(16064K) Class: 2171K(2240K)->2171K(2240K)
[2024-09-03T16:32:39.085+0530][gc          ] GC(0) Pause Young (Normal) (G1 Evacuation Pause) 51M->8M(1024M) 6.497ms
[2024-09-03T16:32:39.085+0530][gc,cpu      ] GC(0) User=0.03s Sys=0.01s Real=0.01s
[2024-09-03T16:32:39.325+0530][gc,start    ] GC(1) Pause Young (Concurrent Start) (Metadata GC Threshold)
[2024-09-03T16:32:39.325+0530][gc,task     ] GC(1) Using 8 workers of 8 for evacuation
[2024-09-03T16:32:39.330+0530][gc,phases   ] GC(1)   Pre Evacuate Collection Set: 0.1ms
[2024-09-03T16:32:39.330+0530][gc,phases   ] GC(1)   Merge Heap Roots: 0.1ms
[2024-09-03T16:32:39.330+0530][gc,phases   ] GC(1)   Evacuate Collection Set: 4.4ms
[2024-09-03T16:32:39.330+0530][gc,phases   ] GC(1)   Post Evacuate Collection Set: 0.3ms
[2024-09-03T16:32:39.330+0530][gc,phases   ] GC(1)   Other: 0.2ms
[2024-09-03T16:32:39.330+0530][gc,heap     ] GC(1) Eden regions: 13->0(49)
[2024-09-03T16:32:39.330+0530][gc,heap     ] GC(1) Survivor regions: 7->2(7)
[2024-09-03T16:32:39.330+0530][gc,heap     ] GC(1) Old regions: 1->8
[2024-09-03T16:32:39.330+0530][gc,heap     ] GC(1) Archive regions: 2->2
[2024-09-03T16:32:39.330+0530][gc,heap     ] GC(1) Humongous regions: 0->0
[2024-09-03T16:32:39.330+0530][gc,metaspace] GC(1) Metaspace: 21277K(21504K)->21277K(21504K) NonClass: 18709K(18816K)->18709K(18816K) Class: 2567K(2688K)->2567K(2688K)
[2024-09-03T16:32:39.330+0530][gc          ] GC(1) Pause Young (Concurrent Start) (Metadata GC Threshold) 21M->10M(1024M) 5.267ms
[2024-09-03T16:32:39.330+0530][gc,cpu      ] GC(1) User=0.03s Sys=0.01s Real=0.01s
[2024-09-03T16:32:39.330+0530][gc          ] GC(2) Concurrent Mark Cycle
[2024-09-03T16:32:39.330+0530][gc,marking  ] GC(2) Concurrent Clear Claimed Marks
[2024-09-03T16:32:39.330+0530][gc,marking  ] GC(2) Concurrent Clear Claimed Marks 0.021ms
[2024-09-03T16:32:39.330+0530][gc,marking  ] GC(2) Concurrent Scan Root Regions
[2024-09-03T16:32:39.332+0530][gc,marking  ] GC(2) Concurrent Scan Root Regions 2.219ms
[2024-09-03T16:32:39.332+0530][gc,marking  ] GC(2) Concurrent Mark
[2024-09-03T16:32:39.332+0530][gc,marking  ] GC(2) Concurrent Mark From Roots
[2024-09-03T16:32:39.332+0530][gc,task     ] GC(2) Using 2 workers of 2 for marking
[2024-09-03T16:32:39.334+0530][gc,marking  ] GC(2) Concurrent Mark From Roots 1.650ms
[2024-09-03T16:32:39.334+0530][gc,marking  ] GC(2) Concurrent Preclean
[2024-09-03T16:32:39.334+0530][gc,marking  ] GC(2) Concurrent Preclean 0.030ms
[2024-09-03T16:32:39.334+0530][gc,start    ] GC(2) Pause Remark
[2024-09-03T16:32:39.336+0530][gc          ] GC(2) Pause Remark 10M->10M(1024M) 1.382ms
[2024-09-03T16:32:39.336+0530][gc,cpu      ] GC(2) User=0.00s Sys=0.00s Real=0.00s
[2024-09-03T16:32:39.336+0530][gc,marking  ] GC(2) Concurrent Mark 3.257ms
[2024-09-03T16:32:39.336+0530][gc,marking  ] GC(2) Concurrent Rebuild Remembered Sets
[2024-09-03T16:32:39.338+0530][gc,marking  ] GC(2) Concurrent Rebuild Remembered Sets 2.067ms
[2024-09-03T16:32:39.426+0530][gc,start    ] GC(2) Pause Cleanup
[2024-09-03T16:32:39.426+0530][gc          ] GC(2) Pause Cleanup 139M->139M(1024M) 0.182ms
[2024-09-03T16:32:39.426+0530][gc,cpu      ] GC(2) User=0.00s Sys=0.00s Real=0.00s
[2024-09-03T16:32:39.426+0530][gc,marking  ] GC(2) Concurrent Cleanup for Next Mark
[2024-09-03T16:32:39.439+0530][gc,marking  ] GC(2) Concurrent Cleanup for Next Mark 13.066ms
[2024-09-03T16:32:39.439+0530][gc          ] GC(2) Concurrent Mark Cycle 108.802ms
[2024-09-03T16:32:39.768+0530][gc,heap,exit] Heap
[2024-09-03T16:32:39.768+0530][gc,heap,exit]  garbage-first heap   total 1048576K, used 152499K [0x00000007c0000000, 0x0000000800000000)
[2024-09-03T16:32:39.768+0530][gc,heap,exit]   region size 1024K, 12 young (12288K), 2 survivors (2048K)
[2024-09-03T16:32:39.768+0530][gc,heap,exit]  Metaspace       used 22878K, committed 23104K, reserved 1114112K
[2024-09-03T16:32:39.768+0530][gc,heap,exit]   class space    used 2831K, committed 2944K, reserved 1048576K
