[2024-09-04T15:02:51.157+0530][gc] Using G1
[2024-09-04T15:02:51.163+0530][gc,init] Version: 17.0.8+9-LTS-211 (release)
[2024-09-04T15:02:51.163+0530][gc,init] CPUs: 8 total, 8 available
[2024-09-04T15:02:51.163+0530][gc,init] Memory: 16384M
[2024-09-04T15:02:51.163+0530][gc,init] Large Page Support: Disabled
[2024-09-04T15:02:51.163+0530][gc,init] NUMA Support: Disabled
[2024-09-04T15:02:51.163+0530][gc,init] Compressed Oops: Enabled (Zero based)
[2024-09-04T15:02:51.163+0530][gc,init] Heap Region Size: 1M
[2024-09-04T15:02:51.163+0530][gc,init] Heap Min Capacity: 1G
[2024-09-04T15:02:51.163+0530][gc,init] Heap Initial Capacity: 1G
[2024-09-04T15:02:51.163+0530][gc,init] Heap Max Capacity: 1G
[2024-09-04T15:02:51.163+0530][gc,init] Pre-touch: Disabled
[2024-09-04T15:02:51.163+0530][gc,init] Parallel Workers: 8
[2024-09-04T15:02:51.163+0530][gc,init] Concurrent Workers: 2
[2024-09-04T15:02:51.163+0530][gc,init] Concurrent Refinement Workers: 8
[2024-09-04T15:02:51.163+0530][gc,init] Periodic GC: Disabled
[2024-09-04T15:02:51.170+0530][gc,metaspace] CDS archive(s) mapped at: [0x000000011f000000-0x000000011fbe4000-0x000000011fbe4000), size 12468224, SharedBaseAddress: 0x000000011f000000, ArchiveRelocationMode: 1.
[2024-09-04T15:02:51.170+0530][gc,metaspace] Compressed class space mapped at: 0x0000000120000000-0x0000000160000000, reserved size: 1073741824
[2024-09-04T15:02:51.170+0530][gc,metaspace] Narrow klass base: 0x000000011f000000, Narrow klass shift: 0, Narrow klass range: 0x100000000
[2024-09-04T15:02:52.088+0530][gc,start    ] GC(0) Pause Young (Normal) (G1 Evacuation Pause)
[2024-09-04T15:02:52.089+0530][gc,task     ] GC(0) Using 8 workers of 8 for evacuation
[2024-09-04T15:02:52.094+0530][gc,phases   ] GC(0)   Pre Evacuate Collection Set: 0.1ms
[2024-09-04T15:02:52.095+0530][gc,phases   ] GC(0)   Merge Heap Roots: 0.1ms
[2024-09-04T15:02:52.095+0530][gc,phases   ] GC(0)   Evacuate Collection Set: 4.8ms
[2024-09-04T15:02:52.095+0530][gc,phases   ] GC(0)   Post Evacuate Collection Set: 0.5ms
[2024-09-04T15:02:52.095+0530][gc,phases   ] GC(0)   Other: 0.8ms
[2024-09-04T15:02:52.095+0530][gc,heap     ] GC(0) Eden regions: 51->0(44)
[2024-09-04T15:02:52.095+0530][gc,heap     ] GC(0) Survivor regions: 0->7(7)
[2024-09-04T15:02:52.095+0530][gc,heap     ] GC(0) Old regions: 0->2
[2024-09-04T15:02:52.095+0530][gc,heap     ] GC(0) Archive regions: 2->2
[2024-09-04T15:02:52.095+0530][gc,heap     ] GC(0) Humongous regions: 0->0
[2024-09-04T15:02:52.095+0530][gc,metaspace] GC(0) Metaspace: 18178K(18368K)->18178K(18368K) NonClass: 16153K(16256K)->16153K(16256K) Class: 2025K(2112K)->2025K(2112K)
[2024-09-04T15:02:52.095+0530][gc          ] GC(0) Pause Young (Normal) (G1 Evacuation Pause) 51M->9M(1024M) 6.507ms
[2024-09-04T15:02:52.095+0530][gc,cpu      ] GC(0) User=0.02s Sys=0.01s Real=0.01s
[2024-09-04T15:02:52.289+0530][gc,start    ] GC(1) Pause Young (Concurrent Start) (Metadata GC Threshold)
[2024-09-04T15:02:52.289+0530][gc,task     ] GC(1) Using 8 workers of 8 for evacuation
[2024-09-04T15:02:52.294+0530][gc,phases   ] GC(1)   Pre Evacuate Collection Set: 0.1ms
[2024-09-04T15:02:52.294+0530][gc,phases   ] GC(1)   Merge Heap Roots: 0.1ms
[2024-09-04T15:02:52.294+0530][gc,phases   ] GC(1)   Evacuate Collection Set: 4.6ms
[2024-09-04T15:02:52.294+0530][gc,phases   ] GC(1)   Post Evacuate Collection Set: 0.4ms
[2024-09-04T15:02:52.295+0530][gc,phases   ] GC(1)   Other: 0.3ms
[2024-09-04T15:02:52.295+0530][gc,heap     ] GC(1) Eden regions: 15->0(49)
[2024-09-04T15:02:52.295+0530][gc,heap     ] GC(1) Survivor regions: 7->2(7)
[2024-09-04T15:02:52.295+0530][gc,heap     ] GC(1) Old regions: 2->9
[2024-09-04T15:02:52.295+0530][gc,heap     ] GC(1) Archive regions: 2->2
[2024-09-04T15:02:52.295+0530][gc,heap     ] GC(1) Humongous regions: 0->0
[2024-09-04T15:02:52.295+0530][gc,metaspace] GC(1) Metaspace: 21301K(21504K)->21301K(21504K) NonClass: 18903K(19008K)->18903K(19008K) Class: 2398K(2496K)->2398K(2496K)
[2024-09-04T15:02:52.295+0530][gc          ] GC(1) Pause Young (Concurrent Start) (Metadata GC Threshold) 23M->11M(1024M) 5.526ms
[2024-09-04T15:02:52.295+0530][gc,cpu      ] GC(1) User=0.03s Sys=0.00s Real=0.01s
[2024-09-04T15:02:52.295+0530][gc          ] GC(2) Concurrent Mark Cycle
[2024-09-04T15:02:52.295+0530][gc,marking  ] GC(2) Concurrent Clear Claimed Marks
[2024-09-04T15:02:52.295+0530][gc,marking  ] GC(2) Concurrent Clear Claimed Marks 0.015ms
[2024-09-04T15:02:52.295+0530][gc,marking  ] GC(2) Concurrent Scan Root Regions
[2024-09-04T15:02:52.297+0530][gc,marking  ] GC(2) Concurrent Scan Root Regions 2.382ms
[2024-09-04T15:02:52.297+0530][gc,marking  ] GC(2) Concurrent Mark
[2024-09-04T15:02:52.297+0530][gc,marking  ] GC(2) Concurrent Mark From Roots
[2024-09-04T15:02:52.297+0530][gc,task     ] GC(2) Using 2 workers of 2 for marking
[2024-09-04T15:02:52.299+0530][gc,marking  ] GC(2) Concurrent Mark From Roots 1.988ms
[2024-09-04T15:02:52.299+0530][gc,marking  ] GC(2) Concurrent Preclean
[2024-09-04T15:02:52.299+0530][gc,marking  ] GC(2) Concurrent Preclean 0.027ms
[2024-09-04T15:02:52.299+0530][gc,start    ] GC(2) Pause Remark
[2024-09-04T15:02:52.301+0530][gc          ] GC(2) Pause Remark 11M->11M(1024M) 1.455ms
[2024-09-04T15:02:52.301+0530][gc,cpu      ] GC(2) User=0.00s Sys=0.00s Real=0.01s
[2024-09-04T15:02:52.301+0530][gc,marking  ] GC(2) Concurrent Mark 3.688ms
[2024-09-04T15:02:52.301+0530][gc,marking  ] GC(2) Concurrent Rebuild Remembered Sets
[2024-09-04T15:02:52.303+0530][gc,marking  ] GC(2) Concurrent Rebuild Remembered Sets 2.382ms
[2024-09-04T15:02:52.303+0530][gc,start    ] GC(2) Pause Cleanup
[2024-09-04T15:02:52.304+0530][gc          ] GC(2) Pause Cleanup 11M->11M(1024M) 0.113ms
[2024-09-04T15:02:52.304+0530][gc,cpu      ] GC(2) User=0.00s Sys=0.00s Real=0.00s
[2024-09-04T15:02:52.304+0530][gc,marking  ] GC(2) Concurrent Cleanup for Next Mark
[2024-09-04T15:02:52.309+0530][gc,marking  ] GC(2) Concurrent Cleanup for Next Mark 5.125ms
[2024-09-04T15:02:52.309+0530][gc          ] GC(2) Concurrent Mark Cycle 14.049ms
[2024-09-04T15:02:52.853+0530][gc,start    ] GC(3) Pause Young (Normal) (G1 Evacuation Pause)
[2024-09-04T15:02:52.853+0530][gc,task     ] GC(3) Using 8 workers of 8 for evacuation
[2024-09-04T15:02:52.858+0530][gc,phases   ] GC(3)   Pre Evacuate Collection Set: 0.1ms
[2024-09-04T15:02:52.858+0530][gc,phases   ] GC(3)   Merge Heap Roots: 0.1ms
[2024-09-04T15:02:52.858+0530][gc,phases   ] GC(3)   Evacuate Collection Set: 3.9ms
[2024-09-04T15:02:52.858+0530][gc,phases   ] GC(3)   Post Evacuate Collection Set: 0.5ms
[2024-09-04T15:02:52.858+0530][gc,phases   ] GC(3)   Other: 0.2ms
[2024-09-04T15:02:52.858+0530][gc,heap     ] GC(3) Eden regions: 49->0(45)
[2024-09-04T15:02:52.858+0530][gc,heap     ] GC(3) Survivor regions: 2->6(7)
[2024-09-04T15:02:52.858+0530][gc,heap     ] GC(3) Old regions: 9->9
[2024-09-04T15:02:52.858+0530][gc,heap     ] GC(3) Archive regions: 2->2
[2024-09-04T15:02:52.858+0530][gc,heap     ] GC(3) Humongous regions: 0->0
[2024-09-04T15:02:52.858+0530][gc,metaspace] GC(3) Metaspace: 31048K(31296K)->31048K(31296K) NonClass: 27579K(27712K)->27579K(27712K) Class: 3468K(3584K)->3468K(3584K)
[2024-09-04T15:02:52.858+0530][gc          ] GC(3) Pause Young (Normal) (G1 Evacuation Pause) 60M->14M(1024M) 4.895ms
[2024-09-04T15:02:52.858+0530][gc,cpu      ] GC(3) User=0.04s Sys=0.01s Real=0.00s
[2024-09-04T15:02:53.195+0530][gc,start    ] GC(4) Pause Young (Concurrent Start) (Metadata GC Threshold)
[2024-09-04T15:02:53.195+0530][gc,task     ] GC(4) Using 8 workers of 8 for evacuation
[2024-09-04T15:02:53.201+0530][gc,phases   ] GC(4)   Pre Evacuate Collection Set: 0.1ms
[2024-09-04T15:02:53.201+0530][gc,phases   ] GC(4)   Merge Heap Roots: 0.0ms
[2024-09-04T15:02:53.201+0530][gc,phases   ] GC(4)   Evacuate Collection Set: 4.5ms
[2024-09-04T15:02:53.201+0530][gc,phases   ] GC(4)   Post Evacuate Collection Set: 0.4ms
[2024-09-04T15:02:53.201+0530][gc,phases   ] GC(4)   Other: 0.2ms
[2024-09-04T15:02:53.201+0530][gc,heap     ] GC(4) Eden regions: 23->0(48)
[2024-09-04T15:02:53.201+0530][gc,heap     ] GC(4) Survivor regions: 6->3(7)
[2024-09-04T15:02:53.201+0530][gc,heap     ] GC(4) Old regions: 9->14
[2024-09-04T15:02:53.201+0530][gc,heap     ] GC(4) Archive regions: 2->2
[2024-09-04T15:02:53.201+0530][gc,heap     ] GC(4) Humongous regions: 129->129
[2024-09-04T15:02:53.201+0530][gc,metaspace] GC(4) Metaspace: 35656K(35968K)->35656K(35968K) NonClass: 31659K(31808K)->31659K(31808K) Class: 3996K(4160K)->3996K(4160K)
[2024-09-04T15:02:53.201+0530][gc          ] GC(4) Pause Young (Concurrent Start) (Metadata GC Threshold) 165M->145M(1024M) 5.368ms
[2024-09-04T15:02:53.201+0530][gc,cpu      ] GC(4) User=0.03s Sys=0.00s Real=0.01s
[2024-09-04T15:02:53.201+0530][gc          ] GC(5) Concurrent Mark Cycle
[2024-09-04T15:02:53.201+0530][gc,marking  ] GC(5) Concurrent Clear Claimed Marks
[2024-09-04T15:02:53.201+0530][gc,marking  ] GC(5) Concurrent Clear Claimed Marks 0.025ms
[2024-09-04T15:02:53.201+0530][gc,marking  ] GC(5) Concurrent Scan Root Regions
[2024-09-04T15:02:53.206+0530][gc,marking  ] GC(5) Concurrent Scan Root Regions 4.751ms
[2024-09-04T15:02:53.206+0530][gc,marking  ] GC(5) Concurrent Mark
[2024-09-04T15:02:53.206+0530][gc,marking  ] GC(5) Concurrent Mark From Roots
[2024-09-04T15:02:53.206+0530][gc,task     ] GC(5) Using 2 workers of 2 for marking
[2024-09-04T15:02:53.217+0530][gc,marking  ] GC(5) Concurrent Mark From Roots 10.788ms
[2024-09-04T15:02:53.217+0530][gc,marking  ] GC(5) Concurrent Preclean
[2024-09-04T15:02:53.217+0530][gc,marking  ] GC(5) Concurrent Preclean 0.103ms
[2024-09-04T15:02:53.217+0530][gc,start    ] GC(5) Pause Remark
[2024-09-04T15:02:53.218+0530][gc          ] GC(5) Pause Remark 146M->146M(1024M) 1.572ms
[2024-09-04T15:02:53.218+0530][gc,cpu      ] GC(5) User=0.01s Sys=0.00s Real=0.00s
[2024-09-04T15:02:53.218+0530][gc,marking  ] GC(5) Concurrent Mark 12.799ms
[2024-09-04T15:02:53.219+0530][gc,marking  ] GC(5) Concurrent Rebuild Remembered Sets
[2024-09-04T15:02:53.224+0530][gc,marking  ] GC(5) Concurrent Rebuild Remembered Sets 5.224ms
[2024-09-04T15:02:53.224+0530][gc,start    ] GC(5) Pause Cleanup
[2024-09-04T15:02:53.224+0530][gc          ] GC(5) Pause Cleanup 146M->146M(1024M) 0.170ms
[2024-09-04T15:02:53.224+0530][gc,cpu      ] GC(5) User=0.00s Sys=0.00s Real=0.00s
[2024-09-04T15:02:53.224+0530][gc,marking  ] GC(5) Concurrent Cleanup for Next Mark
[2024-09-04T15:02:53.229+0530][gc,marking  ] GC(5) Concurrent Cleanup for Next Mark 4.942ms
[2024-09-04T15:02:53.229+0530][gc          ] GC(5) Concurrent Mark Cycle 28.374ms
[2024-09-04T15:08:27.016+0530][gc,start    ] GC(6) Pause Young (Normal) (G1 Evacuation Pause)
[2024-09-04T15:08:27.017+0530][gc,task     ] GC(6) Using 8 workers of 8 for evacuation
[2024-09-04T15:08:27.028+0530][gc,phases   ] GC(6)   Pre Evacuate Collection Set: 2.0ms
[2024-09-04T15:08:27.028+0530][gc,phases   ] GC(6)   Merge Heap Roots: 0.2ms
[2024-09-04T15:08:27.028+0530][gc,phases   ] GC(6)   Evacuate Collection Set: 8.6ms
[2024-09-04T15:08:27.028+0530][gc,phases   ] GC(6)   Post Evacuate Collection Set: 0.6ms
[2024-09-04T15:08:27.028+0530][gc,phases   ] GC(6)   Other: 0.7ms
[2024-09-04T15:08:27.028+0530][gc,heap     ] GC(6) Eden regions: 48->0(48)
[2024-09-04T15:08:27.028+0530][gc,heap     ] GC(6) Survivor regions: 3->3(7)
[2024-09-04T15:08:27.028+0530][gc,heap     ] GC(6) Old regions: 14->14
[2024-09-04T15:08:27.028+0530][gc,heap     ] GC(6) Archive regions: 2->2
[2024-09-04T15:08:27.028+0530][gc,heap     ] GC(6) Humongous regions: 129->129
[2024-09-04T15:08:27.029+0530][gc,metaspace] GC(6) Metaspace: 38944K(39360K)->38944K(39360K) NonClass: 34564K(34816K)->34564K(34816K) Class: 4379K(4544K)->4379K(4544K)
[2024-09-04T15:08:27.029+0530][gc          ] GC(6) Pause Young (Normal) (G1 Evacuation Pause) 193M->146M(1024M) 12.122ms
[2024-09-04T15:08:27.029+0530][gc,cpu      ] GC(6) User=0.02s Sys=0.03s Real=0.01s
[2024-09-04T15:14:33.617+0530][gc,start    ] GC(7) Pause Young (Normal) (G1 Evacuation Pause)
[2024-09-04T15:14:33.618+0530][gc,task     ] GC(7) Using 8 workers of 8 for evacuation
[2024-09-04T15:14:33.646+0530][gc,phases   ] GC(7)   Pre Evacuate Collection Set: 0.3ms
[2024-09-04T15:14:33.653+0530][gc,phases   ] GC(7)   Merge Heap Roots: 0.1ms
[2024-09-04T15:14:33.654+0530][gc,phases   ] GC(7)   Evacuate Collection Set: 4.7ms
[2024-09-04T15:14:33.654+0530][gc,phases   ] GC(7)   Post Evacuate Collection Set: 0.5ms
[2024-09-04T15:14:33.654+0530][gc,phases   ] GC(7)   Other: 23.8ms
[2024-09-04T15:14:33.654+0530][gc,heap     ] GC(7) Eden regions: 48->0(47)
[2024-09-04T15:14:33.654+0530][gc,heap     ] GC(7) Survivor regions: 3->4(7)
[2024-09-04T15:14:33.654+0530][gc,heap     ] GC(7) Old regions: 14->14
[2024-09-04T15:14:33.654+0530][gc,heap     ] GC(7) Archive regions: 2->2
[2024-09-04T15:14:33.654+0530][gc,heap     ] GC(7) Humongous regions: 129->129
[2024-09-04T15:14:33.654+0530][gc,metaspace] GC(7) Metaspace: 39319K(39744K)->39319K(39744K) NonClass: 34902K(35136K)->34902K(35136K) Class: 4416K(4608K)->4416K(4608K)
[2024-09-04T15:14:33.654+0530][gc          ] GC(7) Pause Young (Normal) (G1 Evacuation Pause) 194M->147M(1024M) 37.124ms
[2024-09-04T15:14:33.654+0530][gc,cpu      ] GC(7) User=0.04s Sys=0.01s Real=0.04s
[2024-09-04T15:14:52.559+0530][gc,start    ] GC(8) Pause Young (Normal) (G1 Evacuation Pause)
[2024-09-04T15:14:52.569+0530][gc,task     ] GC(8) Using 8 workers of 8 for evacuation
[2024-09-04T15:14:52.580+0530][gc,phases   ] GC(8)   Pre Evacuate Collection Set: 0.2ms
[2024-09-04T15:14:52.580+0530][gc,phases   ] GC(8)   Merge Heap Roots: 0.2ms
[2024-09-04T15:14:52.580+0530][gc,phases   ] GC(8)   Evacuate Collection Set: 9.6ms
[2024-09-04T15:14:52.580+0530][gc,phases   ] GC(8)   Post Evacuate Collection Set: 0.7ms
[2024-09-04T15:14:52.580+0530][gc,phases   ] GC(8)   Other: 10.3ms
[2024-09-04T15:14:52.580+0530][gc,heap     ] GC(8) Eden regions: 47->0(44)
[2024-09-04T15:14:52.580+0530][gc,heap     ] GC(8) Survivor regions: 4->7(7)
[2024-09-04T15:14:52.580+0530][gc,heap     ] GC(8) Old regions: 14->14
[2024-09-04T15:14:52.580+0530][gc,heap     ] GC(8) Archive regions: 2->2
[2024-09-04T15:14:52.580+0530][gc,heap     ] GC(8) Humongous regions: 129->129
[2024-09-04T15:14:52.580+0530][gc,metaspace] GC(8) Metaspace: 42222K(42688K)->42222K(42688K) NonClass: 37317K(37568K)->37317K(37568K) Class: 4905K(5120K)->4905K(5120K)
[2024-09-04T15:14:52.580+0530][gc          ] GC(8) Pause Young (Normal) (G1 Evacuation Pause) 194M->149M(1024M) 21.101ms
[2024-09-04T15:14:52.580+0530][gc,cpu      ] GC(8) User=0.04s Sys=0.02s Real=0.03s
[2024-09-04T15:16:02.740+0530][gc,start    ] GC(9) Pause Young (Normal) (G1 Evacuation Pause)
[2024-09-04T15:16:02.742+0530][gc,task     ] GC(9) Using 8 workers of 8 for evacuation
[2024-09-04T15:16:02.753+0530][gc,phases   ] GC(9)   Pre Evacuate Collection Set: 0.2ms
[2024-09-04T15:16:02.753+0530][gc,phases   ] GC(9)   Merge Heap Roots: 0.1ms
[2024-09-04T15:16:02.753+0530][gc,phases   ] GC(9)   Evacuate Collection Set: 9.3ms
[2024-09-04T15:16:02.753+0530][gc,phases   ] GC(9)   Post Evacuate Collection Set: 0.7ms
[2024-09-04T15:16:02.753+0530][gc,phases   ] GC(9)   Other: 2.3ms
[2024-09-04T15:16:02.753+0530][gc,heap     ] GC(9) Eden regions: 44->0(45)
[2024-09-04T15:16:02.753+0530][gc,heap     ] GC(9) Survivor regions: 7->6(7)
[2024-09-04T15:16:02.753+0530][gc,heap     ] GC(9) Old regions: 14->17
[2024-09-04T15:16:02.753+0530][gc,heap     ] GC(9) Archive regions: 2->2
[2024-09-04T15:16:02.753+0530][gc,heap     ] GC(9) Humongous regions: 129->129
[2024-09-04T15:16:02.753+0530][gc,metaspace] GC(9) Metaspace: 43454K(44032K)->43454K(44032K) NonClass: 38340K(38656K)->38340K(38656K) Class: 5113K(5376K)->5113K(5376K)
[2024-09-04T15:16:02.753+0530][gc          ] GC(9) Pause Young (Normal) (G1 Evacuation Pause) 193M->152M(1024M) 12.761ms
[2024-09-04T15:16:02.753+0530][gc,cpu      ] GC(9) User=0.06s Sys=0.00s Real=0.01s
[2024-09-04T15:17:30.292+0530][gc,start    ] GC(10) Pause Young (Normal) (G1 Evacuation Pause)
[2024-09-04T15:17:30.292+0530][gc,task     ] GC(10) Using 8 workers of 8 for evacuation
[2024-09-04T15:17:30.301+0530][gc,phases   ] GC(10)   Pre Evacuate Collection Set: 0.2ms
[2024-09-04T15:17:30.301+0530][gc,phases   ] GC(10)   Merge Heap Roots: 0.2ms
[2024-09-04T15:17:30.301+0530][gc,phases   ] GC(10)   Evacuate Collection Set: 8.1ms
[2024-09-04T15:17:30.301+0530][gc,phases   ] GC(10)   Post Evacuate Collection Set: 0.4ms
[2024-09-04T15:17:30.301+0530][gc,phases   ] GC(10)   Other: 0.3ms
[2024-09-04T15:17:30.301+0530][gc,heap     ] GC(10) Eden regions: 45->0(45)
[2024-09-04T15:17:30.301+0530][gc,heap     ] GC(10) Survivor regions: 6->6(7)
[2024-09-04T15:17:30.301+0530][gc,heap     ] GC(10) Old regions: 17->20
[2024-09-04T15:17:30.301+0530][gc,heap     ] GC(10) Archive regions: 2->2
[2024-09-04T15:17:30.301+0530][gc,heap     ] GC(10) Humongous regions: 129->129
[2024-09-04T15:17:30.301+0530][gc,metaspace] GC(10) Metaspace: 43834K(44416K)->43834K(44416K) NonClass: 38699K(39040K)->38699K(39040K) Class: 5134K(5376K)->5134K(5376K)
[2024-09-04T15:17:30.301+0530][gc          ] GC(10) Pause Young (Normal) (G1 Evacuation Pause) 197M->155M(1024M) 9.282ms
[2024-09-04T15:17:30.301+0530][gc,cpu      ] GC(10) User=0.06s Sys=0.01s Real=0.01s
[2024-09-04T15:18:53.223+0530][gc,start    ] GC(11) Pause Young (Normal) (G1 Evacuation Pause)
[2024-09-04T15:18:53.223+0530][gc,task     ] GC(11) Using 8 workers of 8 for evacuation
[2024-09-04T15:18:53.228+0530][gc,phases   ] GC(11)   Pre Evacuate Collection Set: 0.2ms
[2024-09-04T15:18:53.228+0530][gc,phases   ] GC(11)   Merge Heap Roots: 0.1ms
[2024-09-04T15:18:53.228+0530][gc,phases   ] GC(11)   Evacuate Collection Set: 4.5ms
[2024-09-04T15:18:53.228+0530][gc,phases   ] GC(11)   Post Evacuate Collection Set: 0.4ms
[2024-09-04T15:18:53.228+0530][gc,phases   ] GC(11)   Other: 0.2ms
[2024-09-04T15:18:53.228+0530][gc,heap     ] GC(11) Eden regions: 45->0(93)
[2024-09-04T15:18:53.228+0530][gc,heap     ] GC(11) Survivor regions: 6->3(7)
[2024-09-04T15:18:53.228+0530][gc,heap     ] GC(11) Old regions: 20->22
[2024-09-04T15:18:53.228+0530][gc,heap     ] GC(11) Archive regions: 2->2
[2024-09-04T15:18:53.228+0530][gc,heap     ] GC(11) Humongous regions: 129->129
[2024-09-04T15:18:53.228+0530][gc,metaspace] GC(11) Metaspace: 43968K(44608K)->43968K(44608K) NonClass: 38820K(39168K)->38820K(39168K) Class: 5148K(5440K)->5148K(5440K)
[2024-09-04T15:18:53.228+0530][gc          ] GC(11) Pause Young (Normal) (G1 Evacuation Pause) 200M->153M(1024M) 5.667ms
[2024-09-04T15:18:53.228+0530][gc,cpu      ] GC(11) User=0.03s Sys=0.00s Real=0.00s
[2024-09-04T15:22:01.737+0530][gc,start    ] GC(12) Pause Young (Normal) (G1 Evacuation Pause)
[2024-09-04T15:22:01.737+0530][gc,task     ] GC(12) Using 8 workers of 8 for evacuation
[2024-09-04T15:22:01.754+0530][gc,phases   ] GC(12)   Pre Evacuate Collection Set: 0.2ms
[2024-09-04T15:22:01.754+0530][gc,phases   ] GC(12)   Merge Heap Roots: 0.1ms
[2024-09-04T15:22:01.754+0530][gc,phases   ] GC(12)   Evacuate Collection Set: 16.2ms
[2024-09-04T15:22:01.754+0530][gc,phases   ] GC(12)   Post Evacuate Collection Set: 0.6ms
[2024-09-04T15:22:01.754+0530][gc,phases   ] GC(12)   Other: 0.5ms
[2024-09-04T15:22:01.754+0530][gc,heap     ] GC(12) Eden regions: 93->0(45)
[2024-09-04T15:22:01.754+0530][gc,heap     ] GC(12) Survivor regions: 3->9(12)
[2024-09-04T15:22:01.754+0530][gc,heap     ] GC(12) Old regions: 22->22
[2024-09-04T15:22:01.754+0530][gc,heap     ] GC(12) Archive regions: 2->2
[2024-09-04T15:22:01.754+0530][gc,heap     ] GC(12) Humongous regions: 129->129
[2024-09-04T15:22:01.754+0530][gc,metaspace] GC(12) Metaspace: 44050K(44736K)->44050K(44736K) NonClass: 38902K(39296K)->38902K(39296K) Class: 5148K(5440K)->5148K(5440K)
[2024-09-04T15:22:01.754+0530][gc          ] GC(12) Pause Young (Normal) (G1 Evacuation Pause) 246M->159M(1024M) 17.571ms
[2024-09-04T15:22:01.754+0530][gc,cpu      ] GC(12) User=0.07s Sys=0.02s Real=0.02s
[2024-09-04T15:23:31.341+0530][gc,start    ] GC(13) Pause Young (Normal) (G1 Evacuation Pause)
[2024-09-04T15:23:31.341+0530][gc,task     ] GC(13) Using 8 workers of 8 for evacuation
[2024-09-04T15:23:31.347+0530][gc,phases   ] GC(13)   Pre Evacuate Collection Set: 0.2ms
[2024-09-04T15:23:31.347+0530][gc,phases   ] GC(13)   Merge Heap Roots: 0.1ms
[2024-09-04T15:23:31.347+0530][gc,phases   ] GC(13)   Evacuate Collection Set: 5.8ms
[2024-09-04T15:23:31.347+0530][gc,phases   ] GC(13)   Post Evacuate Collection Set: 0.4ms
[2024-09-04T15:23:31.348+0530][gc,phases   ] GC(13)   Other: 0.3ms
[2024-09-04T15:23:31.348+0530][gc,heap     ] GC(13) Eden regions: 45->0(108)
[2024-09-04T15:23:31.348+0530][gc,heap     ] GC(13) Survivor regions: 9->3(7)
[2024-09-04T15:23:31.348+0530][gc,heap     ] GC(13) Old regions: 22->25
[2024-09-04T15:23:31.348+0530][gc,heap     ] GC(13) Archive regions: 2->2
[2024-09-04T15:23:31.348+0530][gc,heap     ] GC(13) Humongous regions: 129->129
[2024-09-04T15:23:31.348+0530][gc,metaspace] GC(13) Metaspace: 44123K(44800K)->44123K(44800K) NonClass: 38959K(39360K)->38959K(39360K) Class: 5163K(5440K)->5163K(5440K)
[2024-09-04T15:23:31.348+0530][gc          ] GC(13) Pause Young (Normal) (G1 Evacuation Pause) 204M->156M(1024M) 6.953ms
[2024-09-04T15:23:31.348+0530][gc,cpu      ] GC(13) User=0.04s Sys=0.00s Real=0.00s
[2024-09-04T15:27:10.206+0530][gc,start    ] GC(14) Pause Young (Normal) (G1 Evacuation Pause)
[2024-09-04T15:27:10.208+0530][gc,task     ] GC(14) Using 8 workers of 8 for evacuation
[2024-09-04T15:27:10.214+0530][gc,phases   ] GC(14)   Pre Evacuate Collection Set: 0.2ms
[2024-09-04T15:27:10.215+0530][gc,phases   ] GC(14)   Merge Heap Roots: 0.1ms
[2024-09-04T15:27:10.215+0530][gc,phases   ] GC(14)   Evacuate Collection Set: 5.6ms
[2024-09-04T15:27:10.215+0530][gc,phases   ] GC(14)   Post Evacuate Collection Set: 0.3ms
[2024-09-04T15:27:10.215+0530][gc,phases   ] GC(14)   Other: 2.1ms
[2024-09-04T15:27:10.215+0530][gc,heap     ] GC(14) Eden regions: 108->0(169)
[2024-09-04T15:27:10.215+0530][gc,heap     ] GC(14) Survivor regions: 3->5(14)
[2024-09-04T15:27:10.215+0530][gc,heap     ] GC(14) Old regions: 25->25
[2024-09-04T15:27:10.215+0530][gc,heap     ] GC(14) Archive regions: 2->2
[2024-09-04T15:27:10.215+0530][gc,heap     ] GC(14) Humongous regions: 129->129
[2024-09-04T15:27:10.215+0530][gc,metaspace] GC(14) Metaspace: 44185K(44800K)->44185K(44800K) NonClass: 39014K(39360K)->39014K(39360K) Class: 5170K(5440K)->5170K(5440K)
[2024-09-04T15:27:10.215+0530][gc          ] GC(14) Pause Young (Normal) (G1 Evacuation Pause) 264M->158M(1024M) 8.406ms
[2024-09-04T15:27:10.215+0530][gc,cpu      ] GC(14) User=0.03s Sys=0.00s Real=0.01s
[2024-09-04T15:32:49.340+0530][gc,start    ] GC(15) Pause Young (Normal) (G1 Evacuation Pause)
[2024-09-04T15:32:49.342+0530][gc,task     ] GC(15) Using 8 workers of 8 for evacuation
[2024-09-04T15:32:49.353+0530][gc,phases   ] GC(15)   Pre Evacuate Collection Set: 0.2ms
[2024-09-04T15:32:49.354+0530][gc,phases   ] GC(15)   Merge Heap Roots: 0.2ms
[2024-09-04T15:32:49.355+0530][gc,phases   ] GC(15)   Evacuate Collection Set: 9.6ms
[2024-09-04T15:32:49.355+0530][gc,phases   ] GC(15)   Post Evacuate Collection Set: 0.5ms
[2024-09-04T15:32:49.355+0530][gc,phases   ] GC(15)   Other: 2.3ms
[2024-09-04T15:32:49.355+0530][gc,heap     ] GC(15) Eden regions: 168->0(121)
[2024-09-04T15:32:49.355+0530][gc,heap     ] GC(15) Survivor regions: 5->8(22)
[2024-09-04T15:32:49.355+0530][gc,heap     ] GC(15) Old regions: 25->25
[2024-09-04T15:32:49.355+0530][gc,heap     ] GC(15) Archive regions: 2->2
[2024-09-04T15:32:49.355+0530][gc,heap     ] GC(15) Humongous regions: 129->129
[2024-09-04T15:32:49.355+0530][gc,metaspace] GC(15) Metaspace: 44247K(44864K)->44247K(44864K) NonClass: 39076K(39424K)->39076K(39424K) Class: 5170K(5440K)->5170K(5440K)
[2024-09-04T15:32:49.355+0530][gc          ] GC(15) Pause Young (Normal) (G1 Evacuation Pause) 326M->161M(1024M) 14.587ms
[2024-09-04T15:32:49.355+0530][gc,cpu      ] GC(15) User=0.06s Sys=0.01s Real=0.01s
[2024-09-04T15:36:48.225+0530][gc,start    ] GC(16) Pause Young (Normal) (G1 Evacuation Pause)
[2024-09-04T15:36:48.227+0530][gc,task     ] GC(16) Using 8 workers of 8 for evacuation
[2024-09-04T15:36:48.242+0530][gc,phases   ] GC(16)   Pre Evacuate Collection Set: 0.2ms
[2024-09-04T15:36:48.242+0530][gc,phases   ] GC(16)   Merge Heap Roots: 0.1ms
[2024-09-04T15:36:48.242+0530][gc,phases   ] GC(16)   Evacuate Collection Set: 11.0ms
[2024-09-04T15:36:48.242+0530][gc,phases   ] GC(16)   Post Evacuate Collection Set: 0.4ms
[2024-09-04T15:36:48.242+0530][gc,phases   ] GC(16)   Other: 5.5ms
[2024-09-04T15:36:48.242+0530][gc,heap     ] GC(16) Eden regions: 121->0(123)
[2024-09-04T15:36:48.242+0530][gc,heap     ] GC(16) Survivor regions: 8->12(17)
[2024-09-04T15:36:48.242+0530][gc,heap     ] GC(16) Old regions: 25->25
[2024-09-04T15:36:48.242+0530][gc,heap     ] GC(16) Archive regions: 2->2
[2024-09-04T15:36:48.242+0530][gc,heap     ] GC(16) Humongous regions: 129->129
[2024-09-04T15:36:48.242+0530][gc,metaspace] GC(16) Metaspace: 44498K(45120K)->44498K(45120K) NonClass: 39274K(39616K)->39274K(39616K) Class: 5223K(5504K)->5223K(5504K)
[2024-09-04T15:36:48.242+0530][gc          ] GC(16) Pause Young (Normal) (G1 Evacuation Pause) 282M->166M(1024M) 17.484ms
[2024-09-04T15:36:48.242+0530][gc,cpu      ] GC(16) User=0.08s Sys=0.01s Real=0.02s
[2024-09-04T15:41:08.049+0530][gc,start    ] GC(17) Pause Young (Normal) (G1 Evacuation Pause)
[2024-09-04T15:41:08.051+0530][gc,task     ] GC(17) Using 8 workers of 8 for evacuation
[2024-09-04T15:41:08.080+0530][gc,mmu      ] GC(17) MMU target violated: 21.0ms (20.0ms/21.0ms)
[2024-09-04T15:41:08.080+0530][gc,phases   ] GC(17)   Pre Evacuate Collection Set: 0.4ms
[2024-09-04T15:41:08.080+0530][gc,phases   ] GC(17)   Merge Heap Roots: 0.2ms
[2024-09-04T15:41:08.080+0530][gc,phases   ] GC(17)   Evacuate Collection Set: 26.7ms
[2024-09-04T15:41:08.080+0530][gc,phases   ] GC(17)   Post Evacuate Collection Set: 0.9ms
[2024-09-04T15:41:08.080+0530][gc,phases   ] GC(17)   Other: 2.5ms
[2024-09-04T15:41:08.080+0530][gc,heap     ] GC(17) Eden regions: 123->0(46)
[2024-09-04T15:41:08.080+0530][gc,heap     ] GC(17) Survivor regions: 12->11(17)
[2024-09-04T15:41:08.080+0530][gc,heap     ] GC(17) Old regions: 25->30
[2024-09-04T15:41:08.080+0530][gc,heap     ] GC(17) Archive regions: 2->2
[2024-09-04T15:41:08.080+0530][gc,heap     ] GC(17) Humongous regions: 129->129
[2024-09-04T15:41:08.080+0530][gc,metaspace] GC(17) Metaspace: 44521K(45184K)->44521K(45184K) NonClass: 39297K(39680K)->39297K(39680K) Class: 5223K(5504K)->5223K(5504K)
[2024-09-04T15:41:08.080+0530][gc          ] GC(17) Pause Young (Normal) (G1 Evacuation Pause) 289M->170M(1024M) 30.882ms
[2024-09-04T15:41:08.080+0530][gc,cpu      ] GC(17) User=0.09s Sys=0.06s Real=0.04s
[2024-09-04T15:42:44.073+0530][gc,start    ] GC(18) Pause Young (Normal) (G1 Evacuation Pause)
[2024-09-04T15:42:44.073+0530][gc,task     ] GC(18) Using 8 workers of 8 for evacuation
[2024-09-04T15:42:44.081+0530][gc,phases   ] GC(18)   Pre Evacuate Collection Set: 0.2ms
[2024-09-04T15:42:44.081+0530][gc,phases   ] GC(18)   Merge Heap Roots: 0.1ms
[2024-09-04T15:42:44.081+0530][gc,phases   ] GC(18)   Evacuate Collection Set: 7.6ms
[2024-09-04T15:42:44.081+0530][gc,phases   ] GC(18)   Post Evacuate Collection Set: 0.4ms
[2024-09-04T15:42:44.081+0530][gc,phases   ] GC(18)   Other: 0.2ms
[2024-09-04T15:42:44.081+0530][gc,heap     ] GC(18) Eden regions: 46->0(287)
[2024-09-04T15:42:44.081+0530][gc,heap     ] GC(18) Survivor regions: 11->3(8)
[2024-09-04T15:42:44.081+0530][gc,heap     ] GC(18) Old regions: 30->35
[2024-09-04T15:42:44.081+0530][gc,heap     ] GC(18) Archive regions: 2->2
[2024-09-04T15:42:44.081+0530][gc,heap     ] GC(18) Humongous regions: 129->129
[2024-09-04T15:42:44.081+0530][gc,metaspace] GC(18) Metaspace: 44528K(45248K)->44528K(45248K) NonClass: 39304K(39744K)->39304K(39744K) Class: 5223K(5504K)->5223K(5504K)
[2024-09-04T15:42:44.082+0530][gc          ] GC(18) Pause Young (Normal) (G1 Evacuation Pause) 216M->167M(1024M) 8.739ms
[2024-09-04T15:42:44.082+0530][gc,cpu      ] GC(18) User=0.05s Sys=0.01s Real=0.01s
[2024-09-04T15:53:05.094+0530][gc,start    ] GC(19) Pause Young (Normal) (G1 Evacuation Pause)
[2024-09-04T15:53:05.094+0530][gc,task     ] GC(19) Using 8 workers of 8 for evacuation
[2024-09-04T15:53:05.106+0530][gc,phases   ] GC(19)   Pre Evacuate Collection Set: 0.2ms
[2024-09-04T15:53:05.106+0530][gc,phases   ] GC(19)   Merge Heap Roots: 0.2ms
[2024-09-04T15:53:05.106+0530][gc,phases   ] GC(19)   Evacuate Collection Set: 10.2ms
[2024-09-04T15:53:05.106+0530][gc,phases   ] GC(19)   Post Evacuate Collection Set: 0.5ms
[2024-09-04T15:53:05.106+0530][gc,phases   ] GC(19)   Other: 0.3ms
[2024-09-04T15:53:05.106+0530][gc,heap     ] GC(19) Eden regions: 287->0(180)
[2024-09-04T15:53:05.106+0530][gc,heap     ] GC(19) Survivor regions: 3->10(37)
[2024-09-04T15:53:05.106+0530][gc,heap     ] GC(19) Old regions: 35->35
[2024-09-04T15:53:05.106+0530][gc,heap     ] GC(19) Archive regions: 2->2
[2024-09-04T15:53:05.106+0530][gc,heap     ] GC(19) Humongous regions: 129->129
[2024-09-04T15:53:05.106+0530][gc,metaspace] GC(19) Metaspace: 44577K(45248K)->44577K(45248K) NonClass: 39350K(39744K)->39350K(39744K) Class: 5227K(5504K)->5227K(5504K)
[2024-09-04T15:53:05.106+0530][gc          ] GC(19) Pause Young (Normal) (G1 Evacuation Pause) 454M->173M(1024M) 11.691ms
[2024-09-04T15:53:05.106+0530][gc,cpu      ] GC(19) User=0.07s Sys=0.01s Real=0.01s
[2024-09-04T15:59:32.598+0530][gc,start    ] GC(20) Pause Young (Normal) (G1 Evacuation Pause)
[2024-09-04T15:59:32.598+0530][gc,task     ] GC(20) Using 8 workers of 8 for evacuation
[2024-09-04T15:59:32.607+0530][gc,phases   ] GC(20)   Pre Evacuate Collection Set: 0.2ms
[2024-09-04T15:59:32.607+0530][gc,phases   ] GC(20)   Merge Heap Roots: 0.1ms
[2024-09-04T15:59:32.607+0530][gc,phases   ] GC(20)   Evacuate Collection Set: 8.3ms
[2024-09-04T15:59:32.607+0530][gc,phases   ] GC(20)   Post Evacuate Collection Set: 0.4ms
[2024-09-04T15:59:32.607+0530][gc,phases   ] GC(20)   Other: 0.3ms
[2024-09-04T15:59:32.607+0530][gc,heap     ] GC(20) Eden regions: 180->0(605)
[2024-09-04T15:59:32.607+0530][gc,heap     ] GC(20) Survivor regions: 10->9(24)
[2024-09-04T15:59:32.608+0530][gc,heap     ] GC(20) Old regions: 35->35
[2024-09-04T15:59:32.608+0530][gc,heap     ] GC(20) Archive regions: 2->2
[2024-09-04T15:59:32.608+0530][gc,heap     ] GC(20) Humongous regions: 129->129
[2024-09-04T15:59:32.608+0530][gc,metaspace] GC(20) Metaspace: 44598K(45248K)->44598K(45248K) NonClass: 39371K(39744K)->39371K(39744K) Class: 5227K(5504K)->5227K(5504K)
[2024-09-04T15:59:32.608+0530][gc          ] GC(20) Pause Young (Normal) (G1 Evacuation Pause) 353M->173M(1024M) 9.441ms
[2024-09-04T15:59:32.608+0530][gc,cpu      ] GC(20) User=0.06s Sys=0.00s Real=0.01s
[2024-09-04T16:21:20.566+0530][gc,start    ] GC(21) Pause Young (Normal) (G1 Evacuation Pause)
[2024-09-04T16:21:20.566+0530][gc,task     ] GC(21) Using 8 workers of 8 for evacuation
[2024-09-04T16:21:20.581+0530][gc,phases   ] GC(21)   Pre Evacuate Collection Set: 0.2ms
[2024-09-04T16:21:20.581+0530][gc,phases   ] GC(21)   Merge Heap Roots: 0.2ms
[2024-09-04T16:21:20.581+0530][gc,phases   ] GC(21)   Evacuate Collection Set: 13.2ms
[2024-09-04T16:21:20.581+0530][gc,phases   ] GC(21)   Post Evacuate Collection Set: 0.9ms
[2024-09-04T16:21:20.581+0530][gc,phases   ] GC(21)   Other: 0.4ms
[2024-09-04T16:21:20.581+0530][gc,heap     ] GC(21) Eden regions: 605->0(230)
[2024-09-04T16:21:20.581+0530][gc,heap     ] GC(21) Survivor regions: 9->14(77)
[2024-09-04T16:21:20.581+0530][gc,heap     ] GC(21) Old regions: 35->35
[2024-09-04T16:21:20.581+0530][gc,heap     ] GC(21) Archive regions: 2->2
[2024-09-04T16:21:20.581+0530][gc,heap     ] GC(21) Humongous regions: 147->147
[2024-09-04T16:21:20.581+0530][gc,metaspace] GC(21) Metaspace: 44870K(45504K)->44870K(45504K) NonClass: 39603K(39936K)->39603K(39936K) Class: 5266K(5568K)->5266K(5568K)
[2024-09-04T16:21:20.581+0530][gc          ] GC(21) Pause Young (Normal) (G1 Evacuation Pause) 796M->196M(1024M) 15.155ms
[2024-09-04T16:21:20.581+0530][gc,cpu      ] GC(21) User=0.09s Sys=0.02s Real=0.02s
[2024-09-04T16:42:18.925+0530][gc,start    ] GC(22) Pause Young (Normal) (G1 Evacuation Pause)
[2024-09-04T16:42:18.927+0530][gc,task     ] GC(22) Using 8 workers of 8 for evacuation
[2024-09-04T16:42:18.950+0530][gc,mmu      ] GC(22) MMU target violated: 21.0ms (20.0ms/21.0ms)
[2024-09-04T16:42:18.950+0530][gc,phases   ] GC(22)   Pre Evacuate Collection Set: 0.2ms
[2024-09-04T16:42:18.950+0530][gc,phases   ] GC(22)   Merge Heap Roots: 0.1ms
[2024-09-04T16:42:18.950+0530][gc,phases   ] GC(22)   Evacuate Collection Set: 22.6ms
[2024-09-04T16:42:18.950+0530][gc,phases   ] GC(22)   Post Evacuate Collection Set: 0.6ms
[2024-09-04T16:42:18.950+0530][gc,phases   ] GC(22)   Other: 2.2ms
[2024-09-04T16:42:18.950+0530][gc,heap     ] GC(22) Eden regions: 230->0(45)
[2024-09-04T16:42:18.950+0530][gc,heap     ] GC(22) Survivor regions: 14->13(31)
[2024-09-04T16:42:18.950+0530][gc,heap     ] GC(22) Old regions: 35->35
[2024-09-04T16:42:18.950+0530][gc,heap     ] GC(22) Archive regions: 2->2
[2024-09-04T16:42:18.950+0530][gc,heap     ] GC(22) Humongous regions: 147->147
[2024-09-04T16:42:18.950+0530][gc,metaspace] GC(22) Metaspace: 45463K(46208K)->45463K(46208K) NonClass: 40135K(40576K)->40135K(40576K) Class: 5328K(5632K)->5328K(5632K)
[2024-09-04T16:42:18.950+0530][gc          ] GC(22) Pause Young (Normal) (G1 Evacuation Pause) 426M->195M(1024M) 25.662ms
[2024-09-04T16:42:18.950+0530][gc,cpu      ] GC(22) User=0.06s Sys=0.06s Real=0.03s
[2024-09-04T16:43:46.526+0530][gc,start    ] GC(23) Pause Young (Normal) (G1 Evacuation Pause)
[2024-09-04T16:43:46.526+0530][gc,task     ] GC(23) Using 8 workers of 8 for evacuation
[2024-09-04T16:43:46.711+0530][gc,mmu      ] GC(23) MMU target violated: 21.0ms (20.0ms/21.0ms)
[2024-09-04T16:43:46.711+0530][gc,phases   ] GC(23)   Pre Evacuate Collection Set: 2.7ms
[2024-09-04T16:43:46.711+0530][gc,phases   ] GC(23)   Merge Heap Roots: 0.5ms
[2024-09-04T16:43:46.711+0530][gc,phases   ] GC(23)   Evacuate Collection Set: 177.5ms
[2024-09-04T16:43:46.711+0530][gc,phases   ] GC(23)   Post Evacuate Collection Set: 3.5ms
[2024-09-04T16:43:46.711+0530][gc,phases   ] GC(23)   Other: 0.9ms
[2024-09-04T16:43:46.711+0530][gc,heap     ] GC(23) Eden regions: 45->0(45)
[2024-09-04T16:43:46.711+0530][gc,heap     ] GC(23) Survivor regions: 13->6(8)
[2024-09-04T16:43:46.711+0530][gc,heap     ] GC(23) Old regions: 35->45
[2024-09-04T16:43:46.711+0530][gc,heap     ] GC(23) Archive regions: 2->2
[2024-09-04T16:43:46.711+0530][gc,heap     ] GC(23) Humongous regions: 147->147
[2024-09-04T16:43:46.711+0530][gc,metaspace] GC(23) Metaspace: 45514K(46208K)->45514K(46208K) NonClass: 40186K(40576K)->40186K(40576K) Class: 5328K(5632K)->5328K(5632K)
[2024-09-04T16:43:46.711+0530][gc          ] GC(23) Pause Young (Normal) (G1 Evacuation Pause) 240M->198M(1024M) 184.999ms
[2024-09-04T16:43:46.711+0530][gc,cpu      ] GC(23) User=0.09s Sys=0.34s Real=0.19s
[2024-09-04T16:45:14.265+0530][gc,start    ] GC(24) Pause Young (Normal) (G1 Evacuation Pause)
[2024-09-04T16:45:14.267+0530][gc,task     ] GC(24) Using 8 workers of 8 for evacuation
[2024-09-04T16:45:14.309+0530][gc,mmu      ] GC(24) MMU target violated: 21.0ms (20.0ms/21.0ms)
[2024-09-04T16:45:14.309+0530][gc,phases   ] GC(24)   Pre Evacuate Collection Set: 2.4ms
[2024-09-04T16:45:14.309+0530][gc,phases   ] GC(24)   Merge Heap Roots: 0.4ms
[2024-09-04T16:45:14.309+0530][gc,phases   ] GC(24)   Evacuate Collection Set: 35.8ms
[2024-09-04T16:45:14.309+0530][gc,phases   ] GC(24)   Post Evacuate Collection Set: 1.3ms
[2024-09-04T16:45:14.309+0530][gc,phases   ] GC(24)   Other: 3.7ms
[2024-09-04T16:45:14.309+0530][gc,heap     ] GC(24) Eden regions: 45->0(44)
[2024-09-04T16:45:14.309+0530][gc,heap     ] GC(24) Survivor regions: 6->7(7)
[2024-09-04T16:45:14.309+0530][gc,heap     ] GC(24) Old regions: 45->46
[2024-09-04T16:45:14.309+0530][gc,heap     ] GC(24) Archive regions: 2->2
[2024-09-04T16:45:14.309+0530][gc,heap     ] GC(24) Humongous regions: 147->147
[2024-09-04T16:45:14.309+0530][gc,metaspace] GC(24) Metaspace: 45533K(46272K)->45533K(46272K) NonClass: 40205K(40640K)->40205K(40640K) Class: 5328K(5632K)->5328K(5632K)
[2024-09-04T16:45:14.309+0530][gc          ] GC(24) Pause Young (Normal) (G1 Evacuation Pause) 243M->200M(1024M) 43.578ms
[2024-09-04T16:45:14.309+0530][gc,cpu      ] GC(24) User=0.05s Sys=0.15s Real=0.04s
[2024-09-04T16:46:39.848+0530][gc,start    ] GC(25) Pause Young (Normal) (G1 Evacuation Pause)
[2024-09-04T16:46:39.853+0530][gc,task     ] GC(25) Using 8 workers of 8 for evacuation
[2024-09-04T16:46:39.865+0530][gc,phases   ] GC(25)   Pre Evacuate Collection Set: 0.3ms
[2024-09-04T16:46:39.866+0530][gc,phases   ] GC(25)   Merge Heap Roots: 0.2ms
[2024-09-04T16:46:39.866+0530][gc,phases   ] GC(25)   Evacuate Collection Set: 10.9ms
[2024-09-04T16:46:39.866+0530][gc,phases   ] GC(25)   Post Evacuate Collection Set: 0.5ms
[2024-09-04T16:46:39.866+0530][gc,phases   ] GC(25)   Other: 5.3ms
[2024-09-04T16:46:39.866+0530][gc,heap     ] GC(25) Eden regions: 44->0(47)
[2024-09-04T16:46:39.866+0530][gc,heap     ] GC(25) Survivor regions: 7->4(7)
[2024-09-04T16:46:39.866+0530][gc,heap     ] GC(25) Old regions: 46->47
[2024-09-04T16:46:39.866+0530][gc,heap     ] GC(25) Archive regions: 2->2
[2024-09-04T16:46:39.866+0530][gc,heap     ] GC(25) Humongous regions: 147->147
[2024-09-04T16:46:39.866+0530][gc,metaspace] GC(25) Metaspace: 45552K(46272K)->45552K(46272K) NonClass: 40224K(40640K)->40224K(40640K) Class: 5328K(5632K)->5328K(5632K)
[2024-09-04T16:46:39.866+0530][gc          ] GC(25) Pause Young (Normal) (G1 Evacuation Pause) 244M->198M(1024M) 17.385ms
[2024-09-04T16:46:39.866+0530][gc,cpu      ] GC(25) User=0.04s Sys=0.03s Real=0.02s
[2024-09-04T16:48:12.247+0530][gc,start    ] GC(26) Pause Young (Normal) (G1 Evacuation Pause)
[2024-09-04T16:48:12.259+0530][gc,task     ] GC(26) Using 8 workers of 8 for evacuation
[2024-09-04T16:48:12.383+0530][gc,mmu      ] GC(26) MMU target violated: 21.0ms (20.0ms/21.0ms)
[2024-09-04T16:48:12.384+0530][gc,phases   ] GC(26)   Pre Evacuate Collection Set: 4.0ms
[2024-09-04T16:48:12.384+0530][gc,phases   ] GC(26)   Merge Heap Roots: 3.5ms
[2024-09-04T16:48:12.384+0530][gc,phases   ] GC(26)   Evacuate Collection Set: 101.3ms
[2024-09-04T16:48:12.384+0530][gc,phases   ] GC(26)   Post Evacuate Collection Set: 4.9ms
[2024-09-04T16:48:12.384+0530][gc,phases   ] GC(26)   Other: 23.4ms
[2024-09-04T16:48:12.384+0530][gc,heap     ] GC(26) Eden regions: 47->0(44)
[2024-09-04T16:48:12.384+0530][gc,heap     ] GC(26) Survivor regions: 4->7(7)
[2024-09-04T16:48:12.384+0530][gc,heap     ] GC(26) Old regions: 47->47
[2024-09-04T16:48:12.384+0530][gc,heap     ] GC(26) Archive regions: 2->2
[2024-09-04T16:48:12.384+0530][gc,heap     ] GC(26) Humongous regions: 147->147
[2024-09-04T16:48:12.384+0530][gc,metaspace] GC(26) Metaspace: 45553K(46272K)->45553K(46272K) NonClass: 40225K(40640K)->40225K(40640K) Class: 5328K(5632K)->5328K(5632K)
[2024-09-04T16:48:12.384+0530][gc          ] GC(26) Pause Young (Normal) (G1 Evacuation Pause) 245M->201M(1024M) 137.046ms
[2024-09-04T16:48:12.384+0530][gc,cpu      ] GC(26) User=0.06s Sys=0.22s Real=0.14s
[2024-09-04T16:52:51.742+0530][gc,start    ] GC(27) Pause Young (Normal) (G1 Evacuation Pause)
[2024-09-04T16:52:51.744+0530][gc,task     ] GC(27) Using 8 workers of 8 for evacuation
[2024-09-04T16:52:51.801+0530][gc,mmu      ] GC(27) MMU target violated: 21.0ms (20.0ms/21.0ms)
[2024-09-04T16:52:51.801+0530][gc,phases   ] GC(27)   Pre Evacuate Collection Set: 2.4ms
[2024-09-04T16:52:51.801+0530][gc,phases   ] GC(27)   Merge Heap Roots: 1.4ms
[2024-09-04T16:52:51.801+0530][gc,phases   ] GC(27)   Evacuate Collection Set: 52.1ms
[2024-09-04T16:52:51.801+0530][gc,phases   ] GC(27)   Post Evacuate Collection Set: 1.2ms
[2024-09-04T16:52:51.801+0530][gc,phases   ] GC(27)   Other: 2.8ms
[2024-09-04T16:52:51.801+0530][gc,heap     ] GC(27) Eden regions: 44->0(47)
[2024-09-04T16:52:51.801+0530][gc,heap     ] GC(27) Survivor regions: 7->4(7)
[2024-09-04T16:52:51.801+0530][gc,heap     ] GC(27) Old regions: 47->54
[2024-09-04T16:52:51.801+0530][gc,heap     ] GC(27) Archive regions: 2->2
[2024-09-04T16:52:51.801+0530][gc,heap     ] GC(27) Humongous regions: 147->147
[2024-09-04T16:52:51.801+0530][gc,metaspace] GC(27) Metaspace: 45595K(46272K)->45595K(46272K) NonClass: 40263K(40640K)->40263K(40640K) Class: 5332K(5632K)->5332K(5632K)
[2024-09-04T16:52:51.802+0530][gc          ] GC(27) Pause Young (Normal) (G1 Evacuation Pause) 245M->205M(1024M) 59.891ms
[2024-09-04T16:52:51.802+0530][gc,cpu      ] GC(27) User=0.07s Sys=0.23s Real=0.06s
[2024-09-04T16:54:32.512+0530][gc,start    ] GC(28) Pause Young (Normal) (G1 Evacuation Pause)
[2024-09-04T16:54:32.532+0530][gc,task     ] GC(28) Using 8 workers of 8 for evacuation
[2024-09-04T16:54:32.576+0530][gc,mmu      ] GC(28) MMU target violated: 21.0ms (20.0ms/21.0ms)
[2024-09-04T16:54:32.576+0530][gc,phases   ] GC(28)   Pre Evacuate Collection Set: 1.9ms
[2024-09-04T16:54:32.576+0530][gc,phases   ] GC(28)   Merge Heap Roots: 6.7ms
[2024-09-04T16:54:32.576+0530][gc,phases   ] GC(28)   Evacuate Collection Set: 33.7ms
[2024-09-04T16:54:32.576+0530][gc,phases   ] GC(28)   Post Evacuate Collection Set: 1.3ms
[2024-09-04T16:54:32.576+0530][gc,phases   ] GC(28)   Other: 20.6ms
[2024-09-04T16:54:32.576+0530][gc,heap     ] GC(28) Eden regions: 47->0(47)
[2024-09-04T16:54:32.576+0530][gc,heap     ] GC(28) Survivor regions: 4->4(7)
[2024-09-04T16:54:32.576+0530][gc,heap     ] GC(28) Old regions: 54->54
[2024-09-04T16:54:32.576+0530][gc,heap     ] GC(28) Archive regions: 2->2
[2024-09-04T16:54:32.576+0530][gc,heap     ] GC(28) Humongous regions: 147->147
[2024-09-04T16:54:32.576+0530][gc,metaspace] GC(28) Metaspace: 45595K(46272K)->45595K(46272K) NonClass: 40263K(40640K)->40263K(40640K) Class: 5332K(5632K)->5332K(5632K)
[2024-09-04T16:54:32.576+0530][gc          ] GC(28) Pause Young (Normal) (G1 Evacuation Pause) 252M->205M(1024M) 64.050ms
[2024-09-04T16:54:32.576+0530][gc,cpu      ] GC(28) User=0.03s Sys=0.14s Real=0.06s
[2024-09-04T16:56:12.010+0530][gc,start    ] GC(29) Pause Young (Normal) (G1 Evacuation Pause)
[2024-09-04T16:56:12.010+0530][gc,task     ] GC(29) Using 8 workers of 8 for evacuation
[2024-09-04T16:56:12.025+0530][gc,phases   ] GC(29)   Pre Evacuate Collection Set: 0.2ms
[2024-09-04T16:56:12.025+0530][gc,phases   ] GC(29)   Merge Heap Roots: 0.1ms
[2024-09-04T16:56:12.025+0530][gc,phases   ] GC(29)   Evacuate Collection Set: 14.6ms
[2024-09-04T16:56:12.025+0530][gc,phases   ] GC(29)   Post Evacuate Collection Set: 0.4ms
[2024-09-04T16:56:12.025+0530][gc,phases   ] GC(29)   Other: 1.7ms
[2024-09-04T16:56:12.025+0530][gc,heap     ] GC(29) Eden regions: 47->0(44)
[2024-09-04T16:56:12.025+0530][gc,heap     ] GC(29) Survivor regions: 4->7(7)
[2024-09-04T16:56:12.025+0530][gc,heap     ] GC(29) Old regions: 54->54
[2024-09-04T16:56:12.025+0530][gc,heap     ] GC(29) Archive regions: 2->2
[2024-09-04T16:56:12.025+0530][gc,heap     ] GC(29) Humongous regions: 147->147
[2024-09-04T16:56:12.026+0530][gc,metaspace] GC(29) Metaspace: 45613K(46272K)->45613K(46272K) NonClass: 40281K(40640K)->40281K(40640K) Class: 5332K(5632K)->5332K(5632K)
[2024-09-04T16:56:12.026+0530][gc          ] GC(29) Pause Young (Normal) (G1 Evacuation Pause) 252M->208M(1024M) 16.008ms
[2024-09-04T16:56:12.026+0530][gc,cpu      ] GC(29) User=0.05s Sys=0.03s Real=0.01s
[2024-09-04T16:57:46.571+0530][gc,start    ] GC(30) Pause Young (Normal) (G1 Evacuation Pause)
[2024-09-04T16:57:46.573+0530][gc,task     ] GC(30) Using 8 workers of 8 for evacuation
[2024-09-04T16:57:46.583+0530][gc,phases   ] GC(30)   Pre Evacuate Collection Set: 0.2ms
[2024-09-04T16:57:46.583+0530][gc,phases   ] GC(30)   Merge Heap Roots: 0.1ms
[2024-09-04T16:57:46.583+0530][gc,phases   ] GC(30)   Evacuate Collection Set: 8.9ms
[2024-09-04T16:57:46.583+0530][gc,phases   ] GC(30)   Post Evacuate Collection Set: 0.4ms
[2024-09-04T16:57:46.583+0530][gc,phases   ] GC(30)   Other: 2.3ms
[2024-09-04T16:57:46.583+0530][gc,heap     ] GC(30) Eden regions: 44->0(44)
[2024-09-04T16:57:46.583+0530][gc,heap     ] GC(30) Survivor regions: 7->7(7)
[2024-09-04T16:57:46.583+0530][gc,heap     ] GC(30) Old regions: 54->57
[2024-09-04T16:57:46.583+0530][gc,heap     ] GC(30) Archive regions: 2->2
[2024-09-04T16:57:46.583+0530][gc,heap     ] GC(30) Humongous regions: 147->147
[2024-09-04T16:57:46.583+0530][gc,metaspace] GC(30) Metaspace: 45613K(46272K)->45613K(46272K) NonClass: 40281K(40640K)->40281K(40640K) Class: 5332K(5632K)->5332K(5632K)
[2024-09-04T16:57:46.583+0530][gc          ] GC(30) Pause Young (Normal) (G1 Evacuation Pause) 252M->211M(1024M) 12.124ms
[2024-09-04T16:57:46.583+0530][gc,cpu      ] GC(30) User=0.06s Sys=0.01s Real=0.01s
[2024-09-04T16:59:19.860+0530][gc,start    ] GC(31) Pause Young (Normal) (G1 Evacuation Pause)
[2024-09-04T16:59:19.862+0530][gc,task     ] GC(31) Using 8 workers of 8 for evacuation
[2024-09-04T16:59:19.938+0530][gc,mmu      ] GC(31) MMU target violated: 21.0ms (20.0ms/21.0ms)
[2024-09-04T16:59:19.938+0530][gc,phases   ] GC(31)   Pre Evacuate Collection Set: 2.4ms
[2024-09-04T16:59:19.938+0530][gc,phases   ] GC(31)   Merge Heap Roots: 1.6ms
[2024-09-04T16:59:19.938+0530][gc,phases   ] GC(31)   Evacuate Collection Set: 70.4ms
[2024-09-04T16:59:19.938+0530][gc,phases   ] GC(31)   Post Evacuate Collection Set: 1.4ms
[2024-09-04T16:59:19.938+0530][gc,phases   ] GC(31)   Other: 2.7ms
[2024-09-04T16:59:19.938+0530][gc,heap     ] GC(31) Eden regions: 44->0(46)
[2024-09-04T16:59:19.938+0530][gc,heap     ] GC(31) Survivor regions: 7->5(7)
[2024-09-04T16:59:19.938+0530][gc,heap     ] GC(31) Old regions: 57->59
[2024-09-04T16:59:19.938+0530][gc,heap     ] GC(31) Archive regions: 2->2
[2024-09-04T16:59:19.938+0530][gc,heap     ] GC(31) Humongous regions: 147->147
[2024-09-04T16:59:19.938+0530][gc,metaspace] GC(31) Metaspace: 45614K(46272K)->45614K(46272K) NonClass: 40282K(40640K)->40282K(40640K) Class: 5332K(5632K)->5332K(5632K)
[2024-09-04T16:59:19.938+0530][gc          ] GC(31) Pause Young (Normal) (G1 Evacuation Pause) 255M->210M(1024M) 78.352ms
[2024-09-04T16:59:19.938+0530][gc,cpu      ] GC(31) User=0.07s Sys=0.13s Real=0.07s
[2024-09-04T17:00:57.822+0530][gc,start    ] GC(32) Pause Young (Normal) (G1 Evacuation Pause)
[2024-09-04T17:00:57.824+0530][gc,task     ] GC(32) Using 8 workers of 8 for evacuation
[2024-09-04T17:00:57.877+0530][gc,mmu      ] GC(32) MMU target violated: 21.0ms (20.0ms/21.0ms)
[2024-09-04T17:00:57.885+0530][gc,phases   ] GC(32)   Pre Evacuate Collection Set: 1.9ms
[2024-09-04T17:00:57.885+0530][gc,phases   ] GC(32)   Merge Heap Roots: 0.5ms
[2024-09-04T17:00:57.885+0530][gc,phases   ] GC(32)   Evacuate Collection Set: 48.5ms
[2024-09-04T17:00:57.885+0530][gc,phases   ] GC(32)   Post Evacuate Collection Set: 1.9ms
[2024-09-04T17:00:57.885+0530][gc,phases   ] GC(32)   Other: 10.0ms
[2024-09-04T17:00:57.885+0530][gc,heap     ] GC(32) Eden regions: 46->0(44)
[2024-09-04T17:00:57.885+0530][gc,heap     ] GC(32) Survivor regions: 5->7(7)
[2024-09-04T17:00:57.885+0530][gc,heap     ] GC(32) Old regions: 59->60
[2024-09-04T17:00:57.885+0530][gc,heap     ] GC(32) Archive regions: 2->2
[2024-09-04T17:00:57.885+0530][gc,heap     ] GC(32) Humongous regions: 147->147
[2024-09-04T17:00:57.885+0530][gc,metaspace] GC(32) Metaspace: 45617K(46336K)->45617K(46336K) NonClass: 40285K(40704K)->40285K(40704K) Class: 5332K(5632K)->5332K(5632K)
[2024-09-04T17:00:57.885+0530][gc          ] GC(32) Pause Young (Normal) (G1 Evacuation Pause) 256M->213M(1024M) 62.906ms
[2024-09-04T17:00:57.885+0530][gc,cpu      ] GC(32) User=0.06s Sys=0.20s Real=0.06s
[2024-09-04T17:02:32.884+0530][gc,start    ] GC(33) Pause Young (Normal) (G1 Evacuation Pause)
[2024-09-04T17:02:32.884+0530][gc,task     ] GC(33) Using 8 workers of 8 for evacuation
[2024-09-04T17:02:32.903+0530][gc,phases   ] GC(33)   Pre Evacuate Collection Set: 2.2ms
[2024-09-04T17:02:32.903+0530][gc,phases   ] GC(33)   Merge Heap Roots: 0.5ms
[2024-09-04T17:02:32.903+0530][gc,phases   ] GC(33)   Evacuate Collection Set: 14.4ms
[2024-09-04T17:02:32.903+0530][gc,phases   ] GC(33)   Post Evacuate Collection Set: 1.9ms
[2024-09-04T17:02:32.903+0530][gc,phases   ] GC(33)   Other: 0.9ms
[2024-09-04T17:02:32.903+0530][gc,heap     ] GC(33) Eden regions: 44->0(48)
[2024-09-04T17:02:32.903+0530][gc,heap     ] GC(33) Survivor regions: 7->3(7)
[2024-09-04T17:02:32.903+0530][gc,heap     ] GC(33) Old regions: 60->60
[2024-09-04T17:02:32.903+0530][gc,heap     ] GC(33) Archive regions: 2->2
[2024-09-04T17:02:32.903+0530][gc,heap     ] GC(33) Humongous regions: 147->147
[2024-09-04T17:02:32.903+0530][gc,metaspace] GC(33) Metaspace: 45619K(46336K)->45619K(46336K) NonClass: 40287K(40704K)->40287K(40704K) Class: 5332K(5632K)->5332K(5632K)
[2024-09-04T17:02:32.903+0530][gc          ] GC(33) Pause Young (Normal) (G1 Evacuation Pause) 257M->210M(1024M) 19.907ms
[2024-09-04T17:02:32.903+0530][gc,cpu      ] GC(33) User=0.02s Sys=0.07s Real=0.02s
[2024-09-04T17:04:16.991+0530][gc,start    ] GC(34) Pause Young (Normal) (G1 Evacuation Pause)
[2024-09-04T17:04:16.991+0530][gc,task     ] GC(34) Using 8 workers of 8 for evacuation
[2024-09-04T17:04:17.023+0530][gc,mmu      ] GC(34) MMU target violated: 21.0ms (20.0ms/21.0ms)
[2024-09-04T17:04:17.023+0530][gc,phases   ] GC(34)   Pre Evacuate Collection Set: 1.7ms
[2024-09-04T17:04:17.023+0530][gc,phases   ] GC(34)   Merge Heap Roots: 0.4ms
[2024-09-04T17:04:17.023+0530][gc,phases   ] GC(34)   Evacuate Collection Set: 26.7ms
[2024-09-04T17:04:17.023+0530][gc,phases   ] GC(34)   Post Evacuate Collection Set: 2.7ms
[2024-09-04T17:04:17.023+0530][gc,phases   ] GC(34)   Other: 1.1ms
[2024-09-04T17:04:17.023+0530][gc,heap     ] GC(34) Eden regions: 48->0(45)
[2024-09-04T17:04:17.023+0530][gc,heap     ] GC(34) Survivor regions: 3->6(7)
[2024-09-04T17:04:17.023+0530][gc,heap     ] GC(34) Old regions: 60->60
[2024-09-04T17:04:17.023+0530][gc,heap     ] GC(34) Archive regions: 2->2
[2024-09-04T17:04:17.023+0530][gc,heap     ] GC(34) Humongous regions: 147->147
[2024-09-04T17:04:17.023+0530][gc,metaspace] GC(34) Metaspace: 45619K(46336K)->45619K(46336K) NonClass: 40287K(40704K)->40287K(40704K) Class: 5332K(5632K)->5332K(5632K)
[2024-09-04T17:04:17.023+0530][gc          ] GC(34) Pause Young (Normal) (G1 Evacuation Pause) 258M->213M(1024M) 32.489ms
[2024-09-04T17:04:17.023+0530][gc,cpu      ] GC(34) User=0.04s Sys=0.10s Real=0.03s
[2024-09-04T17:05:54.663+0530][gc,start    ] GC(35) Pause Young (Normal) (G1 Evacuation Pause)
[2024-09-04T17:05:54.665+0530][gc,task     ] GC(35) Using 8 workers of 8 for evacuation
[2024-09-04T17:05:54.704+0530][gc,mmu      ] GC(35) MMU target violated: 21.0ms (20.0ms/21.0ms)
[2024-09-04T17:05:54.704+0530][gc,phases   ] GC(35)   Pre Evacuate Collection Set: 1.4ms
[2024-09-04T17:05:54.704+0530][gc,phases   ] GC(35)   Merge Heap Roots: 0.3ms
[2024-09-04T17:05:54.704+0530][gc,phases   ] GC(35)   Evacuate Collection Set: 35.4ms
[2024-09-04T17:05:54.704+0530][gc,phases   ] GC(35)   Post Evacuate Collection Set: 1.5ms
[2024-09-04T17:05:54.704+0530][gc,phases   ] GC(35)   Other: 2.4ms
[2024-09-04T17:05:54.704+0530][gc,heap     ] GC(35) Eden regions: 45->0(44)
[2024-09-04T17:05:54.704+0530][gc,heap     ] GC(35) Survivor regions: 6->7(7)
[2024-09-04T17:05:54.704+0530][gc,heap     ] GC(35) Old regions: 60->63
[2024-09-04T17:05:54.704+0530][gc,heap     ] GC(35) Archive regions: 2->2
[2024-09-04T17:05:54.704+0530][gc,heap     ] GC(35) Humongous regions: 147->147
[2024-09-04T17:05:54.704+0530][gc,metaspace] GC(35) Metaspace: 45619K(46336K)->45619K(46336K) NonClass: 40287K(40704K)->40287K(40704K) Class: 5332K(5632K)->5332K(5632K)
[2024-09-04T17:05:54.704+0530][gc          ] GC(35) Pause Young (Normal) (G1 Evacuation Pause) 258M->217M(1024M) 41.076ms
[2024-09-04T17:05:54.704+0530][gc,cpu      ] GC(35) User=0.05s Sys=0.14s Real=0.04s
[2024-09-04T17:07:29.824+0530][gc,start    ] GC(36) Pause Young (Normal) (G1 Evacuation Pause)
[2024-09-04T17:07:29.825+0530][gc,task     ] GC(36) Using 8 workers of 8 for evacuation
[2024-09-04T17:07:29.836+0530][gc,phases   ] GC(36)   Pre Evacuate Collection Set: 6.0ms
[2024-09-04T17:07:29.836+0530][gc,phases   ] GC(36)   Merge Heap Roots: 0.1ms
[2024-09-04T17:07:29.836+0530][gc,phases   ] GC(36)   Evacuate Collection Set: 5.0ms
[2024-09-04T17:07:29.836+0530][gc,phases   ] GC(36)   Post Evacuate Collection Set: 0.3ms
[2024-09-04T17:07:29.836+0530][gc,phases   ] GC(36)   Other: 1.0ms
[2024-09-04T17:07:29.836+0530][gc,heap     ] GC(36) Eden regions: 44->0(47)
[2024-09-04T17:07:29.836+0530][gc,heap     ] GC(36) Survivor regions: 7->4(7)
[2024-09-04T17:07:29.836+0530][gc,heap     ] GC(36) Old regions: 63->64
[2024-09-04T17:07:29.836+0530][gc,heap     ] GC(36) Archive regions: 2->2
[2024-09-04T17:07:29.836+0530][gc,heap     ] GC(36) Humongous regions: 147->147
[2024-09-04T17:07:29.836+0530][gc,metaspace] GC(36) Metaspace: 45619K(46336K)->45619K(46336K) NonClass: 40287K(40704K)->40287K(40704K) Class: 5332K(5632K)->5332K(5632K)
[2024-09-04T17:07:29.836+0530][gc          ] GC(36) Pause Young (Normal) (G1 Evacuation Pause) 261M->215M(1024M) 12.656ms
[2024-09-04T17:07:29.837+0530][gc,cpu      ] GC(36) User=0.03s Sys=0.01s Real=0.01s
[2024-09-04T17:09:12.239+0530][gc,start    ] GC(37) Pause Young (Normal) (G1 Evacuation Pause)
[2024-09-04T17:09:12.241+0530][gc,task     ] GC(37) Using 8 workers of 8 for evacuation
[2024-09-04T17:09:12.249+0530][gc,phases   ] GC(37)   Pre Evacuate Collection Set: 0.3ms
[2024-09-04T17:09:12.249+0530][gc,phases   ] GC(37)   Merge Heap Roots: 0.2ms
[2024-09-04T17:09:12.249+0530][gc,phases   ] GC(37)   Evacuate Collection Set: 7.2ms
[2024-09-04T17:09:12.249+0530][gc,phases   ] GC(37)   Post Evacuate Collection Set: 0.4ms
[2024-09-04T17:09:12.249+0530][gc,phases   ] GC(37)   Other: 2.3ms
[2024-09-04T17:09:12.249+0530][gc,heap     ] GC(37) Eden regions: 47->0(44)
[2024-09-04T17:09:12.249+0530][gc,heap     ] GC(37) Survivor regions: 4->7(7)
[2024-09-04T17:09:12.249+0530][gc,heap     ] GC(37) Old regions: 64->65
[2024-09-04T17:09:12.249+0530][gc,heap     ] GC(37) Archive regions: 2->2
[2024-09-04T17:09:12.249+0530][gc,heap     ] GC(37) Humongous regions: 147->147
[2024-09-04T17:09:12.249+0530][gc,metaspace] GC(37) Metaspace: 45619K(46336K)->45619K(46336K) NonClass: 40287K(40704K)->40287K(40704K) Class: 5332K(5632K)->5332K(5632K)
[2024-09-04T17:09:12.249+0530][gc          ] GC(37) Pause Young (Normal) (G1 Evacuation Pause) 262M->218M(1024M) 10.501ms
[2024-09-04T17:09:12.249+0530][gc,cpu      ] GC(37) User=0.05s Sys=0.00s Real=0.01s
[2024-09-04T17:10:03.921+0530][gc,heap,exit] Heap
[2024-09-04T17:10:03.921+0530][gc,heap,exit]  garbage-first heap   total 1048576K, used 265317K [0x00000007c0000000, 0x0000000800000000)
[2024-09-04T17:10:03.921+0530][gc,heap,exit]   region size 1024K, 48 young (49152K), 7 survivors (7168K)
[2024-09-04T17:10:03.921+0530][gc,heap,exit]  Metaspace       used 46813K, committed 47552K, reserved 1114112K
[2024-09-04T17:10:03.921+0530][gc,heap,exit]   class space    used 5578K, committed 5952K, reserved 1048576K
