[2024-09-03T16:34:40.295+0530][gc] Using G1
[2024-09-03T16:34:40.302+0530][gc,init] Version: 17.0.8+9-LTS-211 (release)
[2024-09-03T16:34:40.302+0530][gc,init] CPUs: 8 total, 8 available
[2024-09-03T16:34:40.302+0530][gc,init] Memory: 16384M
[2024-09-03T16:34:40.302+0530][gc,init] Large Page Support: Disabled
[2024-09-03T16:34:40.302+0530][gc,init] NUMA Support: Disabled
[2024-09-03T16:34:40.302+0530][gc,init] Compressed Oops: Enabled (Zero based)
[2024-09-03T16:34:40.302+0530][gc,init] Heap Region Size: 1M
[2024-09-03T16:34:40.302+0530][gc,init] Heap Min Capacity: 1G
[2024-09-03T16:34:40.302+0530][gc,init] Heap Initial Capacity: 1G
[2024-09-03T16:34:40.302+0530][gc,init] Heap Max Capacity: 1G
[2024-09-03T16:34:40.302+0530][gc,init] Pre-touch: Disabled
[2024-09-03T16:34:40.302+0530][gc,init] Parallel Workers: 8
[2024-09-03T16:34:40.302+0530][gc,init] Concurrent Workers: 2
[2024-09-03T16:34:40.302+0530][gc,init] Concurrent Refinement Workers: 8
[2024-09-03T16:34:40.302+0530][gc,init] Periodic GC: Disabled
[2024-09-03T16:34:40.310+0530][gc,metaspace] CDS archive(s) mapped at: [0x0000000126000000-0x0000000126be4000-0x0000000126be4000), size 12468224, SharedBaseAddress: 0x0000000126000000, ArchiveRelocationMode: 1.
[2024-09-03T16:34:40.310+0530][gc,metaspace] Compressed class space mapped at: 0x0000000127000000-0x0000000167000000, reserved size: 1073741824
[2024-09-03T16:34:40.310+0530][gc,metaspace] Narrow klass base: 0x0000000126000000, Narrow klass shift: 0, Narrow klass range: 0x100000000
[2024-09-03T16:34:41.454+0530][gc,start    ] GC(0) Pause Young (Normal) (G1 Evacuation Pause)
[2024-09-03T16:34:41.455+0530][gc,task     ] GC(0) Using 8 workers of 8 for evacuation
[2024-09-03T16:34:41.460+0530][gc,phases   ] GC(0)   Pre Evacuate Collection Set: 0.1ms
[2024-09-03T16:34:41.460+0530][gc,phases   ] GC(0)   Merge Heap Roots: 0.1ms
[2024-09-03T16:34:41.460+0530][gc,phases   ] GC(0)   Evacuate Collection Set: 4.6ms
[2024-09-03T16:34:41.460+0530][gc,phases   ] GC(0)   Post Evacuate Collection Set: 0.4ms
[2024-09-03T16:34:41.460+0530][gc,phases   ] GC(0)   Other: 0.7ms
[2024-09-03T16:34:41.460+0530][gc,heap     ] GC(0) Eden regions: 51->0(44)
[2024-09-03T16:34:41.460+0530][gc,heap     ] GC(0) Survivor regions: 0->7(7)
[2024-09-03T16:34:41.460+0530][gc,heap     ] GC(0) Old regions: 0->1
[2024-09-03T16:34:41.460+0530][gc,heap     ] GC(0) Archive regions: 2->2
[2024-09-03T16:34:41.460+0530][gc,heap     ] GC(0) Humongous regions: 0->0
[2024-09-03T16:34:41.460+0530][gc,metaspace] GC(0) Metaspace: 18176K(18304K)->18176K(18304K) NonClass: 16003K(16064K)->16003K(16064K) Class: 2172K(2240K)->2172K(2240K)
[2024-09-03T16:34:41.460+0530][gc          ] GC(0) Pause Young (Normal) (G1 Evacuation Pause) 51M->8M(1024M) 6.103ms
[2024-09-03T16:34:41.460+0530][gc,cpu      ] GC(0) User=0.03s Sys=0.01s Real=0.01s
[2024-09-03T16:34:41.685+0530][gc,start    ] GC(1) Pause Young (Concurrent Start) (Metadata GC Threshold)
[2024-09-03T16:34:41.685+0530][gc,task     ] GC(1) Using 8 workers of 8 for evacuation
[2024-09-03T16:34:41.691+0530][gc,phases   ] GC(1)   Pre Evacuate Collection Set: 0.1ms
[2024-09-03T16:34:41.691+0530][gc,phases   ] GC(1)   Merge Heap Roots: 0.1ms
[2024-09-03T16:34:41.691+0530][gc,phases   ] GC(1)   Evacuate Collection Set: 4.6ms
[2024-09-03T16:34:41.691+0530][gc,phases   ] GC(1)   Post Evacuate Collection Set: 0.4ms
[2024-09-03T16:34:41.691+0530][gc,phases   ] GC(1)   Other: 0.3ms
[2024-09-03T16:34:41.691+0530][gc,heap     ] GC(1) Eden regions: 13->0(49)
[2024-09-03T16:34:41.691+0530][gc,heap     ] GC(1) Survivor regions: 7->2(7)
[2024-09-03T16:34:41.691+0530][gc,heap     ] GC(1) Old regions: 1->8
[2024-09-03T16:34:41.691+0530][gc,heap     ] GC(1) Archive regions: 2->2
[2024-09-03T16:34:41.691+0530][gc,heap     ] GC(1) Humongous regions: 0->0
[2024-09-03T16:34:41.691+0530][gc,metaspace] GC(1) Metaspace: 21279K(21504K)->21279K(21504K) NonClass: 18709K(18816K)->18709K(18816K) Class: 2570K(2688K)->2570K(2688K)
[2024-09-03T16:34:41.691+0530][gc          ] GC(1) Pause Young (Concurrent Start) (Metadata GC Threshold) 21M->10M(1024M) 5.620ms
[2024-09-03T16:34:41.691+0530][gc,cpu      ] GC(1) User=0.03s Sys=0.01s Real=0.01s
[2024-09-03T16:34:41.691+0530][gc          ] GC(2) Concurrent Mark Cycle
[2024-09-03T16:34:41.691+0530][gc,marking  ] GC(2) Concurrent Clear Claimed Marks
[2024-09-03T16:34:41.691+0530][gc,marking  ] GC(2) Concurrent Clear Claimed Marks 0.014ms
[2024-09-03T16:34:41.691+0530][gc,marking  ] GC(2) Concurrent Scan Root Regions
[2024-09-03T16:34:41.693+0530][gc,marking  ] GC(2) Concurrent Scan Root Regions 2.237ms
[2024-09-03T16:34:41.694+0530][gc,marking  ] GC(2) Concurrent Mark
[2024-09-03T16:34:41.694+0530][gc,marking  ] GC(2) Concurrent Mark From Roots
[2024-09-03T16:34:41.694+0530][gc,task     ] GC(2) Using 2 workers of 2 for marking
[2024-09-03T16:34:41.695+0530][gc,marking  ] GC(2) Concurrent Mark From Roots 1.535ms
[2024-09-03T16:34:41.695+0530][gc,marking  ] GC(2) Concurrent Preclean
[2024-09-03T16:34:41.695+0530][gc,marking  ] GC(2) Concurrent Preclean 0.030ms
[2024-09-03T16:34:41.695+0530][gc,start    ] GC(2) Pause Remark
[2024-09-03T16:34:41.697+0530][gc          ] GC(2) Pause Remark 10M->10M(1024M) 1.431ms
[2024-09-03T16:34:41.697+0530][gc,cpu      ] GC(2) User=0.00s Sys=0.00s Real=0.00s
[2024-09-03T16:34:41.697+0530][gc,marking  ] GC(2) Concurrent Mark 3.354ms
[2024-09-03T16:34:41.697+0530][gc,marking  ] GC(2) Concurrent Rebuild Remembered Sets
[2024-09-03T16:34:41.700+0530][gc,marking  ] GC(2) Concurrent Rebuild Remembered Sets 2.830ms
[2024-09-03T16:34:41.812+0530][gc,start    ] GC(2) Pause Cleanup
[2024-09-03T16:34:41.812+0530][gc          ] GC(2) Pause Cleanup 139M->139M(1024M) 0.213ms
[2024-09-03T16:34:41.812+0530][gc,cpu      ] GC(2) User=0.00s Sys=0.00s Real=0.00s
[2024-09-03T16:34:41.812+0530][gc,marking  ] GC(2) Concurrent Cleanup for Next Mark
[2024-09-03T16:34:41.819+0530][gc,marking  ] GC(2) Concurrent Cleanup for Next Mark 6.891ms
[2024-09-03T16:34:41.819+0530][gc          ] GC(2) Concurrent Mark Cycle 128.014ms
[2024-09-03T16:34:42.517+0530][gc,start    ] GC(3) Pause Young (Normal) (G1 Evacuation Pause)
[2024-09-03T16:34:42.517+0530][gc,task     ] GC(3) Using 8 workers of 8 for evacuation
[2024-09-03T16:34:42.522+0530][gc,phases   ] GC(3)   Pre Evacuate Collection Set: 0.1ms
[2024-09-03T16:34:42.522+0530][gc,phases   ] GC(3)   Merge Heap Roots: 0.1ms
[2024-09-03T16:34:42.522+0530][gc,phases   ] GC(3)   Evacuate Collection Set: 4.1ms
[2024-09-03T16:34:42.522+0530][gc,phases   ] GC(3)   Post Evacuate Collection Set: 0.4ms
[2024-09-03T16:34:42.522+0530][gc,phases   ] GC(3)   Other: 0.1ms
[2024-09-03T16:34:42.522+0530][gc,heap     ] GC(3) Eden regions: 49->0(44)
[2024-09-03T16:34:42.522+0530][gc,heap     ] GC(3) Survivor regions: 2->7(7)
[2024-09-03T16:34:42.522+0530][gc,heap     ] GC(3) Old regions: 8->8
[2024-09-03T16:34:42.522+0530][gc,heap     ] GC(3) Archive regions: 2->2
[2024-09-03T16:34:42.522+0530][gc,heap     ] GC(3) Humongous regions: 129->129
[2024-09-03T16:34:42.522+0530][gc,metaspace] GC(3) Metaspace: 32675K(32896K)->32675K(32896K) NonClass: 29059K(29184K)->29059K(29184K) Class: 3615K(3712K)->3615K(3712K)
[2024-09-03T16:34:42.522+0530][gc          ] GC(3) Pause Young (Normal) (G1 Evacuation Pause) 188M->143M(1024M) 4.896ms
[2024-09-03T16:34:42.522+0530][gc,cpu      ] GC(3) User=0.03s Sys=0.00s Real=0.01s
[2024-09-03T16:36:13.466+0530][gc,start    ] GC(4) Pause Young (Concurrent Start) (Metadata GC Threshold)
[2024-09-03T16:36:13.466+0530][gc,task     ] GC(4) Using 8 workers of 8 for evacuation
[2024-09-03T16:36:13.476+0530][gc,phases   ] GC(4)   Pre Evacuate Collection Set: 0.2ms
[2024-09-03T16:36:13.476+0530][gc,phases   ] GC(4)   Merge Heap Roots: 0.1ms
[2024-09-03T16:36:13.476+0530][gc,phases   ] GC(4)   Evacuate Collection Set: 9.3ms
[2024-09-03T16:36:13.476+0530][gc,phases   ] GC(4)   Post Evacuate Collection Set: 0.7ms
[2024-09-03T16:36:13.476+0530][gc,phases   ] GC(4)   Other: 0.5ms
[2024-09-03T16:36:13.476+0530][gc,heap     ] GC(4) Eden regions: 17->0(49)
[2024-09-03T16:36:13.476+0530][gc,heap     ] GC(4) Survivor regions: 7->2(7)
[2024-09-03T16:36:13.477+0530][gc,heap     ] GC(4) Old regions: 8->14
[2024-09-03T16:36:13.477+0530][gc,heap     ] GC(4) Archive regions: 2->2
[2024-09-03T16:36:13.477+0530][gc,heap     ] GC(4) Humongous regions: 129->129
[2024-09-03T16:36:13.477+0530][gc,metaspace] GC(4) Metaspace: 35777K(36096K)->35777K(36096K) NonClass: 31692K(31808K)->31692K(31808K) Class: 4085K(4288K)->4085K(4288K)
[2024-09-03T16:36:13.477+0530][gc          ] GC(4) Pause Young (Concurrent Start) (Metadata GC Threshold) 160M->145M(1024M) 11.091ms
[2024-09-03T16:36:13.477+0530][gc,cpu      ] GC(4) User=0.06s Sys=0.01s Real=0.01s
[2024-09-03T16:36:13.477+0530][gc          ] GC(5) Concurrent Mark Cycle
[2024-09-03T16:36:13.477+0530][gc,marking  ] GC(5) Concurrent Clear Claimed Marks
[2024-09-03T16:36:13.477+0530][gc,marking  ] GC(5) Concurrent Clear Claimed Marks 0.048ms
[2024-09-03T16:36:13.477+0530][gc,marking  ] GC(5) Concurrent Scan Root Regions
[2024-09-03T16:36:13.485+0530][gc,marking  ] GC(5) Concurrent Scan Root Regions 8.574ms
[2024-09-03T16:36:13.486+0530][gc,marking  ] GC(5) Concurrent Mark
[2024-09-03T16:36:13.486+0530][gc,marking  ] GC(5) Concurrent Mark From Roots
[2024-09-03T16:36:13.486+0530][gc,task     ] GC(5) Using 2 workers of 2 for marking
[2024-09-03T16:36:13.503+0530][gc,marking  ] GC(5) Concurrent Mark From Roots 17.410ms
[2024-09-03T16:36:13.503+0530][gc,marking  ] GC(5) Concurrent Preclean
[2024-09-03T16:36:13.503+0530][gc,marking  ] GC(5) Concurrent Preclean 0.159ms
[2024-09-03T16:36:13.503+0530][gc,start    ] GC(5) Pause Remark
[2024-09-03T16:36:13.507+0530][gc          ] GC(5) Pause Remark 146M->146M(1024M) 3.792ms
[2024-09-03T16:36:13.507+0530][gc,cpu      ] GC(5) User=0.01s Sys=0.01s Real=0.00s
[2024-09-03T16:36:13.507+0530][gc,marking  ] GC(5) Concurrent Mark 21.824ms
[2024-09-03T16:36:13.507+0530][gc,marking  ] GC(5) Concurrent Rebuild Remembered Sets
[2024-09-03T16:36:13.521+0530][gc,marking  ] GC(5) Concurrent Rebuild Remembered Sets 13.025ms
[2024-09-03T16:36:13.521+0530][gc,start    ] GC(5) Pause Cleanup
[2024-09-03T16:36:13.521+0530][gc          ] GC(5) Pause Cleanup 146M->146M(1024M) 0.223ms
[2024-09-03T16:36:13.521+0530][gc,cpu      ] GC(5) User=0.00s Sys=0.00s Real=0.00s
[2024-09-03T16:36:13.521+0530][gc,marking  ] GC(5) Concurrent Cleanup for Next Mark
[2024-09-03T16:36:13.530+0530][gc,marking  ] GC(5) Concurrent Cleanup for Next Mark 9.183ms
[2024-09-03T16:36:13.530+0530][gc          ] GC(5) Concurrent Mark Cycle 53.572ms
