[2024-09-03T16:37:50.676+0530][gc] Using G1
[2024-09-03T16:37:50.687+0530][gc,init] Version: 17.0.8+9-LTS-211 (release)
[2024-09-03T16:37:50.687+0530][gc,init] CPUs: 8 total, 8 available
[2024-09-03T16:37:50.687+0530][gc,init] Memory: 16384M
[2024-09-03T16:37:50.687+0530][gc,init] Large Page Support: Disabled
[2024-09-03T16:37:50.687+0530][gc,init] NUMA Support: Disabled
[2024-09-03T16:37:50.687+0530][gc,init] Compressed Oops: Enabled (Zero based)
[2024-09-03T16:37:50.687+0530][gc,init] Heap Region Size: 1M
[2024-09-03T16:37:50.687+0530][gc,init] Heap Min Capacity: 1G
[2024-09-03T16:37:50.687+0530][gc,init] Heap Initial Capacity: 1G
[2024-09-03T16:37:50.687+0530][gc,init] Heap Max Capacity: 1G
[2024-09-03T16:37:50.687+0530][gc,init] Pre-touch: Disabled
[2024-09-03T16:37:50.687+0530][gc,init] Parallel Workers: 8
[2024-09-03T16:37:50.687+0530][gc,init] Concurrent Workers: 2
[2024-09-03T16:37:50.687+0530][gc,init] Concurrent Refinement Workers: 8
[2024-09-03T16:37:50.687+0530][gc,init] Periodic GC: Disabled
[2024-09-03T16:37:50.700+0530][gc,metaspace] CDS archive(s) mapped at: [0x0000000123000000-0x0000000123be4000-0x0000000123be4000), size 12468224, SharedBaseAddress: 0x0000000123000000, ArchiveRelocationMode: 1.
[2024-09-03T16:37:50.700+0530][gc,metaspace] Compressed class space mapped at: 0x0000000124000000-0x0000000164000000, reserved size: 1073741824
[2024-09-03T16:37:50.701+0530][gc,metaspace] Narrow klass base: 0x0000000123000000, Narrow klass shift: 0, Narrow klass range: 0x100000000
[2024-09-03T16:37:52.847+0530][gc,start    ] GC(0) Pause Young (Normal) (G1 Evacuation Pause)
[2024-09-03T16:37:52.847+0530][gc,task     ] GC(0) Using 8 workers of 8 for evacuation
[2024-09-03T16:37:52.858+0530][gc,phases   ] GC(0)   Pre Evacuate Collection Set: 0.1ms
[2024-09-03T16:37:52.858+0530][gc,phases   ] GC(0)   Merge Heap Roots: 0.2ms
[2024-09-03T16:37:52.858+0530][gc,phases   ] GC(0)   Evacuate Collection Set: 8.9ms
[2024-09-03T16:37:52.858+0530][gc,phases   ] GC(0)   Post Evacuate Collection Set: 0.7ms
[2024-09-03T16:37:52.858+0530][gc,phases   ] GC(0)   Other: 1.0ms
[2024-09-03T16:37:52.858+0530][gc,heap     ] GC(0) Eden regions: 51->0(44)
[2024-09-03T16:37:52.858+0530][gc,heap     ] GC(0) Survivor regions: 0->7(7)
[2024-09-03T16:37:52.858+0530][gc,heap     ] GC(0) Old regions: 0->1
[2024-09-03T16:37:52.858+0530][gc,heap     ] GC(0) Archive regions: 2->2
[2024-09-03T16:37:52.858+0530][gc,heap     ] GC(0) Humongous regions: 0->0
[2024-09-03T16:37:52.858+0530][gc,metaspace] GC(0) Metaspace: 18196K(18368K)->18196K(18368K) NonClass: 16019K(16128K)->16019K(16128K) Class: 2177K(2240K)->2177K(2240K)
[2024-09-03T16:37:52.858+0530][gc          ] GC(0) Pause Young (Normal) (G1 Evacuation Pause) 51M->8M(1024M) 11.298ms
[2024-09-03T16:37:52.858+0530][gc,cpu      ] GC(0) User=0.05s Sys=0.02s Real=0.01s
[2024-09-03T16:37:53.325+0530][gc,start    ] GC(1) Pause Young (Concurrent Start) (Metadata GC Threshold)
[2024-09-03T16:37:53.326+0530][gc,task     ] GC(1) Using 8 workers of 8 for evacuation
[2024-09-03T16:37:53.339+0530][gc,phases   ] GC(1)   Pre Evacuate Collection Set: 0.3ms
[2024-09-03T16:37:53.339+0530][gc,phases   ] GC(1)   Merge Heap Roots: 0.2ms
[2024-09-03T16:37:53.339+0530][gc,phases   ] GC(1)   Evacuate Collection Set: 11.3ms
[2024-09-03T16:37:53.339+0530][gc,phases   ] GC(1)   Post Evacuate Collection Set: 0.6ms
[2024-09-03T16:37:53.339+0530][gc,phases   ] GC(1)   Other: 1.2ms
[2024-09-03T16:37:53.339+0530][gc,heap     ] GC(1) Eden regions: 13->0(49)
[2024-09-03T16:37:53.339+0530][gc,heap     ] GC(1) Survivor regions: 7->2(7)
[2024-09-03T16:37:53.339+0530][gc,heap     ] GC(1) Old regions: 1->9
[2024-09-03T16:37:53.339+0530][gc,heap     ] GC(1) Archive regions: 2->2
[2024-09-03T16:37:53.339+0530][gc,heap     ] GC(1) Humongous regions: 0->0
[2024-09-03T16:37:53.339+0530][gc,metaspace] GC(1) Metaspace: 21272K(21504K)->21272K(21504K) NonClass: 18704K(18816K)->18704K(18816K) Class: 2567K(2688K)->2567K(2688K)
[2024-09-03T16:37:53.339+0530][gc          ] GC(1) Pause Young (Concurrent Start) (Metadata GC Threshold) 21M->10M(1024M) 13.775ms
[2024-09-03T16:37:53.339+0530][gc,cpu      ] GC(1) User=0.05s Sys=0.02s Real=0.01s
[2024-09-03T16:37:53.339+0530][gc          ] GC(2) Concurrent Mark Cycle
[2024-09-03T16:37:53.340+0530][gc,marking  ] GC(2) Concurrent Clear Claimed Marks
[2024-09-03T16:37:53.340+0530][gc,marking  ] GC(2) Concurrent Clear Claimed Marks 0.175ms
[2024-09-03T16:37:53.340+0530][gc,marking  ] GC(2) Concurrent Scan Root Regions
[2024-09-03T16:37:53.347+0530][gc,marking  ] GC(2) Concurrent Scan Root Regions 7.607ms
[2024-09-03T16:37:53.348+0530][gc,marking  ] GC(2) Concurrent Mark
[2024-09-03T16:37:53.348+0530][gc,marking  ] GC(2) Concurrent Mark From Roots
[2024-09-03T16:37:53.348+0530][gc,task     ] GC(2) Using 2 workers of 2 for marking
[2024-09-03T16:37:53.351+0530][gc,marking  ] GC(2) Concurrent Mark From Roots 3.890ms
[2024-09-03T16:37:53.352+0530][gc,marking  ] GC(2) Concurrent Preclean
[2024-09-03T16:37:53.352+0530][gc,marking  ] GC(2) Concurrent Preclean 0.060ms
[2024-09-03T16:37:53.352+0530][gc,start    ] GC(2) Pause Remark
[2024-09-03T16:37:53.354+0530][gc          ] GC(2) Pause Remark 11M->11M(1024M) 2.134ms
[2024-09-03T16:37:53.354+0530][gc,cpu      ] GC(2) User=0.00s Sys=0.00s Real=0.00s
[2024-09-03T16:37:53.354+0530][gc,marking  ] GC(2) Concurrent Mark 6.533ms
[2024-09-03T16:37:53.354+0530][gc,marking  ] GC(2) Concurrent Rebuild Remembered Sets
[2024-09-03T16:37:53.358+0530][gc,marking  ] GC(2) Concurrent Rebuild Remembered Sets 4.328ms
[2024-09-03T16:37:53.359+0530][gc,start    ] GC(2) Pause Cleanup
[2024-09-03T16:37:53.359+0530][gc          ] GC(2) Pause Cleanup 11M->11M(1024M) 0.178ms
[2024-09-03T16:37:53.359+0530][gc,cpu      ] GC(2) User=0.00s Sys=0.00s Real=0.00s
[2024-09-03T16:37:53.359+0530][gc,marking  ] GC(2) Concurrent Cleanup for Next Mark
[2024-09-03T16:37:53.369+0530][gc,marking  ] GC(2) Concurrent Cleanup for Next Mark 10.007ms
[2024-09-03T16:37:53.369+0530][gc          ] GC(2) Concurrent Mark Cycle 29.810ms
[2024-09-03T16:37:54.711+0530][gc,start    ] GC(3) Pause Young (Normal) (G1 Evacuation Pause)
[2024-09-03T16:37:54.711+0530][gc,task     ] GC(3) Using 8 workers of 8 for evacuation
[2024-09-03T16:37:54.719+0530][gc,phases   ] GC(3)   Pre Evacuate Collection Set: 0.2ms
[2024-09-03T16:37:54.719+0530][gc,phases   ] GC(3)   Merge Heap Roots: 0.1ms
[2024-09-03T16:37:54.719+0530][gc,phases   ] GC(3)   Evacuate Collection Set: 7.0ms
[2024-09-03T16:37:54.719+0530][gc,phases   ] GC(3)   Post Evacuate Collection Set: 0.7ms
[2024-09-03T16:37:54.719+0530][gc,phases   ] GC(3)   Other: 0.2ms
[2024-09-03T16:37:54.719+0530][gc,heap     ] GC(3) Eden regions: 49->0(44)
[2024-09-03T16:37:54.719+0530][gc,heap     ] GC(3) Survivor regions: 2->7(7)
[2024-09-03T16:37:54.719+0530][gc,heap     ] GC(3) Old regions: 9->9
[2024-09-03T16:37:54.719+0530][gc,heap     ] GC(3) Archive regions: 2->2
[2024-09-03T16:37:54.719+0530][gc,heap     ] GC(3) Humongous regions: 129->129
[2024-09-03T16:37:54.719+0530][gc,metaspace] GC(3) Metaspace: 32493K(32768K)->32493K(32768K) NonClass: 28904K(29056K)->28904K(29056K) Class: 3589K(3712K)->3589K(3712K)
[2024-09-03T16:37:54.720+0530][gc          ] GC(3) Pause Young (Normal) (G1 Evacuation Pause) 188M->144M(1024M) 8.307ms
[2024-09-03T16:37:54.720+0530][gc,cpu      ] GC(3) User=0.05s Sys=0.00s Real=0.01s
[2024-09-03T16:38:23.315+0530][gc,start    ] GC(4) Pause Young (Concurrent Start) (Metadata GC Threshold)
[2024-09-03T16:38:23.315+0530][gc,task     ] GC(4) Using 8 workers of 8 for evacuation
[2024-09-03T16:38:23.346+0530][gc,mmu      ] GC(4) MMU target violated: 21.0ms (20.0ms/21.0ms)
[2024-09-03T16:38:23.346+0530][gc,phases   ] GC(4)   Pre Evacuate Collection Set: 2.1ms
[2024-09-03T16:38:23.347+0530][gc,phases   ] GC(4)   Merge Heap Roots: 0.2ms
[2024-09-03T16:38:23.347+0530][gc,phases   ] GC(4)   Evacuate Collection Set: 27.5ms
[2024-09-03T16:38:23.347+0530][gc,phases   ] GC(4)   Post Evacuate Collection Set: 0.8ms
[2024-09-03T16:38:23.347+0530][gc,phases   ] GC(4)   Other: 1.0ms
[2024-09-03T16:38:23.347+0530][gc,heap     ] GC(4) Eden regions: 17->0(49)
[2024-09-03T16:38:23.347+0530][gc,heap     ] GC(4) Survivor regions: 7->2(7)
[2024-09-03T16:38:23.347+0530][gc,heap     ] GC(4) Old regions: 9->15
[2024-09-03T16:38:23.347+0530][gc,heap     ] GC(4) Archive regions: 2->2
[2024-09-03T16:38:23.347+0530][gc,heap     ] GC(4) Humongous regions: 129->129
[2024-09-03T16:38:23.347+0530][gc,metaspace] GC(4) Metaspace: 35701K(35968K)->35701K(35968K) NonClass: 31606K(31744K)->31606K(31744K) Class: 4094K(4224K)->4094K(4224K)
[2024-09-03T16:38:23.347+0530][gc          ] GC(4) Pause Young (Concurrent Start) (Metadata GC Threshold) 160M->145M(1024M) 31.687ms
[2024-09-03T16:38:23.347+0530][gc,cpu      ] GC(4) User=0.07s Sys=0.06s Real=0.03s
[2024-09-03T16:38:23.347+0530][gc          ] GC(5) Concurrent Mark Cycle
[2024-09-03T16:38:23.347+0530][gc,marking  ] GC(5) Concurrent Clear Claimed Marks
[2024-09-03T16:38:23.347+0530][gc,marking  ] GC(5) Concurrent Clear Claimed Marks 0.043ms
[2024-09-03T16:38:23.347+0530][gc,marking  ] GC(5) Concurrent Scan Root Regions
[2024-09-03T16:38:23.361+0530][gc,marking  ] GC(5) Concurrent Scan Root Regions 13.848ms
[2024-09-03T16:38:23.361+0530][gc,marking  ] GC(5) Concurrent Mark
[2024-09-03T16:38:23.361+0530][gc,marking  ] GC(5) Concurrent Mark From Roots
[2024-09-03T16:38:23.361+0530][gc,task     ] GC(5) Using 2 workers of 2 for marking
[2024-09-03T16:38:23.380+0530][gc,marking  ] GC(5) Concurrent Mark From Roots 18.658ms
[2024-09-03T16:38:23.380+0530][gc,marking  ] GC(5) Concurrent Preclean
[2024-09-03T16:38:23.380+0530][gc,marking  ] GC(5) Concurrent Preclean 0.128ms
[2024-09-03T16:38:23.380+0530][gc,start    ] GC(5) Pause Remark
[2024-09-03T16:38:23.395+0530][gc          ] GC(5) Pause Remark 146M->146M(1024M) 14.789ms
[2024-09-03T16:38:23.395+0530][gc,cpu      ] GC(5) User=0.02s Sys=0.04s Real=0.01s
[2024-09-03T16:38:23.395+0530][gc,marking  ] GC(5) Concurrent Mark 34.054ms
[2024-09-03T16:38:23.395+0530][gc,marking  ] GC(5) Concurrent Rebuild Remembered Sets
[2024-09-03T16:38:23.406+0530][gc,marking  ] GC(5) Concurrent Rebuild Remembered Sets 11.370ms
[2024-09-03T16:38:23.407+0530][gc,start    ] GC(5) Pause Cleanup
[2024-09-03T16:38:23.407+0530][gc          ] GC(5) Pause Cleanup 146M->146M(1024M) 0.288ms
[2024-09-03T16:38:23.407+0530][gc,cpu      ] GC(5) User=0.01s Sys=0.00s Real=0.00s
[2024-09-03T16:38:23.407+0530][gc,marking  ] GC(5) Concurrent Cleanup for Next Mark
[2024-09-03T16:38:23.422+0530][gc,marking  ] GC(5) Concurrent Cleanup for Next Mark 14.770ms
[2024-09-03T16:38:23.422+0530][gc          ] GC(5) Concurrent Mark Cycle 75.101ms
[2024-09-03T16:43:42.173+0530][gc,start    ] GC(6) Pause Young (Prepare Mixed) (G1 Evacuation Pause)
[2024-09-03T16:43:42.174+0530][gc,task     ] GC(6) Using 8 workers of 8 for evacuation
[2024-09-03T16:43:42.239+0530][gc,mmu      ] GC(6) MMU target violated: 21.0ms (20.0ms/21.0ms)
[2024-09-03T16:43:42.239+0530][gc,phases   ] GC(6)   Pre Evacuate Collection Set: 4.7ms
[2024-09-03T16:43:42.239+0530][gc,phases   ] GC(6)   Merge Heap Roots: 0.6ms
[2024-09-03T16:43:42.239+0530][gc,phases   ] GC(6)   Evacuate Collection Set: 58.5ms
[2024-09-03T16:43:42.239+0530][gc,phases   ] GC(6)   Post Evacuate Collection Set: 1.2ms
[2024-09-03T16:43:42.240+0530][gc,phases   ] GC(6)   Other: 2.5ms
[2024-09-03T16:43:42.240+0530][gc,heap     ] GC(6) Eden regions: 49->0(46)
[2024-09-03T16:43:42.240+0530][gc,heap     ] GC(6) Survivor regions: 2->5(7)
[2024-09-03T16:43:42.240+0530][gc,heap     ] GC(6) Old regions: 15->15
[2024-09-03T16:43:42.240+0530][gc,heap     ] GC(6) Archive regions: 2->2
[2024-09-03T16:43:42.240+0530][gc,heap     ] GC(6) Humongous regions: 129->129
[2024-09-03T16:43:42.240+0530][gc,metaspace] GC(6) Metaspace: 41701K(42240K)->41701K(42240K) NonClass: 36668K(36992K)->36668K(36992K) Class: 5032K(5248K)->5032K(5248K)
[2024-09-03T16:43:42.240+0530][gc          ] GC(6) Pause Young (Prepare Mixed) (G1 Evacuation Pause) 194M->148M(1024M) 66.789ms
[2024-09-03T16:43:42.240+0530][gc,cpu      ] GC(6) User=0.05s Sys=0.20s Real=0.07s
[2024-09-03T16:46:15.169+0530][gc,start    ] GC(7) Pause Young (Mixed) (G1 Evacuation Pause)
[2024-09-03T16:46:15.169+0530][gc,task     ] GC(7) Using 8 workers of 8 for evacuation
[2024-09-03T16:46:15.176+0530][gc,phases   ] GC(7)   Pre Evacuate Collection Set: 0.1ms
[2024-09-03T16:46:15.176+0530][gc,phases   ] GC(7)   Merge Heap Roots: 0.1ms
[2024-09-03T16:46:15.176+0530][gc,phases   ] GC(7)   Evacuate Collection Set: 5.6ms
[2024-09-03T16:46:15.176+0530][gc,phases   ] GC(7)   Post Evacuate Collection Set: 0.4ms
[2024-09-03T16:46:15.176+0530][gc,phases   ] GC(7)   Other: 0.3ms
[2024-09-03T16:46:15.176+0530][gc,heap     ] GC(7) Eden regions: 46->0(47)
[2024-09-03T16:46:15.176+0530][gc,heap     ] GC(7) Survivor regions: 5->4(7)
[2024-09-03T16:46:15.176+0530][gc,heap     ] GC(7) Old regions: 15->17
[2024-09-03T16:46:15.176+0530][gc,heap     ] GC(7) Archive regions: 2->2
[2024-09-03T16:46:15.176+0530][gc,heap     ] GC(7) Humongous regions: 129->129
[2024-09-03T16:46:15.176+0530][gc,metaspace] GC(7) Metaspace: 42559K(43136K)->42559K(43136K) NonClass: 37445K(37760K)->37445K(37760K) Class: 5114K(5376K)->5114K(5376K)
[2024-09-03T16:46:15.176+0530][gc          ] GC(7) Pause Young (Mixed) (G1 Evacuation Pause) 194M->150M(1024M) 6.638ms
[2024-09-03T16:46:15.176+0530][gc,cpu      ] GC(7) User=0.04s Sys=0.01s Real=0.01s
[2024-09-03T16:47:27.353+0530][gc,start    ] GC(8) Pause Young (Normal) (G1 Evacuation Pause)
[2024-09-03T16:47:27.353+0530][gc,task     ] GC(8) Using 8 workers of 8 for evacuation
[2024-09-03T16:47:27.359+0530][gc,phases   ] GC(8)   Pre Evacuate Collection Set: 0.2ms
[2024-09-03T16:47:27.359+0530][gc,phases   ] GC(8)   Merge Heap Roots: 0.1ms
[2024-09-03T16:47:27.359+0530][gc,phases   ] GC(8)   Evacuate Collection Set: 5.2ms
[2024-09-03T16:47:27.359+0530][gc,phases   ] GC(8)   Post Evacuate Collection Set: 0.4ms
[2024-09-03T16:47:27.359+0530][gc,phases   ] GC(8)   Other: 0.2ms
[2024-09-03T16:47:27.359+0530][gc,heap     ] GC(8) Eden regions: 47->0(46)
[2024-09-03T16:47:27.359+0530][gc,heap     ] GC(8) Survivor regions: 4->5(7)
[2024-09-03T16:47:27.359+0530][gc,heap     ] GC(8) Old regions: 17->17
[2024-09-03T16:47:27.359+0530][gc,heap     ] GC(8) Archive regions: 2->2
[2024-09-03T16:47:27.359+0530][gc,heap     ] GC(8) Humongous regions: 129->129
[2024-09-03T16:47:27.359+0530][gc,metaspace] GC(8) Metaspace: 43169K(43776K)->43169K(43776K) NonClass: 37992K(38336K)->37992K(38336K) Class: 5176K(5440K)->5176K(5440K)
[2024-09-03T16:47:27.359+0530][gc          ] GC(8) Pause Young (Normal) (G1 Evacuation Pause) 197M->151M(1024M) 6.384ms
[2024-09-03T16:47:27.359+0530][gc,cpu      ] GC(8) User=0.03s Sys=0.00s Real=0.00s
[2024-09-03T16:48:24.488+0530][gc,start    ] GC(9) Pause Young (Normal) (G1 Evacuation Pause)
[2024-09-03T16:48:24.488+0530][gc,task     ] GC(9) Using 8 workers of 8 for evacuation
[2024-09-03T16:48:24.496+0530][gc,phases   ] GC(9)   Pre Evacuate Collection Set: 0.2ms
[2024-09-03T16:48:24.496+0530][gc,phases   ] GC(9)   Merge Heap Roots: 0.1ms
[2024-09-03T16:48:24.496+0530][gc,phases   ] GC(9)   Evacuate Collection Set: 6.5ms
[2024-09-03T16:48:24.496+0530][gc,phases   ] GC(9)   Post Evacuate Collection Set: 0.3ms
[2024-09-03T16:48:24.496+0530][gc,phases   ] GC(9)   Other: 0.3ms
[2024-09-03T16:48:24.496+0530][gc,heap     ] GC(9) Eden regions: 46->0(45)
[2024-09-03T16:48:24.496+0530][gc,heap     ] GC(9) Survivor regions: 5->6(7)
[2024-09-03T16:48:24.496+0530][gc,heap     ] GC(9) Old regions: 17->19
[2024-09-03T16:48:24.496+0530][gc,heap     ] GC(9) Archive regions: 2->2
[2024-09-03T16:48:24.496+0530][gc,heap     ] GC(9) Humongous regions: 129->129
[2024-09-03T16:48:24.496+0530][gc,metaspace] GC(9) Metaspace: 43321K(43904K)->43321K(43904K) NonClass: 38144K(38464K)->38144K(38464K) Class: 5176K(5440K)->5176K(5440K)
[2024-09-03T16:48:24.496+0530][gc          ] GC(9) Pause Young (Normal) (G1 Evacuation Pause) 197M->154M(1024M) 7.622ms
[2024-09-03T16:48:24.496+0530][gc,cpu      ] GC(9) User=0.05s Sys=0.01s Real=0.01s
[2024-09-03T16:49:42.197+0530][gc,start    ] GC(10) Pause Young (Normal) (G1 Evacuation Pause)
[2024-09-03T16:49:42.197+0530][gc,task     ] GC(10) Using 8 workers of 8 for evacuation
[2024-09-03T16:49:42.204+0530][gc,phases   ] GC(10)   Pre Evacuate Collection Set: 0.1ms
[2024-09-03T16:49:42.204+0530][gc,phases   ] GC(10)   Merge Heap Roots: 0.1ms
[2024-09-03T16:49:42.204+0530][gc,phases   ] GC(10)   Evacuate Collection Set: 6.1ms
[2024-09-03T16:49:42.204+0530][gc,phases   ] GC(10)   Post Evacuate Collection Set: 0.3ms
[2024-09-03T16:49:42.204+0530][gc,phases   ] GC(10)   Other: 0.3ms
[2024-09-03T16:49:42.204+0530][gc,heap     ] GC(10) Eden regions: 45->0(46)
[2024-09-03T16:49:42.204+0530][gc,heap     ] GC(10) Survivor regions: 6->5(7)
[2024-09-03T16:49:42.204+0530][gc,heap     ] GC(10) Old regions: 19->21
[2024-09-03T16:49:42.204+0530][gc,heap     ] GC(10) Archive regions: 2->2
[2024-09-03T16:49:42.204+0530][gc,heap     ] GC(10) Humongous regions: 129->129
[2024-09-03T16:49:42.204+0530][gc,metaspace] GC(10) Metaspace: 43411K(43968K)->43411K(43968K) NonClass: 38234K(38528K)->38234K(38528K) Class: 5176K(5440K)->5176K(5440K)
[2024-09-03T16:49:42.204+0530][gc          ] GC(10) Pause Young (Normal) (G1 Evacuation Pause) 199M->155M(1024M) 7.091ms
[2024-09-03T16:49:42.204+0530][gc,cpu      ] GC(10) User=0.05s Sys=0.00s Real=0.01s
[2024-09-03T16:52:29.991+0530][gc,start    ] GC(11) Pause Young (Normal) (G1 Evacuation Pause)
[2024-09-03T16:52:29.991+0530][gc,task     ] GC(11) Using 8 workers of 8 for evacuation
[2024-09-03T16:52:29.998+0530][gc,phases   ] GC(11)   Pre Evacuate Collection Set: 0.2ms
[2024-09-03T16:52:29.998+0530][gc,phases   ] GC(11)   Merge Heap Roots: 0.1ms
[2024-09-03T16:52:29.998+0530][gc,phases   ] GC(11)   Evacuate Collection Set: 5.8ms
[2024-09-03T16:52:29.998+0530][gc,phases   ] GC(11)   Post Evacuate Collection Set: 0.4ms
[2024-09-03T16:52:29.998+0530][gc,phases   ] GC(11)   Other: 0.3ms
[2024-09-03T16:52:29.998+0530][gc,heap     ] GC(11) Eden regions: 46->0(46)
[2024-09-03T16:52:29.998+0530][gc,heap     ] GC(11) Survivor regions: 5->5(7)
[2024-09-03T16:52:29.998+0530][gc,heap     ] GC(11) Old regions: 21->22
[2024-09-03T16:52:29.998+0530][gc,heap     ] GC(11) Archive regions: 2->2
[2024-09-03T16:52:29.998+0530][gc,heap     ] GC(11) Humongous regions: 129->129
[2024-09-03T16:52:29.998+0530][gc,metaspace] GC(11) Metaspace: 43461K(44032K)->43461K(44032K) NonClass: 38280K(38592K)->38280K(38592K) Class: 5181K(5440K)->5181K(5440K)
[2024-09-03T16:52:29.998+0530][gc          ] GC(11) Pause Young (Normal) (G1 Evacuation Pause) 201M->155M(1024M) 6.970ms
[2024-09-03T16:52:29.998+0530][gc,cpu      ] GC(11) User=0.04s Sys=0.00s Real=0.00s
[2024-09-03T16:55:04.354+0530][gc,start    ] GC(12) Pause Young (Normal) (G1 Evacuation Pause)
[2024-09-03T16:55:04.354+0530][gc,task     ] GC(12) Using 8 workers of 8 for evacuation
[2024-09-03T16:55:04.360+0530][gc,phases   ] GC(12)   Pre Evacuate Collection Set: 0.4ms
[2024-09-03T16:55:04.360+0530][gc,phases   ] GC(12)   Merge Heap Roots: 0.4ms
[2024-09-03T16:55:04.360+0530][gc,phases   ] GC(12)   Evacuate Collection Set: 4.6ms
[2024-09-03T16:55:04.360+0530][gc,phases   ] GC(12)   Post Evacuate Collection Set: 0.4ms
[2024-09-03T16:55:04.360+0530][gc,phases   ] GC(12)   Other: 0.3ms
[2024-09-03T16:55:04.360+0530][gc,heap     ] GC(12) Eden regions: 46->0(66)
[2024-09-03T16:55:04.360+0530][gc,heap     ] GC(12) Survivor regions: 5->4(7)
[2024-09-03T16:55:04.360+0530][gc,heap     ] GC(12) Old regions: 22->23
[2024-09-03T16:55:04.360+0530][gc,heap     ] GC(12) Archive regions: 2->2
[2024-09-03T16:55:04.360+0530][gc,heap     ] GC(12) Humongous regions: 129->129
[2024-09-03T16:55:04.360+0530][gc,metaspace] GC(12) Metaspace: 43569K(44160K)->43569K(44160K) NonClass: 38372K(38656K)->38372K(38656K) Class: 5196K(5504K)->5196K(5504K)
[2024-09-03T16:55:04.360+0530][gc          ] GC(12) Pause Young (Normal) (G1 Evacuation Pause) 201M->156M(1024M) 6.104ms
[2024-09-03T16:55:04.360+0530][gc,cpu      ] GC(12) User=0.02s Sys=0.00s Real=0.01s
[2024-09-03T16:58:41.167+0530][gc,start    ] GC(13) Pause Young (Normal) (G1 Evacuation Pause)
[2024-09-03T16:58:41.167+0530][gc,task     ] GC(13) Using 8 workers of 8 for evacuation
[2024-09-03T16:58:41.174+0530][gc,phases   ] GC(13)   Pre Evacuate Collection Set: 0.2ms
[2024-09-03T16:58:41.174+0530][gc,phases   ] GC(13)   Merge Heap Roots: 0.1ms
[2024-09-03T16:58:41.174+0530][gc,phases   ] GC(13)   Evacuate Collection Set: 6.1ms
[2024-09-03T16:58:41.174+0530][gc,phases   ] GC(13)   Post Evacuate Collection Set: 0.3ms
[2024-09-03T16:58:41.174+0530][gc,phases   ] GC(13)   Other: 0.2ms
[2024-09-03T16:58:41.174+0530][gc,heap     ] GC(13) Eden regions: 64->0(65)
[2024-09-03T16:58:41.174+0530][gc,heap     ] GC(13) Survivor regions: 4->6(9)
[2024-09-03T16:58:41.174+0530][gc,heap     ] GC(13) Old regions: 23->23
[2024-09-03T16:58:41.174+0530][gc,heap     ] GC(13) Archive regions: 2->2
[2024-09-03T16:58:41.174+0530][gc,heap     ] GC(13) Humongous regions: 129->129
[2024-09-03T16:58:41.174+0530][gc,metaspace] GC(13) Metaspace: 43602K(44224K)->43602K(44224K) NonClass: 38405K(38720K)->38405K(38720K) Class: 5196K(5504K)->5196K(5504K)
[2024-09-03T16:58:41.174+0530][gc          ] GC(13) Pause Young (Normal) (G1 Evacuation Pause) 220M->158M(1024M) 7.098ms
[2024-09-03T16:58:41.174+0530][gc,cpu      ] GC(13) User=0.04s Sys=0.01s Real=0.01s
[2024-09-03T17:02:17.982+0530][gc,start    ] GC(14) Pause Young (Normal) (G1 Evacuation Pause)
[2024-09-03T17:02:17.982+0530][gc,task     ] GC(14) Using 8 workers of 8 for evacuation
[2024-09-03T17:02:17.991+0530][gc,phases   ] GC(14)   Pre Evacuate Collection Set: 0.1ms
[2024-09-03T17:02:17.991+0530][gc,phases   ] GC(14)   Merge Heap Roots: 0.1ms
[2024-09-03T17:02:17.991+0530][gc,phases   ] GC(14)   Evacuate Collection Set: 7.9ms
[2024-09-03T17:02:17.991+0530][gc,phases   ] GC(14)   Post Evacuate Collection Set: 0.4ms
[2024-09-03T17:02:17.991+0530][gc,phases   ] GC(14)   Other: 0.3ms
[2024-09-03T17:02:17.991+0530][gc,heap     ] GC(14) Eden regions: 65->0(72)
[2024-09-03T17:02:17.991+0530][gc,heap     ] GC(14) Survivor regions: 6->8(9)
[2024-09-03T17:02:17.991+0530][gc,heap     ] GC(14) Old regions: 23->24
[2024-09-03T17:02:17.991+0530][gc,heap     ] GC(14) Archive regions: 2->2
[2024-09-03T17:02:17.991+0530][gc,heap     ] GC(14) Humongous regions: 129->129
[2024-09-03T17:02:17.991+0530][gc,metaspace] GC(14) Metaspace: 43631K(44224K)->43631K(44224K) NonClass: 38434K(38720K)->38434K(38720K) Class: 5196K(5504K)->5196K(5504K)
[2024-09-03T17:02:17.991+0530][gc          ] GC(14) Pause Young (Normal) (G1 Evacuation Pause) 223M->161M(1024M) 8.996ms
[2024-09-03T17:02:17.991+0530][gc,cpu      ] GC(14) User=0.05s Sys=0.00s Real=0.01s
[2024-09-03T17:06:31.196+0530][gc,start    ] GC(15) Pause Young (Normal) (G1 Evacuation Pause)
[2024-09-03T17:06:31.198+0530][gc,task     ] GC(15) Using 8 workers of 8 for evacuation
[2024-09-03T17:06:31.211+0530][gc,phases   ] GC(15)   Pre Evacuate Collection Set: 0.2ms
[2024-09-03T17:06:31.212+0530][gc,phases   ] GC(15)   Merge Heap Roots: 0.1ms
[2024-09-03T17:06:31.212+0530][gc,phases   ] GC(15)   Evacuate Collection Set: 12.9ms
[2024-09-03T17:06:31.212+0530][gc,phases   ] GC(15)   Post Evacuate Collection Set: 0.3ms
[2024-09-03T17:06:31.212+0530][gc,phases   ] GC(15)   Other: 2.1ms
[2024-09-03T17:06:31.212+0530][gc,heap     ] GC(15) Eden regions: 69->0(64)
[2024-09-03T17:06:31.212+0530][gc,heap     ] GC(15) Survivor regions: 8->8(10)
[2024-09-03T17:06:31.212+0530][gc,heap     ] GC(15) Old regions: 24->27
[2024-09-03T17:06:31.212+0530][gc,heap     ] GC(15) Archive regions: 2->2
[2024-09-03T17:06:31.212+0530][gc,heap     ] GC(15) Humongous regions: 129->129
[2024-09-03T17:06:31.212+0530][gc,metaspace] GC(15) Metaspace: 43654K(44224K)->43654K(44224K) NonClass: 38457K(38720K)->38457K(38720K) Class: 5196K(5504K)->5196K(5504K)
[2024-09-03T17:06:31.212+0530][gc          ] GC(15) Pause Young (Normal) (G1 Evacuation Pause) 230M->164M(1024M) 15.987ms
[2024-09-03T17:06:31.212+0530][gc,cpu      ] GC(15) User=0.06s Sys=0.03s Real=0.02s
[2024-09-03T17:08:16.466+0530][gc,start    ] GC(16) Pause Young (Normal) (G1 Evacuation Pause)
[2024-09-03T17:08:16.467+0530][gc,task     ] GC(16) Using 8 workers of 8 for evacuation
[2024-09-03T17:08:16.474+0530][gc,phases   ] GC(16)   Pre Evacuate Collection Set: 0.1ms
[2024-09-03T17:08:16.474+0530][gc,phases   ] GC(16)   Merge Heap Roots: 0.1ms
[2024-09-03T17:08:16.474+0530][gc,phases   ] GC(16)   Evacuate Collection Set: 6.3ms
[2024-09-03T17:08:16.474+0530][gc,phases   ] GC(16)   Post Evacuate Collection Set: 0.4ms
[2024-09-03T17:08:16.474+0530][gc,phases   ] GC(16)   Other: 0.4ms
[2024-09-03T17:08:16.474+0530][gc,heap     ] GC(16) Eden regions: 64->0(132)
[2024-09-03T17:08:16.474+0530][gc,heap     ] GC(16) Survivor regions: 8->5(9)
[2024-09-03T17:08:16.474+0530][gc,heap     ] GC(16) Old regions: 27->31
[2024-09-03T17:08:16.474+0530][gc,heap     ] GC(16) Archive regions: 2->2
[2024-09-03T17:08:16.474+0530][gc,heap     ] GC(16) Humongous regions: 129->129
[2024-09-03T17:08:16.474+0530][gc,metaspace] GC(16) Metaspace: 43773K(44352K)->43773K(44352K) NonClass: 38576K(38848K)->38576K(38848K) Class: 5196K(5504K)->5196K(5504K)
[2024-09-03T17:08:16.474+0530][gc          ] GC(16) Pause Young (Normal) (G1 Evacuation Pause) 228M->165M(1024M) 7.410ms
[2024-09-03T17:08:16.474+0530][gc,cpu      ] GC(16) User=0.04s Sys=0.00s Real=0.01s
[2024-09-03T17:11:02.214+0530][gc,start    ] GC(17) Pause Young (Normal) (G1 Evacuation Pause)
[2024-09-03T17:11:02.216+0530][gc,task     ] GC(17) Using 8 workers of 8 for evacuation
[2024-09-03T17:11:02.227+0530][gc,phases   ] GC(17)   Pre Evacuate Collection Set: 2.3ms
[2024-09-03T17:11:02.227+0530][gc,phases   ] GC(17)   Merge Heap Roots: 0.3ms
[2024-09-03T17:11:02.227+0530][gc,phases   ] GC(17)   Evacuate Collection Set: 7.9ms
[2024-09-03T17:11:02.227+0530][gc,phases   ] GC(17)   Post Evacuate Collection Set: 0.5ms
[2024-09-03T17:11:02.227+0530][gc,phases   ] GC(17)   Other: 2.3ms
[2024-09-03T17:11:02.227+0530][gc,heap     ] GC(17) Eden regions: 132->0(139)
[2024-09-03T17:11:02.227+0530][gc,heap     ] GC(17) Survivor regions: 5->6(18)
[2024-09-03T17:11:02.227+0530][gc,heap     ] GC(17) Old regions: 31->31
[2024-09-03T17:11:02.227+0530][gc,heap     ] GC(17) Archive regions: 2->2
[2024-09-03T17:11:02.227+0530][gc,heap     ] GC(17) Humongous regions: 129->129
[2024-09-03T17:11:02.227+0530][gc,metaspace] GC(17) Metaspace: 43818K(44480K)->43818K(44480K) NonClass: 38621K(38976K)->38621K(38976K) Class: 5196K(5504K)->5196K(5504K)
[2024-09-03T17:11:02.227+0530][gc          ] GC(17) Pause Young (Normal) (G1 Evacuation Pause) 297M->166M(1024M) 13.266ms
[2024-09-03T17:11:02.227+0530][gc,cpu      ] GC(17) User=0.04s Sys=0.03s Real=0.01s
[2024-09-03T17:14:28.540+0530][gc,start    ] GC(18) Pause Young (Normal) (G1 Evacuation Pause)
[2024-09-03T17:14:28.542+0530][gc,task     ] GC(18) Using 8 workers of 8 for evacuation
[2024-09-03T17:14:28.553+0530][gc,phases   ] GC(18)   Pre Evacuate Collection Set: 0.2ms
[2024-09-03T17:14:28.554+0530][gc,phases   ] GC(18)   Merge Heap Roots: 0.2ms
[2024-09-03T17:14:28.554+0530][gc,phases   ] GC(18)   Evacuate Collection Set: 11.0ms
[2024-09-03T17:14:28.554+0530][gc,phases   ] GC(18)   Post Evacuate Collection Set: 0.4ms
[2024-09-03T17:14:28.554+0530][gc,phases   ] GC(18)   Other: 2.1ms
[2024-09-03T17:14:28.554+0530][gc,heap     ] GC(18) Eden regions: 139->0(132)
[2024-09-03T17:14:28.554+0530][gc,heap     ] GC(18) Survivor regions: 6->11(19)
[2024-09-03T17:14:28.554+0530][gc,heap     ] GC(18) Old regions: 31->31
[2024-09-03T17:14:28.554+0530][gc,heap     ] GC(18) Archive regions: 2->2
[2024-09-03T17:14:28.554+0530][gc,heap     ] GC(18) Humongous regions: 129->129
[2024-09-03T17:14:28.554+0530][gc,metaspace] GC(18) Metaspace: 43832K(44480K)->43832K(44480K) NonClass: 38635K(38976K)->38635K(38976K) Class: 5196K(5504K)->5196K(5504K)
[2024-09-03T17:14:28.554+0530][gc          ] GC(18) Pause Young (Normal) (G1 Evacuation Pause) 305M->171M(1024M) 14.108ms
[2024-09-03T17:14:28.554+0530][gc,cpu      ] GC(18) User=0.07s Sys=0.01s Real=0.01s
[2024-09-03T17:17:39.993+0530][gc,start    ] GC(19) Pause Young (Normal) (G1 Evacuation Pause)
[2024-09-03T17:17:39.993+0530][gc,task     ] GC(19) Using 8 workers of 8 for evacuation
[2024-09-03T17:17:40.006+0530][gc,phases   ] GC(19)   Pre Evacuate Collection Set: 0.2ms
[2024-09-03T17:17:40.006+0530][gc,phases   ] GC(19)   Merge Heap Roots: 0.1ms
[2024-09-03T17:17:40.006+0530][gc,phases   ] GC(19)   Evacuate Collection Set: 12.3ms
[2024-09-03T17:17:40.006+0530][gc,phases   ] GC(19)   Post Evacuate Collection Set: 0.4ms
[2024-09-03T17:17:40.006+0530][gc,phases   ] GC(19)   Other: 0.2ms
[2024-09-03T17:17:40.006+0530][gc,heap     ] GC(19) Eden regions: 132->0(106)
[2024-09-03T17:17:40.006+0530][gc,heap     ] GC(19) Survivor regions: 11->15(18)
[2024-09-03T17:17:40.006+0530][gc,heap     ] GC(19) Old regions: 31->33
[2024-09-03T17:17:40.006+0530][gc,heap     ] GC(19) Archive regions: 2->2
[2024-09-03T17:17:40.006+0530][gc,heap     ] GC(19) Humongous regions: 129->129
[2024-09-03T17:17:40.006+0530][gc,metaspace] GC(19) Metaspace: 43865K(44480K)->43865K(44480K) NonClass: 38668K(38976K)->38668K(38976K) Class: 5197K(5504K)->5197K(5504K)
[2024-09-03T17:17:40.006+0530][gc          ] GC(19) Pause Young (Normal) (G1 Evacuation Pause) 303M->176M(1024M) 13.401ms
[2024-09-03T17:17:40.007+0530][gc,cpu      ] GC(19) User=0.10s Sys=0.01s Real=0.01s
[2024-09-03T17:19:41.208+0530][gc,start    ] GC(20) Pause Young (Normal) (G1 Evacuation Pause)
[2024-09-03T17:19:41.210+0530][gc,task     ] GC(20) Using 8 workers of 8 for evacuation
[2024-09-03T17:19:41.223+0530][gc,phases   ] GC(20)   Pre Evacuate Collection Set: 0.1ms
[2024-09-03T17:19:41.223+0530][gc,phases   ] GC(20)   Merge Heap Roots: 0.1ms
[2024-09-03T17:19:41.223+0530][gc,phases   ] GC(20)   Evacuate Collection Set: 11.4ms
[2024-09-03T17:19:41.223+0530][gc,phases   ] GC(20)   Post Evacuate Collection Set: 0.4ms
[2024-09-03T17:19:41.223+0530][gc,phases   ] GC(20)   Other: 2.1ms
[2024-09-03T17:19:41.223+0530][gc,heap     ] GC(20) Eden regions: 104->0(178)
[2024-09-03T17:19:41.223+0530][gc,heap     ] GC(20) Survivor regions: 15->9(15)
[2024-09-03T17:19:41.223+0530][gc,heap     ] GC(20) Old regions: 33->41
[2024-09-03T17:19:41.223+0530][gc,heap     ] GC(20) Archive regions: 2->2
[2024-09-03T17:19:41.223+0530][gc,heap     ] GC(20) Humongous regions: 129->129
[2024-09-03T17:19:41.223+0530][gc,metaspace] GC(20) Metaspace: 43882K(44480K)->43882K(44480K) NonClass: 38684K(38976K)->38684K(38976K) Class: 5197K(5504K)->5197K(5504K)
[2024-09-03T17:19:41.223+0530][gc          ] GC(20) Pause Young (Normal) (G1 Evacuation Pause) 280M->178M(1024M) 14.308ms
[2024-09-03T17:19:41.223+0530][gc,cpu      ] GC(20) User=0.08s Sys=0.01s Real=0.02s
[2024-09-03T17:23:47.387+0530][gc,start    ] GC(21) Pause Young (Normal) (G1 Evacuation Pause)
[2024-09-03T17:23:47.389+0530][gc,task     ] GC(21) Using 8 workers of 8 for evacuation
[2024-09-03T17:23:47.404+0530][gc,phases   ] GC(21)   Pre Evacuate Collection Set: 0.2ms
[2024-09-03T17:23:47.404+0530][gc,phases   ] GC(21)   Merge Heap Roots: 0.2ms
[2024-09-03T17:23:47.404+0530][gc,phases   ] GC(21)   Evacuate Collection Set: 13.8ms
[2024-09-03T17:23:47.404+0530][gc,phases   ] GC(21)   Post Evacuate Collection Set: 0.5ms
[2024-09-03T17:23:47.404+0530][gc,phases   ] GC(21)   Other: 2.3ms
[2024-09-03T17:23:47.404+0530][gc,heap     ] GC(21) Eden regions: 178->0(85)
[2024-09-03T17:23:47.404+0530][gc,heap     ] GC(21) Survivor regions: 9->14(24)
[2024-09-03T17:23:47.404+0530][gc,heap     ] GC(21) Old regions: 41->41
[2024-09-03T17:23:47.404+0530][gc,heap     ] GC(21) Archive regions: 2->2
[2024-09-03T17:23:47.404+0530][gc,heap     ] GC(21) Humongous regions: 129->129
[2024-09-03T17:23:47.404+0530][gc,metaspace] GC(21) Metaspace: 43906K(44544K)->43906K(44544K) NonClass: 38708K(39040K)->38708K(39040K) Class: 5197K(5504K)->5197K(5504K)
[2024-09-03T17:23:47.404+0530][gc          ] GC(21) Pause Young (Normal) (G1 Evacuation Pause) 356M->183M(1024M) 17.179ms
[2024-09-03T17:23:47.404+0530][gc,cpu      ] GC(21) User=0.09s Sys=0.02s Real=0.02s
[2024-09-03T17:24:53.998+0530][gc,start    ] GC(22) Pause Young (Normal) (G1 Evacuation Pause)
[2024-09-03T17:24:53.998+0530][gc,task     ] GC(22) Using 8 workers of 8 for evacuation
[2024-09-03T17:24:54.011+0530][gc,phases   ] GC(22)   Pre Evacuate Collection Set: 0.2ms
[2024-09-03T17:24:54.011+0530][gc,phases   ] GC(22)   Merge Heap Roots: 0.1ms
[2024-09-03T17:24:54.011+0530][gc,phases   ] GC(22)   Evacuate Collection Set: 12.3ms
[2024-09-03T17:24:54.011+0530][gc,phases   ] GC(22)   Post Evacuate Collection Set: 0.4ms
[2024-09-03T17:24:54.011+0530][gc,phases   ] GC(22)   Other: 0.3ms
[2024-09-03T17:24:54.011+0530][gc,heap     ] GC(22) Eden regions: 85->0(234)
[2024-09-03T17:24:54.011+0530][gc,heap     ] GC(22) Survivor regions: 14->4(13)
[2024-09-03T17:24:54.011+0530][gc,heap     ] GC(22) Old regions: 41->52
[2024-09-03T17:24:54.011+0530][gc,heap     ] GC(22) Archive regions: 2->2
[2024-09-03T17:24:54.011+0530][gc,heap     ] GC(22) Humongous regions: 129->129
[2024-09-03T17:24:54.011+0530][gc,metaspace] GC(22) Metaspace: 43918K(44544K)->43918K(44544K) NonClass: 38720K(39040K)->38720K(39040K) Class: 5197K(5504K)->5197K(5504K)
[2024-09-03T17:24:54.011+0530][gc          ] GC(22) Pause Young (Normal) (G1 Evacuation Pause) 268M->185M(1024M) 13.358ms
[2024-09-03T17:24:54.011+0530][gc,cpu      ] GC(22) User=0.08s Sys=0.02s Real=0.02s
[2024-09-03T17:28:54.606+0530][gc,start    ] GC(23) Pause Young (Normal) (G1 Evacuation Pause)
[2024-09-03T17:28:54.607+0530][gc,task     ] GC(23) Using 8 workers of 8 for evacuation
[2024-09-03T17:28:54.622+0530][gc,phases   ] GC(23)   Pre Evacuate Collection Set: 0.2ms
[2024-09-03T17:28:54.622+0530][gc,phases   ] GC(23)   Merge Heap Roots: 0.1ms
[2024-09-03T17:28:54.622+0530][gc,phases   ] GC(23)   Evacuate Collection Set: 13.6ms
[2024-09-03T17:28:54.622+0530][gc,phases   ] GC(23)   Post Evacuate Collection Set: 0.4ms
[2024-09-03T17:28:54.622+0530][gc,phases   ] GC(23)   Other: 2.1ms
[2024-09-03T17:28:54.622+0530][gc,heap     ] GC(23) Eden regions: 234->0(180)
[2024-09-03T17:28:54.622+0530][gc,heap     ] GC(23) Survivor regions: 4->11(30)
[2024-09-03T17:28:54.622+0530][gc,heap     ] GC(23) Old regions: 52->52
[2024-09-03T17:28:54.622+0530][gc,heap     ] GC(23) Archive regions: 2->2
[2024-09-03T17:28:54.622+0530][gc,heap     ] GC(23) Humongous regions: 129->129
[2024-09-03T17:28:54.622+0530][gc,metaspace] GC(23) Metaspace: 43956K(44544K)->43956K(44544K) NonClass: 38758K(39040K)->38758K(39040K) Class: 5197K(5504K)->5197K(5504K)
[2024-09-03T17:28:54.622+0530][gc          ] GC(23) Pause Young (Normal) (G1 Evacuation Pause) 419M->192M(1024M) 16.636ms
[2024-09-03T17:28:54.622+0530][gc,cpu      ] GC(23) User=0.07s Sys=0.03s Real=0.02s
[2024-09-03T17:31:46.163+0530][gc,start    ] GC(24) Pause Young (Normal) (G1 Evacuation Pause)
[2024-09-03T17:31:46.165+0530][gc,task     ] GC(24) Using 8 workers of 8 for evacuation
[2024-09-03T17:31:46.179+0530][gc,phases   ] GC(24)   Pre Evacuate Collection Set: 0.3ms
[2024-09-03T17:31:46.179+0530][gc,phases   ] GC(24)   Merge Heap Roots: 0.1ms
[2024-09-03T17:31:46.179+0530][gc,phases   ] GC(24)   Evacuate Collection Set: 12.6ms
[2024-09-03T17:31:46.179+0530][gc,phases   ] GC(24)   Post Evacuate Collection Set: 0.4ms
[2024-09-03T17:31:46.179+0530][gc,phases   ] GC(24)   Other: 2.3ms
[2024-09-03T17:31:46.179+0530][gc,heap     ] GC(24) Eden regions: 180->0(131)
[2024-09-03T17:31:46.179+0530][gc,heap     ] GC(24) Survivor regions: 11->15(24)
[2024-09-03T17:31:46.179+0530][gc,heap     ] GC(24) Old regions: 52->52
[2024-09-03T17:31:46.179+0530][gc,heap     ] GC(24) Archive regions: 2->2
[2024-09-03T17:31:46.179+0530][gc,heap     ] GC(24) Humongous regions: 129->129
[2024-09-03T17:31:46.179+0530][gc,metaspace] GC(24) Metaspace: 43977K(44544K)->43977K(44544K) NonClass: 38779K(39040K)->38779K(39040K) Class: 5197K(5504K)->5197K(5504K)
[2024-09-03T17:31:46.179+0530][gc          ] GC(24) Pause Young (Normal) (G1 Evacuation Pause) 372M->196M(1024M) 15.796ms
[2024-09-03T17:31:46.179+0530][gc,cpu      ] GC(24) User=0.09s Sys=0.01s Real=0.01s
[2024-09-03T17:35:11.493+0530][gc,start    ] GC(25) Pause Young (Normal) (G1 Evacuation Pause)
[2024-09-03T17:35:11.493+0530][gc,task     ] GC(25) Using 8 workers of 8 for evacuation
[2024-09-03T17:35:11.510+0530][gc,phases   ] GC(25)   Pre Evacuate Collection Set: 0.2ms
[2024-09-03T17:35:11.510+0530][gc,phases   ] GC(25)   Merge Heap Roots: 0.1ms
[2024-09-03T17:35:11.510+0530][gc,phases   ] GC(25)   Evacuate Collection Set: 16.3ms
[2024-09-03T17:35:11.510+0530][gc,phases   ] GC(25)   Post Evacuate Collection Set: 0.4ms
[2024-09-03T17:35:11.510+0530][gc,phases   ] GC(25)   Other: 0.2ms
[2024-09-03T17:35:11.510+0530][gc,heap     ] GC(25) Eden regions: 131->0(222)
[2024-09-03T17:35:11.510+0530][gc,heap     ] GC(25) Survivor regions: 15->10(19)
[2024-09-03T17:35:11.510+0530][gc,heap     ] GC(25) Old regions: 52->61
[2024-09-03T17:35:11.510+0530][gc,heap     ] GC(25) Archive regions: 2->2
[2024-09-03T17:35:11.510+0530][gc,heap     ] GC(25) Humongous regions: 129->129
[2024-09-03T17:35:11.510+0530][gc,metaspace] GC(25) Metaspace: 43981K(44544K)->43981K(44544K) NonClass: 38784K(39040K)->38784K(39040K) Class: 5197K(5504K)->5197K(5504K)
[2024-09-03T17:35:11.510+0530][gc          ] GC(25) Pause Young (Normal) (G1 Evacuation Pause) 327M->200M(1024M) 17.459ms
[2024-09-03T17:35:11.510+0530][gc,cpu      ] GC(25) User=0.10s Sys=0.01s Real=0.02s
[2024-09-03T17:39:45.362+0530][gc,start    ] GC(26) Pause Young (Normal) (G1 Evacuation Pause)
[2024-09-03T17:39:45.362+0530][gc,task     ] GC(26) Using 8 workers of 8 for evacuation
[2024-09-03T17:39:45.383+0530][gc,mmu      ] GC(26) MMU target violated: 21.0ms (20.0ms/21.0ms)
[2024-09-03T17:39:45.383+0530][gc,phases   ] GC(26)   Pre Evacuate Collection Set: 0.1ms
[2024-09-03T17:39:45.383+0530][gc,phases   ] GC(26)   Merge Heap Roots: 0.1ms
[2024-09-03T17:39:45.383+0530][gc,phases   ] GC(26)   Evacuate Collection Set: 20.3ms
[2024-09-03T17:39:45.383+0530][gc,phases   ] GC(26)   Post Evacuate Collection Set: 0.5ms
[2024-09-03T17:39:45.383+0530][gc,phases   ] GC(26)   Other: 0.5ms
[2024-09-03T17:39:45.383+0530][gc,heap     ] GC(26) Eden regions: 222->0(79)
[2024-09-03T17:39:45.383+0530][gc,heap     ] GC(26) Survivor regions: 10->17(29)
[2024-09-03T17:39:45.383+0530][gc,heap     ] GC(26) Old regions: 61->61
[2024-09-03T17:39:45.383+0530][gc,heap     ] GC(26) Archive regions: 2->2
[2024-09-03T17:39:45.383+0530][gc,heap     ] GC(26) Humongous regions: 129->129
[2024-09-03T17:39:45.383+0530][gc,metaspace] GC(26) Metaspace: 44019K(44608K)->44019K(44608K) NonClass: 38817K(39104K)->38817K(39104K) Class: 5201K(5504K)->5201K(5504K)
[2024-09-03T17:39:45.383+0530][gc          ] GC(26) Pause Young (Normal) (G1 Evacuation Pause) 422M->207M(1024M) 21.680ms
[2024-09-03T17:39:45.383+0530][gc,cpu      ] GC(26) User=0.08s Sys=0.04s Real=0.02s
[2024-09-03T17:41:44.899+0530][gc,start    ] GC(27) Pause Young (Normal) (G1 Evacuation Pause)
[2024-09-03T17:41:44.901+0530][gc,task     ] GC(27) Using 8 workers of 8 for evacuation
[2024-09-03T17:41:44.916+0530][gc,phases   ] GC(27)   Pre Evacuate Collection Set: 0.2ms
[2024-09-03T17:41:44.916+0530][gc,phases   ] GC(27)   Merge Heap Roots: 0.2ms
[2024-09-03T17:41:44.916+0530][gc,phases   ] GC(27)   Evacuate Collection Set: 14.4ms
[2024-09-03T17:41:44.916+0530][gc,phases   ] GC(27)   Post Evacuate Collection Set: 0.4ms
[2024-09-03T17:41:44.916+0530][gc,phases   ] GC(27)   Other: 2.3ms
[2024-09-03T17:41:44.916+0530][gc,heap     ] GC(27) Eden regions: 79->0(296)
[2024-09-03T17:41:44.916+0530][gc,heap     ] GC(27) Survivor regions: 17->5(12)
[2024-09-03T17:41:44.916+0530][gc,heap     ] GC(27) Old regions: 61->76
[2024-09-03T17:41:44.916+0530][gc,heap     ] GC(27) Archive regions: 2->2
[2024-09-03T17:41:44.916+0530][gc,heap     ] GC(27) Humongous regions: 129->129
[2024-09-03T17:41:44.916+0530][gc,metaspace] GC(27) Metaspace: 44034K(44608K)->44034K(44608K) NonClass: 38832K(39104K)->38832K(39104K) Class: 5201K(5504K)->5201K(5504K)
[2024-09-03T17:41:44.916+0530][gc          ] GC(27) Pause Young (Normal) (G1 Evacuation Pause) 286M->209M(1024M) 17.474ms
[2024-09-03T17:41:44.916+0530][gc,cpu      ] GC(27) User=0.09s Sys=0.02s Real=0.02s
[2024-09-03T17:47:23.980+0530][gc,start    ] GC(28) Pause Young (Normal) (G1 Evacuation Pause)
[2024-09-03T17:47:23.982+0530][gc,task     ] GC(28) Using 8 workers of 8 for evacuation
[2024-09-03T17:47:23.994+0530][gc,phases   ] GC(28)   Pre Evacuate Collection Set: 0.2ms
[2024-09-03T17:47:23.994+0530][gc,phases   ] GC(28)   Merge Heap Roots: 0.1ms
[2024-09-03T17:47:23.994+0530][gc,phases   ] GC(28)   Evacuate Collection Set: 10.9ms
[2024-09-03T17:47:23.994+0530][gc,phases   ] GC(28)   Post Evacuate Collection Set: 0.5ms
[2024-09-03T17:47:23.994+0530][gc,phases   ] GC(28)   Other: 2.0ms
[2024-09-03T17:47:23.994+0530][gc,heap     ] GC(28) Eden regions: 296->0(176)
[2024-09-03T17:47:23.994+0530][gc,heap     ] GC(28) Survivor regions: 5->13(38)
[2024-09-03T17:47:23.994+0530][gc,heap     ] GC(28) Old regions: 76->76
[2024-09-03T17:47:23.994+0530][gc,heap     ] GC(28) Archive regions: 2->2
[2024-09-03T17:47:23.994+0530][gc,heap     ] GC(28) Humongous regions: 129->129
[2024-09-03T17:47:23.994+0530][gc,metaspace] GC(28) Metaspace: 44063K(44672K)->44063K(44672K) NonClass: 38862K(39168K)->38862K(39168K) Class: 5201K(5504K)->5201K(5504K)
[2024-09-03T17:47:23.994+0530][gc          ] GC(28) Pause Young (Normal) (G1 Evacuation Pause) 505M->217M(1024M) 13.953ms
[2024-09-03T17:47:23.994+0530][gc,cpu      ] GC(28) User=0.07s Sys=0.01s Real=0.01s
[2024-09-03T17:51:41.657+0530][gc,start    ] GC(29) Pause Young (Normal) (G1 Evacuation Pause)
[2024-09-03T17:51:41.659+0530][gc,task     ] GC(29) Using 8 workers of 8 for evacuation
[2024-09-03T17:51:41.703+0530][gc,mmu      ] GC(29) MMU target violated: 21.0ms (20.0ms/21.0ms)
[2024-09-03T17:51:41.703+0530][gc,phases   ] GC(29)   Pre Evacuate Collection Set: 0.3ms
[2024-09-03T17:51:41.703+0530][gc,phases   ] GC(29)   Merge Heap Roots: 0.1ms
[2024-09-03T17:51:41.703+0530][gc,phases   ] GC(29)   Evacuate Collection Set: 43.4ms
[2024-09-03T17:51:41.703+0530][gc,phases   ] GC(29)   Post Evacuate Collection Set: 0.7ms
[2024-09-03T17:51:41.703+0530][gc,phases   ] GC(29)   Other: 2.3ms
[2024-09-03T17:51:41.704+0530][gc,heap     ] GC(29) Eden regions: 176->0(33)
[2024-09-03T17:51:41.704+0530][gc,heap     ] GC(29) Survivor regions: 13->18(24)
[2024-09-03T17:51:41.704+0530][gc,heap     ] GC(29) Old regions: 76->76
[2024-09-03T17:51:41.704+0530][gc,heap     ] GC(29) Archive regions: 2->2
[2024-09-03T17:51:41.704+0530][gc,heap     ] GC(29) Humongous regions: 129->129
[2024-09-03T17:51:41.704+0530][gc,metaspace] GC(29) Metaspace: 44086K(44672K)->44086K(44672K) NonClass: 38884K(39168K)->38884K(39168K) Class: 5201K(5504K)->5201K(5504K)
[2024-09-03T17:51:41.704+0530][gc          ] GC(29) Pause Young (Normal) (G1 Evacuation Pause) 393M->223M(1024M) 46.857ms
[2024-09-03T17:51:41.704+0530][gc,cpu      ] GC(29) User=0.09s Sys=0.16s Real=0.05s
[2024-09-03T17:52:06.898+0530][gc,start    ] GC(30) Pause Young (Normal) (G1 Evacuation Pause)
[2024-09-03T17:52:06.900+0530][gc,task     ] GC(30) Using 8 workers of 8 for evacuation
[2024-09-03T17:52:06.938+0530][gc,mmu      ] GC(30) MMU target violated: 21.0ms (20.0ms/21.0ms)
[2024-09-03T17:52:06.939+0530][gc,phases   ] GC(30)   Pre Evacuate Collection Set: 0.8ms
[2024-09-03T17:52:06.939+0530][gc,phases   ] GC(30)   Merge Heap Roots: 0.4ms
[2024-09-03T17:52:06.939+0530][gc,phases   ] GC(30)   Evacuate Collection Set: 34.7ms
[2024-09-03T17:52:06.939+0530][gc,phases   ] GC(30)   Post Evacuate Collection Set: 1.8ms
[2024-09-03T17:52:06.939+0530][gc,phases   ] GC(30)   Other: 3.8ms
[2024-09-03T17:52:06.939+0530][gc,heap     ] GC(30) Eden regions: 33->0(95)
[2024-09-03T17:52:06.939+0530][gc,heap     ] GC(30) Survivor regions: 18->5(7)
[2024-09-03T17:52:06.939+0530][gc,heap     ] GC(30) Old regions: 76->89
[2024-09-03T17:52:06.939+0530][gc,heap     ] GC(30) Archive regions: 2->2
[2024-09-03T17:52:06.939+0530][gc,heap     ] GC(30) Humongous regions: 129->129
[2024-09-03T17:52:06.939+0530][gc,metaspace] GC(30) Metaspace: 44086K(44672K)->44086K(44672K) NonClass: 38885K(39168K)->38885K(39168K) Class: 5201K(5504K)->5201K(5504K)
[2024-09-03T17:52:06.939+0530][gc          ] GC(30) Pause Young (Normal) (G1 Evacuation Pause) 256M->222M(1024M) 41.635ms
[2024-09-03T17:52:06.939+0530][gc,cpu      ] GC(30) User=0.14s Sys=0.03s Real=0.04s
[2024-09-03T17:53:58.815+0530][gc,start    ] GC(31) Pause Young (Normal) (G1 Evacuation Pause)
[2024-09-03T17:53:58.817+0530][gc,task     ] GC(31) Using 8 workers of 8 for evacuation
[2024-09-03T17:53:58.825+0530][gc,phases   ] GC(31)   Pre Evacuate Collection Set: 0.2ms
[2024-09-03T17:53:58.825+0530][gc,phases   ] GC(31)   Merge Heap Roots: 0.1ms
[2024-09-03T17:53:58.825+0530][gc,phases   ] GC(31)   Evacuate Collection Set: 7.5ms
[2024-09-03T17:53:58.825+0530][gc,phases   ] GC(31)   Post Evacuate Collection Set: 0.4ms
[2024-09-03T17:53:58.825+0530][gc,phases   ] GC(31)   Other: 2.2ms
[2024-09-03T17:53:58.825+0530][gc,heap     ] GC(31) Eden regions: 95->0(79)
[2024-09-03T17:53:58.825+0530][gc,heap     ] GC(31) Survivor regions: 5->8(13)
[2024-09-03T17:53:58.825+0530][gc,heap     ] GC(31) Old regions: 89->89
[2024-09-03T17:53:58.825+0530][gc,heap     ] GC(31) Archive regions: 2->2
[2024-09-03T17:53:58.825+0530][gc,heap     ] GC(31) Humongous regions: 129->129
[2024-09-03T17:53:58.825+0530][gc,metaspace] GC(31) Metaspace: 44123K(44672K)->44123K(44672K) NonClass: 38914K(39168K)->38914K(39168K) Class: 5208K(5504K)->5208K(5504K)
[2024-09-03T17:53:58.825+0530][gc          ] GC(31) Pause Young (Normal) (G1 Evacuation Pause) 317M->225M(1024M) 10.629ms
[2024-09-03T17:53:58.825+0530][gc,cpu      ] GC(31) User=0.05s Sys=0.00s Real=0.01s
[2024-09-03T17:55:50.099+0530][gc,start    ] GC(32) Pause Young (Normal) (G1 Evacuation Pause)
[2024-09-03T17:55:50.101+0530][gc,task     ] GC(32) Using 8 workers of 8 for evacuation
[2024-09-03T17:55:50.110+0530][gc,phases   ] GC(32)   Pre Evacuate Collection Set: 0.2ms
[2024-09-03T17:55:50.110+0530][gc,phases   ] GC(32)   Merge Heap Roots: 0.2ms
[2024-09-03T17:55:50.110+0530][gc,phases   ] GC(32)   Evacuate Collection Set: 7.8ms
[2024-09-03T17:55:50.110+0530][gc,phases   ] GC(32)   Post Evacuate Collection Set: 0.4ms
[2024-09-03T17:55:50.110+0530][gc,phases   ] GC(32)   Other: 2.2ms
[2024-09-03T17:55:50.110+0530][gc,heap     ] GC(32) Eden regions: 79->0(188)
[2024-09-03T17:55:50.110+0530][gc,heap     ] GC(32) Survivor regions: 8->4(11)
[2024-09-03T17:55:50.110+0530][gc,heap     ] GC(32) Old regions: 89->92
[2024-09-03T17:55:50.110+0530][gc,heap     ] GC(32) Archive regions: 2->2
[2024-09-03T17:55:50.110+0530][gc,heap     ] GC(32) Humongous regions: 129->129
[2024-09-03T17:55:50.110+0530][gc,metaspace] GC(32) Metaspace: 44124K(44672K)->44124K(44672K) NonClass: 38916K(39168K)->38916K(39168K) Class: 5208K(5504K)->5208K(5504K)
[2024-09-03T17:55:50.110+0530][gc          ] GC(32) Pause Young (Normal) (G1 Evacuation Pause) 304M->225M(1024M) 10.964ms
[2024-09-03T17:55:50.110+0530][gc,cpu      ] GC(32) User=0.06s Sys=0.01s Real=0.02s
[2024-09-03T18:00:43.712+0530][gc,start    ] GC(33) Pause Young (Normal) (G1 Evacuation Pause)
[2024-09-03T18:00:43.714+0530][gc,task     ] GC(33) Using 8 workers of 8 for evacuation
[2024-09-03T18:00:43.738+0530][gc,mmu      ] GC(33) MMU target violated: 21.0ms (20.0ms/21.0ms)
[2024-09-03T18:00:43.739+0530][gc,phases   ] GC(33)   Pre Evacuate Collection Set: 0.2ms
[2024-09-03T18:00:43.739+0530][gc,phases   ] GC(33)   Merge Heap Roots: 0.2ms
[2024-09-03T18:00:43.739+0530][gc,phases   ] GC(33)   Evacuate Collection Set: 23.8ms
[2024-09-03T18:00:43.739+0530][gc,phases   ] GC(33)   Post Evacuate Collection Set: 0.5ms
[2024-09-03T18:00:43.739+0530][gc,phases   ] GC(33)   Other: 2.4ms
[2024-09-03T18:00:43.739+0530][gc,heap     ] GC(33) Eden regions: 188->0(42)
[2024-09-03T18:00:43.739+0530][gc,heap     ] GC(33) Survivor regions: 4->9(24)
[2024-09-03T18:00:43.739+0530][gc,heap     ] GC(33) Old regions: 92->92
[2024-09-03T18:00:43.739+0530][gc,heap     ] GC(33) Archive regions: 2->2
[2024-09-03T18:00:43.739+0530][gc,heap     ] GC(33) Humongous regions: 129->129
[2024-09-03T18:00:43.739+0530][gc,metaspace] GC(33) Metaspace: 44178K(44800K)->44178K(44800K) NonClass: 38963K(39296K)->38963K(39296K) Class: 5215K(5504K)->5215K(5504K)
[2024-09-03T18:00:43.739+0530][gc          ] GC(33) Pause Young (Normal) (G1 Evacuation Pause) 413M->230M(1024M) 27.176ms
[2024-09-03T18:00:43.739+0530][gc,cpu      ] GC(33) User=0.06s Sys=0.08s Real=0.02s
[2024-09-03T18:01:45.692+0530][gc,start    ] GC(34) Pause Young (Normal) (G1 Evacuation Pause)
[2024-09-03T18:01:45.694+0530][gc,task     ] GC(34) Using 8 workers of 8 for evacuation
[2024-09-03T18:01:45.706+0530][gc,phases   ] GC(34)   Pre Evacuate Collection Set: 0.2ms
[2024-09-03T18:01:45.706+0530][gc,phases   ] GC(34)   Merge Heap Roots: 0.1ms
[2024-09-03T18:01:45.706+0530][gc,phases   ] GC(34)   Evacuate Collection Set: 11.9ms
[2024-09-03T18:01:45.707+0530][gc,phases   ] GC(34)   Post Evacuate Collection Set: 0.4ms
[2024-09-03T18:01:45.707+0530][gc,phases   ] GC(34)   Other: 2.2ms
[2024-09-03T18:01:45.707+0530][gc,heap     ] GC(34) Eden regions: 42->0(193)
[2024-09-03T18:01:45.707+0530][gc,heap     ] GC(34) Survivor regions: 9->2(7)
[2024-09-03T18:01:45.707+0530][gc,heap     ] GC(34) Old regions: 92->100
[2024-09-03T18:01:45.707+0530][gc,heap     ] GC(34) Archive regions: 2->2
[2024-09-03T18:01:45.707+0530][gc,heap     ] GC(34) Humongous regions: 129->129
[2024-09-03T18:01:45.707+0530][gc,metaspace] GC(34) Metaspace: 44187K(44800K)->44187K(44800K) NonClass: 38972K(39296K)->38972K(39296K) Class: 5215K(5504K)->5215K(5504K)
[2024-09-03T18:01:45.707+0530][gc          ] GC(34) Pause Young (Normal) (G1 Evacuation Pause) 272M->231M(1024M) 15.092ms
[2024-09-03T18:01:45.707+0530][gc,cpu      ] GC(34) User=0.06s Sys=0.01s Real=0.01s
[2024-09-03T18:06:26.951+0530][gc,start    ] GC(35) Pause Young (Normal) (G1 Evacuation Pause)
[2024-09-03T18:06:26.952+0530][gc,task     ] GC(35) Using 8 workers of 8 for evacuation
[2024-09-03T18:06:26.963+0530][gc,phases   ] GC(35)   Pre Evacuate Collection Set: 0.2ms
[2024-09-03T18:06:26.963+0530][gc,phases   ] GC(35)   Merge Heap Roots: 0.1ms
[2024-09-03T18:06:26.963+0530][gc,phases   ] GC(35)   Evacuate Collection Set: 11.0ms
[2024-09-03T18:06:26.963+0530][gc,phases   ] GC(35)   Post Evacuate Collection Set: 0.4ms
[2024-09-03T18:06:26.963+0530][gc,phases   ] GC(35)   Other: 0.6ms
[2024-09-03T18:06:26.963+0530][gc,heap     ] GC(35) Eden regions: 193->0(80)
[2024-09-03T18:06:26.964+0530][gc,heap     ] GC(35) Survivor regions: 2->9(25)
[2024-09-03T18:06:26.964+0530][gc,heap     ] GC(35) Old regions: 100->100
[2024-09-03T18:06:26.964+0530][gc,heap     ] GC(35) Archive regions: 2->2
[2024-09-03T18:06:26.964+0530][gc,heap     ] GC(35) Humongous regions: 129->129
[2024-09-03T18:06:26.964+0530][gc,metaspace] GC(35) Metaspace: 44195K(44800K)->44195K(44800K) NonClass: 38980K(39296K)->38980K(39296K) Class: 5215K(5504K)->5215K(5504K)
[2024-09-03T18:06:26.964+0530][gc          ] GC(35) Pause Young (Normal) (G1 Evacuation Pause) 424M->237M(1024M) 12.491ms
[2024-09-03T18:06:26.964+0530][gc,cpu      ] GC(35) User=0.06s Sys=0.02s Real=0.01s
[2024-09-03T18:07:42.056+0530][gc,start    ] GC(36) Pause Young (Normal) (G1 Evacuation Pause)
[2024-09-03T18:07:42.058+0530][gc,task     ] GC(36) Using 8 workers of 8 for evacuation
[2024-09-03T18:07:42.069+0530][gc,phases   ] GC(36)   Pre Evacuate Collection Set: 0.1ms
[2024-09-03T18:07:42.069+0530][gc,phases   ] GC(36)   Merge Heap Roots: 0.1ms
[2024-09-03T18:07:42.069+0530][gc,phases   ] GC(36)   Evacuate Collection Set: 10.6ms
[2024-09-03T18:07:42.069+0530][gc,phases   ] GC(36)   Post Evacuate Collection Set: 0.3ms
[2024-09-03T18:07:42.069+0530][gc,phases   ] GC(36)   Other: 2.2ms
[2024-09-03T18:07:42.069+0530][gc,heap     ] GC(36) Eden regions: 80->0(163)
[2024-09-03T18:07:42.070+0530][gc,heap     ] GC(36) Survivor regions: 9->6(12)
[2024-09-03T18:07:42.070+0530][gc,heap     ] GC(36) Old regions: 100->106
[2024-09-03T18:07:42.070+0530][gc,heap     ] GC(36) Archive regions: 2->2
[2024-09-03T18:07:42.070+0530][gc,heap     ] GC(36) Humongous regions: 129->129
[2024-09-03T18:07:42.070+0530][gc,metaspace] GC(36) Metaspace: 44197K(44800K)->44197K(44800K) NonClass: 38982K(39296K)->38982K(39296K) Class: 5215K(5504K)->5215K(5504K)
[2024-09-03T18:07:42.070+0530][gc          ] GC(36) Pause Young (Normal) (G1 Evacuation Pause) 317M->241M(1024M) 13.539ms
[2024-09-03T18:07:42.070+0530][gc,cpu      ] GC(36) User=0.07s Sys=0.00s Real=0.02s
[2024-09-03T18:11:28.482+0530][gc,start    ] GC(37) Pause Young (Normal) (G1 Evacuation Pause)
[2024-09-03T18:11:28.484+0530][gc,task     ] GC(37) Using 8 workers of 8 for evacuation
[2024-09-03T18:11:28.494+0530][gc,phases   ] GC(37)   Pre Evacuate Collection Set: 0.2ms
[2024-09-03T18:11:28.494+0530][gc,phases   ] GC(37)   Merge Heap Roots: 0.1ms
[2024-09-03T18:11:28.494+0530][gc,phases   ] GC(37)   Evacuate Collection Set: 9.2ms
[2024-09-03T18:11:28.494+0530][gc,phases   ] GC(37)   Post Evacuate Collection Set: 0.4ms
[2024-09-03T18:11:28.494+0530][gc,phases   ] GC(37)   Other: 2.2ms
[2024-09-03T18:11:28.494+0530][gc,heap     ] GC(37) Eden regions: 163->0(123)
[2024-09-03T18:11:28.494+0530][gc,heap     ] GC(37) Survivor regions: 6->10(22)
[2024-09-03T18:11:28.494+0530][gc,heap     ] GC(37) Old regions: 106->106
[2024-09-03T18:11:28.494+0530][gc,heap     ] GC(37) Archive regions: 2->2
[2024-09-03T18:11:28.494+0530][gc,heap     ] GC(37) Humongous regions: 129->129
[2024-09-03T18:11:28.494+0530][gc,metaspace] GC(37) Metaspace: 44215K(44800K)->44215K(44800K) NonClass: 38997K(39296K)->38997K(39296K) Class: 5217K(5504K)->5217K(5504K)
[2024-09-03T18:11:28.494+0530][gc          ] GC(37) Pause Young (Normal) (G1 Evacuation Pause) 404M->245M(1024M) 12.210ms
[2024-09-03T18:11:28.494+0530][gc,cpu      ] GC(37) User=0.07s Sys=0.00s Real=0.01s
[2024-09-03T18:18:46.053+0530][gc,start    ] GC(38) Pause Young (Normal) (G1 Evacuation Pause)
[2024-09-03T18:18:46.056+0530][gc,task     ] GC(38) Using 8 workers of 8 for evacuation
[2024-09-03T18:18:46.068+0530][gc,phases   ] GC(38)   Pre Evacuate Collection Set: 0.2ms
[2024-09-03T18:18:46.068+0530][gc,phases   ] GC(38)   Merge Heap Roots: 0.1ms
[2024-09-03T18:18:46.068+0530][gc,phases   ] GC(38)   Evacuate Collection Set: 11.4ms
[2024-09-03T18:18:46.068+0530][gc,phases   ] GC(38)   Post Evacuate Collection Set: 0.4ms
[2024-09-03T18:18:46.068+0530][gc,phases   ] GC(38)   Other: 2.3ms
[2024-09-03T18:18:46.068+0530][gc,heap     ] GC(38) Eden regions: 123->0(130)
[2024-09-03T18:18:46.068+0530][gc,heap     ] GC(38) Survivor regions: 10->11(17)
[2024-09-03T18:18:46.068+0530][gc,heap     ] GC(38) Old regions: 106->109
[2024-09-03T18:18:46.068+0530][gc,heap     ] GC(38) Archive regions: 2->2
[2024-09-03T18:18:46.068+0530][gc,heap     ] GC(38) Humongous regions: 129->129
[2024-09-03T18:18:46.068+0530][gc,metaspace] GC(38) Metaspace: 44244K(44864K)->44244K(44864K) NonClass: 39027K(39360K)->39027K(39360K) Class: 5217K(5504K)->5217K(5504K)
[2024-09-03T18:18:46.068+0530][gc          ] GC(38) Pause Young (Normal) (G1 Evacuation Pause) 368M->248M(1024M) 14.594ms
[2024-09-03T18:18:46.068+0530][gc,cpu      ] GC(38) User=0.08s Sys=0.01s Real=0.01s
[2024-09-03T18:32:21.472+0530][gc,start    ] GC(39) Pause Young (Normal) (G1 Evacuation Pause)
[2024-09-03T18:32:21.472+0530][gc,task     ] GC(39) Using 8 workers of 8 for evacuation
[2024-09-03T18:32:21.490+0530][gc,phases   ] GC(39)   Pre Evacuate Collection Set: 1.9ms
[2024-09-03T18:32:21.490+0530][gc,phases   ] GC(39)   Merge Heap Roots: 0.6ms
[2024-09-03T18:32:21.490+0530][gc,phases   ] GC(39)   Evacuate Collection Set: 14.3ms
[2024-09-03T18:32:21.490+0530][gc,phases   ] GC(39)   Post Evacuate Collection Set: 0.6ms
[2024-09-03T18:32:21.490+0530][gc,phases   ] GC(39)   Other: 0.7ms
[2024-09-03T18:32:21.490+0530][gc,heap     ] GC(39) Eden regions: 129->0(173)
[2024-09-03T18:32:21.490+0530][gc,heap     ] GC(39) Survivor regions: 11->9(18)
[2024-09-03T18:32:21.490+0530][gc,heap     ] GC(39) Old regions: 109->114
[2024-09-03T18:32:21.490+0530][gc,heap     ] GC(39) Archive regions: 2->2
[2024-09-03T18:32:21.490+0530][gc,heap     ] GC(39) Humongous regions: 129->129
[2024-09-03T18:32:21.490+0530][gc,metaspace] GC(39) Metaspace: 44257K(44864K)->44257K(44864K) NonClass: 39039K(39360K)->39039K(39360K) Class: 5217K(5504K)->5217K(5504K)
[2024-09-03T18:32:21.490+0530][gc          ] GC(39) Pause Young (Normal) (G1 Evacuation Pause) 377M->251M(1024M) 18.176ms
[2024-09-03T18:32:21.490+0530][gc,cpu      ] GC(39) User=0.08s Sys=0.03s Real=0.02s
[2024-09-03T18:43:15.935+0530][gc,start    ] GC(40) Pause Young (Normal) (G1 Evacuation Pause)
[2024-09-03T18:43:15.937+0530][gc,task     ] GC(40) Using 8 workers of 8 for evacuation
[2024-09-03T18:43:15.970+0530][gc,mmu      ] GC(40) MMU target violated: 21.0ms (20.0ms/21.0ms)
[2024-09-03T18:43:15.970+0530][gc,phases   ] GC(40)   Pre Evacuate Collection Set: 0.2ms
[2024-09-03T18:43:15.970+0530][gc,phases   ] GC(40)   Merge Heap Roots: 0.1ms
[2024-09-03T18:43:15.970+0530][gc,phases   ] GC(40)   Evacuate Collection Set: 32.0ms
[2024-09-03T18:43:15.970+0530][gc,phases   ] GC(40)   Post Evacuate Collection Set: 0.4ms
[2024-09-03T18:43:15.970+0530][gc,phases   ] GC(40)   Other: 2.5ms
[2024-09-03T18:43:15.970+0530][gc,heap     ] GC(40) Eden regions: 173->0(40)
[2024-09-03T18:43:15.970+0530][gc,heap     ] GC(40) Survivor regions: 9->11(23)
[2024-09-03T18:43:15.970+0530][gc,heap     ] GC(40) Old regions: 114->114
[2024-09-03T18:43:15.970+0530][gc,heap     ] GC(40) Archive regions: 2->2
[2024-09-03T18:43:15.970+0530][gc,heap     ] GC(40) Humongous regions: 129->129
[2024-09-03T18:43:15.970+0530][gc,metaspace] GC(40) Metaspace: 44275K(44864K)->44275K(44864K) NonClass: 39057K(39360K)->39057K(39360K) Class: 5217K(5504K)->5217K(5504K)
[2024-09-03T18:43:15.970+0530][gc          ] GC(40) Pause Young (Normal) (G1 Evacuation Pause) 424M->253M(1024M) 35.389ms
[2024-09-03T18:43:15.970+0530][gc,cpu      ] GC(40) User=0.06s Sys=0.11s Real=0.04s
[2024-09-03T18:45:53.764+0530][gc,start    ] GC(41) Pause Young (Normal) (G1 Evacuation Pause)
[2024-09-03T18:45:53.766+0530][gc,task     ] GC(41) Using 8 workers of 8 for evacuation
[2024-09-03T18:45:53.780+0530][gc,phases   ] GC(41)   Pre Evacuate Collection Set: 0.2ms
[2024-09-03T18:45:53.780+0530][gc,phases   ] GC(41)   Merge Heap Roots: 0.2ms
[2024-09-03T18:45:53.780+0530][gc,phases   ] GC(41)   Evacuate Collection Set: 12.8ms
[2024-09-03T18:45:53.780+0530][gc,phases   ] GC(41)   Post Evacuate Collection Set: 0.3ms
[2024-09-03T18:45:53.780+0530][gc,phases   ] GC(41)   Other: 2.4ms
[2024-09-03T18:45:53.780+0530][gc,heap     ] GC(41) Eden regions: 40->0(69)
[2024-09-03T18:45:53.780+0530][gc,heap     ] GC(41) Survivor regions: 11->6(7)
[2024-09-03T18:45:53.780+0530][gc,heap     ] GC(41) Old regions: 114->124
[2024-09-03T18:45:53.780+0530][gc,heap     ] GC(41) Archive regions: 2->2
[2024-09-03T18:45:53.780+0530][gc,heap     ] GC(41) Humongous regions: 129->129
[2024-09-03T18:45:53.780+0530][gc,metaspace] GC(41) Metaspace: 44291K(44864K)->44291K(44864K) NonClass: 39071K(39360K)->39071K(39360K) Class: 5219K(5504K)->5219K(5504K)
[2024-09-03T18:45:53.780+0530][gc          ] GC(41) Pause Young (Normal) (G1 Evacuation Pause) 293M->258M(1024M) 16.061ms
[2024-09-03T18:45:53.780+0530][gc,cpu      ] GC(41) User=0.09s Sys=0.01s Real=0.02s
[2024-09-03T18:52:20.891+0530][gc,start    ] GC(42) Pause Young (Normal) (G1 Evacuation Pause)
[2024-09-03T18:52:20.893+0530][gc,task     ] GC(42) Using 8 workers of 8 for evacuation
[2024-09-03T18:52:20.903+0530][gc,phases   ] GC(42)   Pre Evacuate Collection Set: 0.1ms
[2024-09-03T18:52:20.903+0530][gc,phases   ] GC(42)   Merge Heap Roots: 0.1ms
[2024-09-03T18:52:20.903+0530][gc,phases   ] GC(42)   Evacuate Collection Set: 8.9ms
[2024-09-03T18:52:20.903+0530][gc,phases   ] GC(42)   Post Evacuate Collection Set: 0.3ms
[2024-09-03T18:52:20.903+0530][gc,phases   ] GC(42)   Other: 2.0ms
[2024-09-03T18:52:20.903+0530][gc,heap     ] GC(42) Eden regions: 69->0(112)
[2024-09-03T18:52:20.903+0530][gc,heap     ] GC(42) Survivor regions: 6->6(10)
[2024-09-03T18:52:20.903+0530][gc,heap     ] GC(42) Old regions: 124->124
[2024-09-03T18:52:20.903+0530][gc,heap     ] GC(42) Archive regions: 2->2
[2024-09-03T18:52:20.903+0530][gc,heap     ] GC(42) Humongous regions: 129->129
[2024-09-03T18:52:20.903+0530][gc,metaspace] GC(42) Metaspace: 44297K(44928K)->44297K(44928K) NonClass: 39077K(39424K)->39077K(39424K) Class: 5219K(5504K)->5219K(5504K)
[2024-09-03T18:52:20.903+0530][gc          ] GC(42) Pause Young (Normal) (G1 Evacuation Pause) 327M->259M(1024M) 11.614ms
[2024-09-03T18:52:20.903+0530][gc,cpu      ] GC(42) User=0.03s Sys=0.02s Real=0.01s
[2024-09-03T18:59:25.864+0530][gc,start    ] GC(43) Pause Young (Normal) (G1 Evacuation Pause)
[2024-09-03T18:59:25.866+0530][gc,task     ] GC(43) Using 8 workers of 8 for evacuation
[2024-09-03T18:59:25.872+0530][gc,phases   ] GC(43)   Pre Evacuate Collection Set: 0.2ms
[2024-09-03T18:59:25.872+0530][gc,phases   ] GC(43)   Merge Heap Roots: 0.1ms
[2024-09-03T18:59:25.872+0530][gc,phases   ] GC(43)   Evacuate Collection Set: 4.5ms
[2024-09-03T18:59:25.872+0530][gc,phases   ] GC(43)   Post Evacuate Collection Set: 0.6ms
[2024-09-03T18:59:25.872+0530][gc,phases   ] GC(43)   Other: 2.0ms
[2024-09-03T18:59:25.872+0530][gc,heap     ] GC(43) Eden regions: 112->0(191)
[2024-09-03T18:59:25.872+0530][gc,heap     ] GC(43) Survivor regions: 6->5(15)
[2024-09-03T18:59:25.872+0530][gc,heap     ] GC(43) Old regions: 124->124
[2024-09-03T18:59:25.872+0530][gc,heap     ] GC(43) Archive regions: 2->2
[2024-09-03T18:59:25.872+0530][gc,heap     ] GC(43) Humongous regions: 129->129
[2024-09-03T18:59:25.872+0530][gc,metaspace] GC(43) Metaspace: 44325K(44928K)->44325K(44928K) NonClass: 39105K(39424K)->39105K(39424K) Class: 5219K(5504K)->5219K(5504K)
[2024-09-03T18:59:25.872+0530][gc          ] GC(43) Pause Young (Normal) (G1 Evacuation Pause) 371M->257M(1024M) 7.593ms
[2024-09-03T18:59:25.872+0530][gc,cpu      ] GC(43) User=0.03s Sys=0.00s Real=0.01s
[2024-09-03T19:11:35.094+0530][gc,start    ] GC(44) Pause Young (Normal) (G1 Evacuation Pause)
[2024-09-03T19:11:35.097+0530][gc,task     ] GC(44) Using 8 workers of 8 for evacuation
[2024-09-03T19:11:35.111+0530][gc,phases   ] GC(44)   Pre Evacuate Collection Set: 1.3ms
[2024-09-03T19:11:35.111+0530][gc,phases   ] GC(44)   Merge Heap Roots: 0.5ms
[2024-09-03T19:11:35.111+0530][gc,phases   ] GC(44)   Evacuate Collection Set: 12.0ms
[2024-09-03T19:11:35.111+0530][gc,phases   ] GC(44)   Post Evacuate Collection Set: 0.7ms
[2024-09-03T19:11:35.111+0530][gc,phases   ] GC(44)   Other: 2.4ms
[2024-09-03T19:11:35.111+0530][gc,heap     ] GC(44) Eden regions: 191->0(149)
[2024-09-03T19:11:35.111+0530][gc,heap     ] GC(44) Survivor regions: 5->4(25)
[2024-09-03T19:11:35.111+0530][gc,heap     ] GC(44) Old regions: 124->124
[2024-09-03T19:11:35.111+0530][gc,heap     ] GC(44) Archive regions: 2->2
[2024-09-03T19:11:35.111+0530][gc,heap     ] GC(44) Humongous regions: 129->129
[2024-09-03T19:11:35.111+0530][gc,metaspace] GC(44) Metaspace: 44331K(44928K)->44331K(44928K) NonClass: 39111K(39424K)->39111K(39424K) Class: 5219K(5504K)->5219K(5504K)
[2024-09-03T19:11:35.111+0530][gc          ] GC(44) Pause Young (Normal) (G1 Evacuation Pause) 448M->257M(1024M) 16.979ms
[2024-09-03T19:11:35.112+0530][gc,cpu      ] GC(44) User=0.03s Sys=0.04s Real=0.02s
[2024-09-03T19:20:58.057+0530][gc,start    ] GC(45) Pause Young (Normal) (G1 Evacuation Pause)
[2024-09-03T19:20:58.057+0530][gc,task     ] GC(45) Using 8 workers of 8 for evacuation
[2024-09-03T19:20:58.062+0530][gc,phases   ] GC(45)   Pre Evacuate Collection Set: 0.2ms
[2024-09-03T19:20:58.062+0530][gc,phases   ] GC(45)   Merge Heap Roots: 0.1ms
[2024-09-03T19:20:58.062+0530][gc,phases   ] GC(45)   Evacuate Collection Set: 4.4ms
[2024-09-03T19:20:58.062+0530][gc,phases   ] GC(45)   Post Evacuate Collection Set: 0.4ms
[2024-09-03T19:20:58.062+0530][gc,phases   ] GC(45)   Other: 0.2ms
[2024-09-03T19:20:58.062+0530][gc,heap     ] GC(45) Eden regions: 149->0(188)
[2024-09-03T19:20:58.062+0530][gc,heap     ] GC(45) Survivor regions: 4->6(20)
[2024-09-03T19:20:58.062+0530][gc,heap     ] GC(45) Old regions: 124->124
[2024-09-03T19:20:58.062+0530][gc,heap     ] GC(45) Archive regions: 2->2
[2024-09-03T19:20:58.062+0530][gc,heap     ] GC(45) Humongous regions: 129->129
[2024-09-03T19:20:58.062+0530][gc,metaspace] GC(45) Metaspace: 44353K(44928K)->44353K(44928K) NonClass: 39133K(39424K)->39133K(39424K) Class: 5219K(5504K)->5219K(5504K)
[2024-09-03T19:20:58.062+0530][gc          ] GC(45) Pause Young (Normal) (G1 Evacuation Pause) 406M->258M(1024M) 5.503ms
[2024-09-03T19:20:58.062+0530][gc,cpu      ] GC(45) User=0.03s Sys=0.00s Real=0.01s
[2024-09-03T19:32:54.250+0530][gc,start    ] GC(46) Pause Young (Normal) (G1 Evacuation Pause)
[2024-09-03T19:32:54.252+0530][gc,task     ] GC(46) Using 8 workers of 8 for evacuation
[2024-09-03T19:32:54.265+0530][gc,phases   ] GC(46)   Pre Evacuate Collection Set: 0.3ms
[2024-09-03T19:32:54.265+0530][gc,phases   ] GC(46)   Merge Heap Roots: 0.3ms
[2024-09-03T19:32:54.265+0530][gc,phases   ] GC(46)   Evacuate Collection Set: 11.4ms
[2024-09-03T19:32:54.265+0530][gc,phases   ] GC(46)   Post Evacuate Collection Set: 0.7ms
[2024-09-03T19:32:54.265+0530][gc,phases   ] GC(46)   Other: 2.2ms
[2024-09-03T19:32:54.265+0530][gc,heap     ] GC(46) Eden regions: 188->0(249)
[2024-09-03T19:32:54.265+0530][gc,heap     ] GC(46) Survivor regions: 6->5(25)
[2024-09-03T19:32:54.265+0530][gc,heap     ] GC(46) Old regions: 124->124
[2024-09-03T19:32:54.265+0530][gc,heap     ] GC(46) Archive regions: 2->2
[2024-09-03T19:32:54.265+0530][gc,heap     ] GC(46) Humongous regions: 129->129
[2024-09-03T19:32:54.265+0530][gc,metaspace] GC(46) Metaspace: 44390K(44992K)->44390K(44992K) NonClass: 39170K(39488K)->39170K(39488K) Class: 5219K(5504K)->5219K(5504K)
[2024-09-03T19:32:54.265+0530][gc          ] GC(46) Pause Young (Normal) (G1 Evacuation Pause) 446M->257M(1024M) 15.014ms
[2024-09-03T19:32:54.265+0530][gc,cpu      ] GC(46) User=0.04s Sys=0.04s Real=0.01s
[2024-09-03T19:48:25.880+0530][gc,start    ] GC(47) Pause Young (Normal) (G1 Evacuation Pause)
[2024-09-03T19:48:25.880+0530][gc,task     ] GC(47) Using 8 workers of 8 for evacuation
[2024-09-03T19:48:25.892+0530][gc,phases   ] GC(47)   Pre Evacuate Collection Set: 1.1ms
[2024-09-03T19:48:25.892+0530][gc,phases   ] GC(47)   Merge Heap Roots: 0.1ms
[2024-09-03T19:48:25.892+0530][gc,phases   ] GC(47)   Evacuate Collection Set: 9.6ms
[2024-09-03T19:48:25.892+0530][gc,phases   ] GC(47)   Post Evacuate Collection Set: 0.5ms
[2024-09-03T19:48:25.892+0530][gc,phases   ] GC(47)   Other: 0.4ms
[2024-09-03T19:48:25.892+0530][gc,heap     ] GC(47) Eden regions: 249->0(221)
[2024-09-03T19:48:25.892+0530][gc,heap     ] GC(47) Survivor regions: 5->4(32)
[2024-09-03T19:48:25.892+0530][gc,heap     ] GC(47) Old regions: 124->124
[2024-09-03T19:48:25.892+0530][gc,heap     ] GC(47) Archive regions: 2->2
[2024-09-03T19:48:25.892+0530][gc,heap     ] GC(47) Humongous regions: 129->129
[2024-09-03T19:48:25.892+0530][gc,metaspace] GC(47) Metaspace: 44415K(44992K)->44415K(44992K) NonClass: 39195K(39488K)->39195K(39488K) Class: 5219K(5504K)->5219K(5504K)
[2024-09-03T19:48:25.892+0530][gc          ] GC(47) Pause Young (Normal) (G1 Evacuation Pause) 506M->256M(1024M) 11.915ms
[2024-09-03T19:48:25.892+0530][gc,cpu      ] GC(47) User=0.02s Sys=0.03s Real=0.01s
[2024-09-03T21:10:10.734+0530][gc,start    ] GC(48) Pause Young (Normal) (G1 Evacuation Pause)
[2024-09-03T21:10:10.736+0530][gc,task     ] GC(48) Using 8 workers of 8 for evacuation
[2024-09-03T21:10:10.742+0530][gc,phases   ] GC(48)   Pre Evacuate Collection Set: 0.3ms
[2024-09-03T21:10:10.742+0530][gc,phases   ] GC(48)   Merge Heap Roots: 0.2ms
[2024-09-03T21:10:10.742+0530][gc,phases   ] GC(48)   Evacuate Collection Set: 4.9ms
[2024-09-03T21:10:10.742+0530][gc,phases   ] GC(48)   Post Evacuate Collection Set: 0.5ms
[2024-09-03T21:10:10.742+0530][gc,phases   ] GC(48)   Other: 2.3ms
[2024-09-03T21:10:10.742+0530][gc,heap     ] GC(48) Eden regions: 221->0(304)
[2024-09-03T21:10:10.743+0530][gc,heap     ] GC(48) Survivor regions: 4->5(29)
[2024-09-03T21:10:10.743+0530][gc,heap     ] GC(48) Old regions: 124->124
[2024-09-03T21:10:10.743+0530][gc,heap     ] GC(48) Archive regions: 2->2
[2024-09-03T21:10:10.743+0530][gc,heap     ] GC(48) Humongous regions: 129->129
[2024-09-03T21:10:10.743+0530][gc,metaspace] GC(48) Metaspace: 44435K(44992K)->44435K(44992K) NonClass: 39215K(39488K)->39215K(39488K) Class: 5219K(5504K)->5219K(5504K)
[2024-09-03T21:10:10.743+0530][gc          ] GC(48) Pause Young (Normal) (G1 Evacuation Pause) 477M->257M(1024M) 8.283ms
[2024-09-03T21:10:10.743+0530][gc,cpu      ] GC(48) User=0.03s Sys=0.01s Real=0.01s
[2024-09-03T21:29:30.780+0530][gc,start    ] GC(49) Pause Young (Normal) (G1 Evacuation Pause)
[2024-09-03T21:29:30.782+0530][gc,task     ] GC(49) Using 8 workers of 8 for evacuation
[2024-09-03T21:29:30.802+0530][gc,phases   ] GC(49)   Pre Evacuate Collection Set: 1.3ms
[2024-09-03T21:29:30.802+0530][gc,phases   ] GC(49)   Merge Heap Roots: 0.4ms
[2024-09-03T21:29:30.802+0530][gc,phases   ] GC(49)   Evacuate Collection Set: 16.7ms
[2024-09-03T21:29:30.802+0530][gc,phases   ] GC(49)   Post Evacuate Collection Set: 1.1ms
[2024-09-03T21:29:30.802+0530][gc,phases   ] GC(49)   Other: 2.5ms
[2024-09-03T21:29:30.802+0530][gc,heap     ] GC(49) Eden regions: 304->0(59)
[2024-09-03T21:29:30.802+0530][gc,heap     ] GC(49) Survivor regions: 5->8(39)
[2024-09-03T21:29:30.802+0530][gc,heap     ] GC(49) Old regions: 124->124
[2024-09-03T21:29:30.802+0530][gc,heap     ] GC(49) Archive regions: 2->2
[2024-09-03T21:29:30.802+0530][gc,heap     ] GC(49) Humongous regions: 129->129
[2024-09-03T21:29:30.802+0530][gc,metaspace] GC(49) Metaspace: 44472K(45056K)->44472K(45056K) NonClass: 39252K(39552K)->39252K(39552K) Class: 5219K(5504K)->5219K(5504K)
[2024-09-03T21:29:30.802+0530][gc          ] GC(49) Pause Young (Normal) (G1 Evacuation Pause) 561M->260M(1024M) 21.981ms
[2024-09-03T21:29:30.802+0530][gc,cpu      ] GC(49) User=0.04s Sys=0.05s Real=0.02s
[2024-09-03T21:33:11.186+0530][gc,start    ] GC(50) Pause Young (Normal) (G1 Evacuation Pause)
[2024-09-03T21:33:11.188+0530][gc,task     ] GC(50) Using 8 workers of 8 for evacuation
[2024-09-03T21:33:11.198+0530][gc,phases   ] GC(50)   Pre Evacuate Collection Set: 0.3ms
[2024-09-03T21:33:11.198+0530][gc,phases   ] GC(50)   Merge Heap Roots: 0.1ms
[2024-09-03T21:33:11.198+0530][gc,phases   ] GC(50)   Evacuate Collection Set: 8.2ms
[2024-09-03T21:33:11.198+0530][gc,phases   ] GC(50)   Post Evacuate Collection Set: 0.3ms
[2024-09-03T21:33:11.198+0530][gc,phases   ] GC(50)   Other: 2.4ms
[2024-09-03T21:33:11.198+0530][gc,heap     ] GC(50) Eden regions: 59->0(282)
[2024-09-03T21:33:11.198+0530][gc,heap     ] GC(50) Survivor regions: 8->5(9)
[2024-09-03T21:33:11.198+0530][gc,heap     ] GC(50) Old regions: 124->126
[2024-09-03T21:33:11.198+0530][gc,heap     ] GC(50) Archive regions: 2->2
[2024-09-03T21:33:11.198+0530][gc,heap     ] GC(50) Humongous regions: 129->129
[2024-09-03T21:33:11.198+0530][gc,metaspace] GC(50) Metaspace: 44484K(45056K)->44484K(45056K) NonClass: 39264K(39552K)->39264K(39552K) Class: 5219K(5504K)->5219K(5504K)
[2024-09-03T21:33:11.198+0530][gc          ] GC(50) Pause Young (Normal) (G1 Evacuation Pause) 319M->260M(1024M) 11.535ms
[2024-09-03T21:33:11.198+0530][gc,cpu      ] GC(50) User=0.04s Sys=0.01s Real=0.01s
[2024-09-03T21:50:58.695+0530][gc,start    ] GC(51) Pause Young (Normal) (G1 Evacuation Pause)
[2024-09-03T21:50:58.697+0530][gc,task     ] GC(51) Using 8 workers of 8 for evacuation
[2024-09-03T21:50:58.704+0530][gc,phases   ] GC(51)   Pre Evacuate Collection Set: 0.2ms
[2024-09-03T21:50:58.704+0530][gc,phases   ] GC(51)   Merge Heap Roots: 0.1ms
[2024-09-03T21:50:58.704+0530][gc,phases   ] GC(51)   Evacuate Collection Set: 5.9ms
[2024-09-03T21:50:58.704+0530][gc,phases   ] GC(51)   Post Evacuate Collection Set: 0.7ms
[2024-09-03T21:50:58.704+0530][gc,phases   ] GC(51)   Other: 2.0ms
[2024-09-03T21:50:58.704+0530][gc,heap     ] GC(51) Eden regions: 282->0(225)
[2024-09-03T21:50:58.704+0530][gc,heap     ] GC(51) Survivor regions: 5->8(36)
[2024-09-03T21:50:58.704+0530][gc,heap     ] GC(51) Old regions: 126->126
[2024-09-03T21:50:58.704+0530][gc,heap     ] GC(51) Archive regions: 2->2
[2024-09-03T21:50:58.704+0530][gc,heap     ] GC(51) Humongous regions: 129->129
[2024-09-03T21:50:58.704+0530][gc,metaspace] GC(51) Metaspace: 44493K(45056K)->44493K(45056K) NonClass: 39273K(39552K)->39273K(39552K) Class: 5219K(5504K)->5219K(5504K)
[2024-09-03T21:50:58.704+0530][gc          ] GC(51) Pause Young (Normal) (G1 Evacuation Pause) 542M->262M(1024M) 8.936ms
[2024-09-03T21:50:58.704+0530][gc,cpu      ] GC(51) User=0.04s Sys=0.01s Real=0.01s
[2024-09-03T22:05:05.404+0530][gc,start    ] GC(52) Pause Young (Normal) (G1 Evacuation Pause)
[2024-09-03T22:05:05.407+0530][gc,task     ] GC(52) Using 8 workers of 8 for evacuation
[2024-09-03T22:05:05.417+0530][gc,phases   ] GC(52)   Pre Evacuate Collection Set: 0.3ms
[2024-09-03T22:05:05.417+0530][gc,phases   ] GC(52)   Merge Heap Roots: 0.1ms
[2024-09-03T22:05:05.417+0530][gc,phases   ] GC(52)   Evacuate Collection Set: 9.7ms
[2024-09-03T22:05:05.417+0530][gc,phases   ] GC(52)   Post Evacuate Collection Set: 0.4ms
[2024-09-03T22:05:05.417+0530][gc,phases   ] GC(52)   Other: 2.5ms
[2024-09-03T22:05:05.417+0530][gc,heap     ] GC(52) Eden regions: 225->0(54)
[2024-09-03T22:05:05.417+0530][gc,heap     ] GC(52) Survivor regions: 8->13(30)
[2024-09-03T22:05:05.417+0530][gc,heap     ] GC(52) Old regions: 126->126
[2024-09-03T22:05:05.417+0530][gc,heap     ] GC(52) Archive regions: 2->2
[2024-09-03T22:05:05.417+0530][gc,heap     ] GC(52) Humongous regions: 129->129
[2024-09-03T22:05:05.417+0530][gc,metaspace] GC(52) Metaspace: 44513K(45056K)->44513K(45056K) NonClass: 39293K(39552K)->39293K(39552K) Class: 5219K(5504K)->5219K(5504K)
[2024-09-03T22:05:05.418+0530][gc          ] GC(52) Pause Young (Normal) (G1 Evacuation Pause) 487M->267M(1024M) 13.033ms
[2024-09-03T22:05:05.418+0530][gc,cpu      ] GC(52) User=0.07s Sys=0.01s Real=0.01s
[2024-09-03T22:08:27.431+0530][gc,start    ] GC(53) Pause Young (Normal) (G1 Evacuation Pause)
[2024-09-03T22:08:27.433+0530][gc,task     ] GC(53) Using 8 workers of 8 for evacuation
[2024-09-03T22:08:27.447+0530][gc,phases   ] GC(53)   Pre Evacuate Collection Set: 0.2ms
[2024-09-03T22:08:27.447+0530][gc,phases   ] GC(53)   Merge Heap Roots: 0.1ms
[2024-09-03T22:08:27.447+0530][gc,phases   ] GC(53)   Evacuate Collection Set: 13.4ms
[2024-09-03T22:08:27.447+0530][gc,phases   ] GC(53)   Post Evacuate Collection Set: 0.3ms
[2024-09-03T22:08:27.447+0530][gc,phases   ] GC(53)   Other: 2.1ms
[2024-09-03T22:08:27.447+0530][gc,heap     ] GC(53) Eden regions: 54->0(344)
[2024-09-03T22:08:27.447+0530][gc,heap     ] GC(53) Survivor regions: 13->4(9)
[2024-09-03T22:08:27.447+0530][gc,heap     ] GC(53) Old regions: 126->135
[2024-09-03T22:08:27.447+0530][gc,heap     ] GC(53) Archive regions: 2->2
[2024-09-03T22:08:27.447+0530][gc,heap     ] GC(53) Humongous regions: 129->129
[2024-09-03T22:08:27.447+0530][gc,metaspace] GC(53) Metaspace: 44515K(45056K)->44515K(45056K) NonClass: 39296K(39552K)->39296K(39552K) Class: 5219K(5504K)->5219K(5504K)
[2024-09-03T22:08:27.447+0530][gc          ] GC(53) Pause Young (Normal) (G1 Evacuation Pause) 321M->268M(1024M) 16.221ms
[2024-09-03T22:08:27.447+0530][gc,cpu      ] GC(53) User=0.07s Sys=0.02s Real=0.01s
[2024-09-03T22:30:23.643+0530][gc,start    ] GC(54) Pause Young (Normal) (G1 Evacuation Pause)
[2024-09-03T22:30:23.645+0530][gc,task     ] GC(54) Using 8 workers of 8 for evacuation
[2024-09-03T22:30:23.663+0530][gc,phases   ] GC(54)   Pre Evacuate Collection Set: 1.5ms
[2024-09-03T22:30:23.664+0530][gc,phases   ] GC(54)   Merge Heap Roots: 0.3ms
[2024-09-03T22:30:23.664+0530][gc,phases   ] GC(54)   Evacuate Collection Set: 14.1ms
[2024-09-03T22:30:23.664+0530][gc,phases   ] GC(54)   Post Evacuate Collection Set: 2.2ms
[2024-09-03T22:30:23.664+0530][gc,phases   ] GC(54)   Other: 2.4ms
[2024-09-03T22:30:23.664+0530][gc,heap     ] GC(54) Eden regions: 344->0(151)
[2024-09-03T22:30:23.664+0530][gc,heap     ] GC(54) Survivor regions: 4->11(44)
[2024-09-03T22:30:23.664+0530][gc,heap     ] GC(54) Old regions: 135->135
[2024-09-03T22:30:23.664+0530][gc,heap     ] GC(54) Archive regions: 2->2
[2024-09-03T22:30:23.664+0530][gc,heap     ] GC(54) Humongous regions: 129->129
[2024-09-03T22:30:23.664+0530][gc,metaspace] GC(54) Metaspace: 44548K(45184K)->44548K(45184K) NonClass: 39328K(39680K)->39328K(39680K) Class: 5219K(5504K)->5219K(5504K)
[2024-09-03T22:30:23.664+0530][gc          ] GC(54) Pause Young (Normal) (G1 Evacuation Pause) 612M->275M(1024M) 20.829ms
[2024-09-03T22:30:23.664+0530][gc,cpu      ] GC(54) User=0.06s Sys=0.04s Real=0.02s
[2024-09-03T22:39:56.127+0530][gc,start    ] GC(55) Pause Young (Normal) (G1 Evacuation Pause)
[2024-09-03T22:39:56.129+0530][gc,task     ] GC(55) Using 8 workers of 8 for evacuation
[2024-09-03T22:39:56.142+0530][gc,phases   ] GC(55)   Pre Evacuate Collection Set: 0.2ms
[2024-09-03T22:39:56.143+0530][gc,phases   ] GC(55)   Merge Heap Roots: 0.1ms
[2024-09-03T22:39:56.143+0530][gc,phases   ] GC(55)   Evacuate Collection Set: 12.3ms
[2024-09-03T22:39:56.143+0530][gc,phases   ] GC(55)   Post Evacuate Collection Set: 0.4ms
[2024-09-03T22:39:56.143+0530][gc,phases   ] GC(55)   Other: 2.2ms
[2024-09-03T22:39:56.143+0530][gc,heap     ] GC(55) Eden regions: 151->0(50)
[2024-09-03T22:39:56.143+0530][gc,heap     ] GC(55) Survivor regions: 11->15(21)
[2024-09-03T22:39:56.143+0530][gc,heap     ] GC(55) Old regions: 135->136
[2024-09-03T22:39:56.143+0530][gc,heap     ] GC(55) Archive regions: 2->2
[2024-09-03T22:39:56.143+0530][gc,heap     ] GC(55) Humongous regions: 129->129
[2024-09-03T22:39:56.143+0530][gc,metaspace] GC(55) Metaspace: 44554K(45184K)->44554K(45184K) NonClass: 39334K(39680K)->39334K(39680K) Class: 5219K(5504K)->5219K(5504K)
[2024-09-03T22:39:56.143+0530][gc          ] GC(55) Pause Young (Normal) (G1 Evacuation Pause) 426M->280M(1024M) 15.359ms
[2024-09-03T22:39:56.143+0530][gc,cpu      ] GC(55) User=0.08s Sys=0.00s Real=0.02s
[2024-09-03T22:42:59.966+0530][gc,start    ] GC(56) Pause Young (Normal) (G1 Evacuation Pause)
[2024-09-03T22:42:59.968+0530][gc,task     ] GC(56) Using 8 workers of 8 for evacuation
[2024-09-03T22:42:59.982+0530][gc,phases   ] GC(56)   Pre Evacuate Collection Set: 0.1ms
[2024-09-03T22:42:59.982+0530][gc,phases   ] GC(56)   Merge Heap Roots: 0.1ms
[2024-09-03T22:42:59.982+0530][gc,phases   ] GC(56)   Evacuate Collection Set: 12.7ms
[2024-09-03T22:42:59.982+0530][gc,phases   ] GC(56)   Post Evacuate Collection Set: 0.4ms
[2024-09-03T22:42:59.982+0530][gc,phases   ] GC(56)   Other: 2.1ms
[2024-09-03T22:42:59.982+0530][gc,heap     ] GC(56) Eden regions: 49->0(361)
[2024-09-03T22:42:59.982+0530][gc,heap     ] GC(56) Survivor regions: 15->5(8)
[2024-09-03T22:42:59.982+0530][gc,heap     ] GC(56) Old regions: 136->147
[2024-09-03T22:42:59.982+0530][gc,heap     ] GC(56) Archive regions: 2->2
[2024-09-03T22:42:59.982+0530][gc,heap     ] GC(56) Humongous regions: 129->129
[2024-09-03T22:42:59.982+0530][gc,metaspace] GC(56) Metaspace: 44554K(45184K)->44554K(45184K) NonClass: 39334K(39680K)->39334K(39680K) Class: 5219K(5504K)->5219K(5504K)
[2024-09-03T22:42:59.982+0530][gc          ] GC(56) Pause Young (Normal) (G1 Evacuation Pause) 329M->281M(1024M) 15.682ms
[2024-09-03T22:42:59.982+0530][gc,cpu      ] GC(56) User=0.07s Sys=0.02s Real=0.02s
[2024-09-03T23:05:36.270+0530][gc,start    ] GC(57) Pause Young (Normal) (G1 Evacuation Pause)
[2024-09-03T23:05:36.272+0530][gc,task     ] GC(57) Using 8 workers of 8 for evacuation
[2024-09-03T23:05:36.288+0530][gc,phases   ] GC(57)   Pre Evacuate Collection Set: 0.3ms
[2024-09-03T23:05:36.288+0530][gc,phases   ] GC(57)   Merge Heap Roots: 0.2ms
[2024-09-03T23:05:36.288+0530][gc,phases   ] GC(57)   Evacuate Collection Set: 14.4ms
[2024-09-03T23:05:36.288+0530][gc,phases   ] GC(57)   Post Evacuate Collection Set: 0.7ms
[2024-09-03T23:05:36.288+0530][gc,phases   ] GC(57)   Other: 2.3ms
[2024-09-03T23:05:36.288+0530][gc,heap     ] GC(57) Eden regions: 361->0(202)
[2024-09-03T23:05:36.288+0530][gc,heap     ] GC(57) Survivor regions: 5->12(46)
[2024-09-03T23:05:36.288+0530][gc,heap     ] GC(57) Old regions: 147->147
[2024-09-03T23:05:36.288+0530][gc,heap     ] GC(57) Archive regions: 2->2
[2024-09-03T23:05:36.288+0530][gc,heap     ] GC(57) Humongous regions: 129->129
[2024-09-03T23:05:36.288+0530][gc,metaspace] GC(57) Metaspace: 44594K(45184K)->44594K(45184K) NonClass: 39374K(39680K)->39374K(39680K) Class: 5219K(5504K)->5219K(5504K)
[2024-09-03T23:05:36.288+0530][gc          ] GC(57) Pause Young (Normal) (G1 Evacuation Pause) 642M->288M(1024M) 17.949ms
[2024-09-03T23:05:36.288+0530][gc,cpu      ] GC(57) User=0.08s Sys=0.03s Real=0.01s
[2024-09-03T23:18:21.472+0530][gc,start    ] GC(58) Pause Young (Normal) (G1 Evacuation Pause)
[2024-09-03T23:18:21.474+0530][gc,task     ] GC(58) Using 8 workers of 8 for evacuation
[2024-09-03T23:18:21.490+0530][gc,phases   ] GC(58)   Pre Evacuate Collection Set: 0.2ms
[2024-09-03T23:18:21.490+0530][gc,phases   ] GC(58)   Merge Heap Roots: 0.1ms
[2024-09-03T23:18:21.490+0530][gc,phases   ] GC(58)   Evacuate Collection Set: 15.2ms
[2024-09-03T23:18:21.490+0530][gc,phases   ] GC(58)   Post Evacuate Collection Set: 0.5ms
[2024-09-03T23:18:21.490+0530][gc,phases   ] GC(58)   Other: 2.1ms
[2024-09-03T23:18:21.490+0530][gc,heap     ] GC(58) Eden regions: 202->0(156)
[2024-09-03T23:18:21.490+0530][gc,heap     ] GC(58) Survivor regions: 12->13(27)
[2024-09-03T23:18:21.490+0530][gc,heap     ] GC(58) Old regions: 147->147
[2024-09-03T23:18:21.490+0530][gc,heap     ] GC(58) Archive regions: 2->2
[2024-09-03T23:18:21.490+0530][gc,heap     ] GC(58) Humongous regions: 129->129
[2024-09-03T23:18:21.490+0530][gc,metaspace] GC(58) Metaspace: 44596K(45184K)->44596K(45184K) NonClass: 39377K(39680K)->39377K(39680K) Class: 5219K(5504K)->5219K(5504K)
[2024-09-03T23:18:21.490+0530][gc          ] GC(58) Pause Young (Normal) (G1 Evacuation Pause) 490M->289M(1024M) 18.210ms
[2024-09-03T23:18:21.490+0530][gc,cpu      ] GC(58) User=0.06s Sys=0.04s Real=0.02s
[2024-09-03T23:28:11.224+0530][gc,start    ] GC(59) Pause Young (Normal) (G1 Evacuation Pause)
[2024-09-03T23:28:11.226+0530][gc,task     ] GC(59) Using 8 workers of 8 for evacuation
[2024-09-03T23:28:11.234+0530][gc,phases   ] GC(59)   Pre Evacuate Collection Set: 0.2ms
[2024-09-03T23:28:11.235+0530][gc,phases   ] GC(59)   Merge Heap Roots: 0.1ms
[2024-09-03T23:28:11.235+0530][gc,phases   ] GC(59)   Evacuate Collection Set: 7.4ms
[2024-09-03T23:28:11.235+0530][gc,phases   ] GC(59)   Post Evacuate Collection Set: 0.4ms
[2024-09-03T23:28:11.235+0530][gc,phases   ] GC(59)   Other: 2.2ms
[2024-09-03T23:28:11.235+0530][gc,heap     ] GC(59) Eden regions: 156->0(374)
[2024-09-03T23:28:11.235+0530][gc,heap     ] GC(59) Survivor regions: 13->9(22)
[2024-09-03T23:28:11.235+0530][gc,heap     ] GC(59) Old regions: 147->148
[2024-09-03T23:28:11.235+0530][gc,heap     ] GC(59) Archive regions: 2->2
[2024-09-03T23:28:11.235+0530][gc,heap     ] GC(59) Humongous regions: 129->129
[2024-09-03T23:28:11.235+0530][gc,metaspace] GC(59) Metaspace: 44598K(45184K)->44598K(45184K) NonClass: 39378K(39680K)->39378K(39680K) Class: 5219K(5504K)->5219K(5504K)
[2024-09-03T23:28:11.235+0530][gc          ] GC(59) Pause Young (Normal) (G1 Evacuation Pause) 445M->286M(1024M) 10.473ms
[2024-09-03T23:28:11.235+0530][gc,cpu      ] GC(59) User=0.06s Sys=0.00s Real=0.01s
[2024-09-03T23:51:46.250+0530][gc,start    ] GC(60) Pause Young (Normal) (G1 Evacuation Pause)
[2024-09-03T23:51:46.252+0530][gc,task     ] GC(60) Using 8 workers of 8 for evacuation
[2024-09-03T23:51:46.264+0530][gc,phases   ] GC(60)   Pre Evacuate Collection Set: 0.2ms
[2024-09-03T23:51:46.264+0530][gc,phases   ] GC(60)   Merge Heap Roots: 0.2ms
[2024-09-03T23:51:46.264+0530][gc,phases   ] GC(60)   Evacuate Collection Set: 10.7ms
[2024-09-03T23:51:46.264+0530][gc,phases   ] GC(60)   Post Evacuate Collection Set: 0.4ms
[2024-09-03T23:51:46.264+0530][gc,phases   ] GC(60)   Other: 2.3ms
[2024-09-03T23:51:46.264+0530][gc,heap     ] GC(60) Eden regions: 373->0(603)
[2024-09-03T23:51:46.264+0530][gc,heap     ] GC(60) Survivor regions: 9->11(48)
[2024-09-03T23:51:46.264+0530][gc,heap     ] GC(60) Old regions: 148->148
[2024-09-03T23:51:46.264+0530][gc,heap     ] GC(60) Archive regions: 2->2
[2024-09-03T23:51:46.264+0530][gc,heap     ] GC(60) Humongous regions: 129->129
[2024-09-03T23:51:46.264+0530][gc,metaspace] GC(60) Metaspace: 44614K(45248K)->44614K(45248K) NonClass: 39394K(39744K)->39394K(39744K) Class: 5219K(5504K)->5219K(5504K)
[2024-09-03T23:51:46.264+0530][gc          ] GC(60) Pause Young (Normal) (G1 Evacuation Pause) 659M->288M(1024M) 13.980ms
[2024-09-03T23:51:46.264+0530][gc,cpu      ] GC(60) User=0.07s Sys=0.01s Real=0.01s
[2024-09-04T10:06:07.658+0530][gc,start    ] GC(61) Pause Young (Normal) (G1 Evacuation Pause)
[2024-09-04T10:06:07.660+0530][gc,task     ] GC(61) Using 8 workers of 8 for evacuation
[2024-09-04T10:06:07.702+0530][gc,mmu      ] GC(61) MMU target violated: 21.0ms (20.0ms/21.0ms)
[2024-09-04T10:06:07.703+0530][gc,phases   ] GC(61)   Pre Evacuate Collection Set: 3.1ms
[2024-09-04T10:06:07.703+0530][gc,phases   ] GC(61)   Merge Heap Roots: 1.4ms
[2024-09-04T10:06:07.703+0530][gc,phases   ] GC(61)   Evacuate Collection Set: 35.2ms
[2024-09-04T10:06:07.703+0530][gc,phases   ] GC(61)   Post Evacuate Collection Set: 2.1ms
[2024-09-04T10:06:07.703+0530][gc,phases   ] GC(61)   Other: 3.0ms
[2024-09-04T10:06:07.703+0530][gc,heap     ] GC(61) Eden regions: 603->0(40)
[2024-09-04T10:06:07.703+0530][gc,heap     ] GC(61) Survivor regions: 11->11(77)
[2024-09-04T10:06:07.703+0530][gc,heap     ] GC(61) Old regions: 148->148
[2024-09-04T10:06:07.703+0530][gc,heap     ] GC(61) Archive regions: 2->2
[2024-09-04T10:06:07.703+0530][gc,heap     ] GC(61) Humongous regions: 129->129
[2024-09-04T10:06:07.703+0530][gc,metaspace] GC(61) Metaspace: 44727K(45312K)->44727K(45312K) NonClass: 39502K(39808K)->39502K(39808K) Class: 5225K(5504K)->5225K(5504K)
[2024-09-04T10:06:07.703+0530][gc          ] GC(61) Pause Young (Normal) (G1 Evacuation Pause) 891M->288M(1024M) 44.724ms
[2024-09-04T10:06:07.703+0530][gc,cpu      ] GC(61) User=0.07s Sys=0.16s Real=0.05s
[2024-09-04T10:08:03.292+0530][gc,start    ] GC(62) Pause Young (Normal) (G1 Evacuation Pause)
[2024-09-04T10:08:03.294+0530][gc,task     ] GC(62) Using 8 workers of 8 for evacuation
[2024-09-04T10:08:03.305+0530][gc,phases   ] GC(62)   Pre Evacuate Collection Set: 0.2ms
[2024-09-04T10:08:03.306+0530][gc,phases   ] GC(62)   Merge Heap Roots: 0.2ms
[2024-09-04T10:08:03.306+0530][gc,phases   ] GC(62)   Evacuate Collection Set: 10.6ms
[2024-09-04T10:08:03.306+0530][gc,phases   ] GC(62)   Post Evacuate Collection Set: 0.4ms
[2024-09-04T10:08:03.306+0530][gc,phases   ] GC(62)   Other: 2.2ms
[2024-09-04T10:08:03.306+0530][gc,heap     ] GC(62) Eden regions: 40->0(391)
[2024-09-04T10:08:03.306+0530][gc,heap     ] GC(62) Survivor regions: 11->3(7)
[2024-09-04T10:08:03.306+0530][gc,heap     ] GC(62) Old regions: 148->155
[2024-09-04T10:08:03.306+0530][gc,heap     ] GC(62) Archive regions: 2->2
[2024-09-04T10:08:03.306+0530][gc,heap     ] GC(62) Humongous regions: 129->129
[2024-09-04T10:08:03.306+0530][gc,metaspace] GC(62) Metaspace: 44727K(45312K)->44727K(45312K) NonClass: 39502K(39808K)->39502K(39808K) Class: 5225K(5504K)->5225K(5504K)
[2024-09-04T10:08:03.306+0530][gc          ] GC(62) Pause Young (Normal) (G1 Evacuation Pause) 328M->286M(1024M) 13.796ms
[2024-09-04T10:08:03.306+0530][gc,cpu      ] GC(62) User=0.06s Sys=0.02s Real=0.01s
[2024-09-04T10:27:17.888+0530][gc,start    ] GC(63) Pause Young (Normal) (G1 Evacuation Pause)
[2024-09-04T10:27:17.890+0530][gc,task     ] GC(63) Using 8 workers of 8 for evacuation
[2024-09-04T10:27:17.934+0530][gc,mmu      ] GC(63) MMU target violated: 21.0ms (20.0ms/21.0ms)
[2024-09-04T10:27:17.934+0530][gc,phases   ] GC(63)   Pre Evacuate Collection Set: 1.5ms
[2024-09-04T10:27:17.934+0530][gc,phases   ] GC(63)   Merge Heap Roots: 0.6ms
[2024-09-04T10:27:17.934+0530][gc,phases   ] GC(63)   Evacuate Collection Set: 38.6ms
[2024-09-04T10:27:17.934+0530][gc,phases   ] GC(63)   Post Evacuate Collection Set: 2.0ms
[2024-09-04T10:27:17.934+0530][gc,phases   ] GC(63)   Other: 3.7ms
[2024-09-04T10:27:17.934+0530][gc,heap     ] GC(63) Eden regions: 391->0(40)
[2024-09-04T10:27:17.934+0530][gc,heap     ] GC(63) Survivor regions: 3->11(50)
[2024-09-04T10:27:17.934+0530][gc,heap     ] GC(63) Old regions: 155->155
[2024-09-04T10:27:17.934+0530][gc,heap     ] GC(63) Archive regions: 2->2
[2024-09-04T10:27:17.934+0530][gc,heap     ] GC(63) Humongous regions: 129->129
[2024-09-04T10:27:17.934+0530][gc,metaspace] GC(63) Metaspace: 44734K(45312K)->44734K(45312K) NonClass: 39509K(39808K)->39509K(39808K) Class: 5225K(5504K)->5225K(5504K)
[2024-09-04T10:27:17.935+0530][gc          ] GC(63) Pause Young (Normal) (G1 Evacuation Pause) 677M->295M(1024M) 46.343ms
[2024-09-04T10:27:17.935+0530][gc,cpu      ] GC(63) User=0.07s Sys=0.17s Real=0.05s
[2024-09-04T10:29:13.458+0530][gc,start    ] GC(64) Pause Young (Normal) (G1 Evacuation Pause)
[2024-09-04T10:29:13.460+0530][gc,task     ] GC(64) Using 8 workers of 8 for evacuation
[2024-09-04T10:29:13.471+0530][gc,phases   ] GC(64)   Pre Evacuate Collection Set: 0.2ms
[2024-09-04T10:29:13.471+0530][gc,phases   ] GC(64)   Merge Heap Roots: 0.1ms
[2024-09-04T10:29:13.471+0530][gc,phases   ] GC(64)   Evacuate Collection Set: 10.0ms
[2024-09-04T10:29:13.471+0530][gc,phases   ] GC(64)   Post Evacuate Collection Set: 0.5ms
[2024-09-04T10:29:13.471+0530][gc,phases   ] GC(64)   Other: 2.2ms
[2024-09-04T10:29:13.471+0530][gc,heap     ] GC(64) Eden regions: 40->0(161)
[2024-09-04T10:29:13.471+0530][gc,heap     ] GC(64) Survivor regions: 11->3(7)
[2024-09-04T10:29:13.471+0530][gc,heap     ] GC(64) Old regions: 155->162
[2024-09-04T10:29:13.471+0530][gc,heap     ] GC(64) Archive regions: 2->2
[2024-09-04T10:29:13.471+0530][gc,heap     ] GC(64) Humongous regions: 129->129
[2024-09-04T10:29:13.471+0530][gc,metaspace] GC(64) Metaspace: 44734K(45312K)->44734K(45312K) NonClass: 39509K(39808K)->39509K(39808K) Class: 5225K(5504K)->5225K(5504K)
[2024-09-04T10:29:13.471+0530][gc          ] GC(64) Pause Young (Normal) (G1 Evacuation Pause) 335M->294M(1024M) 13.151ms
[2024-09-04T10:29:13.471+0530][gc,cpu      ] GC(64) User=0.05s Sys=0.02s Real=0.02s
[2024-09-04T10:37:00.265+0530][gc,start    ] GC(65) Pause Young (Normal) (G1 Evacuation Pause)
[2024-09-04T10:37:00.267+0530][gc,task     ] GC(65) Using 8 workers of 8 for evacuation
[2024-09-04T10:37:00.283+0530][gc,phases   ] GC(65)   Pre Evacuate Collection Set: 0.6ms
[2024-09-04T10:37:00.283+0530][gc,phases   ] GC(65)   Merge Heap Roots: 0.1ms
[2024-09-04T10:37:00.283+0530][gc,phases   ] GC(65)   Evacuate Collection Set: 14.3ms
[2024-09-04T10:37:00.283+0530][gc,phases   ] GC(65)   Post Evacuate Collection Set: 0.5ms
[2024-09-04T10:37:00.283+0530][gc,phases   ] GC(65)   Other: 2.3ms
[2024-09-04T10:37:00.283+0530][gc,heap     ] GC(65) Eden regions: 161->0(92)
[2024-09-04T10:37:00.283+0530][gc,heap     ] GC(65) Survivor regions: 3->5(21)
[2024-09-04T10:37:00.283+0530][gc,heap     ] GC(65) Old regions: 162->162
[2024-09-04T10:37:00.283+0530][gc,heap     ] GC(65) Archive regions: 2->2
[2024-09-04T10:37:00.283+0530][gc,heap     ] GC(65) Humongous regions: 129->129
[2024-09-04T10:37:00.283+0530][gc,metaspace] GC(65) Metaspace: 44742K(45312K)->44742K(45312K) NonClass: 39517K(39808K)->39517K(39808K) Class: 5225K(5504K)->5225K(5504K)
[2024-09-04T10:37:00.283+0530][gc          ] GC(65) Pause Young (Normal) (G1 Evacuation Pause) 455M->296M(1024M) 18.022ms
[2024-09-04T10:37:00.283+0530][gc,cpu      ] GC(65) User=0.04s Sys=0.05s Real=0.02s
[2024-09-04T10:41:27.298+0530][gc,start    ] GC(66) Pause Young (Normal) (G1 Evacuation Pause)
[2024-09-04T10:41:27.298+0530][gc,task     ] GC(66) Using 8 workers of 8 for evacuation
[2024-09-04T10:41:27.310+0530][gc,phases   ] GC(66)   Pre Evacuate Collection Set: 0.5ms
[2024-09-04T10:41:27.310+0530][gc,phases   ] GC(66)   Merge Heap Roots: 0.1ms
[2024-09-04T10:41:27.310+0530][gc,phases   ] GC(66)   Evacuate Collection Set: 9.2ms
[2024-09-04T10:41:27.310+0530][gc,phases   ] GC(66)   Post Evacuate Collection Set: 0.4ms
[2024-09-04T10:41:27.310+0530][gc,phases   ] GC(66)   Other: 1.6ms
[2024-09-04T10:41:27.310+0530][gc,heap     ] GC(66) Eden regions: 92->0(123)
[2024-09-04T10:41:27.310+0530][gc,heap     ] GC(66) Survivor regions: 5->6(13)
[2024-09-04T10:41:27.310+0530][gc,heap     ] GC(66) Old regions: 162->162
[2024-09-04T10:41:27.310+0530][gc,heap     ] GC(66) Archive regions: 2->2
[2024-09-04T10:41:27.310+0530][gc,heap     ] GC(66) Humongous regions: 129->129
[2024-09-04T10:41:27.310+0530][gc,metaspace] GC(66) Metaspace: 44743K(45312K)->44743K(45312K) NonClass: 39518K(39808K)->39518K(39808K) Class: 5225K(5504K)->5225K(5504K)
[2024-09-04T10:41:27.310+0530][gc          ] GC(66) Pause Young (Normal) (G1 Evacuation Pause) 388M->297M(1024M) 12.623ms
[2024-09-04T10:41:27.310+0530][gc,cpu      ] GC(66) User=0.04s Sys=0.02s Real=0.02s
[2024-09-04T10:47:26.597+0530][gc,start    ] GC(67) Pause Young (Normal) (G1 Evacuation Pause)
[2024-09-04T10:47:26.599+0530][gc,task     ] GC(67) Using 8 workers of 8 for evacuation
[2024-09-04T10:47:26.635+0530][gc,mmu      ] GC(67) MMU target violated: 21.0ms (20.0ms/21.0ms)
[2024-09-04T10:47:26.635+0530][gc,phases   ] GC(67)   Pre Evacuate Collection Set: 3.7ms
[2024-09-04T10:47:26.635+0530][gc,phases   ] GC(67)   Merge Heap Roots: 0.6ms
[2024-09-04T10:47:26.635+0530][gc,phases   ] GC(67)   Evacuate Collection Set: 27.9ms
[2024-09-04T10:47:26.635+0530][gc,phases   ] GC(67)   Post Evacuate Collection Set: 1.7ms
[2024-09-04T10:47:26.635+0530][gc,phases   ] GC(67)   Other: 4.1ms
[2024-09-04T10:47:26.635+0530][gc,heap     ] GC(67) Eden regions: 123->0(43)
[2024-09-04T10:47:26.635+0530][gc,heap     ] GC(67) Survivor regions: 6->8(17)
[2024-09-04T10:47:26.635+0530][gc,heap     ] GC(67) Old regions: 162->162
[2024-09-04T10:47:26.635+0530][gc,heap     ] GC(67) Archive regions: 2->2
[2024-09-04T10:47:26.635+0530][gc,heap     ] GC(67) Humongous regions: 129->129
[2024-09-04T10:47:26.635+0530][gc,metaspace] GC(67) Metaspace: 44755K(45312K)->44755K(45312K) NonClass: 39527K(39808K)->39527K(39808K) Class: 5227K(5504K)->5227K(5504K)
[2024-09-04T10:47:26.635+0530][gc          ] GC(67) Pause Young (Normal) (G1 Evacuation Pause) 420M->299M(1024M) 37.846ms
[2024-09-04T10:47:26.635+0530][gc,cpu      ] GC(67) User=0.05s Sys=0.12s Real=0.04s
[2024-09-04T10:49:30.826+0530][gc,start    ] GC(68) Pause Young (Normal) (G1 Evacuation Pause)
[2024-09-04T10:49:30.828+0530][gc,task     ] GC(68) Using 8 workers of 8 for evacuation
[2024-09-04T10:49:30.835+0530][gc,phases   ] GC(68)   Pre Evacuate Collection Set: 0.3ms
[2024-09-04T10:49:30.835+0530][gc,phases   ] GC(68)   Merge Heap Roots: 0.1ms
[2024-09-04T10:49:30.835+0530][gc,phases   ] GC(68)   Evacuate Collection Set: 6.7ms
[2024-09-04T10:49:30.836+0530][gc,phases   ] GC(68)   Post Evacuate Collection Set: 0.4ms
[2024-09-04T10:49:30.836+0530][gc,phases   ] GC(68)   Other: 2.0ms
[2024-09-04T10:49:30.836+0530][gc,heap     ] GC(68) Eden regions: 43->0(257)
[2024-09-04T10:49:30.836+0530][gc,heap     ] GC(68) Survivor regions: 8->2(7)
[2024-09-04T10:49:30.836+0530][gc,heap     ] GC(68) Old regions: 162->166
[2024-09-04T10:49:30.836+0530][gc,heap     ] GC(68) Archive regions: 2->2
[2024-09-04T10:49:30.836+0530][gc,heap     ] GC(68) Humongous regions: 129->129
[2024-09-04T10:49:30.836+0530][gc,metaspace] GC(68) Metaspace: 44758K(45312K)->44758K(45312K) NonClass: 39530K(39808K)->39530K(39808K) Class: 5227K(5504K)->5227K(5504K)
[2024-09-04T10:49:30.836+0530][gc          ] GC(68) Pause Young (Normal) (G1 Evacuation Pause) 342M->297M(1024M) 10.490ms
[2024-09-04T10:49:30.836+0530][gc,cpu      ] GC(68) User=0.04s Sys=0.02s Real=0.01s
[2024-09-04T10:57:32.302+0530][gc,start    ] GC(69) Pause Young (Normal) (G1 Evacuation Pause)
[2024-09-04T10:57:32.304+0530][gc,task     ] GC(69) Using 8 workers of 8 for evacuation
[2024-09-04T10:57:32.349+0530][gc,mmu      ] GC(69) MMU target violated: 21.0ms (20.0ms/21.0ms)
[2024-09-04T10:57:32.349+0530][gc,phases   ] GC(69)   Pre Evacuate Collection Set: 1.0ms
[2024-09-04T10:57:32.349+0530][gc,phases   ] GC(69)   Merge Heap Roots: 0.3ms
[2024-09-04T10:57:32.349+0530][gc,phases   ] GC(69)   Evacuate Collection Set: 41.1ms
[2024-09-04T10:57:32.349+0530][gc,phases   ] GC(69)   Post Evacuate Collection Set: 2.3ms
[2024-09-04T10:57:32.349+0530][gc,phases   ] GC(69)   Other: 2.3ms
[2024-09-04T10:57:32.349+0530][gc,heap     ] GC(69) Eden regions: 257->0(39)
[2024-09-04T10:57:32.349+0530][gc,heap     ] GC(69) Survivor regions: 2->12(33)
[2024-09-04T10:57:32.349+0530][gc,heap     ] GC(69) Old regions: 166->166
[2024-09-04T10:57:32.349+0530][gc,heap     ] GC(69) Archive regions: 2->2
[2024-09-04T10:57:32.349+0530][gc,heap     ] GC(69) Humongous regions: 129->129
[2024-09-04T10:57:32.349+0530][gc,metaspace] GC(69) Metaspace: 45049K(45696K)->45049K(45696K) NonClass: 39786K(40128K)->39786K(40128K) Class: 5262K(5568K)->5262K(5568K)
[2024-09-04T10:57:32.349+0530][gc          ] GC(69) Pause Young (Normal) (G1 Evacuation Pause) 554M->307M(1024M) 47.026ms
[2024-09-04T10:57:32.349+0530][gc,cpu      ] GC(69) User=0.09s Sys=0.15s Real=0.04s
[2024-09-04T10:58:49.248+0530][gc,start    ] GC(70) Pause Young (Normal) (G1 Evacuation Pause)
[2024-09-04T10:58:49.249+0530][gc,task     ] GC(70) Using 8 workers of 8 for evacuation
[2024-09-04T10:58:49.260+0530][gc,phases   ] GC(70)   Pre Evacuate Collection Set: 2.7ms
[2024-09-04T10:58:49.260+0530][gc,phases   ] GC(70)   Merge Heap Roots: 0.1ms
[2024-09-04T10:58:49.261+0530][gc,phases   ] GC(70)   Evacuate Collection Set: 8.2ms
[2024-09-04T10:58:49.261+0530][gc,phases   ] GC(70)   Post Evacuate Collection Set: 0.3ms
[2024-09-04T10:58:49.261+0530][gc,phases   ] GC(70)   Other: 0.8ms
[2024-09-04T10:58:49.261+0530][gc,heap     ] GC(70) Eden regions: 39->0(120)
[2024-09-04T10:58:49.261+0530][gc,heap     ] GC(70) Survivor regions: 12->4(7)
[2024-09-04T10:58:49.261+0530][gc,heap     ] GC(70) Old regions: 166->171
[2024-09-04T10:58:49.261+0530][gc,heap     ] GC(70) Archive regions: 2->2
[2024-09-04T10:58:49.261+0530][gc,heap     ] GC(70) Humongous regions: 129->129
[2024-09-04T10:58:49.261+0530][gc,metaspace] GC(70) Metaspace: 45049K(45696K)->45049K(45696K) NonClass: 39786K(40128K)->39786K(40128K) Class: 5262K(5568K)->5262K(5568K)
[2024-09-04T10:58:49.261+0530][gc          ] GC(70) Pause Young (Normal) (G1 Evacuation Pause) 346M->304M(1024M) 12.231ms
[2024-09-04T10:58:49.261+0530][gc,cpu      ] GC(70) User=0.03s Sys=0.02s Real=0.02s
[2024-09-04T11:02:48.092+0530][gc,start    ] GC(71) Pause Young (Normal) (G1 Evacuation Pause)
[2024-09-04T11:02:48.094+0530][gc,task     ] GC(71) Using 8 workers of 8 for evacuation
[2024-09-04T11:02:48.106+0530][gc,phases   ] GC(71)   Pre Evacuate Collection Set: 0.3ms
[2024-09-04T11:02:48.106+0530][gc,phases   ] GC(71)   Merge Heap Roots: 0.1ms
[2024-09-04T11:02:48.106+0530][gc,phases   ] GC(71)   Evacuate Collection Set: 9.8ms
[2024-09-04T11:02:48.106+0530][gc,phases   ] GC(71)   Post Evacuate Collection Set: 1.8ms
[2024-09-04T11:02:48.106+0530][gc,phases   ] GC(71)   Other: 2.3ms
[2024-09-04T11:02:48.106+0530][gc,heap     ] GC(71) Eden regions: 120->0(165)
[2024-09-04T11:02:48.106+0530][gc,heap     ] GC(71) Survivor regions: 4->4(16)
[2024-09-04T11:02:48.106+0530][gc,heap     ] GC(71) Old regions: 171->171
[2024-09-04T11:02:48.106+0530][gc,heap     ] GC(71) Archive regions: 2->2
[2024-09-04T11:02:48.106+0530][gc,heap     ] GC(71) Humongous regions: 129->129
[2024-09-04T11:02:48.106+0530][gc,metaspace] GC(71) Metaspace: 45051K(45696K)->45051K(45696K) NonClass: 39788K(40128K)->39788K(40128K) Class: 5262K(5568K)->5262K(5568K)
[2024-09-04T11:02:48.106+0530][gc          ] GC(71) Pause Young (Normal) (G1 Evacuation Pause) 424M->304M(1024M) 14.391ms
[2024-09-04T11:02:48.106+0530][gc,cpu      ] GC(71) User=0.02s Sys=0.03s Real=0.01s
[2024-09-04T11:08:03.377+0530][gc,start    ] GC(72) Pause Young (Normal) (G1 Evacuation Pause)
[2024-09-04T11:08:03.379+0530][gc,task     ] GC(72) Using 8 workers of 8 for evacuation
[2024-09-04T11:08:03.399+0530][gc,phases   ] GC(72)   Pre Evacuate Collection Set: 1.3ms
[2024-09-04T11:08:03.399+0530][gc,phases   ] GC(72)   Merge Heap Roots: 0.4ms
[2024-09-04T11:08:03.399+0530][gc,phases   ] GC(72)   Evacuate Collection Set: 16.3ms
[2024-09-04T11:08:03.399+0530][gc,phases   ] GC(72)   Post Evacuate Collection Set: 1.0ms
[2024-09-04T11:08:03.399+0530][gc,phases   ] GC(72)   Other: 2.4ms
[2024-09-04T11:08:03.399+0530][gc,heap     ] GC(72) Eden regions: 165->0(63)
[2024-09-04T11:08:03.399+0530][gc,heap     ] GC(72) Survivor regions: 4->8(22)
[2024-09-04T11:08:03.399+0530][gc,heap     ] GC(72) Old regions: 171->171
[2024-09-04T11:08:03.399+0530][gc,heap     ] GC(72) Archive regions: 2->2
[2024-09-04T11:08:03.399+0530][gc,heap     ] GC(72) Humongous regions: 129->129
[2024-09-04T11:08:03.399+0530][gc,metaspace] GC(72) Metaspace: 46130K(46784K)->46130K(46784K) NonClass: 40636K(40960K)->40636K(40960K) Class: 5493K(5824K)->5493K(5824K)
[2024-09-04T11:08:03.399+0530][gc          ] GC(72) Pause Young (Normal) (G1 Evacuation Pause) 469M->308M(1024M) 21.411ms
[2024-09-04T11:08:03.399+0530][gc,cpu      ] GC(72) User=0.05s Sys=0.05s Real=0.02s
[2024-09-04T11:10:04.239+0530][gc,start    ] GC(73) Pause Young (Normal) (G1 Evacuation Pause)
[2024-09-04T11:10:04.240+0530][gc,task     ] GC(73) Using 8 workers of 8 for evacuation
[2024-09-04T11:10:04.260+0530][gc,phases   ] GC(73)   Pre Evacuate Collection Set: 2.8ms
[2024-09-04T11:10:04.260+0530][gc,phases   ] GC(73)   Merge Heap Roots: 0.2ms
[2024-09-04T11:10:04.260+0530][gc,phases   ] GC(73)   Evacuate Collection Set: 13.4ms
[2024-09-04T11:10:04.260+0530][gc,phases   ] GC(73)   Post Evacuate Collection Set: 0.4ms
[2024-09-04T11:10:04.260+0530][gc,phases   ] GC(73)   Other: 4.6ms
[2024-09-04T11:10:04.260+0530][gc,heap     ] GC(73) Eden regions: 63->0(94)
[2024-09-04T11:10:04.260+0530][gc,heap     ] GC(73) Survivor regions: 8->5(9)
[2024-09-04T11:10:04.260+0530][gc,heap     ] GC(73) Old regions: 171->179
[2024-09-04T11:10:04.260+0530][gc,heap     ] GC(73) Archive regions: 2->2
[2024-09-04T11:10:04.260+0530][gc,heap     ] GC(73) Humongous regions: 129->129
[2024-09-04T11:10:04.260+0530][gc,metaspace] GC(73) Metaspace: 46156K(46848K)->46156K(46848K) NonClass: 40662K(41024K)->40662K(41024K) Class: 5493K(5824K)->5493K(5824K)
[2024-09-04T11:10:04.260+0530][gc          ] GC(73) Pause Young (Normal) (G1 Evacuation Pause) 371M->312M(1024M) 21.558ms
[2024-09-04T11:10:04.260+0530][gc,cpu      ] GC(73) User=0.07s Sys=0.02s Real=0.03s
[2024-09-04T11:11:57.158+0530][gc,start    ] GC(74) Pause Young (Normal) (G1 Evacuation Pause)
[2024-09-04T11:11:57.160+0530][gc,task     ] GC(74) Using 8 workers of 8 for evacuation
[2024-09-04T11:11:57.197+0530][gc,mmu      ] GC(74) MMU target violated: 21.0ms (20.0ms/21.0ms)
[2024-09-04T11:11:57.197+0530][gc,phases   ] GC(74)   Pre Evacuate Collection Set: 2.0ms
[2024-09-04T11:11:57.197+0530][gc,phases   ] GC(74)   Merge Heap Roots: 0.3ms
[2024-09-04T11:11:57.197+0530][gc,phases   ] GC(74)   Evacuate Collection Set: 33.3ms
[2024-09-04T11:11:57.197+0530][gc,phases   ] GC(74)   Post Evacuate Collection Set: 1.3ms
[2024-09-04T11:11:57.197+0530][gc,phases   ] GC(74)   Other: 2.6ms
[2024-09-04T11:11:57.197+0530][gc,heap     ] GC(74) Eden regions: 93->0(43)
[2024-09-04T11:11:57.197+0530][gc,heap     ] GC(74) Survivor regions: 5->8(13)
[2024-09-04T11:11:57.197+0530][gc,heap     ] GC(74) Old regions: 179->179
[2024-09-04T11:11:57.197+0530][gc,heap     ] GC(74) Archive regions: 2->2
[2024-09-04T11:11:57.197+0530][gc,heap     ] GC(74) Humongous regions: 129->129
[2024-09-04T11:11:57.197+0530][gc,metaspace] GC(74) Metaspace: 46198K(46912K)->46198K(46912K) NonClass: 40697K(41088K)->40697K(41088K) Class: 5501K(5824K)->5501K(5824K)
[2024-09-04T11:11:57.197+0530][gc          ] GC(74) Pause Young (Normal) (G1 Evacuation Pause) 405M->315M(1024M) 39.559ms
[2024-09-04T11:11:57.197+0530][gc,cpu      ] GC(74) User=0.06s Sys=0.09s Real=0.04s
[2024-09-04T11:12:31.989+0530][gc,start    ] GC(75) Pause Young (Normal) (G1 Evacuation Pause)
[2024-09-04T11:12:31.991+0530][gc,task     ] GC(75) Using 8 workers of 8 for evacuation
[2024-09-04T11:12:32.001+0530][gc,phases   ] GC(75)   Pre Evacuate Collection Set: 0.3ms
[2024-09-04T11:12:32.001+0530][gc,phases   ] GC(75)   Merge Heap Roots: 0.1ms
[2024-09-04T11:12:32.001+0530][gc,phases   ] GC(75)   Evacuate Collection Set: 8.3ms
[2024-09-04T11:12:32.001+0530][gc,phases   ] GC(75)   Post Evacuate Collection Set: 0.4ms
[2024-09-04T11:12:32.001+0530][gc,phases   ] GC(75)   Other: 2.2ms
[2024-09-04T11:12:32.001+0530][gc,heap     ] GC(75) Eden regions: 43->0(62)
[2024-09-04T11:12:32.001+0530][gc,heap     ] GC(75) Survivor regions: 8->4(7)
[2024-09-04T11:12:32.001+0530][gc,heap     ] GC(75) Old regions: 179->186
[2024-09-04T11:12:32.001+0530][gc,heap     ] GC(75) Archive regions: 2->2
[2024-09-04T11:12:32.001+0530][gc,heap     ] GC(75) Humongous regions: 129->129
[2024-09-04T11:12:32.001+0530][gc,metaspace] GC(75) Metaspace: 46198K(46912K)->46198K(46912K) NonClass: 40697K(41088K)->40697K(41088K) Class: 5501K(5824K)->5501K(5824K)
[2024-09-04T11:12:32.001+0530][gc          ] GC(75) Pause Young (Normal) (G1 Evacuation Pause) 358M->318M(1024M) 11.387ms
[2024-09-04T11:12:32.001+0530][gc,cpu      ] GC(75) User=0.05s Sys=0.01s Real=0.02s
[2024-09-04T11:13:14.818+0530][gc,start    ] GC(76) Pause Young (Normal) (G1 Evacuation Pause)
[2024-09-04T11:13:14.820+0530][gc,task     ] GC(76) Using 8 workers of 8 for evacuation
[2024-09-04T11:13:14.827+0530][gc,phases   ] GC(76)   Pre Evacuate Collection Set: 0.2ms
[2024-09-04T11:13:14.827+0530][gc,phases   ] GC(76)   Merge Heap Roots: 0.1ms
[2024-09-04T11:13:14.827+0530][gc,phases   ] GC(76)   Evacuate Collection Set: 6.4ms
[2024-09-04T11:13:14.827+0530][gc,phases   ] GC(76)   Post Evacuate Collection Set: 0.4ms
[2024-09-04T11:13:14.827+0530][gc,phases   ] GC(76)   Other: 2.0ms
[2024-09-04T11:13:14.827+0530][gc,heap     ] GC(76) Eden regions: 62->0(75)
[2024-09-04T11:13:14.827+0530][gc,heap     ] GC(76) Survivor regions: 4->5(9)
[2024-09-04T11:13:14.827+0530][gc,heap     ] GC(76) Old regions: 186->186
[2024-09-04T11:13:14.827+0530][gc,heap     ] GC(76) Archive regions: 2->2
[2024-09-04T11:13:14.827+0530][gc,heap     ] GC(76) Humongous regions: 129->129
[2024-09-04T11:13:14.827+0530][gc,metaspace] GC(76) Metaspace: 46249K(46912K)->46249K(46912K) NonClass: 40732K(41088K)->40732K(41088K) Class: 5516K(5824K)->5516K(5824K)
[2024-09-04T11:13:14.827+0530][gc          ] GC(76) Pause Young (Normal) (G1 Evacuation Pause) 380M->320M(1024M) 9.305ms
[2024-09-04T11:13:14.827+0530][gc,cpu      ] GC(76) User=0.03s Sys=0.01s Real=0.01s
[2024-09-04T11:14:21.073+0530][gc,start    ] GC(77) Pause Young (Normal) (G1 Evacuation Pause)
[2024-09-04T11:14:21.075+0530][gc,task     ] GC(77) Using 8 workers of 8 for evacuation
[2024-09-04T11:14:21.080+0530][gc,phases   ] GC(77)   Pre Evacuate Collection Set: 0.2ms
[2024-09-04T11:14:21.080+0530][gc,phases   ] GC(77)   Merge Heap Roots: 0.1ms
[2024-09-04T11:14:21.080+0530][gc,phases   ] GC(77)   Evacuate Collection Set: 3.6ms
[2024-09-04T11:14:21.080+0530][gc,phases   ] GC(77)   Post Evacuate Collection Set: 0.4ms
[2024-09-04T11:14:21.080+0530][gc,phases   ] GC(77)   Other: 2.2ms
[2024-09-04T11:14:21.080+0530][gc,heap     ] GC(77) Eden regions: 75->0(146)
[2024-09-04T11:14:21.080+0530][gc,heap     ] GC(77) Survivor regions: 5->4(10)
[2024-09-04T11:14:21.080+0530][gc,heap     ] GC(77) Old regions: 186->186
[2024-09-04T11:14:21.080+0530][gc,heap     ] GC(77) Archive regions: 2->2
[2024-09-04T11:14:21.080+0530][gc,heap     ] GC(77) Humongous regions: 129->129
[2024-09-04T11:14:21.080+0530][gc,metaspace] GC(77) Metaspace: 46251K(46912K)->46251K(46912K) NonClass: 40735K(41088K)->40735K(41088K) Class: 5516K(5824K)->5516K(5824K)
[2024-09-04T11:14:21.080+0530][gc          ] GC(77) Pause Young (Normal) (G1 Evacuation Pause) 395M->319M(1024M) 6.788ms
[2024-09-04T11:14:21.080+0530][gc,cpu      ] GC(77) User=0.03s Sys=0.00s Real=0.01s
[2024-09-04T11:16:06.392+0530][gc,start    ] GC(78) Pause Young (Normal) (G1 Evacuation Pause)
[2024-09-04T11:16:06.394+0530][gc,task     ] GC(78) Using 8 workers of 8 for evacuation
[2024-09-04T11:16:06.412+0530][gc,phases   ] GC(78)   Pre Evacuate Collection Set: 0.2ms
[2024-09-04T11:16:06.412+0530][gc,phases   ] GC(78)   Merge Heap Roots: 0.1ms
[2024-09-04T11:16:06.412+0530][gc,phases   ] GC(78)   Evacuate Collection Set: 17.2ms
[2024-09-04T11:16:06.412+0530][gc,phases   ] GC(78)   Post Evacuate Collection Set: 0.6ms
[2024-09-04T11:16:06.412+0530][gc,phases   ] GC(78)   Other: 2.3ms
[2024-09-04T11:16:06.412+0530][gc,heap     ] GC(78) Eden regions: 146->0(69)
[2024-09-04T11:16:06.412+0530][gc,heap     ] GC(78) Survivor regions: 4->6(19)
[2024-09-04T11:16:06.412+0530][gc,heap     ] GC(78) Old regions: 186->186
[2024-09-04T11:16:06.412+0530][gc,heap     ] GC(78) Archive regions: 2->2
[2024-09-04T11:16:06.412+0530][gc,heap     ] GC(78) Humongous regions: 129->129
[2024-09-04T11:16:06.412+0530][gc,metaspace] GC(78) Metaspace: 46251K(46912K)->46251K(46912K) NonClass: 40735K(41088K)->40735K(41088K) Class: 5516K(5824K)->5516K(5824K)
[2024-09-04T11:16:06.412+0530][gc          ] GC(78) Pause Young (Normal) (G1 Evacuation Pause) 465M->320M(1024M) 20.543ms
[2024-09-04T11:16:06.412+0530][gc,cpu      ] GC(78) User=0.04s Sys=0.06s Real=0.02s
[2024-09-04T11:16:52.115+0530][gc,start    ] GC(79) Pause Young (Normal) (G1 Evacuation Pause)
[2024-09-04T11:16:52.115+0530][gc,task     ] GC(79) Using 8 workers of 8 for evacuation
[2024-09-04T11:16:52.123+0530][gc,phases   ] GC(79)   Pre Evacuate Collection Set: 0.1ms
[2024-09-04T11:16:52.123+0530][gc,phases   ] GC(79)   Merge Heap Roots: 0.1ms
[2024-09-04T11:16:52.123+0530][gc,phases   ] GC(79)   Evacuate Collection Set: 7.3ms
[2024-09-04T11:16:52.123+0530][gc,phases   ] GC(79)   Post Evacuate Collection Set: 0.4ms
[2024-09-04T11:16:52.123+0530][gc,phases   ] GC(79)   Other: 0.5ms
[2024-09-04T11:16:52.123+0530][gc,heap     ] GC(79) Eden regions: 69->0(41)
[2024-09-04T11:16:52.123+0530][gc,heap     ] GC(79) Survivor regions: 6->10(10)
[2024-09-04T11:16:52.123+0530][gc,heap     ] GC(79) Old regions: 186->187
[2024-09-04T11:16:52.123+0530][gc,heap     ] GC(79) Archive regions: 2->2
[2024-09-04T11:16:52.123+0530][gc,heap     ] GC(79) Humongous regions: 129->129
[2024-09-04T11:16:52.123+0530][gc,metaspace] GC(79) Metaspace: 46251K(46912K)->46251K(46912K) NonClass: 40735K(41088K)->40735K(41088K) Class: 5516K(5824K)->5516K(5824K)
[2024-09-04T11:16:52.123+0530][gc          ] GC(79) Pause Young (Normal) (G1 Evacuation Pause) 389M->325M(1024M) 8.462ms
[2024-09-04T11:16:52.123+0530][gc,cpu      ] GC(79) User=0.05s Sys=0.00s Real=0.01s
[2024-09-04T11:17:44.831+0530][gc,start    ] GC(80) Pause Young (Normal) (G1 Evacuation Pause)
[2024-09-04T11:17:44.833+0530][gc,task     ] GC(80) Using 8 workers of 8 for evacuation
[2024-09-04T11:17:44.844+0530][gc,phases   ] GC(80)   Pre Evacuate Collection Set: 0.2ms
[2024-09-04T11:17:44.844+0530][gc,phases   ] GC(80)   Merge Heap Roots: 0.1ms
[2024-09-04T11:17:44.844+0530][gc,phases   ] GC(80)   Evacuate Collection Set: 10.9ms
[2024-09-04T11:17:44.844+0530][gc,phases   ] GC(80)   Post Evacuate Collection Set: 0.4ms
[2024-09-04T11:17:44.844+0530][gc,phases   ] GC(80)   Other: 2.2ms
[2024-09-04T11:17:44.844+0530][gc,heap     ] GC(80) Eden regions: 41->0(138)
[2024-09-04T11:17:44.844+0530][gc,heap     ] GC(80) Survivor regions: 10->3(7)
[2024-09-04T11:17:44.844+0530][gc,heap     ] GC(80) Old regions: 187->196
[2024-09-04T11:17:44.844+0530][gc,heap     ] GC(80) Archive regions: 2->2
[2024-09-04T11:17:44.845+0530][gc,heap     ] GC(80) Humongous regions: 129->129
[2024-09-04T11:17:44.845+0530][gc,metaspace] GC(80) Metaspace: 46251K(46912K)->46251K(46912K) NonClass: 40735K(41088K)->40735K(41088K) Class: 5516K(5824K)->5516K(5824K)
[2024-09-04T11:17:44.845+0530][gc          ] GC(80) Pause Young (Normal) (G1 Evacuation Pause) 366M->327M(1024M) 13.987ms
[2024-09-04T11:17:44.845+0530][gc,cpu      ] GC(80) User=0.07s Sys=0.01s Real=0.01s
[2024-09-04T11:19:45.083+0530][gc,start    ] GC(81) Pause Young (Normal) (G1 Evacuation Pause)
[2024-09-04T11:19:45.083+0530][gc,task     ] GC(81) Using 8 workers of 8 for evacuation
[2024-09-04T11:19:45.091+0530][gc,phases   ] GC(81)   Pre Evacuate Collection Set: 0.2ms
[2024-09-04T11:19:45.091+0530][gc,phases   ] GC(81)   Merge Heap Roots: 0.1ms
[2024-09-04T11:19:45.091+0530][gc,phases   ] GC(81)   Evacuate Collection Set: 7.7ms
[2024-09-04T11:19:45.091+0530][gc,phases   ] GC(81)   Post Evacuate Collection Set: 0.4ms
[2024-09-04T11:19:45.091+0530][gc,phases   ] GC(81)   Other: 0.4ms
[2024-09-04T11:19:45.091+0530][gc,heap     ] GC(81) Eden regions: 138->0(82)
[2024-09-04T11:19:45.091+0530][gc,heap     ] GC(81) Survivor regions: 3->9(18)
[2024-09-04T11:19:45.091+0530][gc,heap     ] GC(81) Old regions: 196->196
[2024-09-04T11:19:45.091+0530][gc,heap     ] GC(81) Archive regions: 2->2
[2024-09-04T11:19:45.091+0530][gc,heap     ] GC(81) Humongous regions: 129->129
[2024-09-04T11:19:45.091+0530][gc,metaspace] GC(81) Metaspace: 46253K(46912K)->46253K(46912K) NonClass: 40736K(41088K)->40736K(41088K) Class: 5516K(5824K)->5516K(5824K)
[2024-09-04T11:19:45.091+0530][gc          ] GC(81) Pause Young (Normal) (G1 Evacuation Pause) 465M->333M(1024M) 8.861ms
[2024-09-04T11:19:45.091+0530][gc,cpu      ] GC(81) User=0.05s Sys=0.00s Real=0.01s
[2024-09-04T11:20:54.762+0530][gc,start    ] GC(82) Pause Young (Normal) (G1 Evacuation Pause)
[2024-09-04T11:20:54.762+0530][gc,task     ] GC(82) Using 8 workers of 8 for evacuation
[2024-09-04T11:20:54.769+0530][gc,phases   ] GC(82)   Pre Evacuate Collection Set: 0.2ms
[2024-09-04T11:20:54.770+0530][gc,phases   ] GC(82)   Merge Heap Roots: 0.1ms
[2024-09-04T11:20:54.770+0530][gc,phases   ] GC(82)   Evacuate Collection Set: 5.7ms
[2024-09-04T11:20:54.770+0530][gc,phases   ] GC(82)   Post Evacuate Collection Set: 1.2ms
[2024-09-04T11:20:54.770+0530][gc,phases   ] GC(82)   Other: 0.5ms
[2024-09-04T11:20:54.770+0530][gc,heap     ] GC(82) Eden regions: 82->0(201)
[2024-09-04T11:20:54.770+0530][gc,heap     ] GC(82) Survivor regions: 9->5(12)
[2024-09-04T11:20:54.770+0530][gc,heap     ] GC(82) Old regions: 196->198
[2024-09-04T11:20:54.770+0530][gc,heap     ] GC(82) Archive regions: 2->2
[2024-09-04T11:20:54.770+0530][gc,heap     ] GC(82) Humongous regions: 129->129
[2024-09-04T11:20:54.770+0530][gc,metaspace] GC(82) Metaspace: 46253K(46912K)->46253K(46912K) NonClass: 40736K(41088K)->40736K(41088K) Class: 5516K(5824K)->5516K(5824K)
[2024-09-04T11:20:54.770+0530][gc          ] GC(82) Pause Young (Normal) (G1 Evacuation Pause) 415M->332M(1024M) 8.031ms
[2024-09-04T11:20:54.770+0530][gc,cpu      ] GC(82) User=0.04s Sys=0.01s Real=0.01s
[2024-09-04T11:23:20.086+0530][gc,start    ] GC(83) Pause Young (Normal) (G1 Evacuation Pause)
[2024-09-04T11:23:20.088+0530][gc,task     ] GC(83) Using 8 workers of 8 for evacuation
[2024-09-04T11:23:20.116+0530][gc,mmu      ] GC(83) MMU target violated: 21.0ms (20.0ms/21.0ms)
[2024-09-04T11:23:20.116+0530][gc,phases   ] GC(83)   Pre Evacuate Collection Set: 0.1ms
[2024-09-04T11:23:20.116+0530][gc,phases   ] GC(83)   Merge Heap Roots: 0.1ms
[2024-09-04T11:23:20.116+0530][gc,phases   ] GC(83)   Evacuate Collection Set: 27.0ms
[2024-09-04T11:23:20.116+0530][gc,phases   ] GC(83)   Post Evacuate Collection Set: 0.5ms
[2024-09-04T11:23:20.116+0530][gc,phases   ] GC(83)   Other: 2.0ms
[2024-09-04T11:23:20.116+0530][gc,heap     ] GC(83) Eden regions: 200->0(40)
[2024-09-04T11:23:20.116+0530][gc,heap     ] GC(83) Survivor regions: 5->11(26)
[2024-09-04T11:23:20.116+0530][gc,heap     ] GC(83) Old regions: 198->198
[2024-09-04T11:23:20.116+0530][gc,heap     ] GC(83) Archive regions: 2->2
[2024-09-04T11:23:20.116+0530][gc,heap     ] GC(83) Humongous regions: 129->129
[2024-09-04T11:23:20.116+0530][gc,metaspace] GC(83) Metaspace: 46261K(46976K)->46261K(46976K) NonClass: 40745K(41152K)->40745K(41152K) Class: 5516K(5824K)->5516K(5824K)
[2024-09-04T11:23:20.116+0530][gc          ] GC(83) Pause Young (Normal) (G1 Evacuation Pause) 532M->337M(1024M) 29.851ms
[2024-09-04T11:23:20.116+0530][gc,cpu      ] GC(83) User=0.06s Sys=0.09s Real=0.03s
[2024-09-04T11:23:54.447+0530][gc,start    ] GC(84) Pause Young (Normal) (G1 Evacuation Pause)
[2024-09-04T11:23:54.447+0530][gc,task     ] GC(84) Using 8 workers of 8 for evacuation
[2024-09-04T11:23:54.454+0530][gc,phases   ] GC(84)   Pre Evacuate Collection Set: 0.2ms
[2024-09-04T11:23:54.454+0530][gc,phases   ] GC(84)   Merge Heap Roots: 0.1ms
[2024-09-04T11:23:54.454+0530][gc,phases   ] GC(84)   Evacuate Collection Set: 5.6ms
[2024-09-04T11:23:54.454+0530][gc,phases   ] GC(84)   Post Evacuate Collection Set: 0.3ms
[2024-09-04T11:23:54.454+0530][gc,phases   ] GC(84)   Other: 0.2ms
[2024-09-04T11:23:54.454+0530][gc,heap     ] GC(84) Eden regions: 40->0(212)
[2024-09-04T11:23:54.454+0530][gc,heap     ] GC(84) Survivor regions: 11->3(7)
[2024-09-04T11:23:54.454+0530][gc,heap     ] GC(84) Old regions: 198->202
[2024-09-04T11:23:54.454+0530][gc,heap     ] GC(84) Archive regions: 2->2
[2024-09-04T11:23:54.454+0530][gc,heap     ] GC(84) Humongous regions: 129->129
[2024-09-04T11:23:54.454+0530][gc,metaspace] GC(84) Metaspace: 46261K(46976K)->46261K(46976K) NonClass: 40745K(41152K)->40745K(41152K) Class: 5516K(5824K)->5516K(5824K)
[2024-09-04T11:23:54.454+0530][gc          ] GC(84) Pause Young (Normal) (G1 Evacuation Pause) 377M->333M(1024M) 6.538ms
[2024-09-04T11:23:54.454+0530][gc,cpu      ] GC(84) User=0.03s Sys=0.00s Real=0.01s
[2024-09-04T11:26:15.286+0530][gc,start    ] GC(85) Pause Young (Normal) (G1 Evacuation Pause)
[2024-09-04T11:26:15.286+0530][gc,task     ] GC(85) Using 8 workers of 8 for evacuation
[2024-09-04T11:26:15.311+0530][gc,mmu      ] GC(85) MMU target violated: 21.0ms (20.0ms/21.0ms)
[2024-09-04T11:26:15.311+0530][gc,phases   ] GC(85)   Pre Evacuate Collection Set: 0.2ms
[2024-09-04T11:26:15.311+0530][gc,phases   ] GC(85)   Merge Heap Roots: 0.1ms
[2024-09-04T11:26:15.311+0530][gc,phases   ] GC(85)   Evacuate Collection Set: 24.2ms
[2024-09-04T11:26:15.311+0530][gc,phases   ] GC(85)   Post Evacuate Collection Set: 0.5ms
[2024-09-04T11:26:15.311+0530][gc,phases   ] GC(85)   Other: 0.3ms
[2024-09-04T11:26:15.311+0530][gc,heap     ] GC(85) Eden regions: 212->0(62)
[2024-09-04T11:26:15.311+0530][gc,heap     ] GC(85) Survivor regions: 3->9(27)
[2024-09-04T11:26:15.311+0530][gc,heap     ] GC(85) Old regions: 202->202
[2024-09-04T11:26:15.311+0530][gc,heap     ] GC(85) Archive regions: 2->2
[2024-09-04T11:26:15.311+0530][gc,heap     ] GC(85) Humongous regions: 129->129
[2024-09-04T11:26:15.311+0530][gc,metaspace] GC(85) Metaspace: 46261K(46976K)->46261K(46976K) NonClass: 40745K(41152K)->40745K(41152K) Class: 5516K(5824K)->5516K(5824K)
[2024-09-04T11:26:15.311+0530][gc          ] GC(85) Pause Young (Normal) (G1 Evacuation Pause) 545M->339M(1024M) 25.381ms
[2024-09-04T11:26:15.311+0530][gc,cpu      ] GC(85) User=0.06s Sys=0.08s Real=0.03s
[2024-09-04T11:27:15.961+0530][gc,start    ] GC(86) Pause Young (Normal) (G1 Evacuation Pause)
[2024-09-04T11:27:15.963+0530][gc,task     ] GC(86) Using 8 workers of 8 for evacuation
[2024-09-04T11:27:15.970+0530][gc,phases   ] GC(86)   Pre Evacuate Collection Set: 0.3ms
[2024-09-04T11:27:15.970+0530][gc,phases   ] GC(86)   Merge Heap Roots: 0.2ms
[2024-09-04T11:27:15.970+0530][gc,phases   ] GC(86)   Evacuate Collection Set: 6.4ms
[2024-09-04T11:27:15.970+0530][gc,phases   ] GC(86)   Post Evacuate Collection Set: 0.5ms
[2024-09-04T11:27:15.970+0530][gc,phases   ] GC(86)   Other: 2.3ms
[2024-09-04T11:27:15.970+0530][gc,heap     ] GC(86) Eden regions: 62->0(216)
[2024-09-04T11:27:15.970+0530][gc,heap     ] GC(86) Survivor regions: 9->3(9)
[2024-09-04T11:27:15.970+0530][gc,heap     ] GC(86) Old regions: 202->205
[2024-09-04T11:27:15.970+0530][gc,heap     ] GC(86) Archive regions: 2->2
[2024-09-04T11:27:15.970+0530][gc,heap     ] GC(86) Humongous regions: 129->129
[2024-09-04T11:27:15.970+0530][gc,metaspace] GC(86) Metaspace: 46261K(46976K)->46261K(46976K) NonClass: 40745K(41152K)->40745K(41152K) Class: 5516K(5824K)->5516K(5824K)
[2024-09-04T11:27:15.970+0530][gc          ] GC(86) Pause Young (Normal) (G1 Evacuation Pause) 401M->336M(1024M) 9.722ms
[2024-09-04T11:27:15.970+0530][gc,cpu      ] GC(86) User=0.05s Sys=0.00s Real=0.01s
[2024-09-04T11:29:38.670+0530][gc,start    ] GC(87) Pause Young (Normal) (G1 Evacuation Pause)
[2024-09-04T11:29:38.672+0530][gc,task     ] GC(87) Using 8 workers of 8 for evacuation
[2024-09-04T11:29:38.690+0530][gc,phases   ] GC(87)   Pre Evacuate Collection Set: 0.2ms
[2024-09-04T11:29:38.690+0530][gc,phases   ] GC(87)   Merge Heap Roots: 0.2ms
[2024-09-04T11:29:38.690+0530][gc,phases   ] GC(87)   Evacuate Collection Set: 16.4ms
[2024-09-04T11:29:38.690+0530][gc,phases   ] GC(87)   Post Evacuate Collection Set: 0.4ms
[2024-09-04T11:29:38.690+0530][gc,phases   ] GC(87)   Other: 2.1ms
[2024-09-04T11:29:38.690+0530][gc,heap     ] GC(87) Eden regions: 216->0(89)
[2024-09-04T11:29:38.690+0530][gc,heap     ] GC(87) Survivor regions: 3->9(28)
[2024-09-04T11:29:38.690+0530][gc,heap     ] GC(87) Old regions: 205->205
[2024-09-04T11:29:38.690+0530][gc,heap     ] GC(87) Archive regions: 2->2
[2024-09-04T11:29:38.690+0530][gc,heap     ] GC(87) Humongous regions: 129->129
[2024-09-04T11:29:38.690+0530][gc,metaspace] GC(87) Metaspace: 46261K(46976K)->46261K(46976K) NonClass: 40745K(41152K)->40745K(41152K) Class: 5516K(5824K)->5516K(5824K)
[2024-09-04T11:29:38.690+0530][gc          ] GC(87) Pause Young (Normal) (G1 Evacuation Pause) 552M->343M(1024M) 19.516ms
[2024-09-04T11:29:38.690+0530][gc,cpu      ] GC(87) User=0.07s Sys=0.04s Real=0.02s
[2024-09-04T11:30:33.572+0530][gc,start    ] GC(88) Pause Young (Normal) (G1 Evacuation Pause)
[2024-09-04T11:30:33.573+0530][gc,task     ] GC(88) Using 8 workers of 8 for evacuation
[2024-09-04T11:30:33.581+0530][gc,phases   ] GC(88)   Pre Evacuate Collection Set: 0.2ms
[2024-09-04T11:30:33.581+0530][gc,phases   ] GC(88)   Merge Heap Roots: 0.1ms
[2024-09-04T11:30:33.581+0530][gc,phases   ] GC(88)   Evacuate Collection Set: 7.4ms
[2024-09-04T11:30:33.581+0530][gc,phases   ] GC(88)   Post Evacuate Collection Set: 0.3ms
[2024-09-04T11:30:33.581+0530][gc,phases   ] GC(88)   Other: 0.9ms
[2024-09-04T11:30:33.581+0530][gc,heap     ] GC(88) Eden regions: 89->0(232)
[2024-09-04T11:30:33.581+0530][gc,heap     ] GC(88) Survivor regions: 9->5(13)
[2024-09-04T11:30:33.581+0530][gc,heap     ] GC(88) Old regions: 205->209
[2024-09-04T11:30:33.581+0530][gc,heap     ] GC(88) Archive regions: 2->2
[2024-09-04T11:30:33.581+0530][gc,heap     ] GC(88) Humongous regions: 129->129
[2024-09-04T11:30:33.581+0530][gc,metaspace] GC(88) Metaspace: 46261K(46976K)->46261K(46976K) NonClass: 40745K(41152K)->40745K(41152K) Class: 5516K(5824K)->5516K(5824K)
[2024-09-04T11:30:33.581+0530][gc          ] GC(88) Pause Young (Normal) (G1 Evacuation Pause) 432M->342M(1024M) 9.067ms
[2024-09-04T11:30:33.581+0530][gc,cpu      ] GC(88) User=0.05s Sys=0.01s Real=0.01s
[2024-09-04T11:33:30.347+0530][gc,start    ] GC(89) Pause Young (Normal) (G1 Evacuation Pause)
[2024-09-04T11:33:30.347+0530][gc,task     ] GC(89) Using 8 workers of 8 for evacuation
[2024-09-04T11:33:30.363+0530][gc,phases   ] GC(89)   Pre Evacuate Collection Set: 0.1ms
[2024-09-04T11:33:30.363+0530][gc,phases   ] GC(89)   Merge Heap Roots: 0.1ms
[2024-09-04T11:33:30.363+0530][gc,phases   ] GC(89)   Evacuate Collection Set: 15.2ms
[2024-09-04T11:33:30.363+0530][gc,phases   ] GC(89)   Post Evacuate Collection Set: 0.4ms
[2024-09-04T11:33:30.364+0530][gc,phases   ] GC(89)   Other: 0.4ms
[2024-09-04T11:33:30.364+0530][gc,heap     ] GC(89) Eden regions: 232->0(148)
[2024-09-04T11:33:30.364+0530][gc,heap     ] GC(89) Survivor regions: 5->6(30)
[2024-09-04T11:33:30.364+0530][gc,heap     ] GC(89) Old regions: 209->209
[2024-09-04T11:33:30.364+0530][gc,heap     ] GC(89) Archive regions: 2->2
[2024-09-04T11:33:30.364+0530][gc,heap     ] GC(89) Humongous regions: 129->129
[2024-09-04T11:33:30.364+0530][gc,metaspace] GC(89) Metaspace: 46267K(46976K)->46267K(46976K) NonClass: 40748K(41152K)->40748K(41152K) Class: 5518K(5824K)->5518K(5824K)
[2024-09-04T11:33:30.364+0530][gc          ] GC(89) Pause Young (Normal) (G1 Evacuation Pause) 574M->344M(1024M) 16.462ms
[2024-09-04T11:33:30.364+0530][gc,cpu      ] GC(89) User=0.04s Sys=0.05s Real=0.02s
[2024-09-04T11:37:36.504+0530][gc,start    ] GC(90) Pause Young (Normal) (G1 Evacuation Pause)
[2024-09-04T11:37:36.504+0530][gc,task     ] GC(90) Using 8 workers of 8 for evacuation
[2024-09-04T11:37:36.518+0530][gc,phases   ] GC(90)   Pre Evacuate Collection Set: 1.6ms
[2024-09-04T11:37:36.518+0530][gc,phases   ] GC(90)   Merge Heap Roots: 0.3ms
[2024-09-04T11:37:36.518+0530][gc,phases   ] GC(90)   Evacuate Collection Set: 9.4ms
[2024-09-04T11:37:36.518+0530][gc,phases   ] GC(90)   Post Evacuate Collection Set: 1.7ms
[2024-09-04T11:37:36.518+0530][gc,phases   ] GC(90)   Other: 0.7ms
[2024-09-04T11:37:36.518+0530][gc,heap     ] GC(90) Eden regions: 148->0(138)
[2024-09-04T11:37:36.518+0530][gc,heap     ] GC(90) Survivor regions: 6->7(20)
[2024-09-04T11:37:36.518+0530][gc,heap     ] GC(90) Old regions: 209->209
[2024-09-04T11:37:36.518+0530][gc,heap     ] GC(90) Archive regions: 2->2
[2024-09-04T11:37:36.518+0530][gc,heap     ] GC(90) Humongous regions: 129->129
[2024-09-04T11:37:36.518+0530][gc,metaspace] GC(90) Metaspace: 46267K(46976K)->46267K(46976K) NonClass: 40748K(41152K)->40748K(41152K) Class: 5518K(5824K)->5518K(5824K)
[2024-09-04T11:37:36.518+0530][gc          ] GC(90) Pause Young (Normal) (G1 Evacuation Pause) 492M->344M(1024M) 13.750ms
[2024-09-04T11:37:36.518+0530][gc,cpu      ] GC(90) User=0.04s Sys=0.04s Real=0.01s
[2024-09-04T11:39:59.764+0530][gc,start    ] GC(91) Pause Young (Normal) (G1 Evacuation Pause)
[2024-09-04T11:39:59.764+0530][gc,task     ] GC(91) Using 8 workers of 8 for evacuation
[2024-09-04T11:39:59.795+0530][gc,mmu      ] GC(91) MMU target violated: 21.0ms (20.0ms/21.0ms)
[2024-09-04T11:39:59.795+0530][gc,phases   ] GC(91)   Pre Evacuate Collection Set: 0.3ms
[2024-09-04T11:39:59.795+0530][gc,phases   ] GC(91)   Merge Heap Roots: 0.2ms
[2024-09-04T11:39:59.795+0530][gc,phases   ] GC(91)   Evacuate Collection Set: 30.1ms
[2024-09-04T11:39:59.795+0530][gc,phases   ] GC(91)   Post Evacuate Collection Set: 0.6ms
[2024-09-04T11:39:59.795+0530][gc,phases   ] GC(91)   Other: 0.4ms
[2024-09-04T11:39:59.795+0530][gc,heap     ] GC(91) Eden regions: 138->0(43)
[2024-09-04T11:39:59.795+0530][gc,heap     ] GC(91) Survivor regions: 7->8(19)
[2024-09-04T11:39:59.795+0530][gc,heap     ] GC(91) Old regions: 209->209
[2024-09-04T11:39:59.795+0530][gc,heap     ] GC(91) Archive regions: 2->2
[2024-09-04T11:39:59.796+0530][gc,heap     ] GC(91) Humongous regions: 129->129
[2024-09-04T11:39:59.796+0530][gc,metaspace] GC(91) Metaspace: 46267K(46976K)->46267K(46976K) NonClass: 40748K(41152K)->40748K(41152K) Class: 5518K(5824K)->5518K(5824K)
[2024-09-04T11:39:59.796+0530][gc          ] GC(91) Pause Young (Normal) (G1 Evacuation Pause) 482M->345M(1024M) 31.658ms
[2024-09-04T11:39:59.796+0530][gc,cpu      ] GC(91) User=0.04s Sys=0.10s Real=0.03s
[2024-09-04T11:40:26.386+0530][gc,start    ] GC(92) Pause Young (Normal) (G1 Evacuation Pause)
[2024-09-04T11:40:26.388+0530][gc,task     ] GC(92) Using 8 workers of 8 for evacuation
[2024-09-04T11:40:26.398+0530][gc,phases   ] GC(92)   Pre Evacuate Collection Set: 0.8ms
[2024-09-04T11:40:26.398+0530][gc,phases   ] GC(92)   Merge Heap Roots: 0.1ms
[2024-09-04T11:40:26.398+0530][gc,phases   ] GC(92)   Evacuate Collection Set: 8.2ms
[2024-09-04T11:40:26.398+0530][gc,phases   ] GC(92)   Post Evacuate Collection Set: 0.5ms
[2024-09-04T11:40:26.398+0530][gc,phases   ] GC(92)   Other: 2.1ms
[2024-09-04T11:40:26.398+0530][gc,heap     ] GC(92) Eden regions: 43->0(54)
[2024-09-04T11:40:26.398+0530][gc,heap     ] GC(92) Survivor regions: 8->6(7)
[2024-09-04T11:40:26.398+0530][gc,heap     ] GC(92) Old regions: 209->213
[2024-09-04T11:40:26.398+0530][gc,heap     ] GC(92) Archive regions: 2->2
[2024-09-04T11:40:26.398+0530][gc,heap     ] GC(92) Humongous regions: 129->129
[2024-09-04T11:40:26.398+0530][gc,metaspace] GC(92) Metaspace: 46267K(46976K)->46267K(46976K) NonClass: 40748K(41152K)->40748K(41152K) Class: 5518K(5824K)->5518K(5824K)
[2024-09-04T11:40:26.398+0530][gc          ] GC(92) Pause Young (Normal) (G1 Evacuation Pause) 388M->348M(1024M) 11.820ms
[2024-09-04T11:40:26.398+0530][gc,cpu      ] GC(92) User=0.05s Sys=0.01s Real=0.01s
[2024-09-04T11:41:18.223+0530][gc,start    ] GC(93) Pause Young (Normal) (G1 Evacuation Pause)
[2024-09-04T11:41:18.225+0530][gc,task     ] GC(93) Using 8 workers of 8 for evacuation
[2024-09-04T11:41:18.234+0530][gc,phases   ] GC(93)   Pre Evacuate Collection Set: 0.2ms
[2024-09-04T11:41:18.234+0530][gc,phases   ] GC(93)   Merge Heap Roots: 0.2ms
[2024-09-04T11:41:18.234+0530][gc,phases   ] GC(93)   Evacuate Collection Set: 7.9ms
[2024-09-04T11:41:18.234+0530][gc,phases   ] GC(93)   Post Evacuate Collection Set: 0.4ms
[2024-09-04T11:41:18.234+0530][gc,phases   ] GC(93)   Other: 2.2ms
[2024-09-04T11:41:18.234+0530][gc,heap     ] GC(93) Eden regions: 54->0(56)
[2024-09-04T11:41:18.234+0530][gc,heap     ] GC(93) Survivor regions: 6->7(8)
[2024-09-04T11:41:18.234+0530][gc,heap     ] GC(93) Old regions: 213->215
[2024-09-04T11:41:18.234+0530][gc,heap     ] GC(93) Archive regions: 2->2
[2024-09-04T11:41:18.234+0530][gc,heap     ] GC(93) Humongous regions: 129->129
[2024-09-04T11:41:18.234+0530][gc,metaspace] GC(93) Metaspace: 46267K(46976K)->46267K(46976K) NonClass: 40748K(41152K)->40748K(41152K) Class: 5518K(5824K)->5518K(5824K)
[2024-09-04T11:41:18.234+0530][gc          ] GC(93) Pause Young (Normal) (G1 Evacuation Pause) 402M->351M(1024M) 11.081ms
[2024-09-04T11:41:18.234+0530][gc,cpu      ] GC(93) User=0.06s Sys=0.01s Real=0.01s
[2024-09-04T11:42:10.019+0530][gc,start    ] GC(94) Pause Young (Normal) (G1 Evacuation Pause)
[2024-09-04T11:42:10.021+0530][gc,task     ] GC(94) Using 8 workers of 8 for evacuation
[2024-09-04T11:42:10.025+0530][gc,phases   ] GC(94)   Pre Evacuate Collection Set: 0.2ms
[2024-09-04T11:42:10.026+0530][gc,phases   ] GC(94)   Merge Heap Roots: 0.1ms
[2024-09-04T11:42:10.026+0530][gc,phases   ] GC(94)   Evacuate Collection Set: 3.6ms
[2024-09-04T11:42:10.026+0530][gc,phases   ] GC(94)   Post Evacuate Collection Set: 0.4ms
[2024-09-04T11:42:10.026+0530][gc,phases   ] GC(94)   Other: 2.5ms
[2024-09-04T11:42:10.026+0530][gc,heap     ] GC(94) Eden regions: 56->0(161)
[2024-09-04T11:42:10.026+0530][gc,heap     ] GC(94) Survivor regions: 7->3(8)
[2024-09-04T11:42:10.026+0530][gc,heap     ] GC(94) Old regions: 215->216
[2024-09-04T11:42:10.026+0530][gc,heap     ] GC(94) Archive regions: 2->2
[2024-09-04T11:42:10.026+0530][gc,heap     ] GC(94) Humongous regions: 129->129
[2024-09-04T11:42:10.026+0530][gc,metaspace] GC(94) Metaspace: 46267K(46976K)->46267K(46976K) NonClass: 40748K(41152K)->40748K(41152K) Class: 5518K(5824K)->5518K(5824K)
[2024-09-04T11:42:10.026+0530][gc          ] GC(94) Pause Young (Normal) (G1 Evacuation Pause) 407M->348M(1024M) 6.948ms
[2024-09-04T11:42:10.026+0530][gc,cpu      ] GC(94) User=0.03s Sys=0.00s Real=0.01s
[2024-09-04T11:44:42.279+0530][gc,start    ] GC(95) Pause Young (Normal) (G1 Evacuation Pause)
[2024-09-04T11:44:42.280+0530][gc,task     ] GC(95) Using 8 workers of 8 for evacuation
[2024-09-04T11:44:42.294+0530][gc,phases   ] GC(95)   Pre Evacuate Collection Set: 0.2ms
[2024-09-04T11:44:42.294+0530][gc,phases   ] GC(95)   Merge Heap Roots: 0.1ms
[2024-09-04T11:44:42.294+0530][gc,phases   ] GC(95)   Evacuate Collection Set: 12.2ms
[2024-09-04T11:44:42.294+0530][gc,phases   ] GC(95)   Post Evacuate Collection Set: 0.5ms
[2024-09-04T11:44:42.294+0530][gc,phases   ] GC(95)   Other: 2.0ms
[2024-09-04T11:44:42.294+0530][gc,heap     ] GC(95) Eden regions: 160->0(112)
[2024-09-04T11:44:42.294+0530][gc,heap     ] GC(95) Survivor regions: 3->6(21)
[2024-09-04T11:44:42.294+0530][gc,heap     ] GC(95) Old regions: 216->216
[2024-09-04T11:44:42.294+0530][gc,heap     ] GC(95) Archive regions: 2->2
[2024-09-04T11:44:42.294+0530][gc,heap     ] GC(95) Humongous regions: 129->129
[2024-09-04T11:44:42.294+0530][gc,metaspace] GC(95) Metaspace: 46267K(46976K)->46267K(46976K) NonClass: 40748K(41152K)->40748K(41152K) Class: 5518K(5824K)->5518K(5824K)
[2024-09-04T11:44:42.294+0530][gc          ] GC(95) Pause Young (Normal) (G1 Evacuation Pause) 508M->351M(1024M) 15.158ms
[2024-09-04T11:44:42.294+0530][gc,cpu      ] GC(95) User=0.03s Sys=0.04s Real=0.02s
[2024-09-04T11:45:37.273+0530][gc,start    ] GC(96) Pause Young (Normal) (G1 Evacuation Pause)
[2024-09-04T11:45:37.275+0530][gc,task     ] GC(96) Using 8 workers of 8 for evacuation
[2024-09-04T11:45:37.280+0530][gc,phases   ] GC(96)   Pre Evacuate Collection Set: 0.2ms
[2024-09-04T11:45:37.280+0530][gc,phases   ] GC(96)   Merge Heap Roots: 0.1ms
[2024-09-04T11:45:37.280+0530][gc,phases   ] GC(96)   Evacuate Collection Set: 4.3ms
[2024-09-04T11:45:37.280+0530][gc,phases   ] GC(96)   Post Evacuate Collection Set: 0.4ms
[2024-09-04T11:45:37.280+0530][gc,phases   ] GC(96)   Other: 2.0ms
[2024-09-04T11:45:37.280+0530][gc,heap     ] GC(96) Eden regions: 112->0(175)
[2024-09-04T11:45:37.280+0530][gc,heap     ] GC(96) Survivor regions: 6->6(15)
[2024-09-04T11:45:37.280+0530][gc,heap     ] GC(96) Old regions: 216->216
[2024-09-04T11:45:37.280+0530][gc,heap     ] GC(96) Archive regions: 2->2
[2024-09-04T11:45:37.280+0530][gc,heap     ] GC(96) Humongous regions: 129->129
[2024-09-04T11:45:37.280+0530][gc,metaspace] GC(96) Metaspace: 46267K(46976K)->46267K(46976K) NonClass: 40748K(41152K)->40748K(41152K) Class: 5518K(5824K)->5518K(5824K)
[2024-09-04T11:45:37.280+0530][gc          ] GC(96) Pause Young (Normal) (G1 Evacuation Pause) 463M->351M(1024M) 7.076ms
[2024-09-04T11:45:37.280+0530][gc,cpu      ] GC(96) User=0.03s Sys=0.00s Real=0.01s
[2024-09-04T11:49:13.214+0530][gc,start    ] GC(97) Pause Young (Normal) (G1 Evacuation Pause)
[2024-09-04T11:49:13.214+0530][gc,task     ] GC(97) Using 8 workers of 8 for evacuation
[2024-09-04T11:49:13.252+0530][gc,mmu      ] GC(97) MMU target violated: 21.0ms (20.0ms/21.0ms)
[2024-09-04T11:49:13.253+0530][gc,phases   ] GC(97)   Pre Evacuate Collection Set: 1.1ms
[2024-09-04T11:49:13.253+0530][gc,phases   ] GC(97)   Merge Heap Roots: 0.3ms
[2024-09-04T11:49:13.253+0530][gc,phases   ] GC(97)   Evacuate Collection Set: 35.0ms
[2024-09-04T11:49:13.253+0530][gc,phases   ] GC(97)   Post Evacuate Collection Set: 1.9ms
[2024-09-04T11:49:13.253+0530][gc,phases   ] GC(97)   Other: 0.7ms
[2024-09-04T11:49:13.253+0530][gc,heap     ] GC(97) Eden regions: 175->0(40)
[2024-09-04T11:49:13.253+0530][gc,heap     ] GC(97) Survivor regions: 6->11(23)
[2024-09-04T11:49:13.253+0530][gc,heap     ] GC(97) Old regions: 216->216
[2024-09-04T11:49:13.253+0530][gc,heap     ] GC(97) Archive regions: 2->2
[2024-09-04T11:49:13.253+0530][gc,heap     ] GC(97) Humongous regions: 129->129
[2024-09-04T11:49:13.253+0530][gc,metaspace] GC(97) Metaspace: 46268K(46976K)->46268K(46976K) NonClass: 40749K(41152K)->40749K(41152K) Class: 5518K(5824K)->5518K(5824K)
[2024-09-04T11:49:13.253+0530][gc          ] GC(97) Pause Young (Normal) (G1 Evacuation Pause) 526M->356M(1024M) 38.978ms
[2024-09-04T11:49:13.253+0530][gc,cpu      ] GC(97) User=0.06s Sys=0.10s Real=0.04s
[2024-09-04T11:50:32.648+0530][gc,start    ] GC(98) Pause Young (Normal) (G1 Evacuation Pause)
[2024-09-04T11:50:32.648+0530][gc,task     ] GC(98) Using 8 workers of 8 for evacuation
[2024-09-04T11:50:32.664+0530][gc,phases   ] GC(98)   Pre Evacuate Collection Set: 0.2ms
[2024-09-04T11:50:32.664+0530][gc,phases   ] GC(98)   Merge Heap Roots: 0.2ms
[2024-09-04T11:50:32.664+0530][gc,phases   ] GC(98)   Evacuate Collection Set: 14.5ms
[2024-09-04T11:50:32.664+0530][gc,phases   ] GC(98)   Post Evacuate Collection Set: 0.5ms
[2024-09-04T11:50:32.664+0530][gc,phases   ] GC(98)   Other: 0.3ms
[2024-09-04T11:50:32.664+0530][gc,heap     ] GC(98) Eden regions: 40->0(93)
[2024-09-04T11:50:32.664+0530][gc,heap     ] GC(98) Survivor regions: 11->4(7)
[2024-09-04T11:50:32.664+0530][gc,heap     ] GC(98) Old regions: 216->227
[2024-09-04T11:50:32.664+0530][gc,heap     ] GC(98) Archive regions: 2->2
[2024-09-04T11:50:32.664+0530][gc,heap     ] GC(98) Humongous regions: 129->129
[2024-09-04T11:50:32.664+0530][gc,metaspace] GC(98) Metaspace: 46268K(46976K)->46268K(46976K) NonClass: 40749K(41152K)->40749K(41152K) Class: 5518K(5824K)->5518K(5824K)
[2024-09-04T11:50:32.664+0530][gc          ] GC(98) Pause Young (Normal) (G1 Evacuation Pause) 396M->359M(1024M) 15.678ms
[2024-09-04T11:50:32.664+0530][gc,cpu      ] GC(98) User=0.08s Sys=0.02s Real=0.02s
[2024-09-04T11:53:38.534+0530][gc,start    ] GC(99) Pause Young (Normal) (G1 Evacuation Pause)
[2024-09-04T11:53:38.534+0530][gc,task     ] GC(99) Using 8 workers of 8 for evacuation
[2024-09-04T11:53:38.541+0530][gc,phases   ] GC(99)   Pre Evacuate Collection Set: 0.2ms
[2024-09-04T11:53:38.542+0530][gc,phases   ] GC(99)   Merge Heap Roots: 0.1ms
[2024-09-04T11:53:38.542+0530][gc,phases   ] GC(99)   Evacuate Collection Set: 6.2ms
[2024-09-04T11:53:38.542+0530][gc,phases   ] GC(99)   Post Evacuate Collection Set: 0.4ms
[2024-09-04T11:53:38.542+0530][gc,phases   ] GC(99)   Other: 0.6ms
[2024-09-04T11:53:38.542+0530][gc,heap     ] GC(99) Eden regions: 93->0(109)
[2024-09-04T11:53:38.542+0530][gc,heap     ] GC(99) Survivor regions: 4->6(13)
[2024-09-04T11:53:38.542+0530][gc,heap     ] GC(99) Old regions: 227->227
[2024-09-04T11:53:38.542+0530][gc,heap     ] GC(99) Archive regions: 2->2
[2024-09-04T11:53:38.542+0530][gc,heap     ] GC(99) Humongous regions: 129->129
[2024-09-04T11:53:38.542+0530][gc,metaspace] GC(99) Metaspace: 46268K(46976K)->46268K(46976K) NonClass: 40749K(41152K)->40749K(41152K) Class: 5518K(5824K)->5518K(5824K)
[2024-09-04T11:53:38.542+0530][gc          ] GC(99) Pause Young (Normal) (G1 Evacuation Pause) 452M->361M(1024M) 8.047ms
[2024-09-04T11:53:38.542+0530][gc,cpu      ] GC(99) User=0.03s Sys=0.01s Real=0.01s
[2024-09-04T11:57:15.502+0530][gc,start    ] GC(100) Pause Young (Normal) (G1 Evacuation Pause)
[2024-09-04T11:57:15.504+0530][gc,task     ] GC(100) Using 8 workers of 8 for evacuation
[2024-09-04T11:57:15.511+0530][gc,phases   ] GC(100)   Pre Evacuate Collection Set: 1.0ms
[2024-09-04T11:57:15.511+0530][gc,phases   ] GC(100)   Merge Heap Roots: 0.1ms
[2024-09-04T11:57:15.511+0530][gc,phases   ] GC(100)   Evacuate Collection Set: 5.4ms
[2024-09-04T11:57:15.511+0530][gc,phases   ] GC(100)   Post Evacuate Collection Set: 0.4ms
[2024-09-04T11:57:15.511+0530][gc,phases   ] GC(100)   Other: 2.1ms
[2024-09-04T11:57:15.511+0530][gc,heap     ] GC(100) Eden regions: 109->0(159)
[2024-09-04T11:57:15.511+0530][gc,heap     ] GC(100) Survivor regions: 6->6(15)
[2024-09-04T11:57:15.511+0530][gc,heap     ] GC(100) Old regions: 227->227
[2024-09-04T11:57:15.511+0530][gc,heap     ] GC(100) Archive regions: 2->2
[2024-09-04T11:57:15.511+0530][gc,heap     ] GC(100) Humongous regions: 129->129
[2024-09-04T11:57:15.511+0530][gc,metaspace] GC(100) Metaspace: 46272K(46976K)->46272K(46976K) NonClass: 40753K(41152K)->40753K(41152K) Class: 5518K(5824K)->5518K(5824K)
[2024-09-04T11:57:15.512+0530][gc          ] GC(100) Pause Young (Normal) (G1 Evacuation Pause) 470M->361M(1024M) 9.199ms
[2024-09-04T11:57:15.512+0530][gc,cpu      ] GC(100) User=0.04s Sys=0.01s Real=0.01s
[2024-09-04T12:02:32.523+0530][gc,start    ] GC(101) Pause Young (Normal) (G1 Evacuation Pause)
[2024-09-04T12:02:32.525+0530][gc,task     ] GC(101) Using 8 workers of 8 for evacuation
[2024-09-04T12:02:32.552+0530][gc,mmu      ] GC(101) MMU target violated: 21.0ms (20.0ms/21.0ms)
[2024-09-04T12:02:32.552+0530][gc,phases   ] GC(101)   Pre Evacuate Collection Set: 0.2ms
[2024-09-04T12:02:32.552+0530][gc,phases   ] GC(101)   Merge Heap Roots: 0.1ms
[2024-09-04T12:02:32.552+0530][gc,phases   ] GC(101)   Evacuate Collection Set: 25.7ms
[2024-09-04T12:02:32.552+0530][gc,phases   ] GC(101)   Post Evacuate Collection Set: 0.6ms
[2024-09-04T12:02:32.552+0530][gc,phases   ] GC(101)   Other: 2.4ms
[2024-09-04T12:02:32.552+0530][gc,heap     ] GC(101) Eden regions: 159->0(41)
[2024-09-04T12:02:32.552+0530][gc,heap     ] GC(101) Survivor regions: 6->10(21)
[2024-09-04T12:02:32.552+0530][gc,heap     ] GC(101) Old regions: 227->227
[2024-09-04T12:02:32.552+0530][gc,heap     ] GC(101) Archive regions: 2->2
[2024-09-04T12:02:32.552+0530][gc,heap     ] GC(101) Humongous regions: 129->129
[2024-09-04T12:02:32.552+0530][gc,metaspace] GC(101) Metaspace: 46276K(46976K)->46276K(46976K) NonClass: 40758K(41152K)->40758K(41152K) Class: 5518K(5824K)->5518K(5824K)
[2024-09-04T12:02:32.552+0530][gc          ] GC(101) Pause Young (Normal) (G1 Evacuation Pause) 520M->365M(1024M) 29.091ms
[2024-09-04T12:02:32.552+0530][gc,cpu      ] GC(101) User=0.06s Sys=0.09s Real=0.03s
[2024-09-04T12:03:54.420+0530][gc,start    ] GC(102) Pause Young (Normal) (G1 Evacuation Pause)
[2024-09-04T12:03:54.421+0530][gc,task     ] GC(102) Using 8 workers of 8 for evacuation
[2024-09-04T12:03:54.432+0530][gc,phases   ] GC(102)   Pre Evacuate Collection Set: 0.1ms
[2024-09-04T12:03:54.432+0530][gc,phases   ] GC(102)   Merge Heap Roots: 0.1ms
[2024-09-04T12:03:54.432+0530][gc,phases   ] GC(102)   Evacuate Collection Set: 10.7ms
[2024-09-04T12:03:54.432+0530][gc,phases   ] GC(102)   Post Evacuate Collection Set: 0.5ms
[2024-09-04T12:03:54.432+0530][gc,phases   ] GC(102)   Other: 0.2ms
[2024-09-04T12:03:54.432+0530][gc,heap     ] GC(102) Eden regions: 41->0(112)
[2024-09-04T12:03:54.432+0530][gc,heap     ] GC(102) Survivor regions: 10->4(7)
[2024-09-04T12:03:54.432+0530][gc,heap     ] GC(102) Old regions: 227->236
[2024-09-04T12:03:54.432+0530][gc,heap     ] GC(102) Archive regions: 2->2
[2024-09-04T12:03:54.432+0530][gc,heap     ] GC(102) Humongous regions: 129->129
[2024-09-04T12:03:54.432+0530][gc,metaspace] GC(102) Metaspace: 46276K(46976K)->46276K(46976K) NonClass: 40758K(41152K)->40758K(41152K) Class: 5518K(5824K)->5518K(5824K)
[2024-09-04T12:03:54.432+0530][gc          ] GC(102) Pause Young (Normal) (G1 Evacuation Pause) 406M->368M(1024M) 11.809ms
[2024-09-04T12:03:54.432+0530][gc,cpu      ] GC(102) User=0.06s Sys=0.02s Real=0.01s
[2024-09-04T12:07:38.510+0530][gc,start    ] GC(103) Pause Young (Concurrent Start) (G1 Evacuation Pause)
[2024-09-04T12:07:38.510+0530][gc,task     ] GC(103) Using 8 workers of 8 for evacuation
[2024-09-04T12:07:38.564+0530][gc,mmu      ] GC(103) MMU target violated: 21.0ms (20.0ms/21.0ms)
[2024-09-04T12:07:38.564+0530][gc,phases   ] GC(103)   Pre Evacuate Collection Set: 1.1ms
[2024-09-04T12:07:38.564+0530][gc,phases   ] GC(103)   Merge Heap Roots: 0.1ms
[2024-09-04T12:07:38.564+0530][gc,phases   ] GC(103)   Evacuate Collection Set: 49.9ms
[2024-09-04T12:07:38.564+0530][gc,phases   ] GC(103)   Post Evacuate Collection Set: 1.3ms
[2024-09-04T12:07:38.564+0530][gc,phases   ] GC(103)   Other: 1.7ms
[2024-09-04T12:07:38.564+0530][gc,heap     ] GC(103) Eden regions: 112->0(43)
[2024-09-04T12:07:38.564+0530][gc,heap     ] GC(103) Survivor regions: 4->8(15)
[2024-09-04T12:07:38.564+0530][gc,heap     ] GC(103) Old regions: 236->236
[2024-09-04T12:07:38.564+0530][gc,heap     ] GC(103) Archive regions: 2->2
[2024-09-04T12:07:38.564+0530][gc,heap     ] GC(103) Humongous regions: 129->129
[2024-09-04T12:07:38.564+0530][gc,metaspace] GC(103) Metaspace: 46283K(46976K)->46283K(46976K) NonClass: 40765K(41152K)->40765K(41152K) Class: 5518K(5824K)->5518K(5824K)
[2024-09-04T12:07:38.564+0530][gc          ] GC(103) Pause Young (Concurrent Start) (G1 Evacuation Pause) 480M->372M(1024M) 54.141ms
[2024-09-04T12:07:38.564+0530][gc,cpu      ] GC(103) User=0.07s Sys=0.10s Real=0.05s
[2024-09-04T12:07:38.564+0530][gc          ] GC(104) Concurrent Mark Cycle
[2024-09-04T12:07:38.564+0530][gc,marking  ] GC(104) Concurrent Clear Claimed Marks
[2024-09-04T12:07:38.565+0530][gc,marking  ] GC(104) Concurrent Clear Claimed Marks 1.034ms
[2024-09-04T12:07:38.565+0530][gc,marking  ] GC(104) Concurrent Scan Root Regions
[2024-09-04T12:07:38.621+0530][gc,marking  ] GC(104) Concurrent Scan Root Regions 55.394ms
[2024-09-04T12:07:38.621+0530][gc,marking  ] GC(104) Concurrent Mark
[2024-09-04T12:07:38.621+0530][gc,marking  ] GC(104) Concurrent Mark From Roots
[2024-09-04T12:07:38.621+0530][gc,task     ] GC(104) Using 2 workers of 2 for marking
[2024-09-04T12:07:38.880+0530][gc,marking  ] GC(104) Concurrent Mark From Roots 259.254ms
[2024-09-04T12:07:38.880+0530][gc,marking  ] GC(104) Concurrent Preclean
[2024-09-04T12:07:38.880+0530][gc,marking  ] GC(104) Concurrent Preclean 0.424ms
[2024-09-04T12:07:38.880+0530][gc,start    ] GC(104) Pause Remark
[2024-09-04T12:07:39.091+0530][gc,mmu      ] GC(104) MMU target violated: 21.0ms (20.0ms/21.0ms)
[2024-09-04T12:07:39.092+0530][gc          ] GC(104) Pause Remark 373M->293M(1024M) 211.054ms
[2024-09-04T12:07:39.092+0530][gc,cpu      ] GC(104) User=0.06s Sys=0.49s Real=0.21s
[2024-09-04T12:07:39.092+0530][gc,marking  ] GC(104) Concurrent Mark 471.214ms
[2024-09-04T12:07:39.092+0530][gc,marking  ] GC(104) Concurrent Rebuild Remembered Sets
[2024-09-04T12:07:39.182+0530][gc,marking  ] GC(104) Concurrent Rebuild Remembered Sets 89.840ms
[2024-09-04T12:07:39.182+0530][gc,start    ] GC(104) Pause Cleanup
[2024-09-04T12:07:39.182+0530][gc          ] GC(104) Pause Cleanup 293M->293M(1024M) 0.369ms
[2024-09-04T12:07:39.182+0530][gc,cpu      ] GC(104) User=0.00s Sys=0.01s Real=0.00s
[2024-09-04T12:07:39.182+0530][gc,marking  ] GC(104) Concurrent Cleanup for Next Mark
[2024-09-04T12:07:39.193+0530][gc,marking  ] GC(104) Concurrent Cleanup for Next Mark 10.284ms
[2024-09-04T12:07:39.193+0530][gc          ] GC(104) Concurrent Mark Cycle 628.684ms
[2024-09-04T12:09:03.573+0530][gc,start    ] GC(105) Pause Young (Prepare Mixed) (G1 Evacuation Pause)
[2024-09-04T12:09:03.575+0530][gc,task     ] GC(105) Using 8 workers of 8 for evacuation
[2024-09-04T12:09:03.587+0530][gc,phases   ] GC(105)   Pre Evacuate Collection Set: 0.2ms
[2024-09-04T12:09:03.587+0530][gc,phases   ] GC(105)   Merge Heap Roots: 0.1ms
[2024-09-04T12:09:03.587+0530][gc,phases   ] GC(105)   Evacuate Collection Set: 11.1ms
[2024-09-04T12:09:03.587+0530][gc,phases   ] GC(105)   Post Evacuate Collection Set: 0.4ms
[2024-09-04T12:09:03.587+0530][gc,phases   ] GC(105)   Other: 2.2ms
[2024-09-04T12:09:03.587+0530][gc,heap     ] GC(105) Eden regions: 43->0(49)
[2024-09-04T12:09:03.587+0530][gc,heap     ] GC(105) Survivor regions: 8->2(7)
[2024-09-04T12:09:03.587+0530][gc,heap     ] GC(105) Old regions: 155->157
[2024-09-04T12:09:03.587+0530][gc,heap     ] GC(105) Archive regions: 2->2
[2024-09-04T12:09:03.587+0530][gc,heap     ] GC(105) Humongous regions: 129->129
[2024-09-04T12:09:03.587+0530][gc,metaspace] GC(105) Metaspace: 46231K(46976K)->46231K(46976K) NonClass: 40725K(41152K)->40725K(41152K) Class: 5506K(5824K)->5506K(5824K)
[2024-09-04T12:09:03.587+0530][gc          ] GC(105) Pause Young (Prepare Mixed) (G1 Evacuation Pause) 335M->288M(1024M) 14.194ms
[2024-09-04T12:09:03.587+0530][gc,cpu      ] GC(105) User=0.02s Sys=0.03s Real=0.01s
[2024-09-04T12:10:38.962+0530][gc,start    ] GC(106) Pause Young (Mixed) (G1 Evacuation Pause)
[2024-09-04T12:10:38.964+0530][gc,task     ] GC(106) Using 8 workers of 8 for evacuation
[2024-09-04T12:10:38.973+0530][gc,phases   ] GC(106)   Pre Evacuate Collection Set: 0.2ms
[2024-09-04T12:10:38.973+0530][gc,phases   ] GC(106)   Merge Heap Roots: 0.1ms
[2024-09-04T12:10:38.973+0530][gc,phases   ] GC(106)   Evacuate Collection Set: 6.1ms
[2024-09-04T12:10:38.973+0530][gc,phases   ] GC(106)   Merge Optional Heap Roots: 0.0ms
[2024-09-04T12:10:38.973+0530][gc,phases   ] GC(106)   Evacuate Optional Collection Set: 1.2ms
[2024-09-04T12:10:38.973+0530][gc,phases   ] GC(106)   Post Evacuate Collection Set: 1.7ms
[2024-09-04T12:10:38.973+0530][gc,phases   ] GC(106)   Other: 2.0ms
[2024-09-04T12:10:38.974+0530][gc,heap     ] GC(106) Eden regions: 49->0(46)
[2024-09-04T12:10:38.974+0530][gc,heap     ] GC(106) Survivor regions: 2->5(7)
[2024-09-04T12:10:38.974+0530][gc,heap     ] GC(106) Old regions: 157->133
[2024-09-04T12:10:38.974+0530][gc,heap     ] GC(106) Archive regions: 2->2
[2024-09-04T12:10:38.974+0530][gc,heap     ] GC(106) Humongous regions: 129->129
[2024-09-04T12:10:38.974+0530][gc,metaspace] GC(106) Metaspace: 46231K(46976K)->46231K(46976K) NonClass: 40725K(41152K)->40725K(41152K) Class: 5506K(5824K)->5506K(5824K)
[2024-09-04T12:10:38.974+0530][gc          ] GC(106) Pause Young (Mixed) (G1 Evacuation Pause) 337M->267M(1024M) 11.731ms
[2024-09-04T12:10:38.974+0530][gc,cpu      ] GC(106) User=0.03s Sys=0.01s Real=0.01s
[2024-09-04T12:12:10.953+0530][gc,start    ] GC(107) Pause Young (Mixed) (G1 Evacuation Pause)
[2024-09-04T12:12:10.955+0530][gc,task     ] GC(107) Using 8 workers of 8 for evacuation
[2024-09-04T12:12:10.975+0530][gc,phases   ] GC(107)   Pre Evacuate Collection Set: 0.2ms
[2024-09-04T12:12:10.975+0530][gc,phases   ] GC(107)   Merge Heap Roots: 0.1ms
[2024-09-04T12:12:10.975+0530][gc,phases   ] GC(107)   Evacuate Collection Set: 14.6ms
[2024-09-04T12:12:10.975+0530][gc,phases   ] GC(107)   Merge Optional Heap Roots: 0.1ms
[2024-09-04T12:12:10.975+0530][gc,phases   ] GC(107)   Evacuate Optional Collection Set: 2.1ms
[2024-09-04T12:12:10.975+0530][gc,phases   ] GC(107)   Post Evacuate Collection Set: 2.4ms
[2024-09-04T12:12:10.975+0530][gc,phases   ] GC(107)   Other: 2.3ms
[2024-09-04T12:12:10.975+0530][gc,heap     ] GC(107) Eden regions: 46->0(44)
[2024-09-04T12:12:10.975+0530][gc,heap     ] GC(107) Survivor regions: 5->7(7)
[2024-09-04T12:12:10.975+0530][gc,heap     ] GC(107) Old regions: 133->91
[2024-09-04T12:12:10.975+0530][gc,heap     ] GC(107) Archive regions: 2->2
[2024-09-04T12:12:10.975+0530][gc,heap     ] GC(107) Humongous regions: 129->129
[2024-09-04T12:12:10.975+0530][gc,metaspace] GC(107) Metaspace: 46231K(46976K)->46231K(46976K) NonClass: 40725K(41152K)->40725K(41152K) Class: 5506K(5824K)->5506K(5824K)
[2024-09-04T12:12:10.975+0530][gc          ] GC(107) Pause Young (Mixed) (G1 Evacuation Pause) 313M->227M(1024M) 22.014ms
[2024-09-04T12:12:10.975+0530][gc,cpu      ] GC(107) User=0.05s Sys=0.03s Real=0.02s
[2024-09-04T12:13:37.482+0530][gc,start    ] GC(108) Pause Young (Mixed) (G1 Evacuation Pause)
[2024-09-04T12:13:37.484+0530][gc,task     ] GC(108) Using 8 workers of 8 for evacuation
[2024-09-04T12:13:37.493+0530][gc,phases   ] GC(108)   Pre Evacuate Collection Set: 0.2ms
[2024-09-04T12:13:37.493+0530][gc,phases   ] GC(108)   Merge Heap Roots: 0.1ms
[2024-09-04T12:13:37.493+0530][gc,phases   ] GC(108)   Evacuate Collection Set: 8.3ms
[2024-09-04T12:13:37.493+0530][gc,phases   ] GC(108)   Post Evacuate Collection Set: 0.3ms
[2024-09-04T12:13:37.493+0530][gc,phases   ] GC(108)   Other: 2.1ms
[2024-09-04T12:13:37.493+0530][gc,heap     ] GC(108) Eden regions: 44->0(116)
[2024-09-04T12:13:37.493+0530][gc,heap     ] GC(108) Survivor regions: 7->4(7)
[2024-09-04T12:13:37.493+0530][gc,heap     ] GC(108) Old regions: 91->77
[2024-09-04T12:13:37.493+0530][gc,heap     ] GC(108) Archive regions: 2->2
[2024-09-04T12:13:37.493+0530][gc,heap     ] GC(108) Humongous regions: 129->129
[2024-09-04T12:13:37.493+0530][gc,metaspace] GC(108) Metaspace: 46231K(46976K)->46231K(46976K) NonClass: 40725K(41152K)->40725K(41152K) Class: 5506K(5824K)->5506K(5824K)
[2024-09-04T12:13:37.493+0530][gc          ] GC(108) Pause Young (Mixed) (G1 Evacuation Pause) 271M->210M(1024M) 11.256ms
[2024-09-04T12:13:37.493+0530][gc,cpu      ] GC(108) User=0.03s Sys=0.01s Real=0.01s
[2024-09-04T12:17:27.662+0530][gc,start    ] GC(109) Pause Young (Normal) (G1 Evacuation Pause)
[2024-09-04T12:17:27.664+0530][gc,task     ] GC(109) Using 8 workers of 8 for evacuation
[2024-09-04T12:17:27.671+0530][gc,phases   ] GC(109)   Pre Evacuate Collection Set: 0.2ms
[2024-09-04T12:17:27.671+0530][gc,phases   ] GC(109)   Merge Heap Roots: 0.1ms
[2024-09-04T12:17:27.671+0530][gc,phases   ] GC(109)   Evacuate Collection Set: 5.9ms
[2024-09-04T12:17:27.671+0530][gc,phases   ] GC(109)   Post Evacuate Collection Set: 0.4ms
[2024-09-04T12:17:27.671+0530][gc,phases   ] GC(109)   Other: 2.2ms
[2024-09-04T12:17:27.671+0530][gc,heap     ] GC(109) Eden regions: 116->0(175)
[2024-09-04T12:17:27.672+0530][gc,heap     ] GC(109) Survivor regions: 4->4(15)
[2024-09-04T12:17:27.672+0530][gc,heap     ] GC(109) Old regions: 77->77
[2024-09-04T12:17:27.672+0530][gc,heap     ] GC(109) Archive regions: 2->2
[2024-09-04T12:17:27.672+0530][gc,heap     ] GC(109) Humongous regions: 129->129
[2024-09-04T12:17:27.672+0530][gc,metaspace] GC(109) Metaspace: 46231K(46976K)->46231K(46976K) NonClass: 40725K(41152K)->40725K(41152K) Class: 5506K(5824K)->5506K(5824K)
[2024-09-04T12:17:27.672+0530][gc          ] GC(109) Pause Young (Normal) (G1 Evacuation Pause) 326M->210M(1024M) 9.150ms
[2024-09-04T12:17:27.672+0530][gc,cpu      ] GC(109) User=0.03s Sys=0.01s Real=0.01s
[2024-09-04T12:23:18.950+0530][gc,start    ] GC(110) Pause Young (Normal) (G1 Evacuation Pause)
[2024-09-04T12:23:18.950+0530][gc,task     ] GC(110) Using 8 workers of 8 for evacuation
[2024-09-04T12:23:18.973+0530][gc,mmu      ] GC(110) MMU target violated: 21.0ms (20.0ms/21.0ms)
[2024-09-04T12:23:18.973+0530][gc,phases   ] GC(110)   Pre Evacuate Collection Set: 0.2ms
[2024-09-04T12:23:18.973+0530][gc,phases   ] GC(110)   Merge Heap Roots: 0.1ms
[2024-09-04T12:23:18.973+0530][gc,phases   ] GC(110)   Evacuate Collection Set: 22.2ms
[2024-09-04T12:23:18.973+0530][gc,phases   ] GC(110)   Post Evacuate Collection Set: 0.4ms
[2024-09-04T12:23:18.973+0530][gc,phases   ] GC(110)   Other: 0.7ms
[2024-09-04T12:23:18.973+0530][gc,heap     ] GC(110) Eden regions: 175->0(42)
[2024-09-04T12:23:18.973+0530][gc,heap     ] GC(110) Survivor regions: 4->9(23)
[2024-09-04T12:23:18.973+0530][gc,heap     ] GC(110) Old regions: 77->77
[2024-09-04T12:23:18.973+0530][gc,heap     ] GC(110) Archive regions: 2->2
[2024-09-04T12:23:18.973+0530][gc,heap     ] GC(110) Humongous regions: 129->129
[2024-09-04T12:23:18.973+0530][gc,metaspace] GC(110) Metaspace: 46231K(46976K)->46231K(46976K) NonClass: 40725K(41152K)->40725K(41152K) Class: 5506K(5824K)->5506K(5824K)
[2024-09-04T12:23:18.973+0530][gc          ] GC(110) Pause Young (Normal) (G1 Evacuation Pause) 385M->215M(1024M) 23.717ms
[2024-09-04T12:23:18.973+0530][gc,cpu      ] GC(110) User=0.05s Sys=0.08s Real=0.02s
[2024-09-04T12:24:41.631+0530][gc,start    ] GC(111) Pause Young (Normal) (G1 Evacuation Pause)
[2024-09-04T12:24:41.632+0530][gc,task     ] GC(111) Using 8 workers of 8 for evacuation
[2024-09-04T12:24:41.738+0530][gc,mmu      ] GC(111) MMU target violated: 21.0ms (20.0ms/21.0ms)
[2024-09-04T12:24:41.738+0530][gc,phases   ] GC(111)   Pre Evacuate Collection Set: 1.2ms
[2024-09-04T12:24:41.738+0530][gc,phases   ] GC(111)   Merge Heap Roots: 0.1ms
[2024-09-04T12:24:41.738+0530][gc,phases   ] GC(111)   Evacuate Collection Set: 103.1ms
[2024-09-04T12:24:41.738+0530][gc,phases   ] GC(111)   Post Evacuate Collection Set: 1.6ms
[2024-09-04T12:24:41.738+0530][gc,phases   ] GC(111)   Other: 0.6ms
[2024-09-04T12:24:41.738+0530][gc,heap     ] GC(111) Eden regions: 42->0(47)
[2024-09-04T12:24:41.738+0530][gc,heap     ] GC(111) Survivor regions: 9->4(7)
[2024-09-04T12:24:41.738+0530][gc,heap     ] GC(111) Old regions: 77->86
[2024-09-04T12:24:41.738+0530][gc,heap     ] GC(111) Archive regions: 2->2
[2024-09-04T12:24:41.738+0530][gc,heap     ] GC(111) Humongous regions: 129->129
[2024-09-04T12:24:41.738+0530][gc,metaspace] GC(111) Metaspace: 46231K(46976K)->46231K(46976K) NonClass: 40725K(41152K)->40725K(41152K) Class: 5506K(5824K)->5506K(5824K)
[2024-09-04T12:24:41.738+0530][gc          ] GC(111) Pause Young (Normal) (G1 Evacuation Pause) 257M->218M(1024M) 106.856ms
[2024-09-04T12:24:41.738+0530][gc,cpu      ] GC(111) User=0.08s Sys=0.13s Real=0.10s
[2024-09-04T12:26:14.652+0530][gc,start    ] GC(112) Pause Young (Normal) (G1 Evacuation Pause)
[2024-09-04T12:26:14.654+0530][gc,task     ] GC(112) Using 8 workers of 8 for evacuation
[2024-09-04T12:26:14.659+0530][gc,phases   ] GC(112)   Pre Evacuate Collection Set: 0.2ms
[2024-09-04T12:26:14.659+0530][gc,phases   ] GC(112)   Merge Heap Roots: 0.1ms
[2024-09-04T12:26:14.659+0530][gc,phases   ] GC(112)   Evacuate Collection Set: 4.0ms
[2024-09-04T12:26:14.659+0530][gc,phases   ] GC(112)   Post Evacuate Collection Set: 0.4ms
[2024-09-04T12:26:14.659+0530][gc,phases   ] GC(112)   Other: 2.2ms
[2024-09-04T12:26:14.659+0530][gc,heap     ] GC(112) Eden regions: 47->0(47)
[2024-09-04T12:26:14.659+0530][gc,heap     ] GC(112) Survivor regions: 4->4(7)
[2024-09-04T12:26:14.659+0530][gc,heap     ] GC(112) Old regions: 86->86
[2024-09-04T12:26:14.659+0530][gc,heap     ] GC(112) Archive regions: 2->2
[2024-09-04T12:26:14.659+0530][gc,heap     ] GC(112) Humongous regions: 129->129
[2024-09-04T12:26:14.659+0530][gc,metaspace] GC(112) Metaspace: 46231K(46976K)->46231K(46976K) NonClass: 40725K(41152K)->40725K(41152K) Class: 5506K(5824K)->5506K(5824K)
[2024-09-04T12:26:14.660+0530][gc          ] GC(112) Pause Young (Normal) (G1 Evacuation Pause) 265M->218M(1024M) 7.209ms
[2024-09-04T12:26:14.660+0530][gc,cpu      ] GC(112) User=0.03s Sys=0.00s Real=0.01s
[2024-09-04T12:27:48.559+0530][gc,start    ] GC(113) Pause Young (Normal) (G1 Evacuation Pause)
[2024-09-04T12:27:48.561+0530][gc,task     ] GC(113) Using 8 workers of 8 for evacuation
[2024-09-04T12:27:48.573+0530][gc,phases   ] GC(113)   Pre Evacuate Collection Set: 0.7ms
[2024-09-04T12:27:48.573+0530][gc,phases   ] GC(113)   Merge Heap Roots: 0.3ms
[2024-09-04T12:27:48.573+0530][gc,phases   ] GC(113)   Evacuate Collection Set: 10.0ms
[2024-09-04T12:27:48.573+0530][gc,phases   ] GC(113)   Post Evacuate Collection Set: 0.6ms
[2024-09-04T12:27:48.573+0530][gc,phases   ] GC(113)   Other: 2.8ms
[2024-09-04T12:27:48.573+0530][gc,heap     ] GC(113) Eden regions: 47->0(44)
[2024-09-04T12:27:48.573+0530][gc,heap     ] GC(113) Survivor regions: 4->7(7)
[2024-09-04T12:27:48.573+0530][gc,heap     ] GC(113) Old regions: 86->86
[2024-09-04T12:27:48.573+0530][gc,heap     ] GC(113) Archive regions: 2->2
[2024-09-04T12:27:48.573+0530][gc,heap     ] GC(113) Humongous regions: 129->129
[2024-09-04T12:27:48.573+0530][gc,metaspace] GC(113) Metaspace: 46231K(46976K)->46231K(46976K) NonClass: 40725K(41152K)->40725K(41152K) Class: 5506K(5824K)->5506K(5824K)
[2024-09-04T12:27:48.573+0530][gc          ] GC(113) Pause Young (Normal) (G1 Evacuation Pause) 265M->221M(1024M) 14.493ms
[2024-09-04T12:27:48.573+0530][gc,cpu      ] GC(113) User=0.05s Sys=0.00s Real=0.02s
[2024-09-04T12:29:14.968+0530][gc,start    ] GC(114) Pause Young (Normal) (G1 Evacuation Pause)
[2024-09-04T12:29:14.970+0530][gc,task     ] GC(114) Using 8 workers of 8 for evacuation
[2024-09-04T12:29:14.990+0530][gc,phases   ] GC(114)   Pre Evacuate Collection Set: 0.3ms
[2024-09-04T12:29:14.990+0530][gc,phases   ] GC(114)   Merge Heap Roots: 0.1ms
[2024-09-04T12:29:14.990+0530][gc,phases   ] GC(114)   Evacuate Collection Set: 18.7ms
[2024-09-04T12:29:14.990+0530][gc,phases   ] GC(114)   Post Evacuate Collection Set: 0.3ms
[2024-09-04T12:29:14.990+0530][gc,phases   ] GC(114)   Other: 2.3ms
[2024-09-04T12:29:14.990+0530][gc,heap     ] GC(114) Eden regions: 44->0(44)
[2024-09-04T12:29:14.990+0530][gc,heap     ] GC(114) Survivor regions: 7->7(7)
[2024-09-04T12:29:14.990+0530][gc,heap     ] GC(114) Old regions: 86->89
[2024-09-04T12:29:14.990+0530][gc,heap     ] GC(114) Archive regions: 2->2
[2024-09-04T12:29:14.990+0530][gc,heap     ] GC(114) Humongous regions: 129->129
[2024-09-04T12:29:14.990+0530][gc,metaspace] GC(114) Metaspace: 46231K(46976K)->46231K(46976K) NonClass: 40725K(41152K)->40725K(41152K) Class: 5506K(5824K)->5506K(5824K)
[2024-09-04T12:29:14.990+0530][gc          ] GC(114) Pause Young (Normal) (G1 Evacuation Pause) 265M->224M(1024M) 21.727ms
[2024-09-04T12:29:14.990+0530][gc,cpu      ] GC(114) User=0.05s Sys=0.03s Real=0.03s
[2024-09-04T12:30:41.337+0530][gc,start    ] GC(115) Pause Young (Normal) (G1 Evacuation Pause)
[2024-09-04T12:30:41.339+0530][gc,task     ] GC(115) Using 8 workers of 8 for evacuation
[2024-09-04T12:30:41.345+0530][gc,phases   ] GC(115)   Pre Evacuate Collection Set: 0.2ms
[2024-09-04T12:30:41.346+0530][gc,phases   ] GC(115)   Merge Heap Roots: 0.1ms
[2024-09-04T12:30:41.346+0530][gc,phases   ] GC(115)   Evacuate Collection Set: 5.6ms
[2024-09-04T12:30:41.346+0530][gc,phases   ] GC(115)   Post Evacuate Collection Set: 0.4ms
[2024-09-04T12:30:41.346+0530][gc,phases   ] GC(115)   Other: 2.3ms
[2024-09-04T12:30:41.346+0530][gc,heap     ] GC(115) Eden regions: 44->0(54)
[2024-09-04T12:30:41.346+0530][gc,heap     ] GC(115) Survivor regions: 7->4(7)
[2024-09-04T12:30:41.346+0530][gc,heap     ] GC(115) Old regions: 89->90
[2024-09-04T12:30:41.346+0530][gc,heap     ] GC(115) Archive regions: 2->2
[2024-09-04T12:30:41.346+0530][gc,heap     ] GC(115) Humongous regions: 129->129
[2024-09-04T12:30:41.346+0530][gc,metaspace] GC(115) Metaspace: 46234K(46976K)->46234K(46976K) NonClass: 40728K(41152K)->40728K(41152K) Class: 5506K(5824K)->5506K(5824K)
[2024-09-04T12:30:41.346+0530][gc          ] GC(115) Pause Young (Normal) (G1 Evacuation Pause) 268M->222M(1024M) 8.815ms
[2024-09-04T12:30:41.346+0530][gc,cpu      ] GC(115) User=0.03s Sys=0.01s Real=0.01s
[2024-09-04T12:32:29.103+0530][gc,start    ] GC(116) Pause Young (Normal) (G1 Evacuation Pause)
[2024-09-04T12:32:29.103+0530][gc,task     ] GC(116) Using 8 workers of 8 for evacuation
[2024-09-04T12:32:29.111+0530][gc,phases   ] GC(116)   Pre Evacuate Collection Set: 0.2ms
[2024-09-04T12:32:29.111+0530][gc,phases   ] GC(116)   Merge Heap Roots: 0.1ms
[2024-09-04T12:32:29.111+0530][gc,phases   ] GC(116)   Evacuate Collection Set: 6.8ms
[2024-09-04T12:32:29.111+0530][gc,phases   ] GC(116)   Post Evacuate Collection Set: 0.4ms
[2024-09-04T12:32:29.111+0530][gc,phases   ] GC(116)   Other: 0.2ms
[2024-09-04T12:32:29.111+0530][gc,heap     ] GC(116) Eden regions: 54->0(43)
[2024-09-04T12:32:29.111+0530][gc,heap     ] GC(116) Survivor regions: 4->8(8)
[2024-09-04T12:32:29.111+0530][gc,heap     ] GC(116) Old regions: 90->90
[2024-09-04T12:32:29.111+0530][gc,heap     ] GC(116) Archive regions: 2->2
[2024-09-04T12:32:29.111+0530][gc,heap     ] GC(116) Humongous regions: 129->129
[2024-09-04T12:32:29.111+0530][gc,metaspace] GC(116) Metaspace: 46234K(46976K)->46234K(46976K) NonClass: 40728K(41152K)->40728K(41152K) Class: 5506K(5824K)->5506K(5824K)
[2024-09-04T12:32:29.111+0530][gc          ] GC(116) Pause Young (Normal) (G1 Evacuation Pause) 276M->226M(1024M) 8.005ms
[2024-09-04T12:32:29.111+0530][gc,cpu      ] GC(116) User=0.05s Sys=0.00s Real=0.01s
[2024-09-04T12:33:54.475+0530][gc,start    ] GC(117) Pause Young (Normal) (G1 Evacuation Pause)
[2024-09-04T12:33:54.477+0530][gc,task     ] GC(117) Using 8 workers of 8 for evacuation
[2024-09-04T12:33:54.486+0530][gc,phases   ] GC(117)   Pre Evacuate Collection Set: 0.3ms
[2024-09-04T12:33:54.486+0530][gc,phases   ] GC(117)   Merge Heap Roots: 0.1ms
[2024-09-04T12:33:54.486+0530][gc,phases   ] GC(117)   Evacuate Collection Set: 7.9ms
[2024-09-04T12:33:54.486+0530][gc,phases   ] GC(117)   Post Evacuate Collection Set: 0.4ms
[2024-09-04T12:33:54.486+0530][gc,phases   ] GC(117)   Other: 2.4ms
[2024-09-04T12:33:54.486+0530][gc,heap     ] GC(117) Eden regions: 43->0(108)
[2024-09-04T12:33:54.486+0530][gc,heap     ] GC(117) Survivor regions: 8->2(7)
[2024-09-04T12:33:54.486+0530][gc,heap     ] GC(117) Old regions: 90->92
[2024-09-04T12:33:54.486+0530][gc,heap     ] GC(117) Archive regions: 2->2
[2024-09-04T12:33:54.486+0530][gc,heap     ] GC(117) Humongous regions: 129->129
[2024-09-04T12:33:54.486+0530][gc,metaspace] GC(117) Metaspace: 46234K(46976K)->46234K(46976K) NonClass: 40728K(41152K)->40728K(41152K) Class: 5506K(5824K)->5506K(5824K)
[2024-09-04T12:33:54.486+0530][gc          ] GC(117) Pause Young (Normal) (G1 Evacuation Pause) 269M->222M(1024M) 11.222ms
[2024-09-04T12:33:54.486+0530][gc,cpu      ] GC(117) User=0.03s Sys=0.02s Real=0.01s
[2024-09-04T12:37:26.424+0530][gc,start    ] GC(118) Pause Young (Normal) (G1 Evacuation Pause)
[2024-09-04T12:37:26.426+0530][gc,task     ] GC(118) Using 8 workers of 8 for evacuation
[2024-09-04T12:37:26.451+0530][gc,mmu      ] GC(118) MMU target violated: 21.0ms (20.0ms/21.0ms)
[2024-09-04T12:37:26.451+0530][gc,phases   ] GC(118)   Pre Evacuate Collection Set: 0.2ms
[2024-09-04T12:37:26.451+0530][gc,phases   ] GC(118)   Merge Heap Roots: 0.1ms
[2024-09-04T12:37:26.451+0530][gc,phases   ] GC(118)   Evacuate Collection Set: 24.6ms
[2024-09-04T12:37:26.451+0530][gc,phases   ] GC(118)   Post Evacuate Collection Set: 0.4ms
[2024-09-04T12:37:26.451+0530][gc,phases   ] GC(118)   Other: 2.3ms
[2024-09-04T12:37:26.451+0530][gc,heap     ] GC(118) Eden regions: 108->0(42)
[2024-09-04T12:37:26.451+0530][gc,heap     ] GC(118) Survivor regions: 2->9(14)
[2024-09-04T12:37:26.451+0530][gc,heap     ] GC(118) Old regions: 92->92
[2024-09-04T12:37:26.451+0530][gc,heap     ] GC(118) Archive regions: 2->2
[2024-09-04T12:37:26.451+0530][gc,heap     ] GC(118) Humongous regions: 129->129
[2024-09-04T12:37:26.451+0530][gc,metaspace] GC(118) Metaspace: 46234K(46976K)->46234K(46976K) NonClass: 40728K(41152K)->40728K(41152K) Class: 5506K(5824K)->5506K(5824K)
[2024-09-04T12:37:26.451+0530][gc          ] GC(118) Pause Young (Normal) (G1 Evacuation Pause) 330M->229M(1024M) 27.797ms
[2024-09-04T12:37:26.451+0530][gc,cpu      ] GC(118) User=0.05s Sys=0.09s Real=0.03s
[2024-09-04T12:38:47.695+0530][gc,start    ] GC(119) Pause Young (Normal) (G1 Evacuation Pause)
[2024-09-04T12:38:47.697+0530][gc,task     ] GC(119) Using 8 workers of 8 for evacuation
[2024-09-04T12:38:47.713+0530][gc,phases   ] GC(119)   Pre Evacuate Collection Set: 0.2ms
[2024-09-04T12:38:47.714+0530][gc,phases   ] GC(119)   Merge Heap Roots: 0.2ms
[2024-09-04T12:38:47.714+0530][gc,phases   ] GC(119)   Evacuate Collection Set: 13.9ms
[2024-09-04T12:38:47.714+0530][gc,phases   ] GC(119)   Post Evacuate Collection Set: 2.1ms
[2024-09-04T12:38:47.714+0530][gc,phases   ] GC(119)   Other: 2.4ms
[2024-09-04T12:38:47.714+0530][gc,heap     ] GC(119) Eden regions: 42->0(76)
[2024-09-04T12:38:47.714+0530][gc,heap     ] GC(119) Survivor regions: 9->3(7)
[2024-09-04T12:38:47.714+0530][gc,heap     ] GC(119) Old regions: 92->94
[2024-09-04T12:38:47.714+0530][gc,heap     ] GC(119) Archive regions: 2->2
[2024-09-04T12:38:47.714+0530][gc,heap     ] GC(119) Humongous regions: 129->129
[2024-09-04T12:38:47.714+0530][gc,metaspace] GC(119) Metaspace: 46234K(46976K)->46234K(46976K) NonClass: 40728K(41152K)->40728K(41152K) Class: 5506K(5824K)->5506K(5824K)
[2024-09-04T12:38:47.714+0530][gc          ] GC(119) Pause Young (Normal) (G1 Evacuation Pause) 271M->226M(1024M) 19.218ms
[2024-09-04T12:38:47.714+0530][gc,cpu      ] GC(119) User=0.03s Sys=0.03s Real=0.02s
[2024-09-04T12:41:17.069+0530][gc,start    ] GC(120) Pause Young (Normal) (G1 Evacuation Pause)
[2024-09-04T12:41:17.069+0530][gc,task     ] GC(120) Using 8 workers of 8 for evacuation
[2024-09-04T12:41:17.078+0530][gc,phases   ] GC(120)   Pre Evacuate Collection Set: 0.2ms
[2024-09-04T12:41:17.078+0530][gc,phases   ] GC(120)   Merge Heap Roots: 0.1ms
[2024-09-04T12:41:17.078+0530][gc,phases   ] GC(120)   Evacuate Collection Set: 7.3ms
[2024-09-04T12:41:17.078+0530][gc,phases   ] GC(120)   Post Evacuate Collection Set: 0.4ms
[2024-09-04T12:41:17.078+0530][gc,phases   ] GC(120)   Other: 0.5ms
[2024-09-04T12:41:17.078+0530][gc,heap     ] GC(120) Eden regions: 76->0(43)
[2024-09-04T12:41:17.078+0530][gc,heap     ] GC(120) Survivor regions: 3->8(10)
[2024-09-04T12:41:17.078+0530][gc,heap     ] GC(120) Old regions: 94->94
[2024-09-04T12:41:17.078+0530][gc,heap     ] GC(120) Archive regions: 2->2
[2024-09-04T12:41:17.078+0530][gc,heap     ] GC(120) Humongous regions: 129->129
[2024-09-04T12:41:17.078+0530][gc,metaspace] GC(120) Metaspace: 46234K(46976K)->46234K(46976K) NonClass: 40728K(41152K)->40728K(41152K) Class: 5506K(5824K)->5506K(5824K)
[2024-09-04T12:41:17.078+0530][gc          ] GC(120) Pause Young (Normal) (G1 Evacuation Pause) 302M->231M(1024M) 8.735ms
[2024-09-04T12:41:17.078+0530][gc,cpu      ] GC(120) User=0.06s Sys=0.00s Real=0.01s
[2024-09-04T12:42:41.689+0530][gc,start    ] GC(121) Pause Young (Normal) (G1 Evacuation Pause)
[2024-09-04T12:42:41.691+0530][gc,task     ] GC(121) Using 8 workers of 8 for evacuation
[2024-09-04T12:42:41.705+0530][gc,phases   ] GC(121)   Pre Evacuate Collection Set: 0.3ms
[2024-09-04T12:42:41.705+0530][gc,phases   ] GC(121)   Merge Heap Roots: 0.2ms
[2024-09-04T12:42:41.705+0530][gc,phases   ] GC(121)   Evacuate Collection Set: 12.8ms
[2024-09-04T12:42:41.705+0530][gc,phases   ] GC(121)   Post Evacuate Collection Set: 0.4ms
[2024-09-04T12:42:41.705+0530][gc,phases   ] GC(121)   Other: 2.3ms
[2024-09-04T12:42:41.705+0530][gc,heap     ] GC(121) Eden regions: 43->0(90)
[2024-09-04T12:42:41.705+0530][gc,heap     ] GC(121) Survivor regions: 8->3(7)
[2024-09-04T12:42:41.705+0530][gc,heap     ] GC(121) Old regions: 94->96
[2024-09-04T12:42:41.705+0530][gc,heap     ] GC(121) Archive regions: 2->2
[2024-09-04T12:42:41.705+0530][gc,heap     ] GC(121) Humongous regions: 129->129
[2024-09-04T12:42:41.705+0530][gc,metaspace] GC(121) Metaspace: 46234K(46976K)->46234K(46976K) NonClass: 40728K(41152K)->40728K(41152K) Class: 5506K(5824K)->5506K(5824K)
[2024-09-04T12:42:41.705+0530][gc          ] GC(121) Pause Young (Normal) (G1 Evacuation Pause) 274M->227M(1024M) 16.134ms
[2024-09-04T12:42:41.705+0530][gc,cpu      ] GC(121) User=0.03s Sys=0.02s Real=0.02s
[2024-09-04T12:45:41.168+0530][gc,start    ] GC(122) Pause Young (Normal) (G1 Evacuation Pause)
[2024-09-04T12:45:41.170+0530][gc,task     ] GC(122) Using 8 workers of 8 for evacuation
[2024-09-04T12:45:41.178+0530][gc,phases   ] GC(122)   Pre Evacuate Collection Set: 0.3ms
[2024-09-04T12:45:41.178+0530][gc,phases   ] GC(122)   Merge Heap Roots: 0.3ms
[2024-09-04T12:45:41.178+0530][gc,phases   ] GC(122)   Evacuate Collection Set: 7.0ms
[2024-09-04T12:45:41.178+0530][gc,phases   ] GC(122)   Post Evacuate Collection Set: 0.4ms
[2024-09-04T12:45:41.178+0530][gc,phases   ] GC(122)   Other: 2.1ms
[2024-09-04T12:45:41.178+0530][gc,heap     ] GC(122) Eden regions: 90->0(44)
[2024-09-04T12:45:41.178+0530][gc,heap     ] GC(122) Survivor regions: 3->8(12)
[2024-09-04T12:45:41.178+0530][gc,heap     ] GC(122) Old regions: 96->96
[2024-09-04T12:45:41.178+0530][gc,heap     ] GC(122) Archive regions: 2->2
[2024-09-04T12:45:41.178+0530][gc,heap     ] GC(122) Humongous regions: 129->129
[2024-09-04T12:45:41.178+0530][gc,metaspace] GC(122) Metaspace: 46234K(46976K)->46234K(46976K) NonClass: 40728K(41152K)->40728K(41152K) Class: 5506K(5824K)->5506K(5824K)
[2024-09-04T12:45:41.178+0530][gc          ] GC(122) Pause Young (Normal) (G1 Evacuation Pause) 317M->233M(1024M) 10.298ms
[2024-09-04T12:45:41.178+0530][gc,cpu      ] GC(122) User=0.04s Sys=0.00s Real=0.01s
[2024-09-04T12:47:08.450+0530][gc,start    ] GC(123) Pause Young (Normal) (G1 Evacuation Pause)
[2024-09-04T12:47:08.450+0530][gc,task     ] GC(123) Using 8 workers of 8 for evacuation
[2024-09-04T12:47:08.458+0530][gc,phases   ] GC(123)   Pre Evacuate Collection Set: 0.1ms
[2024-09-04T12:47:08.458+0530][gc,phases   ] GC(123)   Merge Heap Roots: 0.1ms
[2024-09-04T12:47:08.458+0530][gc,phases   ] GC(123)   Evacuate Collection Set: 7.4ms
[2024-09-04T12:47:08.458+0530][gc,phases   ] GC(123)   Post Evacuate Collection Set: 0.3ms
[2024-09-04T12:47:08.458+0530][gc,phases   ] GC(123)   Other: 0.4ms
[2024-09-04T12:47:08.458+0530][gc,heap     ] GC(123) Eden regions: 44->0(114)
[2024-09-04T12:47:08.458+0530][gc,heap     ] GC(123) Survivor regions: 8->3(7)
[2024-09-04T12:47:08.458+0530][gc,heap     ] GC(123) Old regions: 96->98
[2024-09-04T12:47:08.458+0530][gc,heap     ] GC(123) Archive regions: 2->2
[2024-09-04T12:47:08.458+0530][gc,heap     ] GC(123) Humongous regions: 129->129
[2024-09-04T12:47:08.458+0530][gc,metaspace] GC(123) Metaspace: 46234K(46976K)->46234K(46976K) NonClass: 40728K(41152K)->40728K(41152K) Class: 5506K(5824K)->5506K(5824K)
[2024-09-04T12:47:08.458+0530][gc          ] GC(123) Pause Young (Normal) (G1 Evacuation Pause) 277M->229M(1024M) 8.492ms
[2024-09-04T12:47:08.458+0530][gc,cpu      ] GC(123) User=0.02s Sys=0.01s Real=0.00s
[2024-09-04T12:50:54.176+0530][gc,start    ] GC(124) Pause Young (Normal) (G1 Evacuation Pause)
[2024-09-04T12:50:54.178+0530][gc,task     ] GC(124) Using 8 workers of 8 for evacuation
[2024-09-04T12:50:54.189+0530][gc,phases   ] GC(124)   Pre Evacuate Collection Set: 0.2ms
[2024-09-04T12:50:54.189+0530][gc,phases   ] GC(124)   Merge Heap Roots: 0.2ms
[2024-09-04T12:50:54.189+0530][gc,phases   ] GC(124)   Evacuate Collection Set: 9.2ms
[2024-09-04T12:50:54.189+0530][gc,phases   ] GC(124)   Post Evacuate Collection Set: 0.4ms
[2024-09-04T12:50:54.189+0530][gc,phases   ] GC(124)   Other: 2.3ms
[2024-09-04T12:50:54.189+0530][gc,heap     ] GC(124) Eden regions: 114->0(114)
[2024-09-04T12:50:54.189+0530][gc,heap     ] GC(124) Survivor regions: 3->3(15)
[2024-09-04T12:50:54.189+0530][gc,heap     ] GC(124) Old regions: 98->98
[2024-09-04T12:50:54.189+0530][gc,heap     ] GC(124) Archive regions: 2->2
[2024-09-04T12:50:54.189+0530][gc,heap     ] GC(124) Humongous regions: 129->129
[2024-09-04T12:50:54.189+0530][gc,metaspace] GC(124) Metaspace: 46234K(46976K)->46234K(46976K) NonClass: 40728K(41152K)->40728K(41152K) Class: 5506K(5824K)->5506K(5824K)
[2024-09-04T12:50:54.189+0530][gc          ] GC(124) Pause Young (Normal) (G1 Evacuation Pause) 343M->230M(1024M) 12.548ms
[2024-09-04T12:50:54.189+0530][gc,cpu      ] GC(124) User=0.03s Sys=0.03s Real=0.01s
[2024-09-04T12:54:41.535+0530][gc,start    ] GC(125) Pause Young (Normal) (G1 Evacuation Pause)
[2024-09-04T12:54:41.538+0530][gc,task     ] GC(125) Using 8 workers of 8 for evacuation
[2024-09-04T12:54:41.580+0530][gc,mmu      ] GC(125) MMU target violated: 21.0ms (20.0ms/21.0ms)
[2024-09-04T12:54:41.580+0530][gc,phases   ] GC(125)   Pre Evacuate Collection Set: 1.6ms
[2024-09-04T12:54:41.580+0530][gc,phases   ] GC(125)   Merge Heap Roots: 0.4ms
[2024-09-04T12:54:41.580+0530][gc,phases   ] GC(125)   Evacuate Collection Set: 38.2ms
[2024-09-04T12:54:41.580+0530][gc,phases   ] GC(125)   Post Evacuate Collection Set: 2.1ms
[2024-09-04T12:54:41.580+0530][gc,phases   ] GC(125)   Other: 2.6ms
[2024-09-04T12:54:41.580+0530][gc,heap     ] GC(125) Eden regions: 114->0(40)
[2024-09-04T12:54:41.580+0530][gc,heap     ] GC(125) Survivor regions: 3->11(15)
[2024-09-04T12:54:41.580+0530][gc,heap     ] GC(125) Old regions: 98->98
[2024-09-04T12:54:41.580+0530][gc,heap     ] GC(125) Archive regions: 2->2
[2024-09-04T12:54:41.580+0530][gc,heap     ] GC(125) Humongous regions: 129->129
[2024-09-04T12:54:41.580+0530][gc,metaspace] GC(125) Metaspace: 46234K(46976K)->46234K(46976K) NonClass: 40728K(41152K)->40728K(41152K) Class: 5506K(5824K)->5506K(5824K)
[2024-09-04T12:54:41.580+0530][gc          ] GC(125) Pause Young (Normal) (G1 Evacuation Pause) 344M->237M(1024M) 44.806ms
[2024-09-04T12:54:41.580+0530][gc,cpu      ] GC(125) User=0.06s Sys=0.14s Real=0.05s
[2024-09-04T12:55:59.723+0530][gc,start    ] GC(126) Pause Young (Normal) (G1 Evacuation Pause)
[2024-09-04T12:55:59.725+0530][gc,task     ] GC(126) Using 8 workers of 8 for evacuation
[2024-09-04T12:55:59.757+0530][gc,mmu      ] GC(126) MMU target violated: 21.0ms (20.0ms/21.0ms)
[2024-09-04T12:55:59.757+0530][gc,phases   ] GC(126)   Pre Evacuate Collection Set: 0.4ms
[2024-09-04T12:55:59.757+0530][gc,phases   ] GC(126)   Merge Heap Roots: 0.2ms
[2024-09-04T12:55:59.757+0530][gc,phases   ] GC(126)   Evacuate Collection Set: 31.1ms
[2024-09-04T12:55:59.757+0530][gc,phases   ] GC(126)   Post Evacuate Collection Set: 0.4ms
[2024-09-04T12:55:59.757+0530][gc,phases   ] GC(126)   Other: 2.3ms
[2024-09-04T12:55:59.757+0530][gc,heap     ] GC(126) Eden regions: 40->0(47)
[2024-09-04T12:55:59.757+0530][gc,heap     ] GC(126) Survivor regions: 11->4(7)
[2024-09-04T12:55:59.757+0530][gc,heap     ] GC(126) Old regions: 98->101
[2024-09-04T12:55:59.757+0530][gc,heap     ] GC(126) Archive regions: 2->2
[2024-09-04T12:55:59.757+0530][gc,heap     ] GC(126) Humongous regions: 129->129
[2024-09-04T12:55:59.757+0530][gc,metaspace] GC(126) Metaspace: 46234K(46976K)->46234K(46976K) NonClass: 40728K(41152K)->40728K(41152K) Class: 5506K(5824K)->5506K(5824K)
[2024-09-04T12:55:59.757+0530][gc          ] GC(126) Pause Young (Normal) (G1 Evacuation Pause) 277M->234M(1024M) 34.385ms
[2024-09-04T12:55:59.758+0530][gc,cpu      ] GC(126) User=0.04s Sys=0.05s Real=0.03s
[2024-09-04T12:57:33.641+0530][gc,start    ] GC(127) Pause Young (Normal) (G1 Evacuation Pause)
[2024-09-04T12:57:33.642+0530][gc,task     ] GC(127) Using 8 workers of 8 for evacuation
[2024-09-04T12:57:33.680+0530][gc,mmu      ] GC(127) MMU target violated: 21.0ms (20.0ms/21.0ms)
[2024-09-04T12:57:33.680+0530][gc,phases   ] GC(127)   Pre Evacuate Collection Set: 0.2ms
[2024-09-04T12:57:33.680+0530][gc,phases   ] GC(127)   Merge Heap Roots: 0.1ms
[2024-09-04T12:57:33.680+0530][gc,phases   ] GC(127)   Evacuate Collection Set: 37.2ms
[2024-09-04T12:57:33.680+0530][gc,phases   ] GC(127)   Post Evacuate Collection Set: 0.4ms
[2024-09-04T12:57:33.680+0530][gc,phases   ] GC(127)   Other: 0.5ms
[2024-09-04T12:57:33.680+0530][gc,heap     ] GC(127) Eden regions: 47->0(44)
[2024-09-04T12:57:33.680+0530][gc,heap     ] GC(127) Survivor regions: 4->7(7)
[2024-09-04T12:57:33.680+0530][gc,heap     ] GC(127) Old regions: 101->101
[2024-09-04T12:57:33.680+0530][gc,heap     ] GC(127) Archive regions: 2->2
[2024-09-04T12:57:33.680+0530][gc,heap     ] GC(127) Humongous regions: 129->129
[2024-09-04T12:57:33.680+0530][gc,metaspace] GC(127) Metaspace: 46234K(46976K)->46234K(46976K) NonClass: 40728K(41152K)->40728K(41152K) Class: 5506K(5824K)->5506K(5824K)
[2024-09-04T12:57:33.680+0530][gc          ] GC(127) Pause Young (Normal) (G1 Evacuation Pause) 281M->236M(1024M) 38.742ms
[2024-09-04T12:57:33.680+0530][gc,cpu      ] GC(127) User=0.03s Sys=0.03s Real=0.04s
[2024-09-04T12:59:00.093+0530][gc,start    ] GC(128) Pause Young (Normal) (G1 Evacuation Pause)
[2024-09-04T12:59:00.095+0530][gc,task     ] GC(128) Using 8 workers of 8 for evacuation
[2024-09-04T12:59:00.101+0530][gc,phases   ] GC(128)   Pre Evacuate Collection Set: 0.2ms
[2024-09-04T12:59:00.101+0530][gc,phases   ] GC(128)   Merge Heap Roots: 0.2ms
[2024-09-04T12:59:00.101+0530][gc,phases   ] GC(128)   Evacuate Collection Set: 5.1ms
[2024-09-04T12:59:00.101+0530][gc,phases   ] GC(128)   Post Evacuate Collection Set: 0.4ms
[2024-09-04T12:59:00.101+0530][gc,phases   ] GC(128)   Other: 2.2ms
[2024-09-04T12:59:00.101+0530][gc,heap     ] GC(128) Eden regions: 44->0(66)
[2024-09-04T12:59:00.101+0530][gc,heap     ] GC(128) Survivor regions: 7->2(7)
[2024-09-04T12:59:00.101+0530][gc,heap     ] GC(128) Old regions: 101->102
[2024-09-04T12:59:00.101+0530][gc,heap     ] GC(128) Archive regions: 2->2
[2024-09-04T12:59:00.101+0530][gc,heap     ] GC(128) Humongous regions: 129->129
[2024-09-04T12:59:00.102+0530][gc,metaspace] GC(128) Metaspace: 46234K(46976K)->46234K(46976K) NonClass: 40728K(41152K)->40728K(41152K) Class: 5506K(5824K)->5506K(5824K)
[2024-09-04T12:59:00.102+0530][gc          ] GC(128) Pause Young (Normal) (G1 Evacuation Pause) 280M->233M(1024M) 8.455ms
[2024-09-04T12:59:00.102+0530][gc,cpu      ] GC(128) User=0.02s Sys=0.01s Real=0.01s
[2024-09-04T13:01:10.718+0530][gc,start    ] GC(129) Pause Young (Normal) (G1 Evacuation Pause)
[2024-09-04T13:01:10.718+0530][gc,task     ] GC(129) Using 8 workers of 8 for evacuation
[2024-09-04T13:01:10.736+0530][gc,phases   ] GC(129)   Pre Evacuate Collection Set: 0.2ms
[2024-09-04T13:01:10.736+0530][gc,phases   ] GC(129)   Merge Heap Roots: 0.2ms
[2024-09-04T13:01:10.736+0530][gc,phases   ] GC(129)   Evacuate Collection Set: 16.8ms
[2024-09-04T13:01:10.736+0530][gc,phases   ] GC(129)   Post Evacuate Collection Set: 0.4ms
[2024-09-04T13:01:10.736+0530][gc,phases   ] GC(129)   Other: 0.3ms
[2024-09-04T13:01:10.736+0530][gc,heap     ] GC(129) Eden regions: 66->0(45)
[2024-09-04T13:01:10.736+0530][gc,heap     ] GC(129) Survivor regions: 2->6(9)
[2024-09-04T13:01:10.736+0530][gc,heap     ] GC(129) Old regions: 102->102
[2024-09-04T13:01:10.736+0530][gc,heap     ] GC(129) Archive regions: 2->2
[2024-09-04T13:01:10.736+0530][gc,heap     ] GC(129) Humongous regions: 129->129
[2024-09-04T13:01:10.736+0530][gc,metaspace] GC(129) Metaspace: 46234K(46976K)->46234K(46976K) NonClass: 40728K(41152K)->40728K(41152K) Class: 5506K(5824K)->5506K(5824K)
[2024-09-04T13:01:10.736+0530][gc          ] GC(129) Pause Young (Normal) (G1 Evacuation Pause) 299M->237M(1024M) 17.935ms
[2024-09-04T13:01:10.736+0530][gc,cpu      ] GC(129) User=0.04s Sys=0.06s Real=0.02s
[2024-09-04T13:02:40.622+0530][gc,start    ] GC(130) Pause Young (Normal) (G1 Evacuation Pause)
[2024-09-04T13:02:40.622+0530][gc,task     ] GC(130) Using 8 workers of 8 for evacuation
[2024-09-04T13:02:40.680+0530][gc,mmu      ] GC(130) MMU target violated: 21.0ms (20.0ms/21.0ms)
[2024-09-04T13:02:40.680+0530][gc,phases   ] GC(130)   Pre Evacuate Collection Set: 0.2ms
[2024-09-04T13:02:40.680+0530][gc,phases   ] GC(130)   Merge Heap Roots: 0.1ms
[2024-09-04T13:02:40.680+0530][gc,phases   ] GC(130)   Evacuate Collection Set: 57.0ms
[2024-09-04T13:02:40.680+0530][gc,phases   ] GC(130)   Post Evacuate Collection Set: 0.4ms
[2024-09-04T13:02:40.680+0530][gc,phases   ] GC(130)   Other: 0.3ms
[2024-09-04T13:02:40.680+0530][gc,heap     ] GC(130) Eden regions: 45->0(47)
[2024-09-04T13:02:40.680+0530][gc,heap     ] GC(130) Survivor regions: 6->4(7)
[2024-09-04T13:02:40.680+0530][gc,heap     ] GC(130) Old regions: 102->107
[2024-09-04T13:02:40.680+0530][gc,heap     ] GC(130) Archive regions: 2->2
[2024-09-04T13:02:40.680+0530][gc,heap     ] GC(130) Humongous regions: 129->129
[2024-09-04T13:02:40.680+0530][gc,metaspace] GC(130) Metaspace: 46234K(46976K)->46234K(46976K) NonClass: 40728K(41152K)->40728K(41152K) Class: 5506K(5824K)->5506K(5824K)
[2024-09-04T13:02:40.680+0530][gc          ] GC(130) Pause Young (Normal) (G1 Evacuation Pause) 282M->240M(1024M) 58.110ms
[2024-09-04T13:02:40.680+0530][gc,cpu      ] GC(130) User=0.06s Sys=0.09s Real=0.06s
[2024-09-04T13:04:13.089+0530][gc,start    ] GC(131) Pause Young (Normal) (G1 Evacuation Pause)
[2024-09-04T13:04:13.091+0530][gc,task     ] GC(131) Using 8 workers of 8 for evacuation
[2024-09-04T13:04:13.096+0530][gc,phases   ] GC(131)   Pre Evacuate Collection Set: 0.2ms
[2024-09-04T13:04:13.096+0530][gc,phases   ] GC(131)   Merge Heap Roots: 0.1ms
[2024-09-04T13:04:13.096+0530][gc,phases   ] GC(131)   Evacuate Collection Set: 4.3ms
[2024-09-04T13:04:13.096+0530][gc,phases   ] GC(131)   Post Evacuate Collection Set: 0.5ms
[2024-09-04T13:04:13.096+0530][gc,phases   ] GC(131)   Other: 2.2ms
[2024-09-04T13:04:13.096+0530][gc,heap     ] GC(131) Eden regions: 47->0(47)
[2024-09-04T13:04:13.096+0530][gc,heap     ] GC(131) Survivor regions: 4->4(7)
[2024-09-04T13:04:13.096+0530][gc,heap     ] GC(131) Old regions: 107->107
[2024-09-04T13:04:13.096+0530][gc,heap     ] GC(131) Archive regions: 2->2
[2024-09-04T13:04:13.096+0530][gc,heap     ] GC(131) Humongous regions: 129->129
[2024-09-04T13:04:13.096+0530][gc,metaspace] GC(131) Metaspace: 46239K(46976K)->46239K(46976K) NonClass: 40733K(41152K)->40733K(41152K) Class: 5506K(5824K)->5506K(5824K)
[2024-09-04T13:04:13.096+0530][gc          ] GC(131) Pause Young (Normal) (G1 Evacuation Pause) 287M->240M(1024M) 7.607ms
[2024-09-04T13:04:13.096+0530][gc,cpu      ] GC(131) User=0.03s Sys=0.00s Real=0.01s
[2024-09-04T13:05:45.714+0530][gc,start    ] GC(132) Pause Young (Normal) (G1 Evacuation Pause)
[2024-09-04T13:05:45.716+0530][gc,task     ] GC(132) Using 8 workers of 8 for evacuation
[2024-09-04T13:05:45.724+0530][gc,phases   ] GC(132)   Pre Evacuate Collection Set: 0.2ms
[2024-09-04T13:05:45.724+0530][gc,phases   ] GC(132)   Merge Heap Roots: 0.1ms
[2024-09-04T13:05:45.724+0530][gc,phases   ] GC(132)   Evacuate Collection Set: 7.1ms
[2024-09-04T13:05:45.724+0530][gc,phases   ] GC(132)   Post Evacuate Collection Set: 0.4ms
[2024-09-04T13:05:45.724+0530][gc,phases   ] GC(132)   Other: 2.2ms
[2024-09-04T13:05:45.724+0530][gc,heap     ] GC(132) Eden regions: 47->0(44)
[2024-09-04T13:05:45.724+0530][gc,heap     ] GC(132) Survivor regions: 4->7(7)
[2024-09-04T13:05:45.724+0530][gc,heap     ] GC(132) Old regions: 107->107
[2024-09-04T13:05:45.724+0530][gc,heap     ] GC(132) Archive regions: 2->2
[2024-09-04T13:05:45.724+0530][gc,heap     ] GC(132) Humongous regions: 129->129
[2024-09-04T13:05:45.724+0530][gc,metaspace] GC(132) Metaspace: 46239K(46976K)->46239K(46976K) NonClass: 40733K(41152K)->40733K(41152K) Class: 5506K(5824K)->5506K(5824K)
[2024-09-04T13:05:45.724+0530][gc          ] GC(132) Pause Young (Normal) (G1 Evacuation Pause) 287M->243M(1024M) 10.120ms
[2024-09-04T13:05:45.724+0530][gc,cpu      ] GC(132) User=0.04s Sys=0.00s Real=0.01s
[2024-09-04T13:07:12.819+0530][gc,start    ] GC(133) Pause Young (Normal) (G1 Evacuation Pause)
[2024-09-04T13:07:12.820+0530][gc,task     ] GC(133) Using 8 workers of 8 for evacuation
[2024-09-04T13:07:12.879+0530][gc,mmu      ] GC(133) MMU target violated: 21.0ms (20.0ms/21.0ms)
[2024-09-04T13:07:12.880+0530][gc,phases   ] GC(133)   Pre Evacuate Collection Set: 1.8ms
[2024-09-04T13:07:12.880+0530][gc,phases   ] GC(133)   Merge Heap Roots: 0.3ms
[2024-09-04T13:07:12.880+0530][gc,phases   ] GC(133)   Evacuate Collection Set: 51.8ms
[2024-09-04T13:07:12.880+0530][gc,phases   ] GC(133)   Post Evacuate Collection Set: 4.6ms
[2024-09-04T13:07:12.880+0530][gc,phases   ] GC(133)   Other: 1.8ms
[2024-09-04T13:07:12.880+0530][gc,heap     ] GC(133) Eden regions: 44->0(44)
[2024-09-04T13:07:12.880+0530][gc,heap     ] GC(133) Survivor regions: 7->7(7)
[2024-09-04T13:07:12.880+0530][gc,heap     ] GC(133) Old regions: 107->111
[2024-09-04T13:07:12.880+0530][gc,heap     ] GC(133) Archive regions: 2->2
[2024-09-04T13:07:12.880+0530][gc,heap     ] GC(133) Humongous regions: 129->129
[2024-09-04T13:07:12.880+0530][gc,metaspace] GC(133) Metaspace: 46239K(46976K)->46239K(46976K) NonClass: 40733K(41152K)->40733K(41152K) Class: 5506K(5824K)->5506K(5824K)
[2024-09-04T13:07:12.880+0530][gc          ] GC(133) Pause Young (Normal) (G1 Evacuation Pause) 287M->246M(1024M) 60.296ms
[2024-09-04T13:07:12.880+0530][gc,cpu      ] GC(133) User=0.05s Sys=0.09s Real=0.07s
[2024-09-04T13:08:39.478+0530][gc,start    ] GC(134) Pause Young (Normal) (G1 Evacuation Pause)
[2024-09-04T13:08:39.481+0530][gc,task     ] GC(134) Using 8 workers of 8 for evacuation
[2024-09-04T13:08:39.526+0530][gc,mmu      ] GC(134) MMU target violated: 21.0ms (20.0ms/21.0ms)
[2024-09-04T13:08:39.526+0530][gc,phases   ] GC(134)   Pre Evacuate Collection Set: 2.0ms
[2024-09-04T13:08:39.526+0530][gc,phases   ] GC(134)   Merge Heap Roots: 3.0ms
[2024-09-04T13:08:39.526+0530][gc,phases   ] GC(134)   Evacuate Collection Set: 37.6ms
[2024-09-04T13:08:39.526+0530][gc,phases   ] GC(134)   Post Evacuate Collection Set: 2.1ms
[2024-09-04T13:08:39.527+0530][gc,phases   ] GC(134)   Other: 3.8ms
[2024-09-04T13:08:39.527+0530][gc,heap     ] GC(134) Eden regions: 44->0(47)
[2024-09-04T13:08:39.527+0530][gc,heap     ] GC(134) Survivor regions: 7->4(7)
[2024-09-04T13:08:39.527+0530][gc,heap     ] GC(134) Old regions: 111->112
[2024-09-04T13:08:39.527+0530][gc,heap     ] GC(134) Archive regions: 2->2
[2024-09-04T13:08:39.527+0530][gc,heap     ] GC(134) Humongous regions: 129->129
[2024-09-04T13:08:39.527+0530][gc,metaspace] GC(134) Metaspace: 46239K(46976K)->46239K(46976K) NonClass: 40733K(41152K)->40733K(41152K) Class: 5506K(5824K)->5506K(5824K)
[2024-09-04T13:08:39.527+0530][gc          ] GC(134) Pause Young (Normal) (G1 Evacuation Pause) 290M->245M(1024M) 48.509ms
[2024-09-04T13:08:39.527+0530][gc,cpu      ] GC(134) User=0.04s Sys=0.15s Real=0.05s
[2024-09-04T13:10:13.832+0530][gc,start    ] GC(135) Pause Young (Normal) (G1 Evacuation Pause)
[2024-09-04T13:10:13.835+0530][gc,task     ] GC(135) Using 8 workers of 8 for evacuation
[2024-09-04T13:10:13.869+0530][gc,mmu      ] GC(135) MMU target violated: 21.0ms (20.0ms/21.0ms)
[2024-09-04T13:10:13.869+0530][gc,phases   ] GC(135)   Pre Evacuate Collection Set: 0.2ms
[2024-09-04T13:10:13.869+0530][gc,phases   ] GC(135)   Merge Heap Roots: 0.1ms
[2024-09-04T13:10:13.869+0530][gc,phases   ] GC(135)   Evacuate Collection Set: 32.7ms
[2024-09-04T13:10:13.869+0530][gc,phases   ] GC(135)   Post Evacuate Collection Set: 0.3ms
[2024-09-04T13:10:13.869+0530][gc,phases   ] GC(135)   Other: 3.6ms
[2024-09-04T13:10:13.869+0530][gc,heap     ] GC(135) Eden regions: 47->0(44)
[2024-09-04T13:10:13.869+0530][gc,heap     ] GC(135) Survivor regions: 4->7(7)
[2024-09-04T13:10:13.869+0530][gc,heap     ] GC(135) Old regions: 112->113
[2024-09-04T13:10:13.869+0530][gc,heap     ] GC(135) Archive regions: 2->2
[2024-09-04T13:10:13.869+0530][gc,heap     ] GC(135) Humongous regions: 129->129
[2024-09-04T13:10:13.869+0530][gc,metaspace] GC(135) Metaspace: 46239K(46976K)->46239K(46976K) NonClass: 40733K(41152K)->40733K(41152K) Class: 5506K(5824K)->5506K(5824K)
[2024-09-04T13:10:13.869+0530][gc          ] GC(135) Pause Young (Normal) (G1 Evacuation Pause) 292M->248M(1024M) 37.009ms
[2024-09-04T13:10:13.869+0530][gc,cpu      ] GC(135) User=0.04s Sys=0.02s Real=0.03s
[2024-09-04T13:11:54.485+0530][gc,start    ] GC(136) Pause Young (Normal) (G1 Evacuation Pause)
[2024-09-04T13:11:54.487+0530][gc,task     ] GC(136) Using 8 workers of 8 for evacuation
[2024-09-04T13:11:54.505+0530][gc,phases   ] GC(136)   Pre Evacuate Collection Set: 1.0ms
[2024-09-04T13:11:54.506+0530][gc,phases   ] GC(136)   Merge Heap Roots: 0.2ms
[2024-09-04T13:11:54.506+0530][gc,phases   ] GC(136)   Evacuate Collection Set: 17.1ms
[2024-09-04T13:11:54.506+0530][gc,phases   ] GC(136)   Post Evacuate Collection Set: 0.4ms
[2024-09-04T13:11:54.506+0530][gc,phases   ] GC(136)   Other: 2.1ms
[2024-09-04T13:11:54.506+0530][gc,heap     ] GC(136) Eden regions: 44->0(45)
[2024-09-04T13:11:54.506+0530][gc,heap     ] GC(136) Survivor regions: 7->6(7)
[2024-09-04T13:11:54.506+0530][gc,heap     ] GC(136) Old regions: 113->115
[2024-09-04T13:11:54.506+0530][gc,heap     ] GC(136) Archive regions: 2->2
[2024-09-04T13:11:54.506+0530][gc,heap     ] GC(136) Humongous regions: 129->129
[2024-09-04T13:11:54.506+0530][gc,metaspace] GC(136) Metaspace: 46295K(46976K)->46295K(46976K) NonClass: 40788K(41152K)->40788K(41152K) Class: 5507K(5824K)->5507K(5824K)
[2024-09-04T13:11:54.506+0530][gc          ] GC(136) Pause Young (Normal) (G1 Evacuation Pause) 292M->250M(1024M) 20.979ms
[2024-09-04T13:11:54.506+0530][gc,cpu      ] GC(136) User=0.04s Sys=0.04s Real=0.02s
[2024-09-04T13:13:59.599+0530][gc,start    ] GC(137) Pause Young (Normal) (G1 Evacuation Pause)
[2024-09-04T13:13:59.601+0530][gc,task     ] GC(137) Using 8 workers of 8 for evacuation
[2024-09-04T13:13:59.606+0530][gc,phases   ] GC(137)   Pre Evacuate Collection Set: 0.2ms
[2024-09-04T13:13:59.606+0530][gc,phases   ] GC(137)   Merge Heap Roots: 0.1ms
[2024-09-04T13:13:59.606+0530][gc,phases   ] GC(137)   Evacuate Collection Set: 4.6ms
[2024-09-04T13:13:59.606+0530][gc,phases   ] GC(137)   Post Evacuate Collection Set: 0.3ms
[2024-09-04T13:13:59.606+0530][gc,phases   ] GC(137)   Other: 2.1ms
[2024-09-04T13:13:59.606+0530][gc,heap     ] GC(137) Eden regions: 45->0(47)
[2024-09-04T13:13:59.606+0530][gc,heap     ] GC(137) Survivor regions: 6->4(7)
[2024-09-04T13:13:59.606+0530][gc,heap     ] GC(137) Old regions: 115->117
[2024-09-04T13:13:59.606+0530][gc,heap     ] GC(137) Archive regions: 2->2
[2024-09-04T13:13:59.606+0530][gc,heap     ] GC(137) Humongous regions: 129->129
[2024-09-04T13:13:59.606+0530][gc,metaspace] GC(137) Metaspace: 46295K(46976K)->46295K(46976K) NonClass: 40788K(41152K)->40788K(41152K) Class: 5507K(5824K)->5507K(5824K)
[2024-09-04T13:13:59.606+0530][gc          ] GC(137) Pause Young (Normal) (G1 Evacuation Pause) 295M->249M(1024M) 7.473ms
[2024-09-04T13:13:59.607+0530][gc,cpu      ] GC(137) User=0.03s Sys=0.00s Real=0.01s
[2024-09-04T13:16:11.791+0530][gc,start    ] GC(138) Pause Young (Normal) (G1 Evacuation Pause)
[2024-09-04T13:16:11.793+0530][gc,task     ] GC(138) Using 8 workers of 8 for evacuation
[2024-09-04T13:16:11.802+0530][gc,phases   ] GC(138)   Pre Evacuate Collection Set: 0.3ms
[2024-09-04T13:16:11.802+0530][gc,phases   ] GC(138)   Merge Heap Roots: 0.1ms
[2024-09-04T13:16:11.802+0530][gc,phases   ] GC(138)   Evacuate Collection Set: 6.5ms
[2024-09-04T13:16:11.802+0530][gc,phases   ] GC(138)   Post Evacuate Collection Set: 0.4ms
[2024-09-04T13:16:11.802+0530][gc,phases   ] GC(138)   Other: 3.3ms
[2024-09-04T13:16:11.802+0530][gc,heap     ] GC(138) Eden regions: 47->0(45)
[2024-09-04T13:16:11.802+0530][gc,heap     ] GC(138) Survivor regions: 4->6(7)
[2024-09-04T13:16:11.802+0530][gc,heap     ] GC(138) Old regions: 117->117
[2024-09-04T13:16:11.802+0530][gc,heap     ] GC(138) Archive regions: 2->2
[2024-09-04T13:16:11.802+0530][gc,heap     ] GC(138) Humongous regions: 129->129
[2024-09-04T13:16:11.802+0530][gc,metaspace] GC(138) Metaspace: 46295K(46976K)->46295K(46976K) NonClass: 40788K(41152K)->40788K(41152K) Class: 5507K(5824K)->5507K(5824K)
[2024-09-04T13:16:11.802+0530][gc          ] GC(138) Pause Young (Normal) (G1 Evacuation Pause) 296M->251M(1024M) 10.717ms
[2024-09-04T13:16:11.802+0530][gc,cpu      ] GC(138) User=0.04s Sys=0.00s Real=0.01s
[2024-09-04T13:18:08.027+0530][gc,start    ] GC(139) Pause Young (Normal) (G1 Evacuation Pause)
[2024-09-04T13:18:08.027+0530][gc,task     ] GC(139) Using 8 workers of 8 for evacuation
[2024-09-04T13:18:08.044+0530][gc,phases   ] GC(139)   Pre Evacuate Collection Set: 0.2ms
[2024-09-04T13:18:08.044+0530][gc,phases   ] GC(139)   Merge Heap Roots: 0.1ms
[2024-09-04T13:18:08.044+0530][gc,phases   ] GC(139)   Evacuate Collection Set: 15.7ms
[2024-09-04T13:18:08.044+0530][gc,phases   ] GC(139)   Post Evacuate Collection Set: 0.4ms
[2024-09-04T13:18:08.044+0530][gc,phases   ] GC(139)   Other: 0.5ms
[2024-09-04T13:18:08.044+0530][gc,heap     ] GC(139) Eden regions: 45->0(45)
[2024-09-04T13:18:08.044+0530][gc,heap     ] GC(139) Survivor regions: 6->6(7)
[2024-09-04T13:18:08.044+0530][gc,heap     ] GC(139) Old regions: 117->119
[2024-09-04T13:18:08.044+0530][gc,heap     ] GC(139) Archive regions: 2->2
[2024-09-04T13:18:08.044+0530][gc,heap     ] GC(139) Humongous regions: 141->141
[2024-09-04T13:18:08.044+0530][gc,metaspace] GC(139) Metaspace: 46328K(46976K)->46328K(46976K) NonClass: 40816K(41152K)->40816K(41152K) Class: 5512K(5824K)->5512K(5824K)
[2024-09-04T13:18:08.044+0530][gc          ] GC(139) Pause Young (Normal) (G1 Evacuation Pause) 308M->266M(1024M) 17.068ms
[2024-09-04T13:18:08.044+0530][gc,cpu      ] GC(139) User=0.03s Sys=0.02s Real=0.02s
[2024-09-04T13:18:25.914+0530][gc,start    ] GC(140) Pause Young (Normal) (G1 Evacuation Pause)
[2024-09-04T13:18:25.914+0530][gc,task     ] GC(140) Using 8 workers of 8 for evacuation
[2024-09-04T13:18:25.928+0530][gc,phases   ] GC(140)   Pre Evacuate Collection Set: 0.2ms
[2024-09-04T13:18:25.928+0530][gc,phases   ] GC(140)   Merge Heap Roots: 0.1ms
[2024-09-04T13:18:25.928+0530][gc,phases   ] GC(140)   Evacuate Collection Set: 13.2ms
[2024-09-04T13:18:25.928+0530][gc,phases   ] GC(140)   Post Evacuate Collection Set: 0.6ms
[2024-09-04T13:18:25.928+0530][gc,phases   ] GC(140)   Other: 0.2ms
[2024-09-04T13:18:25.928+0530][gc,heap     ] GC(140) Eden regions: 45->0(50)
[2024-09-04T13:18:25.928+0530][gc,heap     ] GC(140) Survivor regions: 6->5(7)
[2024-09-04T13:18:25.928+0530][gc,heap     ] GC(140) Old regions: 119->122
[2024-09-04T13:18:25.928+0530][gc,heap     ] GC(140) Archive regions: 2->2
[2024-09-04T13:18:25.928+0530][gc,heap     ] GC(140) Humongous regions: 153->129
[2024-09-04T13:18:25.928+0530][gc,metaspace] GC(140) Metaspace: 47606K(48320K)->47606K(48320K) NonClass: 41838K(42240K)->41838K(42240K) Class: 5768K(6080K)->5768K(6080K)
[2024-09-04T13:18:25.928+0530][gc          ] GC(140) Pause Young (Normal) (G1 Evacuation Pause) 323M->256M(1024M) 14.435ms
[2024-09-04T13:18:25.928+0530][gc,cpu      ] GC(140) User=0.03s Sys=0.03s Real=0.01s
[2024-09-04T13:18:26.106+0530][gc,heap,exit] Heap
[2024-09-04T13:18:26.106+0530][gc,heap,exit]  garbage-first heap   total 1048576K, used 266864K [0x00000007c0000000, 0x0000000800000000)
[2024-09-04T13:18:26.106+0530][gc,heap,exit]   region size 1024K, 10 young (10240K), 5 survivors (5120K)
[2024-09-04T13:18:26.106+0530][gc,heap,exit]  Metaspace       used 47837K, committed 48576K, reserved 1114112K
[2024-09-04T13:18:26.106+0530][gc,heap,exit]   class space    used 5810K, committed 6144K, reserved 1048576K
