[2024-09-03T16:37:56.350+0530][gc] Using G1
[2024-09-03T16:37:56.363+0530][gc,init] Version: 17.0.8+9-LTS-211 (release)
[2024-09-03T16:37:56.363+0530][gc,init] CPUs: 8 total, 8 available
[2024-09-03T16:37:56.363+0530][gc,init] Memory: 16384M
[2024-09-03T16:37:56.363+0530][gc,init] Large Page Support: Disabled
[2024-09-03T16:37:56.363+0530][gc,init] NUMA Support: Disabled
[2024-09-03T16:37:56.363+0530][gc,init] Compressed Oops: Enabled (Zero based)
[2024-09-03T16:37:56.363+0530][gc,init] Heap Region Size: 1M
[2024-09-03T16:37:56.363+0530][gc,init] Heap Min Capacity: 1G
[2024-09-03T16:37:56.363+0530][gc,init] Heap Initial Capacity: 1G
[2024-09-03T16:37:56.363+0530][gc,init] Heap Max Capacity: 1G
[2024-09-03T16:37:56.363+0530][gc,init] Pre-touch: Disabled
[2024-09-03T16:37:56.363+0530][gc,init] Parallel Workers: 8
[2024-09-03T16:37:56.363+0530][gc,init] Concurrent Workers: 2
[2024-09-03T16:37:56.363+0530][gc,init] Concurrent Refinement Workers: 8
[2024-09-03T16:37:56.363+0530][gc,init] Periodic GC: Disabled
[2024-09-03T16:37:56.378+0530][gc,metaspace] CDS archive(s) mapped at: [0x0000000125000000-0x0000000125be4000-0x0000000125be4000), size 12468224, SharedBaseAddress: 0x0000000125000000, ArchiveRelocationMode: 1.
[2024-09-03T16:37:56.378+0530][gc,metaspace] Compressed class space mapped at: 0x0000000126000000-0x0000000166000000, reserved size: 1073741824
[2024-09-03T16:37:56.378+0530][gc,metaspace] Narrow klass base: 0x0000000125000000, Narrow klass shift: 0, Narrow klass range: 0x100000000
[2024-09-03T16:37:58.371+0530][gc,start    ] GC(0) Pause Young (Normal) (G1 Evacuation Pause)
[2024-09-03T16:37:58.372+0530][gc,task     ] GC(0) Using 8 workers of 8 for evacuation
[2024-09-03T16:37:58.384+0530][gc,phases   ] GC(0)   Pre Evacuate Collection Set: 0.2ms
[2024-09-03T16:37:58.384+0530][gc,phases   ] GC(0)   Merge Heap Roots: 0.1ms
[2024-09-03T16:37:58.384+0530][gc,phases   ] GC(0)   Evacuate Collection Set: 10.0ms
[2024-09-03T16:37:58.384+0530][gc,phases   ] GC(0)   Post Evacuate Collection Set: 1.0ms
[2024-09-03T16:37:58.384+0530][gc,phases   ] GC(0)   Other: 1.4ms
[2024-09-03T16:37:58.384+0530][gc,heap     ] GC(0) Eden regions: 51->0(44)
[2024-09-03T16:37:58.384+0530][gc,heap     ] GC(0) Survivor regions: 0->7(7)
[2024-09-03T16:37:58.384+0530][gc,heap     ] GC(0) Old regions: 0->1
[2024-09-03T16:37:58.384+0530][gc,heap     ] GC(0) Archive regions: 2->2
[2024-09-03T16:37:58.384+0530][gc,heap     ] GC(0) Humongous regions: 0->0
[2024-09-03T16:37:58.384+0530][gc,metaspace] GC(0) Metaspace: 18188K(18304K)->18188K(18304K) NonClass: 16013K(16064K)->16013K(16064K) Class: 2174K(2240K)->2174K(2240K)
[2024-09-03T16:37:58.384+0530][gc          ] GC(0) Pause Young (Normal) (G1 Evacuation Pause) 51M->8M(1024M) 13.241ms
[2024-09-03T16:37:58.384+0530][gc,cpu      ] GC(0) User=0.05s Sys=0.01s Real=0.01s
[2024-09-03T16:37:58.971+0530][gc,start    ] GC(1) Pause Young (Concurrent Start) (Metadata GC Threshold)
[2024-09-03T16:37:58.971+0530][gc,task     ] GC(1) Using 8 workers of 8 for evacuation
[2024-09-03T16:37:58.982+0530][gc,phases   ] GC(1)   Pre Evacuate Collection Set: 0.2ms
[2024-09-03T16:37:58.982+0530][gc,phases   ] GC(1)   Merge Heap Roots: 0.1ms
[2024-09-03T16:37:58.982+0530][gc,phases   ] GC(1)   Evacuate Collection Set: 9.0ms
[2024-09-03T16:37:58.982+0530][gc,phases   ] GC(1)   Post Evacuate Collection Set: 0.5ms
[2024-09-03T16:37:58.982+0530][gc,phases   ] GC(1)   Other: 0.4ms
[2024-09-03T16:37:58.982+0530][gc,heap     ] GC(1) Eden regions: 13->0(49)
[2024-09-03T16:37:58.982+0530][gc,heap     ] GC(1) Survivor regions: 7->2(7)
[2024-09-03T16:37:58.982+0530][gc,heap     ] GC(1) Old regions: 1->8
[2024-09-03T16:37:58.982+0530][gc,heap     ] GC(1) Archive regions: 2->2
[2024-09-03T16:37:58.982+0530][gc,heap     ] GC(1) Humongous regions: 129->129
[2024-09-03T16:37:58.982+0530][gc,metaspace] GC(1) Metaspace: 21315K(21504K)->21315K(21504K) NonClass: 18752K(18816K)->18752K(18816K) Class: 2562K(2688K)->2562K(2688K)
[2024-09-03T16:37:58.982+0530][gc          ] GC(1) Pause Young (Concurrent Start) (Metadata GC Threshold) 150M->139M(1024M) 10.476ms
[2024-09-03T16:37:58.982+0530][gc,cpu      ] GC(1) User=0.04s Sys=0.02s Real=0.01s
[2024-09-03T16:37:58.982+0530][gc          ] GC(2) Concurrent Mark Cycle
[2024-09-03T16:37:58.982+0530][gc,marking  ] GC(2) Concurrent Clear Claimed Marks
[2024-09-03T16:37:58.982+0530][gc,marking  ] GC(2) Concurrent Clear Claimed Marks 0.041ms
[2024-09-03T16:37:58.982+0530][gc,marking  ] GC(2) Concurrent Scan Root Regions
[2024-09-03T16:37:58.987+0530][gc,marking  ] GC(2) Concurrent Scan Root Regions 4.500ms
[2024-09-03T16:37:58.987+0530][gc,marking  ] GC(2) Concurrent Mark
[2024-09-03T16:37:58.987+0530][gc,marking  ] GC(2) Concurrent Mark From Roots
[2024-09-03T16:37:58.987+0530][gc,task     ] GC(2) Using 2 workers of 2 for marking
[2024-09-03T16:37:58.991+0530][gc,marking  ] GC(2) Concurrent Mark From Roots 4.211ms
[2024-09-03T16:37:58.991+0530][gc,marking  ] GC(2) Concurrent Preclean
[2024-09-03T16:37:58.991+0530][gc,marking  ] GC(2) Concurrent Preclean 0.065ms
[2024-09-03T16:37:58.992+0530][gc,start    ] GC(2) Pause Remark
[2024-09-03T16:37:58.995+0530][gc          ] GC(2) Pause Remark 140M->140M(1024M) 2.712ms
[2024-09-03T16:37:58.995+0530][gc,cpu      ] GC(2) User=0.01s Sys=0.00s Real=0.00s
[2024-09-03T16:37:58.995+0530][gc,marking  ] GC(2) Concurrent Mark 7.944ms
[2024-09-03T16:37:58.995+0530][gc,marking  ] GC(2) Concurrent Rebuild Remembered Sets
[2024-09-03T16:37:59.000+0530][gc,marking  ] GC(2) Concurrent Rebuild Remembered Sets 5.427ms
[2024-09-03T16:37:59.001+0530][gc,start    ] GC(2) Pause Cleanup
[2024-09-03T16:37:59.002+0530][gc          ] GC(2) Pause Cleanup 141M->141M(1024M) 0.202ms
[2024-09-03T16:37:59.002+0530][gc,cpu      ] GC(2) User=0.00s Sys=0.00s Real=0.00s
[2024-09-03T16:37:59.002+0530][gc,marking  ] GC(2) Concurrent Cleanup for Next Mark
[2024-09-03T16:37:59.014+0530][gc,marking  ] GC(2) Concurrent Cleanup for Next Mark 12.611ms
[2024-09-03T16:37:59.014+0530][gc          ] GC(2) Concurrent Mark Cycle 32.439ms
[2024-09-03T16:38:00.507+0530][gc,start    ] GC(3) Pause Young (Normal) (G1 Evacuation Pause)
[2024-09-03T16:38:00.507+0530][gc,task     ] GC(3) Using 8 workers of 8 for evacuation
[2024-09-03T16:38:00.518+0530][gc,phases   ] GC(3)   Pre Evacuate Collection Set: 0.2ms
[2024-09-03T16:38:00.518+0530][gc,phases   ] GC(3)   Merge Heap Roots: 0.1ms
[2024-09-03T16:38:00.518+0530][gc,phases   ] GC(3)   Evacuate Collection Set: 9.3ms
[2024-09-03T16:38:00.518+0530][gc,phases   ] GC(3)   Post Evacuate Collection Set: 0.8ms
[2024-09-03T16:38:00.518+0530][gc,phases   ] GC(3)   Other: 0.2ms
[2024-09-03T16:38:00.518+0530][gc,heap     ] GC(3) Eden regions: 49->0(44)
[2024-09-03T16:38:00.518+0530][gc,heap     ] GC(3) Survivor regions: 2->7(7)
[2024-09-03T16:38:00.518+0530][gc,heap     ] GC(3) Old regions: 8->8
[2024-09-03T16:38:00.518+0530][gc,heap     ] GC(3) Archive regions: 2->2
[2024-09-03T16:38:00.518+0530][gc,heap     ] GC(3) Humongous regions: 129->129
[2024-09-03T16:38:00.518+0530][gc,metaspace] GC(3) Metaspace: 32590K(32896K)->32590K(32896K) NonClass: 28996K(29184K)->28996K(29184K) Class: 3594K(3712K)->3594K(3712K)
[2024-09-03T16:38:00.518+0530][gc          ] GC(3) Pause Young (Normal) (G1 Evacuation Pause) 188M->143M(1024M) 11.022ms
[2024-09-03T16:38:00.518+0530][gc,cpu      ] GC(3) User=0.05s Sys=0.00s Real=0.01s
[2024-09-03T16:39:41.748+0530][gc,start    ] GC(4) Pause Young (Concurrent Start) (Metadata GC Threshold)
[2024-09-03T16:39:41.748+0530][gc,task     ] GC(4) Using 8 workers of 8 for evacuation
[2024-09-03T16:39:41.789+0530][gc,mmu      ] GC(4) MMU target violated: 21.0ms (20.0ms/21.0ms)
[2024-09-03T16:39:41.790+0530][gc,phases   ] GC(4)   Pre Evacuate Collection Set: 2.1ms
[2024-09-03T16:39:41.790+0530][gc,phases   ] GC(4)   Merge Heap Roots: 0.2ms
[2024-09-03T16:39:41.790+0530][gc,phases   ] GC(4)   Evacuate Collection Set: 37.2ms
[2024-09-03T16:39:41.790+0530][gc,phases   ] GC(4)   Post Evacuate Collection Set: 0.9ms
[2024-09-03T16:39:41.790+0530][gc,phases   ] GC(4)   Other: 1.3ms
[2024-09-03T16:39:41.790+0530][gc,heap     ] GC(4) Eden regions: 16->0(49)
[2024-09-03T16:39:41.790+0530][gc,heap     ] GC(4) Survivor regions: 7->2(7)
[2024-09-03T16:39:41.790+0530][gc,heap     ] GC(4) Old regions: 8->14
[2024-09-03T16:39:41.790+0530][gc,heap     ] GC(4) Archive regions: 2->2
[2024-09-03T16:39:41.790+0530][gc,heap     ] GC(4) Humongous regions: 129->129
[2024-09-03T16:39:41.790+0530][gc,metaspace] GC(4) Metaspace: 35860K(36160K)->35860K(36160K) NonClass: 31804K(31936K)->31804K(31936K) Class: 4056K(4224K)->4056K(4224K)
[2024-09-03T16:39:41.790+0530][gc          ] GC(4) Pause Young (Concurrent Start) (Metadata GC Threshold) 159M->145M(1024M) 42.239ms
[2024-09-03T16:39:41.790+0530][gc,cpu      ] GC(4) User=0.08s Sys=0.05s Real=0.05s
[2024-09-03T16:39:41.790+0530][gc          ] GC(5) Concurrent Mark Cycle
[2024-09-03T16:39:41.790+0530][gc,marking  ] GC(5) Concurrent Clear Claimed Marks
[2024-09-03T16:39:41.790+0530][gc,marking  ] GC(5) Concurrent Clear Claimed Marks 0.068ms
[2024-09-03T16:39:41.790+0530][gc,marking  ] GC(5) Concurrent Scan Root Regions
[2024-09-03T16:39:41.799+0530][gc,marking  ] GC(5) Concurrent Scan Root Regions 8.854ms
[2024-09-03T16:39:41.799+0530][gc,marking  ] GC(5) Concurrent Mark
[2024-09-03T16:39:41.799+0530][gc,marking  ] GC(5) Concurrent Mark From Roots
[2024-09-03T16:39:41.799+0530][gc,task     ] GC(5) Using 2 workers of 2 for marking
[2024-09-03T16:39:41.861+0530][gc,marking  ] GC(5) Concurrent Mark From Roots 61.065ms
[2024-09-03T16:39:41.861+0530][gc,marking  ] GC(5) Concurrent Preclean
[2024-09-03T16:39:41.861+0530][gc,marking  ] GC(5) Concurrent Preclean 0.213ms
[2024-09-03T16:39:41.861+0530][gc,start    ] GC(5) Pause Remark
[2024-09-03T16:39:41.870+0530][gc          ] GC(5) Pause Remark 145M->145M(1024M) 9.175ms
[2024-09-03T16:39:41.870+0530][gc,cpu      ] GC(5) User=0.02s Sys=0.00s Real=0.01s
[2024-09-03T16:39:41.871+0530][gc,marking  ] GC(5) Concurrent Mark 71.103ms
[2024-09-03T16:39:41.871+0530][gc,marking  ] GC(5) Concurrent Rebuild Remembered Sets
[2024-09-03T16:39:41.885+0530][gc,marking  ] GC(5) Concurrent Rebuild Remembered Sets 14.682ms
[2024-09-03T16:39:41.886+0530][gc,start    ] GC(5) Pause Cleanup
[2024-09-03T16:39:41.890+0530][gc          ] GC(5) Pause Cleanup 146M->146M(1024M) 3.650ms
[2024-09-03T16:39:41.890+0530][gc,cpu      ] GC(5) User=0.00s Sys=0.00s Real=0.01s
[2024-09-03T16:39:41.890+0530][gc,marking  ] GC(5) Concurrent Cleanup for Next Mark
[2024-09-03T16:39:41.917+0530][gc,marking  ] GC(5) Concurrent Cleanup for Next Mark 27.095ms
[2024-09-03T16:39:41.917+0530][gc          ] GC(5) Concurrent Mark Cycle 126.704ms
[2024-09-03T16:43:57.516+0530][gc,start    ] GC(6) Pause Young (Normal) (G1 Evacuation Pause)
[2024-09-03T16:43:57.516+0530][gc,task     ] GC(6) Using 8 workers of 8 for evacuation
[2024-09-03T16:43:57.565+0530][gc,mmu      ] GC(6) MMU target violated: 21.0ms (20.0ms/21.0ms)
[2024-09-03T16:43:57.565+0530][gc,phases   ] GC(6)   Pre Evacuate Collection Set: 1.7ms
[2024-09-03T16:43:57.565+0530][gc,phases   ] GC(6)   Merge Heap Roots: 0.4ms
[2024-09-03T16:43:57.565+0530][gc,phases   ] GC(6)   Evacuate Collection Set: 45.9ms
[2024-09-03T16:43:57.565+0530][gc,phases   ] GC(6)   Post Evacuate Collection Set: 0.9ms
[2024-09-03T16:43:57.565+0530][gc,phases   ] GC(6)   Other: 0.8ms
[2024-09-03T16:43:57.565+0530][gc,heap     ] GC(6) Eden regions: 49->0(46)
[2024-09-03T16:43:57.566+0530][gc,heap     ] GC(6) Survivor regions: 2->5(7)
[2024-09-03T16:43:57.566+0530][gc,heap     ] GC(6) Old regions: 14->14
[2024-09-03T16:43:57.566+0530][gc,heap     ] GC(6) Archive regions: 2->2
[2024-09-03T16:43:57.566+0530][gc,heap     ] GC(6) Humongous regions: 129->129
[2024-09-03T16:43:57.566+0530][gc,metaspace] GC(6) Metaspace: 41651K(42176K)->41651K(42176K) NonClass: 36646K(36928K)->36646K(36928K) Class: 5005K(5248K)->5005K(5248K)
[2024-09-03T16:43:57.566+0530][gc          ] GC(6) Pause Young (Normal) (G1 Evacuation Pause) 194M->148M(1024M) 49.686ms
[2024-09-03T16:43:57.566+0530][gc,cpu      ] GC(6) User=0.05s Sys=0.15s Real=0.05s
[2024-09-03T16:45:50.087+0530][gc,start    ] GC(7) Pause Young (Normal) (G1 Evacuation Pause)
[2024-09-03T16:45:50.087+0530][gc,task     ] GC(7) Using 8 workers of 8 for evacuation
[2024-09-03T16:45:50.094+0530][gc,phases   ] GC(7)   Pre Evacuate Collection Set: 0.1ms
[2024-09-03T16:45:50.094+0530][gc,phases   ] GC(7)   Merge Heap Roots: 0.1ms
[2024-09-03T16:45:50.094+0530][gc,phases   ] GC(7)   Evacuate Collection Set: 6.5ms
[2024-09-03T16:45:50.094+0530][gc,phases   ] GC(7)   Post Evacuate Collection Set: 0.3ms
[2024-09-03T16:45:50.094+0530][gc,phases   ] GC(7)   Other: 0.2ms
[2024-09-03T16:45:50.094+0530][gc,heap     ] GC(7) Eden regions: 46->0(47)
[2024-09-03T16:45:50.094+0530][gc,heap     ] GC(7) Survivor regions: 5->4(7)
[2024-09-03T16:45:50.094+0530][gc,heap     ] GC(7) Old regions: 14->17
[2024-09-03T16:45:50.094+0530][gc,heap     ] GC(7) Archive regions: 2->2
[2024-09-03T16:45:50.094+0530][gc,heap     ] GC(7) Humongous regions: 129->129
[2024-09-03T16:45:50.094+0530][gc,metaspace] GC(7) Metaspace: 43010K(43584K)->43010K(43584K) NonClass: 37828K(38144K)->37828K(38144K) Class: 5181K(5440K)->5181K(5440K)
[2024-09-03T16:45:50.094+0530][gc          ] GC(7) Pause Young (Normal) (G1 Evacuation Pause) 194M->150M(1024M) 7.360ms
[2024-09-03T16:45:50.094+0530][gc,cpu      ] GC(7) User=0.04s Sys=0.01s Real=0.01s
[2024-09-03T16:47:42.460+0530][gc,start    ] GC(8) Pause Young (Normal) (G1 Evacuation Pause)
[2024-09-03T16:47:42.460+0530][gc,task     ] GC(8) Using 8 workers of 8 for evacuation
[2024-09-03T16:47:42.465+0530][gc,phases   ] GC(8)   Pre Evacuate Collection Set: 0.2ms
[2024-09-03T16:47:42.465+0530][gc,phases   ] GC(8)   Merge Heap Roots: 0.1ms
[2024-09-03T16:47:42.465+0530][gc,phases   ] GC(8)   Evacuate Collection Set: 4.6ms
[2024-09-03T16:47:42.465+0530][gc,phases   ] GC(8)   Post Evacuate Collection Set: 0.4ms
[2024-09-03T16:47:42.465+0530][gc,phases   ] GC(8)   Other: 0.3ms
[2024-09-03T16:47:42.465+0530][gc,heap     ] GC(8) Eden regions: 47->0(46)
[2024-09-03T16:47:42.465+0530][gc,heap     ] GC(8) Survivor regions: 4->5(7)
[2024-09-03T16:47:42.465+0530][gc,heap     ] GC(8) Old regions: 17->17
[2024-09-03T16:47:42.465+0530][gc,heap     ] GC(8) Archive regions: 2->2
[2024-09-03T16:47:42.465+0530][gc,heap     ] GC(8) Humongous regions: 129->129
[2024-09-03T16:47:42.465+0530][gc,metaspace] GC(8) Metaspace: 43321K(43904K)->43321K(43904K) NonClass: 38139K(38464K)->38139K(38464K) Class: 5182K(5440K)->5182K(5440K)
[2024-09-03T16:47:42.465+0530][gc          ] GC(8) Pause Young (Normal) (G1 Evacuation Pause) 197M->151M(1024M) 5.759ms
[2024-09-03T16:47:42.465+0530][gc,cpu      ] GC(8) User=0.03s Sys=0.00s Real=0.00s
[2024-09-03T16:48:37.469+0530][gc,start    ] GC(9) Pause Young (Normal) (G1 Evacuation Pause)
[2024-09-03T16:48:37.469+0530][gc,task     ] GC(9) Using 8 workers of 8 for evacuation
[2024-09-03T16:48:37.473+0530][gc,phases   ] GC(9)   Pre Evacuate Collection Set: 0.1ms
[2024-09-03T16:48:37.473+0530][gc,phases   ] GC(9)   Merge Heap Roots: 0.1ms
[2024-09-03T16:48:37.474+0530][gc,phases   ] GC(9)   Evacuate Collection Set: 3.9ms
[2024-09-03T16:48:37.474+0530][gc,phases   ] GC(9)   Post Evacuate Collection Set: 0.3ms
[2024-09-03T16:48:37.474+0530][gc,phases   ] GC(9)   Other: 0.2ms
[2024-09-03T16:48:37.474+0530][gc,heap     ] GC(9) Eden regions: 46->0(48)
[2024-09-03T16:48:37.474+0530][gc,heap     ] GC(9) Survivor regions: 5->3(7)
[2024-09-03T16:48:37.474+0530][gc,heap     ] GC(9) Old regions: 17->20
[2024-09-03T16:48:37.474+0530][gc,heap     ] GC(9) Archive regions: 2->2
[2024-09-03T16:48:37.474+0530][gc,heap     ] GC(9) Humongous regions: 129->129
[2024-09-03T16:48:37.474+0530][gc,metaspace] GC(9) Metaspace: 43438K(44032K)->43438K(44032K) NonClass: 38256K(38592K)->38256K(38592K) Class: 5182K(5440K)->5182K(5440K)
[2024-09-03T16:48:37.474+0530][gc          ] GC(9) Pause Young (Normal) (G1 Evacuation Pause) 197M->151M(1024M) 4.764ms
[2024-09-03T16:48:37.474+0530][gc,cpu      ] GC(9) User=0.03s Sys=0.01s Real=0.01s
[2024-09-03T16:50:30.967+0530][gc,start    ] GC(10) Pause Young (Normal) (G1 Evacuation Pause)
[2024-09-03T16:50:30.967+0530][gc,task     ] GC(10) Using 8 workers of 8 for evacuation
[2024-09-03T16:50:30.976+0530][gc,phases   ] GC(10)   Pre Evacuate Collection Set: 0.1ms
[2024-09-03T16:50:30.976+0530][gc,phases   ] GC(10)   Merge Heap Roots: 0.1ms
[2024-09-03T16:50:30.976+0530][gc,phases   ] GC(10)   Evacuate Collection Set: 8.1ms
[2024-09-03T16:50:30.976+0530][gc,phases   ] GC(10)   Post Evacuate Collection Set: 0.3ms
[2024-09-03T16:50:30.976+0530][gc,phases   ] GC(10)   Other: 0.2ms
[2024-09-03T16:50:30.976+0530][gc,heap     ] GC(10) Eden regions: 48->0(44)
[2024-09-03T16:50:30.976+0530][gc,heap     ] GC(10) Survivor regions: 3->7(7)
[2024-09-03T16:50:30.976+0530][gc,heap     ] GC(10) Old regions: 20->20
[2024-09-03T16:50:30.976+0530][gc,heap     ] GC(10) Archive regions: 2->2
[2024-09-03T16:50:30.976+0530][gc,heap     ] GC(10) Humongous regions: 129->129
[2024-09-03T16:50:30.976+0530][gc,metaspace] GC(10) Metaspace: 43529K(44096K)->43529K(44096K) NonClass: 38343K(38656K)->38343K(38656K) Class: 5186K(5440K)->5186K(5440K)
[2024-09-03T16:50:30.976+0530][gc          ] GC(10) Pause Young (Normal) (G1 Evacuation Pause) 199M->155M(1024M) 9.052ms
[2024-09-03T16:50:30.976+0530][gc,cpu      ] GC(10) User=0.05s Sys=0.01s Real=0.01s
[2024-09-03T16:53:11.190+0530][gc,start    ] GC(11) Pause Young (Normal) (G1 Evacuation Pause)
[2024-09-03T16:53:11.190+0530][gc,task     ] GC(11) Using 8 workers of 8 for evacuation
[2024-09-03T16:53:11.197+0530][gc,phases   ] GC(11)   Pre Evacuate Collection Set: 0.2ms
[2024-09-03T16:53:11.197+0530][gc,phases   ] GC(11)   Merge Heap Roots: 0.1ms
[2024-09-03T16:53:11.197+0530][gc,phases   ] GC(11)   Evacuate Collection Set: 6.5ms
[2024-09-03T16:53:11.197+0530][gc,phases   ] GC(11)   Post Evacuate Collection Set: 0.4ms
[2024-09-03T16:53:11.197+0530][gc,phases   ] GC(11)   Other: 0.3ms
[2024-09-03T16:53:11.197+0530][gc,heap     ] GC(11) Eden regions: 44->0(50)
[2024-09-03T16:53:11.198+0530][gc,heap     ] GC(11) Survivor regions: 7->4(7)
[2024-09-03T16:53:11.198+0530][gc,heap     ] GC(11) Old regions: 20->23
[2024-09-03T16:53:11.198+0530][gc,heap     ] GC(11) Archive regions: 2->2
[2024-09-03T16:53:11.198+0530][gc,heap     ] GC(11) Humongous regions: 129->129
[2024-09-03T16:53:11.198+0530][gc,metaspace] GC(11) Metaspace: 43605K(44224K)->43605K(44224K) NonClass: 38412K(38720K)->38412K(38720K) Class: 5193K(5504K)->5193K(5504K)
[2024-09-03T16:53:11.198+0530][gc          ] GC(11) Pause Young (Normal) (G1 Evacuation Pause) 199M->155M(1024M) 7.624ms
[2024-09-03T16:53:11.198+0530][gc,cpu      ] GC(11) User=0.05s Sys=0.00s Real=0.00s
[2024-09-03T16:56:07.296+0530][gc,start    ] GC(12) Pause Young (Normal) (G1 Evacuation Pause)
[2024-09-03T16:56:07.296+0530][gc,task     ] GC(12) Using 8 workers of 8 for evacuation
[2024-09-03T16:56:07.302+0530][gc,phases   ] GC(12)   Pre Evacuate Collection Set: 0.2ms
[2024-09-03T16:56:07.303+0530][gc,phases   ] GC(12)   Merge Heap Roots: 0.2ms
[2024-09-03T16:56:07.303+0530][gc,phases   ] GC(12)   Evacuate Collection Set: 5.2ms
[2024-09-03T16:56:07.303+0530][gc,phases   ] GC(12)   Post Evacuate Collection Set: 0.4ms
[2024-09-03T16:56:07.303+0530][gc,phases   ] GC(12)   Other: 0.3ms
[2024-09-03T16:56:07.303+0530][gc,heap     ] GC(12) Eden regions: 50->0(60)
[2024-09-03T16:56:07.303+0530][gc,heap     ] GC(12) Survivor regions: 4->5(7)
[2024-09-03T16:56:07.303+0530][gc,heap     ] GC(12) Old regions: 23->23
[2024-09-03T16:56:07.303+0530][gc,heap     ] GC(12) Archive regions: 2->2
[2024-09-03T16:56:07.303+0530][gc,heap     ] GC(12) Humongous regions: 129->129
[2024-09-03T16:56:07.303+0530][gc,metaspace] GC(12) Metaspace: 43641K(44288K)->43641K(44288K) NonClass: 38447K(38784K)->38447K(38784K) Class: 5193K(5504K)->5193K(5504K)
[2024-09-03T16:56:07.303+0530][gc          ] GC(12) Pause Young (Normal) (G1 Evacuation Pause) 205M->156M(1024M) 6.452ms
[2024-09-03T16:56:07.303+0530][gc,cpu      ] GC(12) User=0.04s Sys=0.00s Real=0.01s
[2024-09-03T16:59:31.423+0530][gc,start    ] GC(13) Pause Young (Normal) (G1 Evacuation Pause)
[2024-09-03T16:59:31.423+0530][gc,task     ] GC(13) Using 8 workers of 8 for evacuation
[2024-09-03T16:59:31.431+0530][gc,phases   ] GC(13)   Pre Evacuate Collection Set: 0.2ms
[2024-09-03T16:59:31.431+0530][gc,phases   ] GC(13)   Merge Heap Roots: 0.1ms
[2024-09-03T16:59:31.431+0530][gc,phases   ] GC(13)   Evacuate Collection Set: 6.9ms
[2024-09-03T16:59:31.431+0530][gc,phases   ] GC(13)   Post Evacuate Collection Set: 0.4ms
[2024-09-03T16:59:31.431+0530][gc,phases   ] GC(13)   Other: 0.3ms
[2024-09-03T16:59:31.431+0530][gc,heap     ] GC(13) Eden regions: 60->0(61)
[2024-09-03T16:59:31.431+0530][gc,heap     ] GC(13) Survivor regions: 5->7(9)
[2024-09-03T16:59:31.431+0530][gc,heap     ] GC(13) Old regions: 23->23
[2024-09-03T16:59:31.431+0530][gc,heap     ] GC(13) Archive regions: 2->2
[2024-09-03T16:59:31.431+0530][gc,heap     ] GC(13) Humongous regions: 129->129
[2024-09-03T16:59:31.431+0530][gc,metaspace] GC(13) Metaspace: 43691K(44288K)->43691K(44288K) NonClass: 38498K(38784K)->38498K(38784K) Class: 5193K(5504K)->5193K(5504K)
[2024-09-03T16:59:31.431+0530][gc          ] GC(13) Pause Young (Normal) (G1 Evacuation Pause) 216M->158M(1024M) 8.076ms
[2024-09-03T16:59:31.431+0530][gc,cpu      ] GC(13) User=0.05s Sys=0.01s Real=0.01s
[2024-09-03T17:03:01.135+0530][gc,start    ] GC(14) Pause Young (Normal) (G1 Evacuation Pause)
[2024-09-03T17:03:01.135+0530][gc,task     ] GC(14) Using 8 workers of 8 for evacuation
[2024-09-03T17:03:01.144+0530][gc,phases   ] GC(14)   Pre Evacuate Collection Set: 0.1ms
[2024-09-03T17:03:01.144+0530][gc,phases   ] GC(14)   Merge Heap Roots: 0.1ms
[2024-09-03T17:03:01.144+0530][gc,phases   ] GC(14)   Evacuate Collection Set: 7.7ms
[2024-09-03T17:03:01.144+0530][gc,phases   ] GC(14)   Post Evacuate Collection Set: 0.3ms
[2024-09-03T17:03:01.144+0530][gc,phases   ] GC(14)   Other: 0.2ms
[2024-09-03T17:03:01.144+0530][gc,heap     ] GC(14) Eden regions: 61->0(78)
[2024-09-03T17:03:01.144+0530][gc,heap     ] GC(14) Survivor regions: 7->7(9)
[2024-09-03T17:03:01.144+0530][gc,heap     ] GC(14) Old regions: 23->26
[2024-09-03T17:03:01.144+0530][gc,heap     ] GC(14) Archive regions: 2->2
[2024-09-03T17:03:01.144+0530][gc,heap     ] GC(14) Humongous regions: 129->129
[2024-09-03T17:03:01.144+0530][gc,metaspace] GC(14) Metaspace: 43726K(44352K)->43726K(44352K) NonClass: 38532K(38848K)->38532K(38848K) Class: 5193K(5504K)->5193K(5504K)
[2024-09-03T17:03:01.144+0530][gc          ] GC(14) Pause Young (Normal) (G1 Evacuation Pause) 219M->161M(1024M) 8.644ms
[2024-09-03T17:03:01.144+0530][gc,cpu      ] GC(14) User=0.05s Sys=0.00s Real=0.01s
[2024-09-03T17:07:19.793+0530][gc,start    ] GC(15) Pause Young (Normal) (G1 Evacuation Pause)
[2024-09-03T17:07:19.793+0530][gc,task     ] GC(15) Using 8 workers of 8 for evacuation
[2024-09-03T17:07:19.801+0530][gc,phases   ] GC(15)   Pre Evacuate Collection Set: 0.2ms
[2024-09-03T17:07:19.801+0530][gc,phases   ] GC(15)   Merge Heap Roots: 0.1ms
[2024-09-03T17:07:19.801+0530][gc,phases   ] GC(15)   Evacuate Collection Set: 6.7ms
[2024-09-03T17:07:19.801+0530][gc,phases   ] GC(15)   Post Evacuate Collection Set: 0.4ms
[2024-09-03T17:07:19.801+0530][gc,phases   ] GC(15)   Other: 0.5ms
[2024-09-03T17:07:19.801+0530][gc,heap     ] GC(15) Eden regions: 78->0(121)
[2024-09-03T17:07:19.801+0530][gc,heap     ] GC(15) Survivor regions: 7->5(11)
[2024-09-03T17:07:19.801+0530][gc,heap     ] GC(15) Old regions: 26->28
[2024-09-03T17:07:19.801+0530][gc,heap     ] GC(15) Archive regions: 2->2
[2024-09-03T17:07:19.801+0530][gc,heap     ] GC(15) Humongous regions: 129->129
[2024-09-03T17:07:19.801+0530][gc,metaspace] GC(15) Metaspace: 43854K(44416K)->43854K(44416K) NonClass: 38660K(38912K)->38660K(38912K) Class: 5193K(5504K)->5193K(5504K)
[2024-09-03T17:07:19.801+0530][gc          ] GC(15) Pause Young (Normal) (G1 Evacuation Pause) 239M->161M(1024M) 8.076ms
[2024-09-03T17:07:19.801+0530][gc,cpu      ] GC(15) User=0.05s Sys=0.01s Real=0.01s
[2024-09-03T17:10:05.848+0530][gc,start    ] GC(16) Pause Young (Normal) (G1 Evacuation Pause)
[2024-09-03T17:10:05.850+0530][gc,task     ] GC(16) Using 8 workers of 8 for evacuation
[2024-09-03T17:10:05.891+0530][gc,mmu      ] GC(16) MMU target violated: 21.0ms (20.0ms/21.0ms)
[2024-09-03T17:10:05.893+0530][gc,phases   ] GC(16)   Pre Evacuate Collection Set: 1.2ms
[2024-09-03T17:10:05.893+0530][gc,phases   ] GC(16)   Merge Heap Roots: 0.3ms
[2024-09-03T17:10:05.893+0530][gc,phases   ] GC(16)   Evacuate Collection Set: 23.8ms
[2024-09-03T17:10:05.893+0530][gc,phases   ] GC(16)   Post Evacuate Collection Set: 15.7ms
[2024-09-03T17:10:05.893+0530][gc,phases   ] GC(16)   Other: 4.1ms
[2024-09-03T17:10:05.893+0530][gc,heap     ] GC(16) Eden regions: 120->0(43)
[2024-09-03T17:10:05.893+0530][gc,heap     ] GC(16) Survivor regions: 5->8(16)
[2024-09-03T17:10:05.893+0530][gc,heap     ] GC(16) Old regions: 28->28
[2024-09-03T17:10:05.893+0530][gc,heap     ] GC(16) Archive regions: 2->2
[2024-09-03T17:10:05.893+0530][gc,heap     ] GC(16) Humongous regions: 129->129
[2024-09-03T17:10:05.893+0530][gc,metaspace] GC(16) Metaspace: 43893K(44544K)->43893K(44544K) NonClass: 38699K(39040K)->38699K(39040K) Class: 5193K(5504K)->5193K(5504K)
[2024-09-03T17:10:05.893+0530][gc          ] GC(16) Pause Young (Normal) (G1 Evacuation Pause) 281M->164M(1024M) 45.238ms
[2024-09-03T17:10:05.893+0530][gc,cpu      ] GC(16) User=0.05s Sys=0.02s Real=0.05s
[2024-09-03T17:10:53.237+0530][gc,start    ] GC(17) Pause Young (Normal) (G1 Evacuation Pause)
[2024-09-03T17:10:53.237+0530][gc,task     ] GC(17) Using 8 workers of 8 for evacuation
[2024-09-03T17:10:53.257+0530][gc,phases   ] GC(17)   Pre Evacuate Collection Set: 0.3ms
[2024-09-03T17:10:53.257+0530][gc,phases   ] GC(17)   Merge Heap Roots: 0.1ms
[2024-09-03T17:10:53.257+0530][gc,phases   ] GC(17)   Evacuate Collection Set: 13.7ms
[2024-09-03T17:10:53.257+0530][gc,phases   ] GC(17)   Post Evacuate Collection Set: 0.3ms
[2024-09-03T17:10:53.257+0530][gc,phases   ] GC(17)   Other: 6.0ms
[2024-09-03T17:10:53.257+0530][gc,heap     ] GC(17) Eden regions: 43->0(70)
[2024-09-03T17:10:53.257+0530][gc,heap     ] GC(17) Survivor regions: 8->5(7)
[2024-09-03T17:10:53.257+0530][gc,heap     ] GC(17) Old regions: 28->35
[2024-09-03T17:10:53.257+0530][gc,heap     ] GC(17) Archive regions: 2->2
[2024-09-03T17:10:53.257+0530][gc,heap     ] GC(17) Humongous regions: 129->129
[2024-09-03T17:10:53.258+0530][gc,metaspace] GC(17) Metaspace: 43905K(44544K)->43905K(44544K) NonClass: 38712K(39040K)->38712K(39040K) Class: 5193K(5504K)->5193K(5504K)
[2024-09-03T17:10:53.258+0530][gc          ] GC(17) Pause Young (Normal) (G1 Evacuation Pause) 207M->168M(1024M) 20.611ms
[2024-09-03T17:10:53.258+0530][gc,cpu      ] GC(17) User=0.07s Sys=0.01s Real=0.02s
[2024-09-03T17:12:26.217+0530][gc,start    ] GC(18) Pause Young (Normal) (G1 Evacuation Pause)
[2024-09-03T17:12:26.219+0530][gc,task     ] GC(18) Using 8 workers of 8 for evacuation
[2024-09-03T17:12:26.224+0530][gc,phases   ] GC(18)   Pre Evacuate Collection Set: 0.2ms
[2024-09-03T17:12:26.224+0530][gc,phases   ] GC(18)   Merge Heap Roots: 0.1ms
[2024-09-03T17:12:26.224+0530][gc,phases   ] GC(18)   Evacuate Collection Set: 4.6ms
[2024-09-03T17:12:26.224+0530][gc,phases   ] GC(18)   Post Evacuate Collection Set: 0.3ms
[2024-09-03T17:12:26.224+0530][gc,phases   ] GC(18)   Other: 2.2ms
[2024-09-03T17:12:26.224+0530][gc,heap     ] GC(18) Eden regions: 70->0(119)
[2024-09-03T17:12:26.224+0530][gc,heap     ] GC(18) Survivor regions: 5->5(10)
[2024-09-03T17:12:26.224+0530][gc,heap     ] GC(18) Old regions: 35->35
[2024-09-03T17:12:26.224+0530][gc,heap     ] GC(18) Archive regions: 2->2
[2024-09-03T17:12:26.224+0530][gc,heap     ] GC(18) Humongous regions: 129->129
[2024-09-03T17:12:26.224+0530][gc,metaspace] GC(18) Metaspace: 43918K(44544K)->43918K(44544K) NonClass: 38725K(39040K)->38725K(39040K) Class: 5193K(5504K)->5193K(5504K)
[2024-09-03T17:12:26.224+0530][gc          ] GC(18) Pause Young (Normal) (G1 Evacuation Pause) 238M->168M(1024M) 7.535ms
[2024-09-03T17:12:26.224+0530][gc,cpu      ] GC(18) User=0.03s Sys=0.00s Real=0.01s
[2024-09-03T17:14:43.575+0530][gc,start    ] GC(19) Pause Young (Normal) (G1 Evacuation Pause)
[2024-09-03T17:14:43.577+0530][gc,task     ] GC(19) Using 8 workers of 8 for evacuation
[2024-09-03T17:14:43.586+0530][gc,phases   ] GC(19)   Pre Evacuate Collection Set: 0.2ms
[2024-09-03T17:14:43.586+0530][gc,phases   ] GC(19)   Merge Heap Roots: 0.1ms
[2024-09-03T17:14:43.586+0530][gc,phases   ] GC(19)   Evacuate Collection Set: 8.0ms
[2024-09-03T17:14:43.586+0530][gc,phases   ] GC(19)   Post Evacuate Collection Set: 0.5ms
[2024-09-03T17:14:43.586+0530][gc,phases   ] GC(19)   Other: 2.2ms
[2024-09-03T17:14:43.586+0530][gc,heap     ] GC(19) Eden regions: 119->0(108)
[2024-09-03T17:14:43.586+0530][gc,heap     ] GC(19) Survivor regions: 5->9(16)
[2024-09-03T17:14:43.586+0530][gc,heap     ] GC(19) Old regions: 35->35
[2024-09-03T17:14:43.586+0530][gc,heap     ] GC(19) Archive regions: 2->2
[2024-09-03T17:14:43.586+0530][gc,heap     ] GC(19) Humongous regions: 129->129
[2024-09-03T17:14:43.586+0530][gc,metaspace] GC(19) Metaspace: 43947K(44608K)->43947K(44608K) NonClass: 38753K(39104K)->38753K(39104K) Class: 5193K(5504K)->5193K(5504K)
[2024-09-03T17:14:43.586+0530][gc          ] GC(19) Pause Young (Normal) (G1 Evacuation Pause) 287M->172M(1024M) 11.153ms
[2024-09-03T17:14:43.586+0530][gc,cpu      ] GC(19) User=0.06s Sys=0.00s Real=0.01s
[2024-09-03T17:17:26.842+0530][gc,start    ] GC(20) Pause Young (Normal) (G1 Evacuation Pause)
[2024-09-03T17:17:26.842+0530][gc,task     ] GC(20) Using 8 workers of 8 for evacuation
[2024-09-03T17:17:26.851+0530][gc,phases   ] GC(20)   Pre Evacuate Collection Set: 0.2ms
[2024-09-03T17:17:26.851+0530][gc,phases   ] GC(20)   Merge Heap Roots: 0.1ms
[2024-09-03T17:17:26.851+0530][gc,phases   ] GC(20)   Evacuate Collection Set: 7.8ms
[2024-09-03T17:17:26.851+0530][gc,phases   ] GC(20)   Post Evacuate Collection Set: 0.4ms
[2024-09-03T17:17:26.851+0530][gc,phases   ] GC(20)   Other: 0.2ms
[2024-09-03T17:17:26.851+0530][gc,heap     ] GC(20) Eden regions: 108->0(130)
[2024-09-03T17:17:26.851+0530][gc,heap     ] GC(20) Survivor regions: 9->10(15)
[2024-09-03T17:17:26.851+0530][gc,heap     ] GC(20) Old regions: 35->36
[2024-09-03T17:17:26.851+0530][gc,heap     ] GC(20) Archive regions: 2->2
[2024-09-03T17:17:26.851+0530][gc,heap     ] GC(20) Humongous regions: 129->129
[2024-09-03T17:17:26.851+0530][gc,metaspace] GC(20) Metaspace: 43966K(44608K)->43966K(44608K) NonClass: 38772K(39104K)->38772K(39104K) Class: 5194K(5504K)->5194K(5504K)
[2024-09-03T17:17:26.851+0530][gc          ] GC(20) Pause Young (Normal) (G1 Evacuation Pause) 280M->175M(1024M) 8.812ms
[2024-09-03T17:17:26.851+0530][gc,cpu      ] GC(20) User=0.05s Sys=0.00s Real=0.01s
[2024-09-03T17:20:39.071+0530][gc,start    ] GC(21) Pause Young (Normal) (G1 Evacuation Pause)
[2024-09-03T17:20:39.073+0530][gc,task     ] GC(21) Using 8 workers of 8 for evacuation
[2024-09-03T17:20:39.087+0530][gc,phases   ] GC(21)   Pre Evacuate Collection Set: 0.2ms
[2024-09-03T17:20:39.087+0530][gc,phases   ] GC(21)   Merge Heap Roots: 0.2ms
[2024-09-03T17:20:39.087+0530][gc,phases   ] GC(21)   Evacuate Collection Set: 13.6ms
[2024-09-03T17:20:39.087+0530][gc,phases   ] GC(21)   Post Evacuate Collection Set: 0.3ms
[2024-09-03T17:20:39.087+0530][gc,phases   ] GC(21)   Other: 2.2ms
[2024-09-03T17:20:39.087+0530][gc,heap     ] GC(21) Eden regions: 127->0(126)
[2024-09-03T17:20:39.087+0530][gc,heap     ] GC(21) Survivor regions: 10->12(18)
[2024-09-03T17:20:39.087+0530][gc,heap     ] GC(21) Old regions: 36->38
[2024-09-03T17:20:39.087+0530][gc,heap     ] GC(21) Archive regions: 2->2
[2024-09-03T17:20:39.087+0530][gc,heap     ] GC(21) Humongous regions: 129->129
[2024-09-03T17:20:39.087+0530][gc,metaspace] GC(21) Metaspace: 43997K(44608K)->43997K(44608K) NonClass: 38803K(39104K)->38803K(39104K) Class: 5194K(5504K)->5194K(5504K)
[2024-09-03T17:20:39.087+0530][gc          ] GC(21) Pause Young (Normal) (G1 Evacuation Pause) 302M->179M(1024M) 16.784ms
[2024-09-03T17:20:39.088+0530][gc,cpu      ] GC(21) User=0.09s Sys=0.02s Real=0.01s
[2024-09-03T17:23:39.435+0530][gc,start    ] GC(22) Pause Young (Normal) (G1 Evacuation Pause)
[2024-09-03T17:23:39.437+0530][gc,task     ] GC(22) Using 8 workers of 8 for evacuation
[2024-09-03T17:23:39.452+0530][gc,phases   ] GC(22)   Pre Evacuate Collection Set: 0.2ms
[2024-09-03T17:23:39.452+0530][gc,phases   ] GC(22)   Merge Heap Roots: 0.1ms
[2024-09-03T17:23:39.452+0530][gc,phases   ] GC(22)   Evacuate Collection Set: 13.8ms
[2024-09-03T17:23:39.452+0530][gc,phases   ] GC(22)   Post Evacuate Collection Set: 0.4ms
[2024-09-03T17:23:39.452+0530][gc,phases   ] GC(22)   Other: 2.4ms
[2024-09-03T17:23:39.452+0530][gc,heap     ] GC(22) Eden regions: 125->0(108)
[2024-09-03T17:23:39.452+0530][gc,heap     ] GC(22) Survivor regions: 12->13(18)
[2024-09-03T17:23:39.452+0530][gc,heap     ] GC(22) Old regions: 38->42
[2024-09-03T17:23:39.452+0530][gc,heap     ] GC(22) Archive regions: 2->2
[2024-09-03T17:23:39.452+0530][gc,heap     ] GC(22) Humongous regions: 129->129
[2024-09-03T17:23:39.452+0530][gc,metaspace] GC(22) Metaspace: 44022K(44672K)->44022K(44672K) NonClass: 38828K(39168K)->38828K(39168K) Class: 5194K(5504K)->5194K(5504K)
[2024-09-03T17:23:39.452+0530][gc          ] GC(22) Pause Young (Normal) (G1 Evacuation Pause) 304M->184M(1024M) 17.120ms
[2024-09-03T17:23:39.453+0530][gc,cpu      ] GC(22) User=0.10s Sys=0.01s Real=0.02s
[2024-09-03T17:27:01.389+0530][gc,start    ] GC(23) Pause Young (Normal) (G1 Evacuation Pause)
[2024-09-03T17:27:01.389+0530][gc,task     ] GC(23) Using 8 workers of 8 for evacuation
[2024-09-03T17:27:01.403+0530][gc,phases   ] GC(23)   Pre Evacuate Collection Set: 0.2ms
[2024-09-03T17:27:01.403+0530][gc,phases   ] GC(23)   Merge Heap Roots: 0.2ms
[2024-09-03T17:27:01.403+0530][gc,phases   ] GC(23)   Evacuate Collection Set: 12.9ms
[2024-09-03T17:27:01.403+0530][gc,phases   ] GC(23)   Post Evacuate Collection Set: 0.4ms
[2024-09-03T17:27:01.403+0530][gc,phases   ] GC(23)   Other: 0.6ms
[2024-09-03T17:27:01.403+0530][gc,heap     ] GC(23) Eden regions: 108->0(173)
[2024-09-03T17:27:01.403+0530][gc,heap     ] GC(23) Survivor regions: 13->9(16)
[2024-09-03T17:27:01.403+0530][gc,heap     ] GC(23) Old regions: 42->49
[2024-09-03T17:27:01.403+0530][gc,heap     ] GC(23) Archive regions: 2->2
[2024-09-03T17:27:01.403+0530][gc,heap     ] GC(23) Humongous regions: 129->129
[2024-09-03T17:27:01.403+0530][gc,metaspace] GC(23) Metaspace: 44043K(44672K)->44043K(44672K) NonClass: 38849K(39168K)->38849K(39168K) Class: 5194K(5504K)->5194K(5504K)
[2024-09-03T17:27:01.403+0530][gc          ] GC(23) Pause Young (Normal) (G1 Evacuation Pause) 292M->186M(1024M) 14.322ms
[2024-09-03T17:27:01.403+0530][gc,cpu      ] GC(23) User=0.08s Sys=0.01s Real=0.02s
[2024-09-03T17:32:30.636+0530][gc,start    ] GC(24) Pause Young (Normal) (G1 Evacuation Pause)
[2024-09-03T17:32:30.636+0530][gc,task     ] GC(24) Using 8 workers of 8 for evacuation
[2024-09-03T17:32:30.656+0530][gc,phases   ] GC(24)   Pre Evacuate Collection Set: 0.4ms
[2024-09-03T17:32:30.656+0530][gc,phases   ] GC(24)   Merge Heap Roots: 0.4ms
[2024-09-03T17:32:30.656+0530][gc,phases   ] GC(24)   Evacuate Collection Set: 18.2ms
[2024-09-03T17:32:30.656+0530][gc,phases   ] GC(24)   Post Evacuate Collection Set: 0.6ms
[2024-09-03T17:32:30.656+0530][gc,phases   ] GC(24)   Other: 0.7ms
[2024-09-03T17:32:30.656+0530][gc,heap     ] GC(24) Eden regions: 173->0(129)
[2024-09-03T17:32:30.656+0530][gc,heap     ] GC(24) Survivor regions: 9->14(23)
[2024-09-03T17:32:30.656+0530][gc,heap     ] GC(24) Old regions: 49->49
[2024-09-03T17:32:30.656+0530][gc,heap     ] GC(24) Archive regions: 2->2
[2024-09-03T17:32:30.656+0530][gc,heap     ] GC(24) Humongous regions: 129->129
[2024-09-03T17:32:30.656+0530][gc,metaspace] GC(24) Metaspace: 44121K(44736K)->44121K(44736K) NonClass: 38921K(39232K)->38921K(39232K) Class: 5200K(5504K)->5200K(5504K)
[2024-09-03T17:32:30.656+0530][gc          ] GC(24) Pause Young (Normal) (G1 Evacuation Pause) 359M->191M(1024M) 20.403ms
[2024-09-03T17:32:30.656+0530][gc,cpu      ] GC(24) User=0.09s Sys=0.04s Real=0.02s
[2024-09-03T17:34:44.640+0530][gc,start    ] GC(25) Pause Young (Normal) (G1 Evacuation Pause)
[2024-09-03T17:34:44.640+0530][gc,task     ] GC(25) Using 8 workers of 8 for evacuation
[2024-09-03T17:34:44.653+0530][gc,phases   ] GC(25)   Pre Evacuate Collection Set: 0.2ms
[2024-09-03T17:34:44.653+0530][gc,phases   ] GC(25)   Merge Heap Roots: 0.1ms
[2024-09-03T17:34:44.653+0530][gc,phases   ] GC(25)   Evacuate Collection Set: 11.5ms
[2024-09-03T17:34:44.653+0530][gc,phases   ] GC(25)   Post Evacuate Collection Set: 0.4ms
[2024-09-03T17:34:44.653+0530][gc,phases   ] GC(25)   Other: 0.2ms
[2024-09-03T17:34:44.653+0530][gc,heap     ] GC(25) Eden regions: 129->0(605)
[2024-09-03T17:34:44.653+0530][gc,heap     ] GC(25) Survivor regions: 14->9(18)
[2024-09-03T17:34:44.653+0530][gc,heap     ] GC(25) Old regions: 49->55
[2024-09-03T17:34:44.653+0530][gc,heap     ] GC(25) Archive regions: 2->2
[2024-09-03T17:34:44.653+0530][gc,heap     ] GC(25) Humongous regions: 129->129
[2024-09-03T17:34:44.653+0530][gc,metaspace] GC(25) Metaspace: 44143K(44736K)->44143K(44736K) NonClass: 38943K(39232K)->38943K(39232K) Class: 5200K(5504K)->5200K(5504K)
[2024-09-03T17:34:44.653+0530][gc          ] GC(25) Pause Young (Normal) (G1 Evacuation Pause) 320M->193M(1024M) 12.524ms
[2024-09-03T17:34:44.653+0530][gc,cpu      ] GC(25) User=0.07s Sys=0.00s Real=0.01s
[2024-09-03T17:48:41.842+0530][gc,start    ] GC(26) Pause Young (Normal) (G1 Evacuation Pause)
[2024-09-03T17:48:41.844+0530][gc,task     ] GC(26) Using 8 workers of 8 for evacuation
[2024-09-03T17:48:41.869+0530][gc,mmu      ] GC(26) MMU target violated: 21.0ms (20.0ms/21.0ms)
[2024-09-03T17:48:41.869+0530][gc,phases   ] GC(26)   Pre Evacuate Collection Set: 0.3ms
[2024-09-03T17:48:41.869+0530][gc,phases   ] GC(26)   Merge Heap Roots: 0.3ms
[2024-09-03T17:48:41.869+0530][gc,phases   ] GC(26)   Evacuate Collection Set: 23.6ms
[2024-09-03T17:48:41.869+0530][gc,phases   ] GC(26)   Post Evacuate Collection Set: 1.1ms
[2024-09-03T17:48:41.869+0530][gc,phases   ] GC(26)   Other: 2.5ms
[2024-09-03T17:48:41.869+0530][gc,heap     ] GC(26) Eden regions: 605->0(119)
[2024-09-03T17:48:41.869+0530][gc,heap     ] GC(26) Survivor regions: 9->21(77)
[2024-09-03T17:48:41.869+0530][gc,heap     ] GC(26) Old regions: 55->55
[2024-09-03T17:48:41.869+0530][gc,heap     ] GC(26) Archive regions: 2->2
[2024-09-03T17:48:41.869+0530][gc,heap     ] GC(26) Humongous regions: 129->129
[2024-09-03T17:48:41.869+0530][gc,metaspace] GC(26) Metaspace: 44210K(44800K)->44210K(44800K) NonClass: 39006K(39296K)->39006K(39296K) Class: 5203K(5504K)->5203K(5504K)
[2024-09-03T17:48:41.869+0530][gc          ] GC(26) Pause Young (Normal) (G1 Evacuation Pause) 798M->205M(1024M) 27.881ms
[2024-09-03T17:48:41.870+0530][gc,cpu      ] GC(26) User=0.12s Sys=0.06s Real=0.03s
[2024-09-03T17:50:57.746+0530][gc,start    ] GC(27) Pause Young (Normal) (G1 Evacuation Pause)
[2024-09-03T17:50:57.746+0530][gc,task     ] GC(27) Using 8 workers of 8 for evacuation
[2024-09-03T17:50:57.784+0530][gc,mmu      ] GC(27) MMU target violated: 21.0ms (20.0ms/21.0ms)
[2024-09-03T17:50:57.784+0530][gc,phases   ] GC(27)   Pre Evacuate Collection Set: 0.2ms
[2024-09-03T17:50:57.784+0530][gc,phases   ] GC(27)   Merge Heap Roots: 0.1ms
[2024-09-03T17:50:57.784+0530][gc,phases   ] GC(27)   Evacuate Collection Set: 36.7ms
[2024-09-03T17:50:57.784+0530][gc,phases   ] GC(27)   Post Evacuate Collection Set: 0.5ms
[2024-09-03T17:50:57.784+0530][gc,phases   ] GC(27)   Other: 0.5ms
[2024-09-03T17:50:57.784+0530][gc,heap     ] GC(27) Eden regions: 119->0(295)
[2024-09-03T17:50:57.784+0530][gc,heap     ] GC(27) Survivor regions: 21->6(18)
[2024-09-03T17:50:57.784+0530][gc,heap     ] GC(27) Old regions: 55->71
[2024-09-03T17:50:57.784+0530][gc,heap     ] GC(27) Archive regions: 2->2
[2024-09-03T17:50:57.784+0530][gc,heap     ] GC(27) Humongous regions: 129->129
[2024-09-03T17:50:57.784+0530][gc,metaspace] GC(27) Metaspace: 44218K(44800K)->44218K(44800K) NonClass: 39014K(39296K)->39014K(39296K) Class: 5203K(5504K)->5203K(5504K)
[2024-09-03T17:50:57.784+0530][gc          ] GC(27) Pause Young (Normal) (G1 Evacuation Pause) 324M->205M(1024M) 38.174ms
[2024-09-03T17:50:57.784+0530][gc,cpu      ] GC(27) User=0.10s Sys=0.12s Real=0.04s
[2024-09-03T17:57:28.294+0530][gc,start    ] GC(28) Pause Young (Normal) (G1 Evacuation Pause)
[2024-09-03T17:57:28.294+0530][gc,task     ] GC(28) Using 8 workers of 8 for evacuation
[2024-09-03T17:57:28.319+0530][gc,mmu      ] GC(28) MMU target violated: 21.0ms (20.0ms/21.0ms)
[2024-09-03T17:57:28.319+0530][gc,phases   ] GC(28)   Pre Evacuate Collection Set: 0.9ms
[2024-09-03T17:57:28.319+0530][gc,phases   ] GC(28)   Merge Heap Roots: 0.3ms
[2024-09-03T17:57:28.319+0530][gc,phases   ] GC(28)   Evacuate Collection Set: 22.4ms
[2024-09-03T17:57:28.319+0530][gc,phases   ] GC(28)   Post Evacuate Collection Set: 0.8ms
[2024-09-03T17:57:28.319+0530][gc,phases   ] GC(28)   Other: 0.6ms
[2024-09-03T17:57:28.319+0530][gc,heap     ] GC(28) Eden regions: 295->0(39)
[2024-09-03T17:57:28.319+0530][gc,heap     ] GC(28) Survivor regions: 6->12(38)
[2024-09-03T17:57:28.319+0530][gc,heap     ] GC(28) Old regions: 71->71
[2024-09-03T17:57:28.319+0530][gc,heap     ] GC(28) Archive regions: 2->2
[2024-09-03T17:57:28.319+0530][gc,heap     ] GC(28) Humongous regions: 129->129
[2024-09-03T17:57:28.319+0530][gc,metaspace] GC(28) Metaspace: 44272K(44928K)->44272K(44928K) NonClass: 39061K(39424K)->39061K(39424K) Class: 5210K(5504K)->5210K(5504K)
[2024-09-03T17:57:28.319+0530][gc          ] GC(28) Pause Young (Normal) (G1 Evacuation Pause) 500M->211M(1024M) 24.952ms
[2024-09-03T17:57:28.319+0530][gc,cpu      ] GC(28) User=0.07s Sys=0.06s Real=0.02s
[2024-09-03T17:58:17.342+0530][gc,start    ] GC(29) Pause Young (Normal) (G1 Evacuation Pause)
[2024-09-03T17:58:17.344+0530][gc,task     ] GC(29) Using 8 workers of 8 for evacuation
[2024-09-03T17:58:17.356+0530][gc,phases   ] GC(29)   Pre Evacuate Collection Set: 0.2ms
[2024-09-03T17:58:17.356+0530][gc,phases   ] GC(29)   Merge Heap Roots: 0.1ms
[2024-09-03T17:58:17.356+0530][gc,phases   ] GC(29)   Evacuate Collection Set: 11.3ms
[2024-09-03T17:58:17.356+0530][gc,phases   ] GC(29)   Post Evacuate Collection Set: 0.3ms
[2024-09-03T17:58:17.356+0530][gc,phases   ] GC(29)   Other: 2.3ms
[2024-09-03T17:58:17.356+0530][gc,heap     ] GC(29) Eden regions: 39->0(303)
[2024-09-03T17:58:17.356+0530][gc,heap     ] GC(29) Survivor regions: 12->3(7)
[2024-09-03T17:58:17.356+0530][gc,heap     ] GC(29) Old regions: 71->81
[2024-09-03T17:58:17.356+0530][gc,heap     ] GC(29) Archive regions: 2->2
[2024-09-03T17:58:17.356+0530][gc,heap     ] GC(29) Humongous regions: 129->129
[2024-09-03T17:58:17.356+0530][gc,metaspace] GC(29) Metaspace: 44272K(44928K)->44272K(44928K) NonClass: 39062K(39424K)->39062K(39424K) Class: 5210K(5504K)->5210K(5504K)
[2024-09-03T17:58:17.356+0530][gc          ] GC(29) Pause Young (Normal) (G1 Evacuation Pause) 250M->212M(1024M) 14.367ms
[2024-09-03T17:58:17.357+0530][gc,cpu      ] GC(29) User=0.07s Sys=0.01s Real=0.01s
[2024-09-03T18:04:17.395+0530][gc,start    ] GC(30) Pause Young (Normal) (G1 Evacuation Pause)
[2024-09-03T18:04:17.395+0530][gc,task     ] GC(30) Using 8 workers of 8 for evacuation
[2024-09-03T18:04:17.436+0530][gc,mmu      ] GC(30) MMU target violated: 21.0ms (20.0ms/21.0ms)
[2024-09-03T18:04:17.437+0530][gc,phases   ] GC(30)   Pre Evacuate Collection Set: 0.6ms
[2024-09-03T18:04:17.437+0530][gc,phases   ] GC(30)   Merge Heap Roots: 0.1ms
[2024-09-03T18:04:17.437+0530][gc,phases   ] GC(30)   Evacuate Collection Set: 39.8ms
[2024-09-03T18:04:17.437+0530][gc,phases   ] GC(30)   Post Evacuate Collection Set: 0.5ms
[2024-09-03T18:04:17.437+0530][gc,phases   ] GC(30)   Other: 0.4ms
[2024-09-03T18:04:17.437+0530][gc,heap     ] GC(30) Eden regions: 303->0(38)
[2024-09-03T18:04:17.437+0530][gc,heap     ] GC(30) Survivor regions: 3->13(39)
[2024-09-03T18:04:17.437+0530][gc,heap     ] GC(30) Old regions: 81->81
[2024-09-03T18:04:17.437+0530][gc,heap     ] GC(30) Archive regions: 2->2
[2024-09-03T18:04:17.437+0530][gc,heap     ] GC(30) Humongous regions: 129->129
[2024-09-03T18:04:17.437+0530][gc,metaspace] GC(30) Metaspace: 44332K(44928K)->44332K(44928K) NonClass: 39112K(39424K)->39112K(39424K) Class: 5219K(5504K)->5219K(5504K)
[2024-09-03T18:04:17.437+0530][gc          ] GC(30) Pause Young (Normal) (G1 Evacuation Pause) 515M->222M(1024M) 41.665ms
[2024-09-03T18:04:17.437+0530][gc,cpu      ] GC(30) User=0.09s Sys=0.07s Real=0.04s
[2024-09-03T18:04:52.069+0530][gc,start    ] GC(31) Pause Young (Normal) (G1 Evacuation Pause)
[2024-09-03T18:04:52.069+0530][gc,task     ] GC(31) Using 8 workers of 8 for evacuation
[2024-09-03T18:04:52.082+0530][gc,phases   ] GC(31)   Pre Evacuate Collection Set: 0.2ms
[2024-09-03T18:04:52.082+0530][gc,phases   ] GC(31)   Merge Heap Roots: 0.1ms
[2024-09-03T18:04:52.082+0530][gc,phases   ] GC(31)   Evacuate Collection Set: 11.9ms
[2024-09-03T18:04:52.082+0530][gc,phases   ] GC(31)   Post Evacuate Collection Set: 0.3ms
[2024-09-03T18:04:52.082+0530][gc,phases   ] GC(31)   Other: 0.3ms
[2024-09-03T18:04:52.082+0530][gc,heap     ] GC(31) Eden regions: 38->0(203)
[2024-09-03T18:04:52.082+0530][gc,heap     ] GC(31) Survivor regions: 13->3(7)
[2024-09-03T18:04:52.082+0530][gc,heap     ] GC(31) Old regions: 81->91
[2024-09-03T18:04:52.082+0530][gc,heap     ] GC(31) Archive regions: 2->2
[2024-09-03T18:04:52.082+0530][gc,heap     ] GC(31) Humongous regions: 129->129
[2024-09-03T18:04:52.082+0530][gc,metaspace] GC(31) Metaspace: 44333K(44928K)->44333K(44928K) NonClass: 39113K(39424K)->39113K(39424K) Class: 5219K(5504K)->5219K(5504K)
[2024-09-03T18:04:52.082+0530][gc          ] GC(31) Pause Young (Normal) (G1 Evacuation Pause) 260M->223M(1024M) 13.045ms
[2024-09-03T18:04:52.082+0530][gc,cpu      ] GC(31) User=0.07s Sys=0.02s Real=0.02s
[2024-09-03T18:09:29.372+0530][gc,start    ] GC(32) Pause Young (Normal) (G1 Evacuation Pause)
[2024-09-03T18:09:29.373+0530][gc,task     ] GC(32) Using 8 workers of 8 for evacuation
[2024-09-03T18:09:29.383+0530][gc,phases   ] GC(32)   Pre Evacuate Collection Set: 0.2ms
[2024-09-03T18:09:29.383+0530][gc,phases   ] GC(32)   Merge Heap Roots: 0.1ms
[2024-09-03T18:09:29.383+0530][gc,phases   ] GC(32)   Evacuate Collection Set: 9.6ms
[2024-09-03T18:09:29.383+0530][gc,phases   ] GC(32)   Post Evacuate Collection Set: 0.4ms
[2024-09-03T18:09:29.383+0530][gc,phases   ] GC(32)   Other: 0.5ms
[2024-09-03T18:09:29.383+0530][gc,heap     ] GC(32) Eden regions: 203->0(84)
[2024-09-03T18:09:29.383+0530][gc,heap     ] GC(32) Survivor regions: 3->10(26)
[2024-09-03T18:09:29.383+0530][gc,heap     ] GC(32) Old regions: 91->91
[2024-09-03T18:09:29.383+0530][gc,heap     ] GC(32) Archive regions: 2->2
[2024-09-03T18:09:29.383+0530][gc,heap     ] GC(32) Humongous regions: 129->129
[2024-09-03T18:09:29.383+0530][gc,metaspace] GC(32) Metaspace: 44346K(44928K)->44346K(44928K) NonClass: 39126K(39424K)->39126K(39424K) Class: 5219K(5504K)->5219K(5504K)
[2024-09-03T18:09:29.383+0530][gc          ] GC(32) Pause Young (Normal) (G1 Evacuation Pause) 426M->230M(1024M) 11.023ms
[2024-09-03T18:09:29.383+0530][gc,cpu      ] GC(32) User=0.07s Sys=0.00s Real=0.01s
[2024-09-03T18:11:27.949+0530][gc,start    ] GC(33) Pause Young (Normal) (G1 Evacuation Pause)
[2024-09-03T18:11:27.951+0530][gc,task     ] GC(33) Using 8 workers of 8 for evacuation
[2024-09-03T18:11:27.961+0530][gc,phases   ] GC(33)   Pre Evacuate Collection Set: 0.2ms
[2024-09-03T18:11:27.961+0530][gc,phases   ] GC(33)   Merge Heap Roots: 0.1ms
[2024-09-03T18:11:27.961+0530][gc,phases   ] GC(33)   Evacuate Collection Set: 9.6ms
[2024-09-03T18:11:27.961+0530][gc,phases   ] GC(33)   Post Evacuate Collection Set: 0.4ms
[2024-09-03T18:11:27.962+0530][gc,phases   ] GC(33)   Other: 2.1ms
[2024-09-03T18:11:27.962+0530][gc,heap     ] GC(33) Eden regions: 84->0(202)
[2024-09-03T18:11:27.962+0530][gc,heap     ] GC(33) Survivor regions: 10->5(12)
[2024-09-03T18:11:27.962+0530][gc,heap     ] GC(33) Old regions: 91->98
[2024-09-03T18:11:27.962+0530][gc,heap     ] GC(33) Archive regions: 2->2
[2024-09-03T18:11:27.962+0530][gc,heap     ] GC(33) Humongous regions: 129->129
[2024-09-03T18:11:27.962+0530][gc,metaspace] GC(33) Metaspace: 44347K(44928K)->44347K(44928K) NonClass: 39127K(39424K)->39127K(39424K) Class: 5219K(5504K)->5219K(5504K)
[2024-09-03T18:11:27.962+0530][gc          ] GC(33) Pause Young (Normal) (G1 Evacuation Pause) 314M->231M(1024M) 12.510ms
[2024-09-03T18:11:27.962+0530][gc,cpu      ] GC(33) User=0.07s Sys=0.01s Real=0.02s
[2024-09-03T18:22:23.267+0530][gc,start    ] GC(34) Pause Young (Normal) (G1 Evacuation Pause)
[2024-09-03T18:22:23.267+0530][gc,task     ] GC(34) Using 8 workers of 8 for evacuation
[2024-09-03T18:22:23.279+0530][gc,phases   ] GC(34)   Pre Evacuate Collection Set: 0.2ms
[2024-09-03T18:22:23.279+0530][gc,phases   ] GC(34)   Merge Heap Roots: 0.1ms
[2024-09-03T18:22:23.279+0530][gc,phases   ] GC(34)   Evacuate Collection Set: 11.1ms
[2024-09-03T18:22:23.279+0530][gc,phases   ] GC(34)   Post Evacuate Collection Set: 0.5ms
[2024-09-03T18:22:23.279+0530][gc,phases   ] GC(34)   Other: 0.6ms
[2024-09-03T18:22:23.279+0530][gc,heap     ] GC(34) Eden regions: 202->0(137)
[2024-09-03T18:22:23.279+0530][gc,heap     ] GC(34) Survivor regions: 5->11(26)
[2024-09-03T18:22:23.279+0530][gc,heap     ] GC(34) Old regions: 98->98
[2024-09-03T18:22:23.279+0530][gc,heap     ] GC(34) Archive regions: 2->2
[2024-09-03T18:22:23.279+0530][gc,heap     ] GC(34) Humongous regions: 129->129
[2024-09-03T18:22:23.279+0530][gc,metaspace] GC(34) Metaspace: 44392K(44992K)->44392K(44992K) NonClass: 39173K(39488K)->39173K(39488K) Class: 5219K(5504K)->5219K(5504K)
[2024-09-03T18:22:23.279+0530][gc          ] GC(34) Pause Young (Normal) (G1 Evacuation Pause) 433M->237M(1024M) 12.637ms
[2024-09-03T18:22:23.279+0530][gc,cpu      ] GC(34) User=0.07s Sys=0.02s Real=0.01s
[2024-09-03T18:36:41.616+0530][gc,start    ] GC(35) Pause Young (Normal) (G1 Evacuation Pause)
[2024-09-03T18:36:41.618+0530][gc,task     ] GC(35) Using 8 workers of 8 for evacuation
[2024-09-03T18:36:41.635+0530][gc,phases   ] GC(35)   Pre Evacuate Collection Set: 1.4ms
[2024-09-03T18:36:41.636+0530][gc,phases   ] GC(35)   Merge Heap Roots: 0.4ms
[2024-09-03T18:36:41.636+0530][gc,phases   ] GC(35)   Evacuate Collection Set: 14.3ms
[2024-09-03T18:36:41.636+0530][gc,phases   ] GC(35)   Post Evacuate Collection Set: 0.9ms
[2024-09-03T18:36:41.636+0530][gc,phases   ] GC(35)   Other: 2.4ms
[2024-09-03T18:36:41.636+0530][gc,heap     ] GC(35) Eden regions: 137->0(110)
[2024-09-03T18:36:41.636+0530][gc,heap     ] GC(35) Survivor regions: 11->12(19)
[2024-09-03T18:36:41.636+0530][gc,heap     ] GC(35) Old regions: 98->100
[2024-09-03T18:36:41.636+0530][gc,heap     ] GC(35) Archive regions: 2->2
[2024-09-03T18:36:41.636+0530][gc,heap     ] GC(35) Humongous regions: 129->129
[2024-09-03T18:36:41.636+0530][gc,metaspace] GC(35) Metaspace: 44396K(44992K)->44396K(44992K) NonClass: 39176K(39488K)->39176K(39488K) Class: 5219K(5504K)->5219K(5504K)
[2024-09-03T18:36:41.636+0530][gc          ] GC(35) Pause Young (Normal) (G1 Evacuation Pause) 374M->241M(1024M) 19.486ms
[2024-09-03T18:36:41.636+0530][gc,cpu      ] GC(35) User=0.07s Sys=0.04s Real=0.02s
[2024-09-03T18:43:35.726+0530][gc,start    ] GC(36) Pause Young (Normal) (G1 Evacuation Pause)
[2024-09-03T18:43:35.727+0530][gc,task     ] GC(36) Using 8 workers of 8 for evacuation
[2024-09-03T18:43:35.737+0530][gc,phases   ] GC(36)   Pre Evacuate Collection Set: 0.2ms
[2024-09-03T18:43:35.737+0530][gc,phases   ] GC(36)   Merge Heap Roots: 0.1ms
[2024-09-03T18:43:35.737+0530][gc,phases   ] GC(36)   Evacuate Collection Set: 9.7ms
[2024-09-03T18:43:35.737+0530][gc,phases   ] GC(36)   Post Evacuate Collection Set: 0.3ms
[2024-09-03T18:43:35.737+0530][gc,phases   ] GC(36)   Other: 0.5ms
[2024-09-03T18:43:35.737+0530][gc,heap     ] GC(36) Eden regions: 107->0(223)
[2024-09-03T18:43:35.737+0530][gc,heap     ] GC(36) Survivor regions: 12->8(15)
[2024-09-03T18:43:35.737+0530][gc,heap     ] GC(36) Old regions: 100->106
[2024-09-03T18:43:35.737+0530][gc,heap     ] GC(36) Archive regions: 2->2
[2024-09-03T18:43:35.737+0530][gc,heap     ] GC(36) Humongous regions: 129->129
[2024-09-03T18:43:35.737+0530][gc,metaspace] GC(36) Metaspace: 44403K(44992K)->44403K(44992K) NonClass: 39183K(39488K)->39183K(39488K) Class: 5219K(5504K)->5219K(5504K)
[2024-09-03T18:43:35.737+0530][gc          ] GC(36) Pause Young (Normal) (G1 Evacuation Pause) 348M->243M(1024M) 11.068ms
[2024-09-03T18:43:35.737+0530][gc,cpu      ] GC(36) User=0.07s Sys=0.00s Real=0.01s
[2024-09-03T19:00:15.278+0530][gc,start    ] GC(37) Pause Young (Normal) (G1 Evacuation Pause)
[2024-09-03T19:00:15.278+0530][gc,task     ] GC(37) Using 8 workers of 8 for evacuation
[2024-09-03T19:00:15.316+0530][gc,mmu      ] GC(37) MMU target violated: 21.0ms (20.0ms/21.0ms)
[2024-09-03T19:00:15.316+0530][gc,phases   ] GC(37)   Pre Evacuate Collection Set: 0.3ms
[2024-09-03T19:00:15.316+0530][gc,phases   ] GC(37)   Merge Heap Roots: 0.2ms
[2024-09-03T19:00:15.316+0530][gc,phases   ] GC(37)   Evacuate Collection Set: 35.1ms
[2024-09-03T19:00:15.316+0530][gc,phases   ] GC(37)   Post Evacuate Collection Set: 2.5ms
[2024-09-03T19:00:15.316+0530][gc,phases   ] GC(37)   Other: 0.5ms
[2024-09-03T19:00:15.316+0530][gc,heap     ] GC(37) Eden regions: 223->0(39)
[2024-09-03T19:00:15.316+0530][gc,heap     ] GC(37) Survivor regions: 8->12(29)
[2024-09-03T19:00:15.316+0530][gc,heap     ] GC(37) Old regions: 106->106
[2024-09-03T19:00:15.316+0530][gc,heap     ] GC(37) Archive regions: 2->2
[2024-09-03T19:00:15.316+0530][gc,heap     ] GC(37) Humongous regions: 129->129
[2024-09-03T19:00:15.316+0530][gc,metaspace] GC(37) Metaspace: 44452K(45056K)->44452K(45056K) NonClass: 39232K(39552K)->39232K(39552K) Class: 5219K(5504K)->5219K(5504K)
[2024-09-03T19:00:15.316+0530][gc          ] GC(37) Pause Young (Normal) (G1 Evacuation Pause) 466M->246M(1024M) 38.605ms
[2024-09-03T19:00:15.316+0530][gc,cpu      ] GC(37) User=0.06s Sys=0.10s Real=0.04s
[2024-09-03T19:02:44.612+0530][gc,start    ] GC(38) Pause Young (Normal) (G1 Evacuation Pause)
[2024-09-03T19:02:44.614+0530][gc,task     ] GC(38) Using 8 workers of 8 for evacuation
[2024-09-03T19:02:44.636+0530][gc,mmu      ] GC(38) MMU target violated: 21.0ms (20.0ms/21.0ms)
[2024-09-03T19:02:44.636+0530][gc,phases   ] GC(38)   Pre Evacuate Collection Set: 0.5ms
[2024-09-03T19:02:44.636+0530][gc,phases   ] GC(38)   Merge Heap Roots: 0.2ms
[2024-09-03T19:02:44.636+0530][gc,phases   ] GC(38)   Evacuate Collection Set: 20.4ms
[2024-09-03T19:02:44.636+0530][gc,phases   ] GC(38)   Post Evacuate Collection Set: 1.3ms
[2024-09-03T19:02:44.636+0530][gc,phases   ] GC(38)   Other: 2.5ms
[2024-09-03T19:02:44.636+0530][gc,heap     ] GC(38) Eden regions: 39->0(197)
[2024-09-03T19:02:44.636+0530][gc,heap     ] GC(38) Survivor regions: 12->3(7)
[2024-09-03T19:02:44.636+0530][gc,heap     ] GC(38) Old regions: 106->113
[2024-09-03T19:02:44.636+0530][gc,heap     ] GC(38) Archive regions: 2->2
[2024-09-03T19:02:44.636+0530][gc,heap     ] GC(38) Humongous regions: 129->129
[2024-09-03T19:02:44.636+0530][gc,metaspace] GC(38) Metaspace: 44459K(45056K)->44459K(45056K) NonClass: 39239K(39552K)->39239K(39552K) Class: 5219K(5504K)->5219K(5504K)
[2024-09-03T19:02:44.636+0530][gc          ] GC(38) Pause Young (Normal) (G1 Evacuation Pause) 285M->245M(1024M) 24.950ms
[2024-09-03T19:02:44.636+0530][gc,cpu      ] GC(38) User=0.05s Sys=0.02s Real=0.02s
[2024-09-03T19:15:24.593+0530][gc,start    ] GC(39) Pause Young (Normal) (G1 Evacuation Pause)
[2024-09-03T19:15:24.595+0530][gc,task     ] GC(39) Using 8 workers of 8 for evacuation
[2024-09-03T19:15:24.606+0530][gc,phases   ] GC(39)   Pre Evacuate Collection Set: 0.3ms
[2024-09-03T19:15:24.606+0530][gc,phases   ] GC(39)   Merge Heap Roots: 0.2ms
[2024-09-03T19:15:24.606+0530][gc,phases   ] GC(39)   Evacuate Collection Set: 9.3ms
[2024-09-03T19:15:24.606+0530][gc,phases   ] GC(39)   Post Evacuate Collection Set: 0.5ms
[2024-09-03T19:15:24.606+0530][gc,phases   ] GC(39)   Other: 2.3ms
[2024-09-03T19:15:24.606+0530][gc,heap     ] GC(39) Eden regions: 197->0(145)
[2024-09-03T19:15:24.606+0530][gc,heap     ] GC(39) Survivor regions: 3->7(25)
[2024-09-03T19:15:24.606+0530][gc,heap     ] GC(39) Old regions: 113->113
[2024-09-03T19:15:24.606+0530][gc,heap     ] GC(39) Archive regions: 2->2
[2024-09-03T19:15:24.606+0530][gc,heap     ] GC(39) Humongous regions: 129->129
[2024-09-03T19:15:24.606+0530][gc,metaspace] GC(39) Metaspace: 44471K(45056K)->44471K(45056K) NonClass: 39251K(39552K)->39251K(39552K) Class: 5219K(5504K)->5219K(5504K)
[2024-09-03T19:15:24.606+0530][gc          ] GC(39) Pause Young (Normal) (G1 Evacuation Pause) 442M->249M(1024M) 12.766ms
[2024-09-03T19:15:24.606+0530][gc,cpu      ] GC(39) User=0.05s Sys=0.01s Real=0.01s
[2024-09-03T19:24:43.564+0530][gc,start    ] GC(40) Pause Young (Normal) (G1 Evacuation Pause)
[2024-09-03T19:24:43.566+0530][gc,task     ] GC(40) Using 8 workers of 8 for evacuation
[2024-09-03T19:24:43.573+0530][gc,phases   ] GC(40)   Pre Evacuate Collection Set: 0.2ms
[2024-09-03T19:24:43.573+0530][gc,phases   ] GC(40)   Merge Heap Roots: 0.1ms
[2024-09-03T19:24:43.573+0530][gc,phases   ] GC(40)   Evacuate Collection Set: 6.6ms
[2024-09-03T19:24:43.573+0530][gc,phases   ] GC(40)   Post Evacuate Collection Set: 0.4ms
[2024-09-03T19:24:43.573+0530][gc,phases   ] GC(40)   Other: 2.1ms
[2024-09-03T19:24:43.573+0530][gc,heap     ] GC(40) Eden regions: 145->0(47)
[2024-09-03T19:24:43.573+0530][gc,heap     ] GC(40) Survivor regions: 7->12(19)
[2024-09-03T19:24:43.573+0530][gc,heap     ] GC(40) Old regions: 113->113
[2024-09-03T19:24:43.573+0530][gc,heap     ] GC(40) Archive regions: 2->2
[2024-09-03T19:24:43.573+0530][gc,heap     ] GC(40) Humongous regions: 129->129
[2024-09-03T19:24:43.573+0530][gc,metaspace] GC(40) Metaspace: 44497K(45056K)->44497K(45056K) NonClass: 39278K(39552K)->39278K(39552K) Class: 5219K(5504K)->5219K(5504K)
[2024-09-03T19:24:43.573+0530][gc          ] GC(40) Pause Young (Normal) (G1 Evacuation Pause) 394M->253M(1024M) 9.550ms
[2024-09-03T19:24:43.573+0530][gc,cpu      ] GC(40) User=0.05s Sys=0.01s Real=0.01s
[2024-09-03T19:27:44.062+0530][gc,start    ] GC(41) Pause Young (Normal) (G1 Evacuation Pause)
[2024-09-03T19:27:44.064+0530][gc,task     ] GC(41) Using 8 workers of 8 for evacuation
[2024-09-03T19:27:44.079+0530][gc,phases   ] GC(41)   Pre Evacuate Collection Set: 1.6ms
[2024-09-03T19:27:44.079+0530][gc,phases   ] GC(41)   Merge Heap Roots: 0.3ms
[2024-09-03T19:27:44.079+0530][gc,phases   ] GC(41)   Evacuate Collection Set: 11.6ms
[2024-09-03T19:27:44.079+0530][gc,phases   ] GC(41)   Post Evacuate Collection Set: 0.9ms
[2024-09-03T19:27:44.079+0530][gc,phases   ] GC(41)   Other: 2.3ms
[2024-09-03T19:27:44.079+0530][gc,heap     ] GC(41) Eden regions: 47->0(340)
[2024-09-03T19:27:44.079+0530][gc,heap     ] GC(41) Survivor regions: 12->3(8)
[2024-09-03T19:27:44.079+0530][gc,heap     ] GC(41) Old regions: 113->121
[2024-09-03T19:27:44.079+0530][gc,heap     ] GC(41) Archive regions: 2->2
[2024-09-03T19:27:44.079+0530][gc,heap     ] GC(41) Humongous regions: 129->129
[2024-09-03T19:27:44.079+0530][gc,metaspace] GC(41) Metaspace: 44513K(45120K)->44513K(45120K) NonClass: 39293K(39616K)->39293K(39616K) Class: 5219K(5504K)->5219K(5504K)
[2024-09-03T19:27:44.079+0530][gc          ] GC(41) Pause Young (Normal) (G1 Evacuation Pause) 300M->253M(1024M) 16.853ms
[2024-09-03T19:27:44.079+0530][gc,cpu      ] GC(41) User=0.06s Sys=0.03s Real=0.01s
[2024-09-03T19:49:33.690+0530][gc,start    ] GC(42) Pause Young (Normal) (G1 Evacuation Pause)
[2024-09-03T19:49:33.692+0530][gc,task     ] GC(42) Using 8 workers of 8 for evacuation
[2024-09-03T19:49:33.724+0530][gc,mmu      ] GC(42) MMU target violated: 21.0ms (20.0ms/21.0ms)
[2024-09-03T19:49:33.724+0530][gc,phases   ] GC(42)   Pre Evacuate Collection Set: 0.2ms
[2024-09-03T19:49:33.724+0530][gc,phases   ] GC(42)   Merge Heap Roots: 0.2ms
[2024-09-03T19:49:33.724+0530][gc,phases   ] GC(42)   Evacuate Collection Set: 30.5ms
[2024-09-03T19:49:33.724+0530][gc,phases   ] GC(42)   Post Evacuate Collection Set: 0.7ms
[2024-09-03T19:49:33.724+0530][gc,phases   ] GC(42)   Other: 2.3ms
[2024-09-03T19:49:33.724+0530][gc,heap     ] GC(42) Eden regions: 340->0(39)
[2024-09-03T19:49:33.724+0530][gc,heap     ] GC(42) Survivor regions: 3->12(43)
[2024-09-03T19:49:33.724+0530][gc,heap     ] GC(42) Old regions: 121->121
[2024-09-03T19:49:33.724+0530][gc,heap     ] GC(42) Archive regions: 2->2
[2024-09-03T19:49:33.724+0530][gc,heap     ] GC(42) Humongous regions: 129->129
[2024-09-03T19:49:33.724+0530][gc,metaspace] GC(42) Metaspace: 44544K(45120K)->44544K(45120K) NonClass: 39324K(39616K)->39324K(39616K) Class: 5219K(5504K)->5219K(5504K)
[2024-09-03T19:49:33.724+0530][gc          ] GC(42) Pause Young (Normal) (G1 Evacuation Pause) 593M->262M(1024M) 33.983ms
[2024-09-03T19:49:33.724+0530][gc,cpu      ] GC(42) User=0.07s Sys=0.11s Real=0.03s
[2024-09-03T19:52:01.459+0530][gc,start    ] GC(43) Pause Young (Normal) (G1 Evacuation Pause)
[2024-09-03T19:52:01.460+0530][gc,task     ] GC(43) Using 8 workers of 8 for evacuation
[2024-09-03T19:52:01.471+0530][gc,phases   ] GC(43)   Pre Evacuate Collection Set: 0.2ms
[2024-09-03T19:52:01.471+0530][gc,phases   ] GC(43)   Merge Heap Roots: 0.2ms
[2024-09-03T19:52:01.471+0530][gc,phases   ] GC(43)   Evacuate Collection Set: 10.2ms
[2024-09-03T19:52:01.471+0530][gc,phases   ] GC(43)   Post Evacuate Collection Set: 0.4ms
[2024-09-03T19:52:01.471+0530][gc,phases   ] GC(43)   Other: 0.3ms
[2024-09-03T19:52:01.471+0530][gc,heap     ] GC(43) Eden regions: 39->0(275)
[2024-09-03T19:52:01.471+0530][gc,heap     ] GC(43) Survivor regions: 12->2(7)
[2024-09-03T19:52:01.471+0530][gc,heap     ] GC(43) Old regions: 121->130
[2024-09-03T19:52:01.471+0530][gc,heap     ] GC(43) Archive regions: 2->2
[2024-09-03T19:52:01.471+0530][gc,heap     ] GC(43) Humongous regions: 129->129
[2024-09-03T19:52:01.471+0530][gc,metaspace] GC(43) Metaspace: 44546K(45120K)->44546K(45120K) NonClass: 39326K(39616K)->39326K(39616K) Class: 5219K(5504K)->5219K(5504K)
[2024-09-03T19:52:01.471+0530][gc          ] GC(43) Pause Young (Normal) (G1 Evacuation Pause) 301M->261M(1024M) 11.421ms
[2024-09-03T19:52:01.471+0530][gc,cpu      ] GC(43) User=0.07s Sys=0.01s Real=0.02s
[2024-09-03T21:17:32.819+0530][gc,start    ] GC(44) Pause Young (Normal) (G1 Evacuation Pause)
[2024-09-03T21:17:32.819+0530][gc,task     ] GC(44) Using 8 workers of 8 for evacuation
[2024-09-03T21:17:32.835+0530][gc,phases   ] GC(44)   Pre Evacuate Collection Set: 1.9ms
[2024-09-03T21:17:32.835+0530][gc,phases   ] GC(44)   Merge Heap Roots: 0.4ms
[2024-09-03T21:17:32.835+0530][gc,phases   ] GC(44)   Evacuate Collection Set: 11.3ms
[2024-09-03T21:17:32.835+0530][gc,phases   ] GC(44)   Post Evacuate Collection Set: 1.2ms
[2024-09-03T21:17:32.835+0530][gc,phases   ] GC(44)   Other: 0.8ms
[2024-09-03T21:17:32.835+0530][gc,heap     ] GC(44) Eden regions: 275->0(112)
[2024-09-03T21:17:32.835+0530][gc,heap     ] GC(44) Survivor regions: 2->9(35)
[2024-09-03T21:17:32.835+0530][gc,heap     ] GC(44) Old regions: 130->130
[2024-09-03T21:17:32.835+0530][gc,heap     ] GC(44) Archive regions: 2->2
[2024-09-03T21:17:32.835+0530][gc,heap     ] GC(44) Humongous regions: 129->129
[2024-09-03T21:17:32.835+0530][gc,metaspace] GC(44) Metaspace: 44581K(45120K)->44581K(45120K) NonClass: 39361K(39616K)->39361K(39616K) Class: 5219K(5504K)->5219K(5504K)
[2024-09-03T21:17:32.835+0530][gc          ] GC(44) Pause Young (Normal) (G1 Evacuation Pause) 536M->267M(1024M) 15.664ms
[2024-09-03T21:17:32.835+0530][gc,cpu      ] GC(44) User=0.05s Sys=0.04s Real=0.02s
[2024-09-03T21:24:44.448+0530][gc,start    ] GC(45) Pause Young (Normal) (G1 Evacuation Pause)
[2024-09-03T21:24:44.451+0530][gc,task     ] GC(45) Using 8 workers of 8 for evacuation
[2024-09-03T21:24:44.466+0530][gc,phases   ] GC(45)   Pre Evacuate Collection Set: 0.3ms
[2024-09-03T21:24:44.466+0530][gc,phases   ] GC(45)   Merge Heap Roots: 0.1ms
[2024-09-03T21:24:44.466+0530][gc,phases   ] GC(45)   Evacuate Collection Set: 14.3ms
[2024-09-03T21:24:44.466+0530][gc,phases   ] GC(45)   Post Evacuate Collection Set: 0.6ms
[2024-09-03T21:24:44.466+0530][gc,phases   ] GC(45)   Other: 2.8ms
[2024-09-03T21:24:44.466+0530][gc,heap     ] GC(45) Eden regions: 112->0(37)
[2024-09-03T21:24:44.466+0530][gc,heap     ] GC(45) Survivor regions: 9->14(16)
[2024-09-03T21:24:44.466+0530][gc,heap     ] GC(45) Old regions: 130->131
[2024-09-03T21:24:44.466+0530][gc,heap     ] GC(45) Archive regions: 2->2
[2024-09-03T21:24:44.466+0530][gc,heap     ] GC(45) Humongous regions: 129->129
[2024-09-03T21:24:44.466+0530][gc,metaspace] GC(45) Metaspace: 44603K(45248K)->44603K(45248K) NonClass: 39383K(39744K)->39383K(39744K) Class: 5219K(5504K)->5219K(5504K)
[2024-09-03T21:24:44.466+0530][gc          ] GC(45) Pause Young (Normal) (G1 Evacuation Pause) 379M->273M(1024M) 17.865ms
[2024-09-03T21:24:44.466+0530][gc,cpu      ] GC(45) User=0.06s Sys=0.03s Real=0.02s
[2024-09-03T21:27:04.380+0530][gc,start    ] GC(46) Pause Young (Normal) (G1 Evacuation Pause)
[2024-09-03T21:27:04.380+0530][gc,task     ] GC(46) Using 8 workers of 8 for evacuation
[2024-09-03T21:27:04.391+0530][gc,phases   ] GC(46)   Pre Evacuate Collection Set: 0.2ms
[2024-09-03T21:27:04.391+0530][gc,phases   ] GC(46)   Merge Heap Roots: 0.1ms
[2024-09-03T21:27:04.391+0530][gc,phases   ] GC(46)   Evacuate Collection Set: 10.0ms
[2024-09-03T21:27:04.391+0530][gc,phases   ] GC(46)   Post Evacuate Collection Set: 0.4ms
[2024-09-03T21:27:04.391+0530][gc,phases   ] GC(46)   Other: 0.3ms
[2024-09-03T21:27:04.391+0530][gc,heap     ] GC(46) Eden regions: 37->0(240)
[2024-09-03T21:27:04.391+0530][gc,heap     ] GC(46) Survivor regions: 14->5(7)
[2024-09-03T21:27:04.391+0530][gc,heap     ] GC(46) Old regions: 131->140
[2024-09-03T21:27:04.391+0530][gc,heap     ] GC(46) Archive regions: 2->2
[2024-09-03T21:27:04.391+0530][gc,heap     ] GC(46) Humongous regions: 129->129
[2024-09-03T21:27:04.391+0530][gc,metaspace] GC(46) Metaspace: 44603K(45248K)->44603K(45248K) NonClass: 39383K(39744K)->39383K(39744K) Class: 5219K(5504K)->5219K(5504K)
[2024-09-03T21:27:04.391+0530][gc          ] GC(46) Pause Young (Normal) (G1 Evacuation Pause) 310M->273M(1024M) 11.192ms
[2024-09-03T21:27:04.391+0530][gc,cpu      ] GC(46) User=0.06s Sys=0.01s Real=0.01s
[2024-09-03T21:42:39.998+0530][gc,start    ] GC(47) Pause Young (Normal) (G1 Evacuation Pause)
[2024-09-03T21:42:40.000+0530][gc,task     ] GC(47) Using 8 workers of 8 for evacuation
[2024-09-03T21:42:40.010+0530][gc,phases   ] GC(47)   Pre Evacuate Collection Set: 0.2ms
[2024-09-03T21:42:40.010+0530][gc,phases   ] GC(47)   Merge Heap Roots: 0.1ms
[2024-09-03T21:42:40.010+0530][gc,phases   ] GC(47)   Evacuate Collection Set: 9.5ms
[2024-09-03T21:42:40.010+0530][gc,phases   ] GC(47)   Post Evacuate Collection Set: 0.6ms
[2024-09-03T21:42:40.010+0530][gc,phases   ] GC(47)   Other: 2.1ms
[2024-09-03T21:42:40.010+0530][gc,heap     ] GC(47) Eden regions: 240->0(231)
[2024-09-03T21:42:40.010+0530][gc,heap     ] GC(47) Survivor regions: 5->8(31)
[2024-09-03T21:42:40.010+0530][gc,heap     ] GC(47) Old regions: 140->140
[2024-09-03T21:42:40.010+0530][gc,heap     ] GC(47) Archive regions: 2->2
[2024-09-03T21:42:40.010+0530][gc,heap     ] GC(47) Humongous regions: 129->129
[2024-09-03T21:42:40.010+0530][gc,metaspace] GC(47) Metaspace: 44618K(45248K)->44618K(45248K) NonClass: 39398K(39744K)->39398K(39744K) Class: 5219K(5504K)->5219K(5504K)
[2024-09-03T21:42:40.010+0530][gc          ] GC(47) Pause Young (Normal) (G1 Evacuation Pause) 513M->277M(1024M) 12.666ms
[2024-09-03T21:42:40.011+0530][gc,cpu      ] GC(47) User=0.05s Sys=0.02s Real=0.02s
[2024-09-03T21:57:21.590+0530][gc,start    ] GC(48) Pause Young (Normal) (G1 Evacuation Pause)
[2024-09-03T21:57:21.592+0530][gc,task     ] GC(48) Using 8 workers of 8 for evacuation
[2024-09-03T21:57:21.604+0530][gc,phases   ] GC(48)   Pre Evacuate Collection Set: 0.5ms
[2024-09-03T21:57:21.604+0530][gc,phases   ] GC(48)   Merge Heap Roots: 0.2ms
[2024-09-03T21:57:21.604+0530][gc,phases   ] GC(48)   Evacuate Collection Set: 10.8ms
[2024-09-03T21:57:21.604+0530][gc,phases   ] GC(48)   Post Evacuate Collection Set: 0.5ms
[2024-09-03T21:57:21.604+0530][gc,phases   ] GC(48)   Other: 2.2ms
[2024-09-03T21:57:21.604+0530][gc,heap     ] GC(48) Eden regions: 231->0(39)
[2024-09-03T21:57:21.604+0530][gc,heap     ] GC(48) Survivor regions: 8->17(30)
[2024-09-03T21:57:21.604+0530][gc,heap     ] GC(48) Old regions: 140->140
[2024-09-03T21:57:21.604+0530][gc,heap     ] GC(48) Archive regions: 2->2
[2024-09-03T21:57:21.604+0530][gc,heap     ] GC(48) Humongous regions: 129->129
[2024-09-03T21:57:21.604+0530][gc,metaspace] GC(48) Metaspace: 44631K(45248K)->44631K(45248K) NonClass: 39411K(39744K)->39411K(39744K) Class: 5219K(5504K)->5219K(5504K)
[2024-09-03T21:57:21.604+0530][gc          ] GC(48) Pause Young (Normal) (G1 Evacuation Pause) 508M->285M(1024M) 14.480ms
[2024-09-03T21:57:21.604+0530][gc,cpu      ] GC(48) User=0.08s Sys=0.00s Real=0.01s
[2024-09-03T21:59:48.689+0530][gc,start    ] GC(49) Pause Young (Normal) (G1 Evacuation Pause)
[2024-09-03T21:59:48.691+0530][gc,task     ] GC(49) Using 8 workers of 8 for evacuation
[2024-09-03T21:59:48.704+0530][gc,phases   ] GC(49)   Pre Evacuate Collection Set: 0.2ms
[2024-09-03T21:59:48.704+0530][gc,phases   ] GC(49)   Merge Heap Roots: 0.1ms
[2024-09-03T21:59:48.704+0530][gc,phases   ] GC(49)   Evacuate Collection Set: 13.0ms
[2024-09-03T21:59:48.704+0530][gc,phases   ] GC(49)   Post Evacuate Collection Set: 0.3ms
[2024-09-03T21:59:48.705+0530][gc,phases   ] GC(49)   Other: 2.1ms
[2024-09-03T21:59:48.705+0530][gc,heap     ] GC(49) Eden regions: 39->0(389)
[2024-09-03T21:59:48.705+0530][gc,heap     ] GC(49) Survivor regions: 17->4(7)
[2024-09-03T21:59:48.705+0530][gc,heap     ] GC(49) Old regions: 140->152
[2024-09-03T21:59:48.705+0530][gc,heap     ] GC(49) Archive regions: 2->2
[2024-09-03T21:59:48.705+0530][gc,heap     ] GC(49) Humongous regions: 129->129
[2024-09-03T21:59:48.705+0530][gc,metaspace] GC(49) Metaspace: 44637K(45248K)->44637K(45248K) NonClass: 39417K(39744K)->39417K(39744K) Class: 5219K(5504K)->5219K(5504K)
[2024-09-03T21:59:48.705+0530][gc          ] GC(49) Pause Young (Normal) (G1 Evacuation Pause) 324M->284M(1024M) 15.958ms
[2024-09-03T21:59:48.705+0530][gc,cpu      ] GC(49) User=0.07s Sys=0.02s Real=0.02s
[2024-09-03T22:25:00.829+0530][gc,start    ] GC(50) Pause Young (Normal) (G1 Evacuation Pause)
[2024-09-03T22:25:00.831+0530][gc,task     ] GC(50) Using 8 workers of 8 for evacuation
[2024-09-03T22:25:00.869+0530][gc,mmu      ] GC(50) MMU target violated: 21.0ms (20.0ms/21.0ms)
[2024-09-03T22:25:00.869+0530][gc,phases   ] GC(50)   Pre Evacuate Collection Set: 1.1ms
[2024-09-03T22:25:00.869+0530][gc,phases   ] GC(50)   Merge Heap Roots: 0.3ms
[2024-09-03T22:25:00.869+0530][gc,phases   ] GC(50)   Evacuate Collection Set: 35.2ms
[2024-09-03T22:25:00.869+0530][gc,phases   ] GC(50)   Post Evacuate Collection Set: 1.5ms
[2024-09-03T22:25:00.869+0530][gc,phases   ] GC(50)   Other: 2.2ms
[2024-09-03T22:25:00.870+0530][gc,heap     ] GC(50) Eden regions: 389->0(39)
[2024-09-03T22:25:00.870+0530][gc,heap     ] GC(50) Survivor regions: 4->12(50)
[2024-09-03T22:25:00.870+0530][gc,heap     ] GC(50) Old regions: 152->152
[2024-09-03T22:25:00.870+0530][gc,heap     ] GC(50) Archive regions: 2->2
[2024-09-03T22:25:00.870+0530][gc,heap     ] GC(50) Humongous regions: 129->129
[2024-09-03T22:25:00.870+0530][gc,metaspace] GC(50) Metaspace: 44664K(45248K)->44664K(45248K) NonClass: 39444K(39744K)->39444K(39744K) Class: 5219K(5504K)->5219K(5504K)
[2024-09-03T22:25:00.870+0530][gc          ] GC(50) Pause Young (Normal) (G1 Evacuation Pause) 673M->292M(1024M) 40.342ms
[2024-09-03T22:25:00.870+0530][gc,cpu      ] GC(50) User=0.07s Sys=0.14s Real=0.05s
[2024-09-03T22:27:30.235+0530][gc,start    ] GC(51) Pause Young (Normal) (G1 Evacuation Pause)
[2024-09-03T22:27:30.237+0530][gc,task     ] GC(51) Using 8 workers of 8 for evacuation
[2024-09-03T22:27:30.253+0530][gc,phases   ] GC(51)   Pre Evacuate Collection Set: 0.1ms
[2024-09-03T22:27:30.253+0530][gc,phases   ] GC(51)   Merge Heap Roots: 0.1ms
[2024-09-03T22:27:30.253+0530][gc,phases   ] GC(51)   Evacuate Collection Set: 15.2ms
[2024-09-03T22:27:30.253+0530][gc,phases   ] GC(51)   Post Evacuate Collection Set: 0.3ms
[2024-09-03T22:27:30.253+0530][gc,phases   ] GC(51)   Other: 2.0ms
[2024-09-03T22:27:30.253+0530][gc,heap     ] GC(51) Eden regions: 39->0(89)
[2024-09-03T22:27:30.253+0530][gc,heap     ] GC(51) Survivor regions: 12->5(7)
[2024-09-03T22:27:30.253+0530][gc,heap     ] GC(51) Old regions: 152->163
[2024-09-03T22:27:30.253+0530][gc,heap     ] GC(51) Archive regions: 2->2
[2024-09-03T22:27:30.253+0530][gc,heap     ] GC(51) Humongous regions: 129->129
[2024-09-03T22:27:30.253+0530][gc,metaspace] GC(51) Metaspace: 44666K(45248K)->44666K(45248K) NonClass: 39446K(39744K)->39446K(39744K) Class: 5219K(5504K)->5219K(5504K)
[2024-09-03T22:27:30.253+0530][gc          ] GC(51) Pause Young (Normal) (G1 Evacuation Pause) 331M->296M(1024M) 17.902ms
[2024-09-03T22:27:30.253+0530][gc,cpu      ] GC(51) User=0.06s Sys=0.03s Real=0.02s
[2024-09-03T22:33:13.360+0530][gc,start    ] GC(52) Pause Young (Normal) (G1 Evacuation Pause)
[2024-09-03T22:33:13.362+0530][gc,task     ] GC(52) Using 8 workers of 8 for evacuation
[2024-09-03T22:33:13.372+0530][gc,phases   ] GC(52)   Pre Evacuate Collection Set: 0.1ms
[2024-09-03T22:33:13.372+0530][gc,phases   ] GC(52)   Merge Heap Roots: 0.1ms
[2024-09-03T22:33:13.372+0530][gc,phases   ] GC(52)   Evacuate Collection Set: 8.9ms
[2024-09-03T22:33:13.372+0530][gc,phases   ] GC(52)   Post Evacuate Collection Set: 0.4ms
[2024-09-03T22:33:13.372+0530][gc,phases   ] GC(52)   Other: 1.9ms
[2024-09-03T22:33:13.372+0530][gc,heap     ] GC(52) Eden regions: 89->0(104)
[2024-09-03T22:33:13.372+0530][gc,heap     ] GC(52) Survivor regions: 5->5(12)
[2024-09-03T22:33:13.372+0530][gc,heap     ] GC(52) Old regions: 163->163
[2024-09-03T22:33:13.372+0530][gc,heap     ] GC(52) Archive regions: 2->2
[2024-09-03T22:33:13.372+0530][gc,heap     ] GC(52) Humongous regions: 129->129
[2024-09-03T22:33:13.372+0530][gc,metaspace] GC(52) Metaspace: 44671K(45312K)->44671K(45312K) NonClass: 39451K(39808K)->39451K(39808K) Class: 5219K(5504K)->5219K(5504K)
[2024-09-03T22:33:13.372+0530][gc          ] GC(52) Pause Young (Normal) (G1 Evacuation Pause) 385M->297M(1024M) 11.514ms
[2024-09-03T22:33:13.372+0530][gc,cpu      ] GC(52) User=0.03s Sys=0.02s Real=0.01s
[2024-09-03T22:39:54.516+0530][gc,start    ] GC(53) Pause Young (Normal) (G1 Evacuation Pause)
[2024-09-03T22:39:54.516+0530][gc,task     ] GC(53) Using 8 workers of 8 for evacuation
[2024-09-03T22:39:54.532+0530][gc,phases   ] GC(53)   Pre Evacuate Collection Set: 0.2ms
[2024-09-03T22:39:54.532+0530][gc,phases   ] GC(53)   Merge Heap Roots: 0.1ms
[2024-09-03T22:39:54.532+0530][gc,phases   ] GC(53)   Evacuate Collection Set: 14.4ms
[2024-09-03T22:39:54.532+0530][gc,phases   ] GC(53)   Post Evacuate Collection Set: 0.4ms
[2024-09-03T22:39:54.532+0530][gc,phases   ] GC(53)   Other: 0.4ms
[2024-09-03T22:39:54.532+0530][gc,heap     ] GC(53) Eden regions: 104->0(41)
[2024-09-03T22:39:54.532+0530][gc,heap     ] GC(53) Survivor regions: 5->10(14)
[2024-09-03T22:39:54.532+0530][gc,heap     ] GC(53) Old regions: 163->163
[2024-09-03T22:39:54.532+0530][gc,heap     ] GC(53) Archive regions: 2->2
[2024-09-03T22:39:54.532+0530][gc,heap     ] GC(53) Humongous regions: 129->129
[2024-09-03T22:39:54.532+0530][gc,metaspace] GC(53) Metaspace: 44706K(45312K)->44706K(45312K) NonClass: 39486K(39808K)->39486K(39808K) Class: 5219K(5504K)->5219K(5504K)
[2024-09-03T22:39:54.532+0530][gc          ] GC(53) Pause Young (Normal) (G1 Evacuation Pause) 401M->302M(1024M) 15.600ms
[2024-09-03T22:39:54.532+0530][gc,cpu      ] GC(53) User=0.05s Sys=0.02s Real=0.02s
[2024-09-03T22:42:30.031+0530][gc,start    ] GC(54) Pause Young (Normal) (G1 Evacuation Pause)
[2024-09-03T22:42:30.031+0530][gc,task     ] GC(54) Using 8 workers of 8 for evacuation
[2024-09-03T22:42:30.040+0530][gc,phases   ] GC(54)   Pre Evacuate Collection Set: 0.2ms
[2024-09-03T22:42:30.040+0530][gc,phases   ] GC(54)   Merge Heap Roots: 0.1ms
[2024-09-03T22:42:30.040+0530][gc,phases   ] GC(54)   Evacuate Collection Set: 7.8ms
[2024-09-03T22:42:30.040+0530][gc,phases   ] GC(54)   Post Evacuate Collection Set: 0.5ms
[2024-09-03T22:42:30.040+0530][gc,phases   ] GC(54)   Other: 0.4ms
[2024-09-03T22:42:30.040+0530][gc,heap     ] GC(54) Eden regions: 41->0(171)
[2024-09-03T22:42:30.040+0530][gc,heap     ] GC(54) Survivor regions: 10->4(7)
[2024-09-03T22:42:30.040+0530][gc,heap     ] GC(54) Old regions: 163->169
[2024-09-03T22:42:30.040+0530][gc,heap     ] GC(54) Archive regions: 2->2
[2024-09-03T22:42:30.040+0530][gc,heap     ] GC(54) Humongous regions: 129->129
[2024-09-03T22:42:30.040+0530][gc,metaspace] GC(54) Metaspace: 44706K(45312K)->44706K(45312K) NonClass: 39486K(39808K)->39486K(39808K) Class: 5219K(5504K)->5219K(5504K)
[2024-09-03T22:42:30.040+0530][gc          ] GC(54) Pause Young (Normal) (G1 Evacuation Pause) 343M->301M(1024M) 9.231ms
[2024-09-03T22:42:30.040+0530][gc,cpu      ] GC(54) User=0.05s Sys=0.01s Real=0.01s
[2024-09-03T22:53:30.489+0530][gc,start    ] GC(55) Pause Young (Normal) (G1 Evacuation Pause)
[2024-09-03T22:53:30.491+0530][gc,task     ] GC(55) Using 8 workers of 8 for evacuation
[2024-09-03T22:53:30.498+0530][gc,phases   ] GC(55)   Pre Evacuate Collection Set: 0.2ms
[2024-09-03T22:53:30.498+0530][gc,phases   ] GC(55)   Merge Heap Roots: 0.1ms
[2024-09-03T22:53:30.498+0530][gc,phases   ] GC(55)   Evacuate Collection Set: 6.7ms
[2024-09-03T22:53:30.498+0530][gc,phases   ] GC(55)   Post Evacuate Collection Set: 0.4ms
[2024-09-03T22:53:30.498+0530][gc,phases   ] GC(55)   Other: 2.1ms
[2024-09-03T22:53:30.498+0530][gc,heap     ] GC(55) Eden regions: 171->0(188)
[2024-09-03T22:53:30.498+0530][gc,heap     ] GC(55) Survivor regions: 4->6(22)
[2024-09-03T22:53:30.498+0530][gc,heap     ] GC(55) Old regions: 169->169
[2024-09-03T22:53:30.498+0530][gc,heap     ] GC(55) Archive regions: 2->2
[2024-09-03T22:53:30.498+0530][gc,heap     ] GC(55) Humongous regions: 129->129
[2024-09-03T22:53:30.498+0530][gc,metaspace] GC(55) Metaspace: 44709K(45312K)->44709K(45312K) NonClass: 39489K(39808K)->39489K(39808K) Class: 5219K(5504K)->5219K(5504K)
[2024-09-03T22:53:30.498+0530][gc          ] GC(55) Pause Young (Normal) (G1 Evacuation Pause) 472M->304M(1024M) 9.568ms
[2024-09-03T22:53:30.498+0530][gc,cpu      ] GC(55) User=0.04s Sys=0.01s Real=0.01s
[2024-09-03T23:05:23.682+0530][gc,start    ] GC(56) Pause Young (Normal) (G1 Evacuation Pause)
[2024-09-03T23:05:23.684+0530][gc,task     ] GC(56) Using 8 workers of 8 for evacuation
[2024-09-03T23:05:23.696+0530][gc,phases   ] GC(56)   Pre Evacuate Collection Set: 0.2ms
[2024-09-03T23:05:23.696+0530][gc,phases   ] GC(56)   Merge Heap Roots: 0.2ms
[2024-09-03T23:05:23.696+0530][gc,phases   ] GC(56)   Evacuate Collection Set: 10.9ms
[2024-09-03T23:05:23.696+0530][gc,phases   ] GC(56)   Post Evacuate Collection Set: 0.5ms
[2024-09-03T23:05:23.696+0530][gc,phases   ] GC(56)   Other: 2.3ms
[2024-09-03T23:05:23.696+0530][gc,heap     ] GC(56) Eden regions: 188->0(64)
[2024-09-03T23:05:23.696+0530][gc,heap     ] GC(56) Survivor regions: 6->12(25)
[2024-09-03T23:05:23.696+0530][gc,heap     ] GC(56) Old regions: 169->169
[2024-09-03T23:05:23.696+0530][gc,heap     ] GC(56) Archive regions: 2->2
[2024-09-03T23:05:23.696+0530][gc,heap     ] GC(56) Humongous regions: 129->129
[2024-09-03T23:05:23.696+0530][gc,metaspace] GC(56) Metaspace: 44710K(45312K)->44710K(45312K) NonClass: 39490K(39808K)->39490K(39808K) Class: 5219K(5504K)->5219K(5504K)
[2024-09-03T23:05:23.696+0530][gc          ] GC(56) Pause Young (Normal) (G1 Evacuation Pause) 492M->310M(1024M) 14.186ms
[2024-09-03T23:05:23.696+0530][gc,cpu      ] GC(56) User=0.06s Sys=0.02s Real=0.01s
[2024-09-03T23:09:28.481+0530][gc,start    ] GC(57) Pause Young (Normal) (G1 Evacuation Pause)
[2024-09-03T23:09:28.483+0530][gc,task     ] GC(57) Using 8 workers of 8 for evacuation
[2024-09-03T23:09:28.493+0530][gc,phases   ] GC(57)   Pre Evacuate Collection Set: 0.2ms
[2024-09-03T23:09:28.493+0530][gc,phases   ] GC(57)   Merge Heap Roots: 0.2ms
[2024-09-03T23:09:28.493+0530][gc,phases   ] GC(57)   Evacuate Collection Set: 9.5ms
[2024-09-03T23:09:28.493+0530][gc,phases   ] GC(57)   Post Evacuate Collection Set: 0.5ms
[2024-09-03T23:09:28.493+0530][gc,phases   ] GC(57)   Other: 2.0ms
[2024-09-03T23:09:28.493+0530][gc,heap     ] GC(57) Eden regions: 64->0(163)
[2024-09-03T23:09:28.493+0530][gc,heap     ] GC(57) Survivor regions: 12->6(10)
[2024-09-03T23:09:28.493+0530][gc,heap     ] GC(57) Old regions: 169->175
[2024-09-03T23:09:28.493+0530][gc,heap     ] GC(57) Archive regions: 2->2
[2024-09-03T23:09:28.493+0530][gc,heap     ] GC(57) Humongous regions: 129->129
[2024-09-03T23:09:28.493+0530][gc,metaspace] GC(57) Metaspace: 44710K(45312K)->44710K(45312K) NonClass: 39490K(39808K)->39490K(39808K) Class: 5219K(5504K)->5219K(5504K)
[2024-09-03T23:09:28.493+0530][gc          ] GC(57) Pause Young (Normal) (G1 Evacuation Pause) 374M->310M(1024M) 12.560ms
[2024-09-03T23:09:28.493+0530][gc,cpu      ] GC(57) User=0.05s Sys=0.01s Real=0.01s
[2024-09-03T23:19:57.301+0530][gc,start    ] GC(58) Pause Young (Normal) (G1 Evacuation Pause)
[2024-09-03T23:19:57.303+0530][gc,task     ] GC(58) Using 8 workers of 8 for evacuation
[2024-09-03T23:19:57.323+0530][gc,phases   ] GC(58)   Pre Evacuate Collection Set: 0.2ms
[2024-09-03T23:19:57.323+0530][gc,phases   ] GC(58)   Merge Heap Roots: 0.1ms
[2024-09-03T23:19:57.323+0530][gc,phases   ] GC(58)   Evacuate Collection Set: 19.0ms
[2024-09-03T23:19:57.323+0530][gc,phases   ] GC(58)   Post Evacuate Collection Set: 0.3ms
[2024-09-03T23:19:57.323+0530][gc,phases   ] GC(58)   Other: 2.1ms
[2024-09-03T23:19:57.323+0530][gc,heap     ] GC(58) Eden regions: 163->0(68)
[2024-09-03T23:19:57.323+0530][gc,heap     ] GC(58) Survivor regions: 6->8(22)
[2024-09-03T23:19:57.323+0530][gc,heap     ] GC(58) Old regions: 175->175
[2024-09-03T23:19:57.323+0530][gc,heap     ] GC(58) Archive regions: 2->2
[2024-09-03T23:19:57.323+0530][gc,heap     ] GC(58) Humongous regions: 129->129
[2024-09-03T23:19:57.323+0530][gc,metaspace] GC(58) Metaspace: 44721K(45312K)->44721K(45312K) NonClass: 39502K(39808K)->39502K(39808K) Class: 5219K(5504K)->5219K(5504K)
[2024-09-03T23:19:57.323+0530][gc          ] GC(58) Pause Young (Normal) (G1 Evacuation Pause) 473M->311M(1024M) 21.911ms
[2024-09-03T23:19:57.323+0530][gc,cpu      ] GC(58) User=0.04s Sys=0.06s Real=0.02s
[2024-09-03T23:24:18.087+0530][gc,start    ] GC(59) Pause Young (Normal) (G1 Evacuation Pause)
[2024-09-03T23:24:18.089+0530][gc,task     ] GC(59) Using 8 workers of 8 for evacuation
[2024-09-03T23:24:18.099+0530][gc,phases   ] GC(59)   Pre Evacuate Collection Set: 0.2ms
[2024-09-03T23:24:18.099+0530][gc,phases   ] GC(59)   Merge Heap Roots: 0.1ms
[2024-09-03T23:24:18.099+0530][gc,phases   ] GC(59)   Evacuate Collection Set: 9.0ms
[2024-09-03T23:24:18.099+0530][gc,phases   ] GC(59)   Post Evacuate Collection Set: 0.4ms
[2024-09-03T23:24:18.099+0530][gc,phases   ] GC(59)   Other: 2.3ms
[2024-09-03T23:24:18.099+0530][gc,heap     ] GC(59) Eden regions: 68->0(130)
[2024-09-03T23:24:18.099+0530][gc,heap     ] GC(59) Survivor regions: 8->5(10)
[2024-09-03T23:24:18.099+0530][gc,heap     ] GC(59) Old regions: 175->180
[2024-09-03T23:24:18.099+0530][gc,heap     ] GC(59) Archive regions: 2->2
[2024-09-03T23:24:18.099+0530][gc,heap     ] GC(59) Humongous regions: 129->129
[2024-09-03T23:24:18.099+0530][gc,metaspace] GC(59) Metaspace: 44721K(45312K)->44721K(45312K) NonClass: 39502K(39808K)->39502K(39808K) Class: 5219K(5504K)->5219K(5504K)
[2024-09-03T23:24:18.099+0530][gc          ] GC(59) Pause Young (Normal) (G1 Evacuation Pause) 379M->313M(1024M) 12.215ms
[2024-09-03T23:24:18.100+0530][gc,cpu      ] GC(59) User=0.06s Sys=0.00s Real=0.02s
[2024-09-03T23:32:40.143+0530][gc,start    ] GC(60) Pause Young (Normal) (G1 Evacuation Pause)
[2024-09-03T23:32:40.145+0530][gc,task     ] GC(60) Using 8 workers of 8 for evacuation
[2024-09-03T23:32:40.153+0530][gc,phases   ] GC(60)   Pre Evacuate Collection Set: 0.2ms
[2024-09-03T23:32:40.153+0530][gc,phases   ] GC(60)   Merge Heap Roots: 0.1ms
[2024-09-03T23:32:40.153+0530][gc,phases   ] GC(60)   Evacuate Collection Set: 6.6ms
[2024-09-03T23:32:40.153+0530][gc,phases   ] GC(60)   Post Evacuate Collection Set: 0.4ms
[2024-09-03T23:32:40.153+0530][gc,phases   ] GC(60)   Other: 2.2ms
[2024-09-03T23:32:40.153+0530][gc,heap     ] GC(60) Eden regions: 130->0(136)
[2024-09-03T23:32:40.153+0530][gc,heap     ] GC(60) Survivor regions: 5->7(17)
[2024-09-03T23:32:40.153+0530][gc,heap     ] GC(60) Old regions: 180->180
[2024-09-03T23:32:40.153+0530][gc,heap     ] GC(60) Archive regions: 2->2
[2024-09-03T23:32:40.153+0530][gc,heap     ] GC(60) Humongous regions: 129->129
[2024-09-03T23:32:40.153+0530][gc,metaspace] GC(60) Metaspace: 44723K(45312K)->44723K(45312K) NonClass: 39503K(39808K)->39503K(39808K) Class: 5219K(5504K)->5219K(5504K)
[2024-09-03T23:32:40.153+0530][gc          ] GC(60) Pause Young (Normal) (G1 Evacuation Pause) 443M->316M(1024M) 9.827ms
[2024-09-03T23:32:40.153+0530][gc,cpu      ] GC(60) User=0.04s Sys=0.00s Real=0.01s
[2024-09-03T23:41:26.090+0530][gc,start    ] GC(61) Pause Young (Normal) (G1 Evacuation Pause)
[2024-09-03T23:41:26.092+0530][gc,task     ] GC(61) Using 8 workers of 8 for evacuation
[2024-09-03T23:41:26.101+0530][gc,phases   ] GC(61)   Pre Evacuate Collection Set: 0.2ms
[2024-09-03T23:41:26.101+0530][gc,phases   ] GC(61)   Merge Heap Roots: 0.1ms
[2024-09-03T23:41:26.101+0530][gc,phases   ] GC(61)   Evacuate Collection Set: 8.7ms
[2024-09-03T23:41:26.101+0530][gc,phases   ] GC(61)   Post Evacuate Collection Set: 0.5ms
[2024-09-03T23:41:26.101+0530][gc,phases   ] GC(61)   Other: 2.2ms
[2024-09-03T23:41:26.101+0530][gc,heap     ] GC(61) Eden regions: 136->0(97)
[2024-09-03T23:41:26.101+0530][gc,heap     ] GC(61) Survivor regions: 7->11(18)
[2024-09-03T23:41:26.101+0530][gc,heap     ] GC(61) Old regions: 180->180
[2024-09-03T23:41:26.102+0530][gc,heap     ] GC(61) Archive regions: 2->2
[2024-09-03T23:41:26.102+0530][gc,heap     ] GC(61) Humongous regions: 129->129
[2024-09-03T23:41:26.102+0530][gc,metaspace] GC(61) Metaspace: 44727K(45312K)->44727K(45312K) NonClass: 39507K(39808K)->39507K(39808K) Class: 5219K(5504K)->5219K(5504K)
[2024-09-03T23:41:26.102+0530][gc          ] GC(61) Pause Young (Normal) (G1 Evacuation Pause) 452M->319M(1024M) 11.871ms
[2024-09-03T23:41:26.102+0530][gc,cpu      ] GC(61) User=0.05s Sys=0.00s Real=0.01s
[2024-09-03T23:47:39.927+0530][gc,start    ] GC(62) Pause Young (Normal) (G1 Evacuation Pause)
[2024-09-03T23:47:39.929+0530][gc,task     ] GC(62) Using 8 workers of 8 for evacuation
[2024-09-03T23:47:39.940+0530][gc,phases   ] GC(62)   Pre Evacuate Collection Set: 0.2ms
[2024-09-03T23:47:39.940+0530][gc,phases   ] GC(62)   Merge Heap Roots: 0.1ms
[2024-09-03T23:47:39.940+0530][gc,phases   ] GC(62)   Evacuate Collection Set: 9.8ms
[2024-09-03T23:47:39.940+0530][gc,phases   ] GC(62)   Post Evacuate Collection Set: 0.3ms
[2024-09-03T23:47:39.940+0530][gc,phases   ] GC(62)   Other: 2.2ms
[2024-09-03T23:47:39.940+0530][gc,heap     ] GC(62) Eden regions: 97->0(194)
[2024-09-03T23:47:39.940+0530][gc,heap     ] GC(62) Survivor regions: 11->7(14)
[2024-09-03T23:47:39.940+0530][gc,heap     ] GC(62) Old regions: 180->184
[2024-09-03T23:47:39.940+0530][gc,heap     ] GC(62) Archive regions: 2->2
[2024-09-03T23:47:39.940+0530][gc,heap     ] GC(62) Humongous regions: 129->129
[2024-09-03T23:47:39.940+0530][gc,metaspace] GC(62) Metaspace: 44728K(45312K)->44728K(45312K) NonClass: 39509K(39808K)->39509K(39808K) Class: 5219K(5504K)->5219K(5504K)
[2024-09-03T23:47:39.940+0530][gc          ] GC(62) Pause Young (Normal) (G1 Evacuation Pause) 416M->320M(1024M) 12.824ms
[2024-09-03T23:47:39.940+0530][gc,cpu      ] GC(62) User=0.06s Sys=0.00s Real=0.02s
[2024-09-04T09:37:16.794+0530][gc,start    ] GC(63) Pause Young (Normal) (G1 Evacuation Pause)
[2024-09-04T09:37:16.794+0530][gc,task     ] GC(63) Using 8 workers of 8 for evacuation
[2024-09-04T09:37:16.871+0530][gc,mmu      ] GC(63) MMU target violated: 21.0ms (20.0ms/21.0ms)
[2024-09-04T09:37:16.871+0530][gc,phases   ] GC(63)   Pre Evacuate Collection Set: 2.3ms
[2024-09-04T09:37:16.871+0530][gc,phases   ] GC(63)   Merge Heap Roots: 1.1ms
[2024-09-04T09:37:16.871+0530][gc,phases   ] GC(63)   Evacuate Collection Set: 70.7ms
[2024-09-04T09:37:16.871+0530][gc,phases   ] GC(63)   Post Evacuate Collection Set: 2.2ms
[2024-09-04T09:37:16.871+0530][gc,phases   ] GC(63)   Other: 2.4ms
[2024-09-04T09:37:16.871+0530][gc,heap     ] GC(63) Eden regions: 194->0(37)
[2024-09-04T09:37:16.871+0530][gc,heap     ] GC(63) Survivor regions: 7->14(26)
[2024-09-04T09:37:16.871+0530][gc,heap     ] GC(63) Old regions: 184->184
[2024-09-04T09:37:16.871+0530][gc,heap     ] GC(63) Archive regions: 2->2
[2024-09-04T09:37:16.871+0530][gc,heap     ] GC(63) Humongous regions: 135->129
[2024-09-04T09:37:16.871+0530][gc,metaspace] GC(63) Metaspace: 45476K(46016K)->45476K(46016K) NonClass: 40162K(40448K)->40162K(40448K) Class: 5314K(5568K)->5314K(5568K)
[2024-09-04T09:37:16.871+0530][gc          ] GC(63) Pause Young (Normal) (G1 Evacuation Pause) 520M->327M(1024M) 77.124ms
[2024-09-04T09:37:16.871+0530][gc,cpu      ] GC(63) User=0.09s Sys=0.26s Real=0.08s
[2024-09-04T09:38:10.296+0530][gc,start    ] GC(64) Pause Young (Normal) (G1 Evacuation Pause)
[2024-09-04T09:38:10.297+0530][gc,task     ] GC(64) Using 8 workers of 8 for evacuation
[2024-09-04T09:38:10.312+0530][gc,phases   ] GC(64)   Pre Evacuate Collection Set: 0.2ms
[2024-09-04T09:38:10.312+0530][gc,phases   ] GC(64)   Merge Heap Roots: 0.1ms
[2024-09-04T09:38:10.312+0530][gc,phases   ] GC(64)   Evacuate Collection Set: 14.6ms
[2024-09-04T09:38:10.312+0530][gc,phases   ] GC(64)   Post Evacuate Collection Set: 0.3ms
[2024-09-04T09:38:10.312+0530][gc,phases   ] GC(64)   Other: 0.2ms
[2024-09-04T09:38:10.312+0530][gc,heap     ] GC(64) Eden regions: 37->0(52)
[2024-09-04T09:38:10.312+0530][gc,heap     ] GC(64) Survivor regions: 14->4(7)
[2024-09-04T09:38:10.312+0530][gc,heap     ] GC(64) Old regions: 184->197
[2024-09-04T09:38:10.312+0530][gc,heap     ] GC(64) Archive regions: 2->2
[2024-09-04T09:38:10.312+0530][gc,heap     ] GC(64) Humongous regions: 129->129
[2024-09-04T09:38:10.312+0530][gc,metaspace] GC(64) Metaspace: 45476K(46016K)->45476K(46016K) NonClass: 40162K(40448K)->40162K(40448K) Class: 5314K(5568K)->5314K(5568K)
[2024-09-04T09:38:10.312+0530][gc          ] GC(64) Pause Young (Normal) (G1 Evacuation Pause) 364M->329M(1024M) 15.543ms
[2024-09-04T09:38:10.312+0530][gc,cpu      ] GC(64) User=0.07s Sys=0.02s Real=0.02s
[2024-09-04T09:39:26.191+0530][gc,start    ] GC(65) Pause Young (Normal) (G1 Evacuation Pause)
[2024-09-04T09:39:26.191+0530][gc,task     ] GC(65) Using 8 workers of 8 for evacuation
[2024-09-04T09:39:26.205+0530][gc,phases   ] GC(65)   Pre Evacuate Collection Set: 0.1ms
[2024-09-04T09:39:26.205+0530][gc,phases   ] GC(65)   Merge Heap Roots: 0.1ms
[2024-09-04T09:39:26.205+0530][gc,phases   ] GC(65)   Evacuate Collection Set: 13.3ms
[2024-09-04T09:39:26.205+0530][gc,phases   ] GC(65)   Post Evacuate Collection Set: 0.3ms
[2024-09-04T09:39:26.205+0530][gc,phases   ] GC(65)   Other: 0.2ms
[2024-09-04T09:39:26.205+0530][gc,heap     ] GC(65) Eden regions: 52->0(44)
[2024-09-04T09:39:26.205+0530][gc,heap     ] GC(65) Survivor regions: 4->7(7)
[2024-09-04T09:39:26.205+0530][gc,heap     ] GC(65) Old regions: 197->197
[2024-09-04T09:39:26.205+0530][gc,heap     ] GC(65) Archive regions: 2->2
[2024-09-04T09:39:26.205+0530][gc,heap     ] GC(65) Humongous regions: 129->129
[2024-09-04T09:39:26.205+0530][gc,metaspace] GC(65) Metaspace: 45476K(46016K)->45476K(46016K) NonClass: 40162K(40448K)->40162K(40448K) Class: 5314K(5568K)->5314K(5568K)
[2024-09-04T09:39:26.205+0530][gc          ] GC(65) Pause Young (Normal) (G1 Evacuation Pause) 381M->332M(1024M) 14.173ms
[2024-09-04T09:39:26.205+0530][gc,cpu      ] GC(65) User=0.03s Sys=0.05s Real=0.01s
[2024-09-04T09:40:29.524+0530][gc,start    ] GC(66) Pause Young (Normal) (G1 Evacuation Pause)
[2024-09-04T09:40:29.524+0530][gc,task     ] GC(66) Using 8 workers of 8 for evacuation
[2024-09-04T09:40:29.533+0530][gc,phases   ] GC(66)   Pre Evacuate Collection Set: 0.2ms
[2024-09-04T09:40:29.533+0530][gc,phases   ] GC(66)   Merge Heap Roots: 0.1ms
[2024-09-04T09:40:29.533+0530][gc,phases   ] GC(66)   Evacuate Collection Set: 7.6ms
[2024-09-04T09:40:29.533+0530][gc,phases   ] GC(66)   Post Evacuate Collection Set: 0.3ms
[2024-09-04T09:40:29.533+0530][gc,phases   ] GC(66)   Other: 0.2ms
[2024-09-04T09:40:29.533+0530][gc,heap     ] GC(66) Eden regions: 44->0(44)
[2024-09-04T09:40:29.533+0530][gc,heap     ] GC(66) Survivor regions: 7->7(7)
[2024-09-04T09:40:29.533+0530][gc,heap     ] GC(66) Old regions: 197->199
[2024-09-04T09:40:29.533+0530][gc,heap     ] GC(66) Archive regions: 2->2
[2024-09-04T09:40:29.533+0530][gc,heap     ] GC(66) Humongous regions: 129->129
[2024-09-04T09:40:29.533+0530][gc,metaspace] GC(66) Metaspace: 45481K(46016K)->45481K(46016K) NonClass: 40167K(40448K)->40167K(40448K) Class: 5314K(5568K)->5314K(5568K)
[2024-09-04T09:40:29.533+0530][gc          ] GC(66) Pause Young (Normal) (G1 Evacuation Pause) 376M->335M(1024M) 8.731ms
[2024-09-04T09:40:29.533+0530][gc,cpu      ] GC(66) User=0.05s Sys=0.00s Real=0.01s
[2024-09-04T09:41:56.012+0530][gc,start    ] GC(67) Pause Young (Normal) (G1 Evacuation Pause)
[2024-09-04T09:41:56.012+0530][gc,task     ] GC(67) Using 8 workers of 8 for evacuation
[2024-09-04T09:41:56.019+0530][gc,phases   ] GC(67)   Pre Evacuate Collection Set: 0.1ms
[2024-09-04T09:41:56.019+0530][gc,phases   ] GC(67)   Merge Heap Roots: 0.1ms
[2024-09-04T09:41:56.019+0530][gc,phases   ] GC(67)   Evacuate Collection Set: 5.8ms
[2024-09-04T09:41:56.019+0530][gc,phases   ] GC(67)   Post Evacuate Collection Set: 0.4ms
[2024-09-04T09:41:56.019+0530][gc,phases   ] GC(67)   Other: 0.4ms
[2024-09-04T09:41:56.019+0530][gc,heap     ] GC(67) Eden regions: 44->0(97)
[2024-09-04T09:41:56.019+0530][gc,heap     ] GC(67) Survivor regions: 7->4(7)
[2024-09-04T09:41:56.019+0530][gc,heap     ] GC(67) Old regions: 199->200
[2024-09-04T09:41:56.019+0530][gc,heap     ] GC(67) Archive regions: 2->2
[2024-09-04T09:41:56.019+0530][gc,heap     ] GC(67) Humongous regions: 129->129
[2024-09-04T09:41:56.019+0530][gc,metaspace] GC(67) Metaspace: 45547K(46208K)->45547K(46208K) NonClass: 40224K(40576K)->40224K(40576K) Class: 5323K(5632K)->5323K(5632K)
[2024-09-04T09:41:56.019+0530][gc          ] GC(67) Pause Young (Normal) (G1 Evacuation Pause) 379M->333M(1024M) 6.970ms
[2024-09-04T09:41:56.019+0530][gc,cpu      ] GC(67) User=0.03s Sys=0.00s Real=0.00s
[2024-09-04T09:47:17.337+0530][gc,start    ] GC(68) Pause Young (Normal) (G1 Evacuation Pause)
[2024-09-04T09:47:17.339+0530][gc,task     ] GC(68) Using 8 workers of 8 for evacuation
[2024-09-04T09:47:17.351+0530][gc,phases   ] GC(68)   Pre Evacuate Collection Set: 0.2ms
[2024-09-04T09:47:17.351+0530][gc,phases   ] GC(68)   Merge Heap Roots: 0.2ms
[2024-09-04T09:47:17.351+0530][gc,phases   ] GC(68)   Evacuate Collection Set: 10.9ms
[2024-09-04T09:47:17.351+0530][gc,phases   ] GC(68)   Post Evacuate Collection Set: 0.3ms
[2024-09-04T09:47:17.351+0530][gc,phases   ] GC(68)   Other: 2.3ms
[2024-09-04T09:47:17.351+0530][gc,heap     ] GC(68) Eden regions: 97->0(75)
[2024-09-04T09:47:17.351+0530][gc,heap     ] GC(68) Survivor regions: 4->7(13)
[2024-09-04T09:47:17.351+0530][gc,heap     ] GC(68) Old regions: 200->200
[2024-09-04T09:47:17.351+0530][gc,heap     ] GC(68) Archive regions: 2->2
[2024-09-04T09:47:17.351+0530][gc,heap     ] GC(68) Humongous regions: 129->129
[2024-09-04T09:47:17.351+0530][gc,metaspace] GC(68) Metaspace: 45547K(46208K)->45547K(46208K) NonClass: 40224K(40576K)->40224K(40576K) Class: 5323K(5632K)->5323K(5632K)
[2024-09-04T09:47:17.351+0530][gc          ] GC(68) Pause Young (Normal) (G1 Evacuation Pause) 430M->336M(1024M) 14.153ms
[2024-09-04T09:47:17.351+0530][gc,cpu      ] GC(68) User=0.05s Sys=0.03s Real=0.02s
[2024-09-04T09:51:28.524+0530][gc,start    ] GC(69) Pause Young (Normal) (G1 Evacuation Pause)
[2024-09-04T09:51:28.526+0530][gc,task     ] GC(69) Using 8 workers of 8 for evacuation
[2024-09-04T09:51:28.534+0530][gc,phases   ] GC(69)   Pre Evacuate Collection Set: 0.2ms
[2024-09-04T09:51:28.534+0530][gc,phases   ] GC(69)   Merge Heap Roots: 0.1ms
[2024-09-04T09:51:28.534+0530][gc,phases   ] GC(69)   Evacuate Collection Set: 7.3ms
[2024-09-04T09:51:28.534+0530][gc,phases   ] GC(69)   Post Evacuate Collection Set: 0.5ms
[2024-09-04T09:51:28.534+0530][gc,phases   ] GC(69)   Other: 2.4ms
[2024-09-04T09:51:28.534+0530][gc,heap     ] GC(69) Eden regions: 75->0(107)
[2024-09-04T09:51:28.534+0530][gc,heap     ] GC(69) Survivor regions: 7->7(11)
[2024-09-04T09:51:28.534+0530][gc,heap     ] GC(69) Old regions: 200->201
[2024-09-04T09:51:28.534+0530][gc,heap     ] GC(69) Archive regions: 2->2
[2024-09-04T09:51:28.534+0530][gc,heap     ] GC(69) Humongous regions: 129->129
[2024-09-04T09:51:28.534+0530][gc,metaspace] GC(69) Metaspace: 45547K(46208K)->45547K(46208K) NonClass: 40224K(40576K)->40224K(40576K) Class: 5323K(5632K)->5323K(5632K)
[2024-09-04T09:51:28.534+0530][gc          ] GC(69) Pause Young (Normal) (G1 Evacuation Pause) 411M->337M(1024M) 10.623ms
[2024-09-04T09:51:28.534+0530][gc,cpu      ] GC(69) User=0.06s Sys=0.01s Real=0.01s
[2024-09-04T09:57:23.581+0530][gc,start    ] GC(70) Pause Young (Normal) (G1 Evacuation Pause)
[2024-09-04T09:57:23.583+0530][gc,task     ] GC(70) Using 8 workers of 8 for evacuation
[2024-09-04T09:57:23.629+0530][gc,mmu      ] GC(70) MMU target violated: 21.0ms (20.0ms/21.0ms)
[2024-09-04T09:57:23.629+0530][gc,phases   ] GC(70)   Pre Evacuate Collection Set: 1.4ms
[2024-09-04T09:57:23.629+0530][gc,phases   ] GC(70)   Merge Heap Roots: 0.6ms
[2024-09-04T09:57:23.629+0530][gc,phases   ] GC(70)   Evacuate Collection Set: 42.2ms
[2024-09-04T09:57:23.629+0530][gc,phases   ] GC(70)   Post Evacuate Collection Set: 1.6ms
[2024-09-04T09:57:23.629+0530][gc,phases   ] GC(70)   Other: 2.3ms
[2024-09-04T09:57:23.629+0530][gc,heap     ] GC(70) Eden regions: 106->0(40)
[2024-09-04T09:57:23.629+0530][gc,heap     ] GC(70) Survivor regions: 7->11(15)
[2024-09-04T09:57:23.629+0530][gc,heap     ] GC(70) Old regions: 201->201
[2024-09-04T09:57:23.629+0530][gc,heap     ] GC(70) Archive regions: 2->2
[2024-09-04T09:57:23.629+0530][gc,heap     ] GC(70) Humongous regions: 129->129
[2024-09-04T09:57:23.629+0530][gc,metaspace] GC(70) Metaspace: 45552K(46208K)->45552K(46208K) NonClass: 40229K(40576K)->40229K(40576K) Class: 5323K(5632K)->5323K(5632K)
[2024-09-04T09:57:23.629+0530][gc          ] GC(70) Pause Young (Normal) (G1 Evacuation Pause) 443M->341M(1024M) 48.044ms
[2024-09-04T09:57:23.629+0530][gc,cpu      ] GC(70) User=0.06s Sys=0.14s Real=0.04s
[2024-09-04T09:59:36.301+0530][gc,start    ] GC(71) Pause Young (Normal) (G1 Evacuation Pause)
[2024-09-04T09:59:36.301+0530][gc,task     ] GC(71) Using 8 workers of 8 for evacuation
[2024-09-04T09:59:36.317+0530][gc,phases   ] GC(71)   Pre Evacuate Collection Set: 0.7ms
[2024-09-04T09:59:36.317+0530][gc,phases   ] GC(71)   Merge Heap Roots: 0.4ms
[2024-09-04T09:59:36.317+0530][gc,phases   ] GC(71)   Evacuate Collection Set: 13.7ms
[2024-09-04T09:59:36.317+0530][gc,phases   ] GC(71)   Post Evacuate Collection Set: 0.8ms
[2024-09-04T09:59:36.317+0530][gc,phases   ] GC(71)   Other: 0.6ms
[2024-09-04T09:59:36.317+0530][gc,heap     ] GC(71) Eden regions: 40->0(73)
[2024-09-04T09:59:36.317+0530][gc,heap     ] GC(71) Survivor regions: 11->4(7)
[2024-09-04T09:59:36.317+0530][gc,heap     ] GC(71) Old regions: 201->208
[2024-09-04T09:59:36.317+0530][gc,heap     ] GC(71) Archive regions: 2->2
[2024-09-04T09:59:36.317+0530][gc,heap     ] GC(71) Humongous regions: 129->129
[2024-09-04T09:59:36.317+0530][gc,metaspace] GC(71) Metaspace: 45552K(46208K)->45552K(46208K) NonClass: 40229K(40576K)->40229K(40576K) Class: 5323K(5632K)->5323K(5632K)
[2024-09-04T09:59:36.317+0530][gc          ] GC(71) Pause Young (Normal) (G1 Evacuation Pause) 381M->340M(1024M) 16.285ms
[2024-09-04T09:59:36.317+0530][gc,cpu      ] GC(71) User=0.05s Sys=0.04s Real=0.01s
[2024-09-04T10:03:41.448+0530][gc,start    ] GC(72) Pause Young (Normal) (G1 Evacuation Pause)
[2024-09-04T10:03:41.450+0530][gc,task     ] GC(72) Using 8 workers of 8 for evacuation
[2024-09-04T10:03:41.463+0530][gc,phases   ] GC(72)   Pre Evacuate Collection Set: 0.3ms
[2024-09-04T10:03:41.463+0530][gc,phases   ] GC(72)   Merge Heap Roots: 0.1ms
[2024-09-04T10:03:41.463+0530][gc,phases   ] GC(72)   Evacuate Collection Set: 11.9ms
[2024-09-04T10:03:41.463+0530][gc,phases   ] GC(72)   Post Evacuate Collection Set: 0.4ms
[2024-09-04T10:03:41.463+0530][gc,phases   ] GC(72)   Other: 2.3ms
[2024-09-04T10:03:41.463+0530][gc,heap     ] GC(72) Eden regions: 73->0(66)
[2024-09-04T10:03:41.463+0530][gc,heap     ] GC(72) Survivor regions: 4->5(10)
[2024-09-04T10:03:41.463+0530][gc,heap     ] GC(72) Old regions: 208->208
[2024-09-04T10:03:41.463+0530][gc,heap     ] GC(72) Archive regions: 2->2
[2024-09-04T10:03:41.463+0530][gc,heap     ] GC(72) Humongous regions: 129->129
[2024-09-04T10:03:41.463+0530][gc,metaspace] GC(72) Metaspace: 45557K(46208K)->45557K(46208K) NonClass: 40234K(40576K)->40234K(40576K) Class: 5323K(5632K)->5323K(5632K)
[2024-09-04T10:03:41.463+0530][gc          ] GC(72) Pause Young (Normal) (G1 Evacuation Pause) 413M->341M(1024M) 15.229ms
[2024-09-04T10:03:41.463+0530][gc,cpu      ] GC(72) User=0.04s Sys=0.04s Real=0.02s
[2024-09-04T10:07:28.501+0530][gc,start    ] GC(73) Pause Young (Normal) (G1 Evacuation Pause)
[2024-09-04T10:07:28.503+0530][gc,task     ] GC(73) Using 8 workers of 8 for evacuation
[2024-09-04T10:07:28.510+0530][gc,phases   ] GC(73)   Pre Evacuate Collection Set: 0.3ms
[2024-09-04T10:07:28.510+0530][gc,phases   ] GC(73)   Merge Heap Roots: 0.1ms
[2024-09-04T10:07:28.510+0530][gc,phases   ] GC(73)   Evacuate Collection Set: 5.9ms
[2024-09-04T10:07:28.510+0530][gc,phases   ] GC(73)   Post Evacuate Collection Set: 0.6ms
[2024-09-04T10:07:28.510+0530][gc,phases   ] GC(73)   Other: 2.3ms
[2024-09-04T10:07:28.510+0530][gc,heap     ] GC(73) Eden regions: 66->0(87)
[2024-09-04T10:07:28.510+0530][gc,heap     ] GC(73) Survivor regions: 5->6(9)
[2024-09-04T10:07:28.511+0530][gc,heap     ] GC(73) Old regions: 208->208
[2024-09-04T10:07:28.511+0530][gc,heap     ] GC(73) Archive regions: 2->2
[2024-09-04T10:07:28.511+0530][gc,heap     ] GC(73) Humongous regions: 129->129
[2024-09-04T10:07:28.511+0530][gc,metaspace] GC(73) Metaspace: 45559K(46208K)->45559K(46208K) NonClass: 40235K(40576K)->40235K(40576K) Class: 5323K(5632K)->5323K(5632K)
[2024-09-04T10:07:28.511+0530][gc          ] GC(73) Pause Young (Normal) (G1 Evacuation Pause) 407M->342M(1024M) 9.432ms
[2024-09-04T10:07:28.511+0530][gc,cpu      ] GC(73) User=0.04s Sys=0.00s Real=0.01s
[2024-09-04T10:12:20.882+0530][gc,start    ] GC(74) Pause Young (Normal) (G1 Evacuation Pause)
[2024-09-04T10:12:20.884+0530][gc,task     ] GC(74) Using 8 workers of 8 for evacuation
[2024-09-04T10:12:20.908+0530][gc,mmu      ] GC(74) MMU target violated: 21.0ms (20.0ms/21.0ms)
[2024-09-04T10:12:20.908+0530][gc,phases   ] GC(74)   Pre Evacuate Collection Set: 0.3ms
[2024-09-04T10:12:20.908+0530][gc,phases   ] GC(74)   Merge Heap Roots: 0.1ms
[2024-09-04T10:12:20.908+0530][gc,phases   ] GC(74)   Evacuate Collection Set: 22.5ms
[2024-09-04T10:12:20.908+0530][gc,phases   ] GC(74)   Post Evacuate Collection Set: 0.4ms
[2024-09-04T10:12:20.908+0530][gc,phases   ] GC(74)   Other: 2.4ms
[2024-09-04T10:12:20.908+0530][gc,heap     ] GC(74) Eden regions: 87->0(43)
[2024-09-04T10:12:20.908+0530][gc,heap     ] GC(74) Survivor regions: 6->8(12)
[2024-09-04T10:12:20.908+0530][gc,heap     ] GC(74) Old regions: 208->208
[2024-09-04T10:12:20.908+0530][gc,heap     ] GC(74) Archive regions: 2->2
[2024-09-04T10:12:20.908+0530][gc,heap     ] GC(74) Humongous regions: 129->129
[2024-09-04T10:12:20.908+0530][gc,metaspace] GC(74) Metaspace: 45563K(46208K)->45563K(46208K) NonClass: 40240K(40576K)->40240K(40576K) Class: 5323K(5632K)->5323K(5632K)
[2024-09-04T10:12:20.908+0530][gc          ] GC(74) Pause Young (Normal) (G1 Evacuation Pause) 429M->345M(1024M) 25.861ms
[2024-09-04T10:12:20.908+0530][gc,cpu      ] GC(74) User=0.05s Sys=0.08s Real=0.02s
[2024-09-04T10:14:44.532+0530][gc,start    ] GC(75) Pause Young (Normal) (G1 Evacuation Pause)
[2024-09-04T10:14:44.534+0530][gc,task     ] GC(75) Using 8 workers of 8 for evacuation
[2024-09-04T10:14:44.544+0530][gc,phases   ] GC(75)   Pre Evacuate Collection Set: 0.3ms
[2024-09-04T10:14:44.544+0530][gc,phases   ] GC(75)   Merge Heap Roots: 0.1ms
[2024-09-04T10:14:44.544+0530][gc,phases   ] GC(75)   Evacuate Collection Set: 8.8ms
[2024-09-04T10:14:44.544+0530][gc,phases   ] GC(75)   Post Evacuate Collection Set: 0.4ms
[2024-09-04T10:14:44.544+0530][gc,phases   ] GC(75)   Other: 2.3ms
[2024-09-04T10:14:44.544+0530][gc,heap     ] GC(75) Eden regions: 43->0(196)
[2024-09-04T10:14:44.544+0530][gc,heap     ] GC(75) Survivor regions: 8->2(7)
[2024-09-04T10:14:44.544+0530][gc,heap     ] GC(75) Old regions: 208->213
[2024-09-04T10:14:44.544+0530][gc,heap     ] GC(75) Archive regions: 2->2
[2024-09-04T10:14:44.544+0530][gc,heap     ] GC(75) Humongous regions: 129->129
[2024-09-04T10:14:44.544+0530][gc,metaspace] GC(75) Metaspace: 45563K(46208K)->45563K(46208K) NonClass: 40240K(40576K)->40240K(40576K) Class: 5323K(5632K)->5323K(5632K)
[2024-09-04T10:14:44.544+0530][gc          ] GC(75) Pause Young (Normal) (G1 Evacuation Pause) 388M->344M(1024M) 12.051ms
[2024-09-04T10:14:44.544+0530][gc,cpu      ] GC(75) User=0.05s Sys=0.01s Real=0.01s
[2024-09-04T10:25:45.712+0530][gc,start    ] GC(76) Pause Young (Normal) (G1 Evacuation Pause)
[2024-09-04T10:25:45.714+0530][gc,task     ] GC(76) Using 8 workers of 8 for evacuation
[2024-09-04T10:25:45.742+0530][gc,mmu      ] GC(76) MMU target violated: 21.0ms (20.0ms/21.0ms)
[2024-09-04T10:25:45.742+0530][gc,phases   ] GC(76)   Pre Evacuate Collection Set: 2.0ms
[2024-09-04T10:25:45.742+0530][gc,phases   ] GC(76)   Merge Heap Roots: 1.4ms
[2024-09-04T10:25:45.742+0530][gc,phases   ] GC(76)   Evacuate Collection Set: 22.9ms
[2024-09-04T10:25:45.742+0530][gc,phases   ] GC(76)   Post Evacuate Collection Set: 1.3ms
[2024-09-04T10:25:45.742+0530][gc,phases   ] GC(76)   Other: 2.7ms
[2024-09-04T10:25:45.742+0530][gc,heap     ] GC(76) Eden regions: 196->0(43)
[2024-09-04T10:25:45.742+0530][gc,heap     ] GC(76) Survivor regions: 2->8(25)
[2024-09-04T10:25:45.742+0530][gc,heap     ] GC(76) Old regions: 213->213
[2024-09-04T10:25:45.742+0530][gc,heap     ] GC(76) Archive regions: 2->2
[2024-09-04T10:25:45.742+0530][gc,heap     ] GC(76) Humongous regions: 129->129
[2024-09-04T10:25:45.742+0530][gc,metaspace] GC(76) Metaspace: 45575K(46208K)->45575K(46208K) NonClass: 40251K(40576K)->40251K(40576K) Class: 5323K(5632K)->5323K(5632K)
[2024-09-04T10:25:45.742+0530][gc          ] GC(76) Pause Young (Normal) (G1 Evacuation Pause) 540M->350M(1024M) 30.263ms
[2024-09-04T10:25:45.742+0530][gc,cpu      ] GC(76) User=0.05s Sys=0.10s Real=0.03s
[2024-09-04T10:28:09.588+0530][gc,start    ] GC(77) Pause Young (Normal) (G1 Evacuation Pause)
[2024-09-04T10:28:09.590+0530][gc,task     ] GC(77) Using 8 workers of 8 for evacuation
[2024-09-04T10:28:09.602+0530][gc,phases   ] GC(77)   Pre Evacuate Collection Set: 0.2ms
[2024-09-04T10:28:09.602+0530][gc,phases   ] GC(77)   Merge Heap Roots: 0.1ms
[2024-09-04T10:28:09.602+0530][gc,phases   ] GC(77)   Evacuate Collection Set: 11.8ms
[2024-09-04T10:28:09.602+0530][gc,phases   ] GC(77)   Post Evacuate Collection Set: 0.4ms
[2024-09-04T10:28:09.603+0530][gc,phases   ] GC(77)   Other: 2.4ms
[2024-09-04T10:28:09.603+0530][gc,heap     ] GC(77) Eden regions: 43->0(163)
[2024-09-04T10:28:09.603+0530][gc,heap     ] GC(77) Survivor regions: 8->3(7)
[2024-09-04T10:28:09.603+0530][gc,heap     ] GC(77) Old regions: 213->218
[2024-09-04T10:28:09.603+0530][gc,heap     ] GC(77) Archive regions: 2->2
[2024-09-04T10:28:09.603+0530][gc,heap     ] GC(77) Humongous regions: 129->129
[2024-09-04T10:28:09.603+0530][gc,metaspace] GC(77) Metaspace: 45575K(46208K)->45575K(46208K) NonClass: 40251K(40576K)->40251K(40576K) Class: 5323K(5632K)->5323K(5632K)
[2024-09-04T10:28:09.603+0530][gc          ] GC(77) Pause Young (Normal) (G1 Evacuation Pause) 393M->350M(1024M) 15.180ms
[2024-09-04T10:28:09.603+0530][gc,cpu      ] GC(77) User=0.05s Sys=0.01s Real=0.02s
[2024-09-04T10:37:08.956+0530][gc,start    ] GC(78) Pause Young (Normal) (G1 Evacuation Pause)
[2024-09-04T10:37:08.958+0530][gc,task     ] GC(78) Using 8 workers of 8 for evacuation
[2024-09-04T10:37:08.984+0530][gc,mmu      ] GC(78) MMU target violated: 21.0ms (20.0ms/21.0ms)
[2024-09-04T10:37:08.984+0530][gc,phases   ] GC(78)   Pre Evacuate Collection Set: 2.1ms
[2024-09-04T10:37:08.984+0530][gc,phases   ] GC(78)   Merge Heap Roots: 0.5ms
[2024-09-04T10:37:08.984+0530][gc,phases   ] GC(78)   Evacuate Collection Set: 21.7ms
[2024-09-04T10:37:08.984+0530][gc,phases   ] GC(78)   Post Evacuate Collection Set: 1.7ms
[2024-09-04T10:37:08.984+0530][gc,phases   ] GC(78)   Other: 2.7ms
[2024-09-04T10:37:08.984+0530][gc,heap     ] GC(78) Eden regions: 163->0(43)
[2024-09-04T10:37:08.984+0530][gc,heap     ] GC(78) Survivor regions: 3->8(21)
[2024-09-04T10:37:08.984+0530][gc,heap     ] GC(78) Old regions: 218->218
[2024-09-04T10:37:08.984+0530][gc,heap     ] GC(78) Archive regions: 2->2
[2024-09-04T10:37:08.984+0530][gc,heap     ] GC(78) Humongous regions: 129->129
[2024-09-04T10:37:08.984+0530][gc,metaspace] GC(78) Metaspace: 45576K(46208K)->45576K(46208K) NonClass: 40253K(40576K)->40253K(40576K) Class: 5323K(5632K)->5323K(5632K)
[2024-09-04T10:37:08.984+0530][gc          ] GC(78) Pause Young (Normal) (G1 Evacuation Pause) 513M->354M(1024M) 28.549ms
[2024-09-04T10:37:08.984+0530][gc,cpu      ] GC(78) User=0.05s Sys=0.10s Real=0.03s
[2024-09-04T10:39:33.465+0530][gc,start    ] GC(79) Pause Young (Normal) (G1 Evacuation Pause)
[2024-09-04T10:39:33.467+0530][gc,task     ] GC(79) Using 8 workers of 8 for evacuation
[2024-09-04T10:39:33.479+0530][gc,phases   ] GC(79)   Pre Evacuate Collection Set: 1.3ms
[2024-09-04T10:39:33.479+0530][gc,phases   ] GC(79)   Merge Heap Roots: 1.2ms
[2024-09-04T10:39:33.479+0530][gc,phases   ] GC(79)   Evacuate Collection Set: 8.9ms
[2024-09-04T10:39:33.479+0530][gc,phases   ] GC(79)   Post Evacuate Collection Set: 0.5ms
[2024-09-04T10:39:33.479+0530][gc,phases   ] GC(79)   Other: 2.3ms
[2024-09-04T10:39:33.479+0530][gc,heap     ] GC(79) Eden regions: 43->0(201)
[2024-09-04T10:39:33.479+0530][gc,heap     ] GC(79) Survivor regions: 8->2(7)
[2024-09-04T10:39:33.479+0530][gc,heap     ] GC(79) Old regions: 218->222
[2024-09-04T10:39:33.479+0530][gc,heap     ] GC(79) Archive regions: 2->2
[2024-09-04T10:39:33.479+0530][gc,heap     ] GC(79) Humongous regions: 129->129
[2024-09-04T10:39:33.479+0530][gc,metaspace] GC(79) Metaspace: 45576K(46208K)->45576K(46208K) NonClass: 40253K(40576K)->40253K(40576K) Class: 5323K(5632K)->5323K(5632K)
[2024-09-04T10:39:33.479+0530][gc          ] GC(79) Pause Young (Normal) (G1 Evacuation Pause) 397M->353M(1024M) 14.384ms
[2024-09-04T10:39:33.479+0530][gc,cpu      ] GC(79) User=0.04s Sys=0.01s Real=0.01s
[2024-09-04T10:49:56.849+0530][gc,start    ] GC(80) Pause Young (Normal) (G1 Evacuation Pause)
[2024-09-04T10:49:56.850+0530][gc,task     ] GC(80) Using 8 workers of 8 for evacuation
[2024-09-04T10:49:56.898+0530][gc,mmu      ] GC(80) MMU target violated: 21.0ms (20.0ms/21.0ms)
[2024-09-04T10:49:56.898+0530][gc,phases   ] GC(80)   Pre Evacuate Collection Set: 1.1ms
[2024-09-04T10:49:56.898+0530][gc,phases   ] GC(80)   Merge Heap Roots: 0.3ms
[2024-09-04T10:49:56.898+0530][gc,phases   ] GC(80)   Evacuate Collection Set: 41.3ms
[2024-09-04T10:49:56.899+0530][gc,phases   ] GC(80)   Post Evacuate Collection Set: 5.4ms
[2024-09-04T10:49:56.899+0530][gc,phases   ] GC(80)   Other: 1.6ms
[2024-09-04T10:49:56.899+0530][gc,heap     ] GC(80) Eden regions: 201->0(42)
[2024-09-04T10:49:56.899+0530][gc,heap     ] GC(80) Survivor regions: 2->9(26)
[2024-09-04T10:49:56.899+0530][gc,heap     ] GC(80) Old regions: 222->222
[2024-09-04T10:49:56.899+0530][gc,heap     ] GC(80) Archive regions: 2->2
[2024-09-04T10:49:56.899+0530][gc,heap     ] GC(80) Humongous regions: 129->129
[2024-09-04T10:49:56.899+0530][gc,metaspace] GC(80) Metaspace: 45934K(46528K)->45934K(46528K) NonClass: 40540K(40832K)->40540K(40832K) Class: 5393K(5696K)->5393K(5696K)
[2024-09-04T10:49:56.899+0530][gc          ] GC(80) Pause Young (Normal) (G1 Evacuation Pause) 554M->359M(1024M) 49.934ms
[2024-09-04T10:49:56.899+0530][gc,cpu      ] GC(80) User=0.05s Sys=0.08s Real=0.05s
[2024-09-04T10:51:10.658+0530][gc,start    ] GC(81) Pause Young (Normal) (G1 Evacuation Pause)
[2024-09-04T10:51:10.659+0530][gc,task     ] GC(81) Using 8 workers of 8 for evacuation
[2024-09-04T10:51:10.673+0530][gc,phases   ] GC(81)   Pre Evacuate Collection Set: 0.2ms
[2024-09-04T10:51:10.673+0530][gc,phases   ] GC(81)   Merge Heap Roots: 0.1ms
[2024-09-04T10:51:10.673+0530][gc,phases   ] GC(81)   Evacuate Collection Set: 13.5ms
[2024-09-04T10:51:10.673+0530][gc,phases   ] GC(81)   Post Evacuate Collection Set: 0.5ms
[2024-09-04T10:51:10.673+0530][gc,phases   ] GC(81)   Other: 0.5ms
[2024-09-04T10:51:10.673+0530][gc,heap     ] GC(81) Eden regions: 42->0(55)
[2024-09-04T10:51:10.673+0530][gc,heap     ] GC(81) Survivor regions: 9->4(7)
[2024-09-04T10:51:10.673+0530][gc,heap     ] GC(81) Old regions: 222->230
[2024-09-04T10:51:10.673+0530][gc,heap     ] GC(81) Archive regions: 2->2
[2024-09-04T10:51:10.673+0530][gc,heap     ] GC(81) Humongous regions: 129->129
[2024-09-04T10:51:10.673+0530][gc,metaspace] GC(81) Metaspace: 46440K(47040K)->46440K(47040K) NonClass: 40940K(41216K)->40940K(41216K) Class: 5499K(5824K)->5499K(5824K)
[2024-09-04T10:51:10.673+0530][gc          ] GC(81) Pause Young (Normal) (G1 Evacuation Pause) 401M->363M(1024M) 15.071ms
[2024-09-04T10:51:10.673+0530][gc,cpu      ] GC(81) User=0.05s Sys=0.03s Real=0.02s
[2024-09-04T10:52:51.930+0530][gc,start    ] GC(82) Pause Young (Concurrent Start) (G1 Evacuation Pause)
[2024-09-04T10:52:51.932+0530][gc,task     ] GC(82) Using 8 workers of 8 for evacuation
[2024-09-04T10:52:51.963+0530][gc,mmu      ] GC(82) MMU target violated: 21.0ms (20.0ms/21.0ms)
[2024-09-04T10:52:51.963+0530][gc,phases   ] GC(82)   Pre Evacuate Collection Set: 0.6ms
[2024-09-04T10:52:51.963+0530][gc,phases   ] GC(82)   Merge Heap Roots: 0.3ms
[2024-09-04T10:52:51.963+0530][gc,phases   ] GC(82)   Evacuate Collection Set: 24.5ms
[2024-09-04T10:52:51.963+0530][gc,phases   ] GC(82)   Post Evacuate Collection Set: 0.3ms
[2024-09-04T10:52:51.963+0530][gc,phases   ] GC(82)   Other: 6.8ms
[2024-09-04T10:52:51.963+0530][gc,heap     ] GC(82) Eden regions: 54->0(60)
[2024-09-04T10:52:51.963+0530][gc,heap     ] GC(82) Survivor regions: 4->4(8)
[2024-09-04T10:52:51.963+0530][gc,heap     ] GC(82) Old regions: 230->230
[2024-09-04T10:52:51.963+0530][gc,heap     ] GC(82) Archive regions: 2->2
[2024-09-04T10:52:51.963+0530][gc,heap     ] GC(82) Humongous regions: 129->129
[2024-09-04T10:52:51.963+0530][gc,metaspace] GC(82) Metaspace: 46892K(47616K)->46892K(47616K) NonClass: 41279K(41664K)->41279K(41664K) Class: 5612K(5952K)->5612K(5952K)
[2024-09-04T10:52:51.963+0530][gc          ] GC(82) Pause Young (Concurrent Start) (G1 Evacuation Pause) 417M->363M(1024M) 32.561ms
[2024-09-04T10:52:51.963+0530][gc,cpu      ] GC(82) User=0.03s Sys=0.06s Real=0.03s
[2024-09-04T10:52:51.963+0530][gc          ] GC(83) Concurrent Mark Cycle
[2024-09-04T10:52:51.963+0530][gc,marking  ] GC(83) Concurrent Clear Claimed Marks
[2024-09-04T10:52:51.964+0530][gc,marking  ] GC(83) Concurrent Clear Claimed Marks 1.265ms
[2024-09-04T10:52:51.964+0530][gc,marking  ] GC(83) Concurrent Scan Root Regions
[2024-09-04T10:52:51.982+0530][gc,marking  ] GC(83) Concurrent Scan Root Regions 17.849ms
[2024-09-04T10:52:51.982+0530][gc,marking  ] GC(83) Concurrent Mark
[2024-09-04T10:52:51.982+0530][gc,marking  ] GC(83) Concurrent Mark From Roots
[2024-09-04T10:52:51.982+0530][gc,task     ] GC(83) Using 2 workers of 2 for marking
[2024-09-04T10:52:52.771+0530][gc,marking  ] GC(83) Concurrent Mark From Roots 788.445ms
[2024-09-04T10:52:52.771+0530][gc,marking  ] GC(83) Concurrent Preclean
[2024-09-04T10:52:52.771+0530][gc,marking  ] GC(83) Concurrent Preclean 0.454ms
[2024-09-04T10:52:52.771+0530][gc,start    ] GC(83) Pause Remark
[2024-09-04T10:52:53.001+0530][gc,mmu      ] GC(83) MMU target violated: 21.0ms (20.0ms/21.0ms)
[2024-09-04T10:52:53.001+0530][gc          ] GC(83) Pause Remark 364M->287M(1024M) 229.965ms
[2024-09-04T10:52:53.001+0530][gc,cpu      ] GC(83) User=0.05s Sys=0.29s Real=0.23s
[2024-09-04T10:52:53.001+0530][gc,marking  ] GC(83) Concurrent Mark 1019.273ms
[2024-09-04T10:52:53.001+0530][gc,marking  ] GC(83) Concurrent Rebuild Remembered Sets
[2024-09-04T10:52:53.109+0530][gc,marking  ] GC(83) Concurrent Rebuild Remembered Sets 107.662ms
[2024-09-04T10:52:53.110+0530][gc,start    ] GC(83) Pause Cleanup
[2024-09-04T10:52:53.110+0530][gc          ] GC(83) Pause Cleanup 287M->287M(1024M) 0.616ms
[2024-09-04T10:52:53.110+0530][gc,cpu      ] GC(83) User=0.00s Sys=0.00s Real=0.00s
[2024-09-04T10:52:53.110+0530][gc,marking  ] GC(83) Concurrent Cleanup for Next Mark
[2024-09-04T10:52:53.126+0530][gc,marking  ] GC(83) Concurrent Cleanup for Next Mark 15.997ms
[2024-09-04T10:52:53.126+0530][gc          ] GC(83) Concurrent Mark Cycle 1163.559ms
[2024-09-04T10:54:43.321+0530][gc,start    ] GC(84) Pause Young (Prepare Mixed) (G1 Evacuation Pause)
[2024-09-04T10:54:43.321+0530][gc,task     ] GC(84) Using 8 workers of 8 for evacuation
[2024-09-04T10:54:43.337+0530][gc,phases   ] GC(84)   Pre Evacuate Collection Set: 0.1ms
[2024-09-04T10:54:43.337+0530][gc,phases   ] GC(84)   Merge Heap Roots: 0.1ms
[2024-09-04T10:54:43.337+0530][gc,phases   ] GC(84)   Evacuate Collection Set: 14.7ms
[2024-09-04T10:54:43.337+0530][gc,phases   ] GC(84)   Post Evacuate Collection Set: 0.4ms
[2024-09-04T10:54:43.337+0530][gc,phases   ] GC(84)   Other: 0.5ms
[2024-09-04T10:54:43.337+0530][gc,heap     ] GC(84) Eden regions: 55->0(43)
[2024-09-04T10:54:43.337+0530][gc,heap     ] GC(84) Survivor regions: 4->8(8)
[2024-09-04T10:54:43.337+0530][gc,heap     ] GC(84) Old regions: 153->153
[2024-09-04T10:54:43.337+0530][gc,heap     ] GC(84) Archive regions: 2->2
[2024-09-04T10:54:43.337+0530][gc,heap     ] GC(84) Humongous regions: 129->129
[2024-09-04T10:54:43.337+0530][gc,metaspace] GC(84) Metaspace: 46928K(47616K)->46928K(47616K) NonClass: 41303K(41664K)->41303K(41664K) Class: 5625K(5952K)->5625K(5952K)
[2024-09-04T10:54:43.337+0530][gc          ] GC(84) Pause Young (Prepare Mixed) (G1 Evacuation Pause) 341M->290M(1024M) 15.929ms
[2024-09-04T10:54:43.337+0530][gc,cpu      ] GC(84) User=0.06s Sys=0.04s Real=0.01s
[2024-09-04T10:56:10.906+0530][gc,start    ] GC(85) Pause Young (Mixed) (G1 Evacuation Pause)
[2024-09-04T10:56:10.908+0530][gc,task     ] GC(85) Using 8 workers of 8 for evacuation
[2024-09-04T10:56:10.945+0530][gc,mmu      ] GC(85) MMU target violated: 21.0ms (20.0ms/21.0ms)
[2024-09-04T10:56:10.945+0530][gc,phases   ] GC(85)   Pre Evacuate Collection Set: 0.3ms
[2024-09-04T10:56:10.945+0530][gc,phases   ] GC(85)   Merge Heap Roots: 0.1ms
[2024-09-04T10:56:10.945+0530][gc,phases   ] GC(85)   Evacuate Collection Set: 36.5ms
[2024-09-04T10:56:10.945+0530][gc,phases   ] GC(85)   Post Evacuate Collection Set: 0.4ms
[2024-09-04T10:56:10.945+0530][gc,phases   ] GC(85)   Other: 2.2ms
[2024-09-04T10:56:10.945+0530][gc,heap     ] GC(85) Eden regions: 43->0(47)
[2024-09-04T10:56:10.945+0530][gc,heap     ] GC(85) Survivor regions: 8->4(7)
[2024-09-04T10:56:10.945+0530][gc,heap     ] GC(85) Old regions: 153->150
[2024-09-04T10:56:10.945+0530][gc,heap     ] GC(85) Archive regions: 2->2
[2024-09-04T10:56:10.945+0530][gc,heap     ] GC(85) Humongous regions: 129->129
[2024-09-04T10:56:10.945+0530][gc,metaspace] GC(85) Metaspace: 46940K(47680K)->46940K(47680K) NonClass: 41315K(41728K)->41315K(41728K) Class: 5625K(5952K)->5625K(5952K)
[2024-09-04T10:56:10.945+0530][gc          ] GC(85) Pause Young (Mixed) (G1 Evacuation Pause) 333M->283M(1024M) 39.679ms
[2024-09-04T10:56:10.945+0530][gc,cpu      ] GC(85) User=0.06s Sys=0.07s Real=0.04s
[2024-09-04T10:57:49.409+0530][gc,start    ] GC(86) Pause Young (Mixed) (G1 Evacuation Pause)
[2024-09-04T10:57:49.410+0530][gc,task     ] GC(86) Using 8 workers of 8 for evacuation
[2024-09-04T10:57:49.476+0530][gc,mmu      ] GC(86) MMU target violated: 21.0ms (20.0ms/21.0ms)
[2024-09-04T10:57:49.476+0530][gc,phases   ] GC(86)   Pre Evacuate Collection Set: 1.4ms
[2024-09-04T10:57:49.476+0530][gc,phases   ] GC(86)   Merge Heap Roots: 2.9ms
[2024-09-04T10:57:49.476+0530][gc,phases   ] GC(86)   Evacuate Collection Set: 59.2ms
[2024-09-04T10:57:49.476+0530][gc,phases   ] GC(86)   Post Evacuate Collection Set: 2.2ms
[2024-09-04T10:57:49.476+0530][gc,phases   ] GC(86)   Other: 1.5ms
[2024-09-04T10:57:49.476+0530][gc,heap     ] GC(86) Eden regions: 47->0(46)
[2024-09-04T10:57:49.476+0530][gc,heap     ] GC(86) Survivor regions: 4->5(7)
[2024-09-04T10:57:49.476+0530][gc,heap     ] GC(86) Old regions: 150->139
[2024-09-04T10:57:49.476+0530][gc,heap     ] GC(86) Archive regions: 2->2
[2024-09-04T10:57:49.476+0530][gc,heap     ] GC(86) Humongous regions: 129->129
[2024-09-04T10:57:49.476+0530][gc,metaspace] GC(86) Metaspace: 46942K(47680K)->46942K(47680K) NonClass: 41317K(41728K)->41317K(41728K) Class: 5625K(5952K)->5625K(5952K)
[2024-09-04T10:57:49.476+0530][gc          ] GC(86) Pause Young (Mixed) (G1 Evacuation Pause) 330M->273M(1024M) 67.241ms
[2024-09-04T10:57:49.476+0530][gc,cpu      ] GC(86) User=0.03s Sys=0.09s Real=0.07s
[2024-09-04T10:59:26.404+0530][gc,start    ] GC(87) Pause Young (Mixed) (G1 Evacuation Pause)
[2024-09-04T10:59:26.404+0530][gc,task     ] GC(87) Using 8 workers of 8 for evacuation
[2024-09-04T10:59:26.417+0530][gc,phases   ] GC(87)   Pre Evacuate Collection Set: 1.2ms
[2024-09-04T10:59:26.417+0530][gc,phases   ] GC(87)   Merge Heap Roots: 1.0ms
[2024-09-04T10:59:26.417+0530][gc,phases   ] GC(87)   Evacuate Collection Set: 9.9ms
[2024-09-04T10:59:26.417+0530][gc,phases   ] GC(87)   Post Evacuate Collection Set: 0.4ms
[2024-09-04T10:59:26.417+0530][gc,phases   ] GC(87)   Other: 0.5ms
[2024-09-04T10:59:26.417+0530][gc,heap     ] GC(87) Eden regions: 46->0(44)
[2024-09-04T10:59:26.417+0530][gc,heap     ] GC(87) Survivor regions: 5->7(7)
[2024-09-04T10:59:26.417+0530][gc,heap     ] GC(87) Old regions: 139->130
[2024-09-04T10:59:26.417+0530][gc,heap     ] GC(87) Archive regions: 2->2
[2024-09-04T10:59:26.417+0530][gc,heap     ] GC(87) Humongous regions: 129->129
[2024-09-04T10:59:26.417+0530][gc,metaspace] GC(87) Metaspace: 46942K(47680K)->46942K(47680K) NonClass: 41317K(41728K)->41317K(41728K) Class: 5625K(5952K)->5625K(5952K)
[2024-09-04T10:59:26.417+0530][gc          ] GC(87) Pause Young (Mixed) (G1 Evacuation Pause) 319M->266M(1024M) 13.235ms
[2024-09-04T10:59:26.417+0530][gc,cpu      ] GC(87) User=0.04s Sys=0.02s Real=0.01s
[2024-09-04T11:00:58.364+0530][gc,start    ] GC(88) Pause Young (Mixed) (G1 Evacuation Pause)
[2024-09-04T11:00:58.366+0530][gc,task     ] GC(88) Using 8 workers of 8 for evacuation
[2024-09-04T11:00:58.374+0530][gc,phases   ] GC(88)   Pre Evacuate Collection Set: 0.3ms
[2024-09-04T11:00:58.374+0530][gc,phases   ] GC(88)   Merge Heap Roots: 0.2ms
[2024-09-04T11:00:58.374+0530][gc,phases   ] GC(88)   Evacuate Collection Set: 6.3ms
[2024-09-04T11:00:58.374+0530][gc,phases   ] GC(88)   Post Evacuate Collection Set: 0.4ms
[2024-09-04T11:00:58.374+0530][gc,phases   ] GC(88)   Other: 2.9ms
[2024-09-04T11:00:58.374+0530][gc,heap     ] GC(88) Eden regions: 44->0(48)
[2024-09-04T11:00:58.374+0530][gc,heap     ] GC(88) Survivor regions: 7->3(7)
[2024-09-04T11:00:58.374+0530][gc,heap     ] GC(88) Old regions: 130->121
[2024-09-04T11:00:58.374+0530][gc,heap     ] GC(88) Archive regions: 2->2
[2024-09-04T11:00:58.374+0530][gc,heap     ] GC(88) Humongous regions: 129->129
[2024-09-04T11:00:58.374+0530][gc,metaspace] GC(88) Metaspace: 46942K(47680K)->46942K(47680K) NonClass: 41317K(41728K)->41317K(41728K) Class: 5625K(5952K)->5625K(5952K)
[2024-09-04T11:00:58.374+0530][gc          ] GC(88) Pause Young (Mixed) (G1 Evacuation Pause) 310M->253M(1024M) 10.069ms
[2024-09-04T11:00:58.374+0530][gc,cpu      ] GC(88) User=0.02s Sys=0.01s Real=0.01s
[2024-09-04T11:02:39.319+0530][gc,start    ] GC(89) Pause Young (Mixed) (G1 Evacuation Pause)
[2024-09-04T11:02:39.319+0530][gc,task     ] GC(89) Using 8 workers of 8 for evacuation
[2024-09-04T11:02:39.329+0530][gc,phases   ] GC(89)   Pre Evacuate Collection Set: 0.2ms
[2024-09-04T11:02:39.329+0530][gc,phases   ] GC(89)   Merge Heap Roots: 0.1ms
[2024-09-04T11:02:39.329+0530][gc,phases   ] GC(89)   Evacuate Collection Set: 8.3ms
[2024-09-04T11:02:39.329+0530][gc,phases   ] GC(89)   Post Evacuate Collection Set: 1.1ms
[2024-09-04T11:02:39.329+0530][gc,phases   ] GC(89)   Other: 0.3ms
[2024-09-04T11:02:39.329+0530][gc,heap     ] GC(89) Eden regions: 48->0(45)
[2024-09-04T11:02:39.329+0530][gc,heap     ] GC(89) Survivor regions: 3->6(7)
[2024-09-04T11:02:39.329+0530][gc,heap     ] GC(89) Old regions: 121->111
[2024-09-04T11:02:39.329+0530][gc,heap     ] GC(89) Archive regions: 2->2
[2024-09-04T11:02:39.329+0530][gc,heap     ] GC(89) Humongous regions: 129->129
[2024-09-04T11:02:39.329+0530][gc,metaspace] GC(89) Metaspace: 46942K(47680K)->46942K(47680K) NonClass: 41317K(41728K)->41317K(41728K) Class: 5625K(5952K)->5625K(5952K)
[2024-09-04T11:02:39.330+0530][gc          ] GC(89) Pause Young (Mixed) (G1 Evacuation Pause) 301M->246M(1024M) 10.617ms
[2024-09-04T11:02:39.330+0530][gc,cpu      ] GC(89) User=0.03s Sys=0.01s Real=0.02s
[2024-09-04T11:04:14.939+0530][gc,start    ] GC(90) Pause Young (Mixed) (G1 Evacuation Pause)
[2024-09-04T11:04:14.941+0530][gc,task     ] GC(90) Using 8 workers of 8 for evacuation
[2024-09-04T11:04:14.967+0530][gc,mmu      ] GC(90) MMU target violated: 21.0ms (20.0ms/21.0ms)
[2024-09-04T11:04:14.967+0530][gc,phases   ] GC(90)   Pre Evacuate Collection Set: 0.3ms
[2024-09-04T11:04:14.967+0530][gc,phases   ] GC(90)   Merge Heap Roots: 0.1ms
[2024-09-04T11:04:14.967+0530][gc,phases   ] GC(90)   Evacuate Collection Set: 23.8ms
[2024-09-04T11:04:14.967+0530][gc,phases   ] GC(90)   Post Evacuate Collection Set: 1.3ms
[2024-09-04T11:04:14.967+0530][gc,phases   ] GC(90)   Other: 2.3ms
[2024-09-04T11:04:14.967+0530][gc,heap     ] GC(90) Eden regions: 45->0(44)
[2024-09-04T11:04:14.967+0530][gc,heap     ] GC(90) Survivor regions: 6->7(7)
[2024-09-04T11:04:14.967+0530][gc,heap     ] GC(90) Old regions: 111->104
[2024-09-04T11:04:14.967+0530][gc,heap     ] GC(90) Archive regions: 2->2
[2024-09-04T11:04:14.967+0530][gc,heap     ] GC(90) Humongous regions: 129->129
[2024-09-04T11:04:14.967+0530][gc,metaspace] GC(90) Metaspace: 46956K(47680K)->46956K(47680K) NonClass: 41326K(41728K)->41326K(41728K) Class: 5629K(5952K)->5629K(5952K)
[2024-09-04T11:04:14.967+0530][gc          ] GC(90) Pause Young (Mixed) (G1 Evacuation Pause) 291M->239M(1024M) 27.906ms
[2024-09-04T11:04:14.967+0530][gc,cpu      ] GC(90) User=0.05s Sys=0.04s Real=0.03s
[2024-09-04T11:05:47.370+0530][gc,start    ] GC(91) Pause Young (Mixed) (G1 Evacuation Pause)
[2024-09-04T11:05:47.372+0530][gc,task     ] GC(91) Using 8 workers of 8 for evacuation
[2024-09-04T11:05:47.400+0530][gc,mmu      ] GC(91) MMU target violated: 21.0ms (20.0ms/21.0ms)
[2024-09-04T11:05:47.400+0530][gc,phases   ] GC(91)   Pre Evacuate Collection Set: 0.2ms
[2024-09-04T11:05:47.400+0530][gc,phases   ] GC(91)   Merge Heap Roots: 0.2ms
[2024-09-04T11:05:47.400+0530][gc,phases   ] GC(91)   Evacuate Collection Set: 25.9ms
[2024-09-04T11:05:47.400+0530][gc,phases   ] GC(91)   Post Evacuate Collection Set: 1.7ms
[2024-09-04T11:05:47.400+0530][gc,phases   ] GC(91)   Other: 2.3ms
[2024-09-04T11:05:47.400+0530][gc,heap     ] GC(91) Eden regions: 44->0(47)
[2024-09-04T11:05:47.400+0530][gc,heap     ] GC(91) Survivor regions: 7->4(7)
[2024-09-04T11:05:47.400+0530][gc,heap     ] GC(91) Old regions: 104->90
[2024-09-04T11:05:47.400+0530][gc,heap     ] GC(91) Archive regions: 2->2
[2024-09-04T11:05:47.400+0530][gc,heap     ] GC(91) Humongous regions: 129->129
[2024-09-04T11:05:47.400+0530][gc,metaspace] GC(91) Metaspace: 46956K(47680K)->46956K(47680K) NonClass: 41326K(41728K)->41326K(41728K) Class: 5629K(5952K)->5629K(5952K)
[2024-09-04T11:05:47.400+0530][gc          ] GC(91) Pause Young (Mixed) (G1 Evacuation Pause) 283M->223M(1024M) 30.499ms
[2024-09-04T11:05:47.401+0530][gc,cpu      ] GC(91) User=0.03s Sys=0.02s Real=0.03s
[2024-09-04T11:07:27.262+0530][gc,start    ] GC(92) Pause Young (Mixed) (G1 Evacuation Pause)
[2024-09-04T11:07:27.264+0530][gc,task     ] GC(92) Using 8 workers of 8 for evacuation
[2024-09-04T11:07:27.275+0530][gc,phases   ] GC(92)   Pre Evacuate Collection Set: 0.2ms
[2024-09-04T11:07:27.275+0530][gc,phases   ] GC(92)   Merge Heap Roots: 0.2ms
[2024-09-04T11:07:27.275+0530][gc,phases   ] GC(92)   Evacuate Collection Set: 10.5ms
[2024-09-04T11:07:27.275+0530][gc,phases   ] GC(92)   Post Evacuate Collection Set: 0.4ms
[2024-09-04T11:07:27.275+0530][gc,phases   ] GC(92)   Other: 2.2ms
[2024-09-04T11:07:27.275+0530][gc,heap     ] GC(92) Eden regions: 47->0(44)
[2024-09-04T11:07:27.275+0530][gc,heap     ] GC(92) Survivor regions: 4->7(7)
[2024-09-04T11:07:27.275+0530][gc,heap     ] GC(92) Old regions: 90->88
[2024-09-04T11:07:27.275+0530][gc,heap     ] GC(92) Archive regions: 2->2
[2024-09-04T11:07:27.275+0530][gc,heap     ] GC(92) Humongous regions: 129->129
[2024-09-04T11:07:27.275+0530][gc,metaspace] GC(92) Metaspace: 46956K(47680K)->46956K(47680K) NonClass: 41326K(41728K)->41326K(41728K) Class: 5629K(5952K)->5629K(5952K)
[2024-09-04T11:07:27.275+0530][gc          ] GC(92) Pause Young (Mixed) (G1 Evacuation Pause) 270M->223M(1024M) 13.600ms
[2024-09-04T11:07:27.275+0530][gc,cpu      ] GC(92) User=0.05s Sys=0.01s Real=0.01s
[2024-09-04T11:08:46.710+0530][gc,start    ] GC(93) Pause Young (Normal) (G1 Evacuation Pause)
[2024-09-04T11:08:46.712+0530][gc,task     ] GC(93) Using 8 workers of 8 for evacuation
[2024-09-04T11:08:46.737+0530][gc,mmu      ] GC(93) MMU target violated: 21.0ms (20.0ms/21.0ms)
[2024-09-04T11:08:46.737+0530][gc,phases   ] GC(93)   Pre Evacuate Collection Set: 1.3ms
[2024-09-04T11:08:46.737+0530][gc,phases   ] GC(93)   Merge Heap Roots: 0.4ms
[2024-09-04T11:08:46.737+0530][gc,phases   ] GC(93)   Evacuate Collection Set: 21.6ms
[2024-09-04T11:08:46.737+0530][gc,phases   ] GC(93)   Post Evacuate Collection Set: 1.1ms
[2024-09-04T11:08:46.737+0530][gc,phases   ] GC(93)   Other: 2.3ms
[2024-09-04T11:08:46.737+0530][gc,heap     ] GC(93) Eden regions: 44->0(48)
[2024-09-04T11:08:46.737+0530][gc,heap     ] GC(93) Survivor regions: 7->3(7)
[2024-09-04T11:08:46.737+0530][gc,heap     ] GC(93) Old regions: 88->88
[2024-09-04T11:08:46.737+0530][gc,heap     ] GC(93) Archive regions: 2->2
[2024-09-04T11:08:46.737+0530][gc,heap     ] GC(93) Humongous regions: 129->129
[2024-09-04T11:08:46.737+0530][gc,metaspace] GC(93) Metaspace: 47492K(48256K)->47492K(48256K) NonClass: 41755K(42176K)->41755K(42176K) Class: 5737K(6080K)->5737K(6080K)
[2024-09-04T11:08:46.737+0530][gc          ] GC(93) Pause Young (Normal) (G1 Evacuation Pause) 267M->220M(1024M) 26.780ms
[2024-09-04T11:08:46.737+0530][gc,cpu      ] GC(93) User=0.03s Sys=0.03s Real=0.02s
[2024-09-04T11:10:24.990+0530][gc,start    ] GC(94) Pause Young (Normal) (G1 Evacuation Pause)
[2024-09-04T11:10:24.992+0530][gc,task     ] GC(94) Using 8 workers of 8 for evacuation
[2024-09-04T11:10:25.003+0530][gc,phases   ] GC(94)   Pre Evacuate Collection Set: 0.2ms
[2024-09-04T11:10:25.003+0530][gc,phases   ] GC(94)   Merge Heap Roots: 0.1ms
[2024-09-04T11:10:25.003+0530][gc,phases   ] GC(94)   Evacuate Collection Set: 10.7ms
[2024-09-04T11:10:25.003+0530][gc,phases   ] GC(94)   Post Evacuate Collection Set: 0.4ms
[2024-09-04T11:10:25.004+0530][gc,phases   ] GC(94)   Other: 2.2ms
[2024-09-04T11:10:25.004+0530][gc,heap     ] GC(94) Eden regions: 48->0(45)
[2024-09-04T11:10:25.004+0530][gc,heap     ] GC(94) Survivor regions: 3->6(7)
[2024-09-04T11:10:25.004+0530][gc,heap     ] GC(94) Old regions: 88->88
[2024-09-04T11:10:25.004+0530][gc,heap     ] GC(94) Archive regions: 2->2
[2024-09-04T11:10:25.004+0530][gc,heap     ] GC(94) Humongous regions: 129->129
[2024-09-04T11:10:25.004+0530][gc,metaspace] GC(94) Metaspace: 47493K(48256K)->47493K(48256K) NonClass: 41755K(42176K)->41755K(42176K) Class: 5737K(6080K)->5737K(6080K)
[2024-09-04T11:10:25.004+0530][gc          ] GC(94) Pause Young (Normal) (G1 Evacuation Pause) 268M->222M(1024M) 13.861ms
[2024-09-04T11:10:25.004+0530][gc,cpu      ] GC(94) User=0.04s Sys=0.03s Real=0.01s
[2024-09-04T11:10:54.990+0530][gc,start    ] GC(95) Pause Young (Normal) (G1 Evacuation Pause)
[2024-09-04T11:10:54.992+0530][gc,task     ] GC(95) Using 8 workers of 8 for evacuation
[2024-09-04T11:10:55.009+0530][gc,phases   ] GC(95)   Pre Evacuate Collection Set: 0.2ms
[2024-09-04T11:10:55.009+0530][gc,phases   ] GC(95)   Merge Heap Roots: 0.1ms
[2024-09-04T11:10:55.009+0530][gc,phases   ] GC(95)   Evacuate Collection Set: 15.5ms
[2024-09-04T11:10:55.009+0530][gc,phases   ] GC(95)   Post Evacuate Collection Set: 0.4ms
[2024-09-04T11:10:55.009+0530][gc,phases   ] GC(95)   Other: 2.1ms
[2024-09-04T11:10:55.009+0530][gc,heap     ] GC(95) Eden regions: 45->0(44)
[2024-09-04T11:10:55.009+0530][gc,heap     ] GC(95) Survivor regions: 6->7(7)
[2024-09-04T11:10:55.009+0530][gc,heap     ] GC(95) Old regions: 88->90
[2024-09-04T11:10:55.009+0530][gc,heap     ] GC(95) Archive regions: 2->2
[2024-09-04T11:10:55.009+0530][gc,heap     ] GC(95) Humongous regions: 129->129
[2024-09-04T11:10:55.009+0530][gc,metaspace] GC(95) Metaspace: 47496K(48256K)->47496K(48256K) NonClass: 41758K(42176K)->41758K(42176K) Class: 5737K(6080K)->5737K(6080K)
[2024-09-04T11:10:55.009+0530][gc          ] GC(95) Pause Young (Normal) (G1 Evacuation Pause) 267M->226M(1024M) 18.422ms
[2024-09-04T11:10:55.009+0530][gc,cpu      ] GC(95) User=0.04s Sys=0.02s Real=0.01s
[2024-09-04T11:11:41.420+0530][gc,start    ] GC(96) Pause Young (Normal) (G1 Evacuation Pause)
[2024-09-04T11:11:41.422+0530][gc,task     ] GC(96) Using 8 workers of 8 for evacuation
[2024-09-04T11:11:41.434+0530][gc,phases   ] GC(96)   Pre Evacuate Collection Set: 0.5ms
[2024-09-04T11:11:41.434+0530][gc,phases   ] GC(96)   Merge Heap Roots: 1.0ms
[2024-09-04T11:11:41.434+0530][gc,phases   ] GC(96)   Evacuate Collection Set: 8.6ms
[2024-09-04T11:11:41.434+0530][gc,phases   ] GC(96)   Post Evacuate Collection Set: 0.8ms
[2024-09-04T11:11:41.434+0530][gc,phases   ] GC(96)   Other: 2.8ms
[2024-09-04T11:11:41.434+0530][gc,heap     ] GC(96) Eden regions: 44->0(48)
[2024-09-04T11:11:41.434+0530][gc,heap     ] GC(96) Survivor regions: 7->3(7)
[2024-09-04T11:11:41.434+0530][gc,heap     ] GC(96) Old regions: 90->91
[2024-09-04T11:11:41.434+0530][gc,heap     ] GC(96) Archive regions: 2->2
[2024-09-04T11:11:41.434+0530][gc,heap     ] GC(96) Humongous regions: 129->129
[2024-09-04T11:11:41.434+0530][gc,metaspace] GC(96) Metaspace: 47496K(48256K)->47496K(48256K) NonClass: 41758K(42176K)->41758K(42176K) Class: 5737K(6080K)->5737K(6080K)
[2024-09-04T11:11:41.434+0530][gc          ] GC(96) Pause Young (Normal) (G1 Evacuation Pause) 270M->223M(1024M) 13.762ms
[2024-09-04T11:11:41.434+0530][gc,cpu      ] GC(96) User=0.03s Sys=0.02s Real=0.01s
[2024-09-04T11:12:12.287+0530][gc,start    ] GC(97) Pause Young (Normal) (G1 Evacuation Pause)
[2024-09-04T11:12:12.289+0530][gc,task     ] GC(97) Using 8 workers of 8 for evacuation
[2024-09-04T11:12:12.298+0530][gc,phases   ] GC(97)   Pre Evacuate Collection Set: 0.2ms
[2024-09-04T11:12:12.298+0530][gc,phases   ] GC(97)   Merge Heap Roots: 0.1ms
[2024-09-04T11:12:12.298+0530][gc,phases   ] GC(97)   Evacuate Collection Set: 7.3ms
[2024-09-04T11:12:12.298+0530][gc,phases   ] GC(97)   Post Evacuate Collection Set: 0.4ms
[2024-09-04T11:12:12.298+0530][gc,phases   ] GC(97)   Other: 2.2ms
[2024-09-04T11:12:12.298+0530][gc,heap     ] GC(97) Eden regions: 48->0(44)
[2024-09-04T11:12:12.298+0530][gc,heap     ] GC(97) Survivor regions: 3->7(7)
[2024-09-04T11:12:12.298+0530][gc,heap     ] GC(97) Old regions: 91->91
[2024-09-04T11:12:12.298+0530][gc,heap     ] GC(97) Archive regions: 2->2
[2024-09-04T11:12:12.298+0530][gc,heap     ] GC(97) Humongous regions: 129->129
[2024-09-04T11:12:12.298+0530][gc,metaspace] GC(97) Metaspace: 47496K(48256K)->47496K(48256K) NonClass: 41758K(42176K)->41758K(42176K) Class: 5737K(6080K)->5737K(6080K)
[2024-09-04T11:12:12.298+0530][gc          ] GC(97) Pause Young (Normal) (G1 Evacuation Pause) 271M->226M(1024M) 10.296ms
[2024-09-04T11:12:12.298+0530][gc,cpu      ] GC(97) User=0.04s Sys=0.02s Real=0.01s
[2024-09-04T11:13:02.045+0530][gc,start    ] GC(98) Pause Young (Normal) (G1 Evacuation Pause)
[2024-09-04T11:13:02.046+0530][gc,task     ] GC(98) Using 8 workers of 8 for evacuation
[2024-09-04T11:13:02.070+0530][gc,mmu      ] GC(98) MMU target violated: 21.0ms (20.0ms/21.0ms)
[2024-09-04T11:13:02.070+0530][gc,phases   ] GC(98)   Pre Evacuate Collection Set: 0.2ms
[2024-09-04T11:13:02.070+0530][gc,phases   ] GC(98)   Merge Heap Roots: 0.1ms
[2024-09-04T11:13:02.070+0530][gc,phases   ] GC(98)   Evacuate Collection Set: 23.7ms
[2024-09-04T11:13:02.070+0530][gc,phases   ] GC(98)   Post Evacuate Collection Set: 0.4ms
[2024-09-04T11:13:02.070+0530][gc,phases   ] GC(98)   Other: 0.5ms
[2024-09-04T11:13:02.070+0530][gc,heap     ] GC(98) Eden regions: 44->0(44)
[2024-09-04T11:13:02.070+0530][gc,heap     ] GC(98) Survivor regions: 7->7(7)
[2024-09-04T11:13:02.070+0530][gc,heap     ] GC(98) Old regions: 91->94
[2024-09-04T11:13:02.070+0530][gc,heap     ] GC(98) Archive regions: 2->2
[2024-09-04T11:13:02.070+0530][gc,heap     ] GC(98) Humongous regions: 129->129
[2024-09-04T11:13:02.070+0530][gc,metaspace] GC(98) Metaspace: 47496K(48256K)->47496K(48256K) NonClass: 41758K(42176K)->41758K(42176K) Class: 5737K(6080K)->5737K(6080K)
[2024-09-04T11:13:02.070+0530][gc          ] GC(98) Pause Young (Normal) (G1 Evacuation Pause) 270M->229M(1024M) 24.904ms
[2024-09-04T11:13:02.070+0530][gc,cpu      ] GC(98) User=0.04s Sys=0.02s Real=0.03s
[2024-09-04T11:13:44.561+0530][gc,start    ] GC(99) Pause Young (Normal) (G1 Evacuation Pause)
[2024-09-04T11:13:44.561+0530][gc,task     ] GC(99) Using 8 workers of 8 for evacuation
[2024-09-04T11:13:44.568+0530][gc,phases   ] GC(99)   Pre Evacuate Collection Set: 0.2ms
[2024-09-04T11:13:44.568+0530][gc,phases   ] GC(99)   Merge Heap Roots: 0.1ms
[2024-09-04T11:13:44.568+0530][gc,phases   ] GC(99)   Evacuate Collection Set: 5.4ms
[2024-09-04T11:13:44.568+0530][gc,phases   ] GC(99)   Post Evacuate Collection Set: 0.4ms
[2024-09-04T11:13:44.568+0530][gc,phases   ] GC(99)   Other: 1.2ms
[2024-09-04T11:13:44.568+0530][gc,heap     ] GC(99) Eden regions: 44->0(66)
[2024-09-04T11:13:44.568+0530][gc,heap     ] GC(99) Survivor regions: 7->4(7)
[2024-09-04T11:13:44.568+0530][gc,heap     ] GC(99) Old regions: 94->95
[2024-09-04T11:13:44.568+0530][gc,heap     ] GC(99) Archive regions: 2->2
[2024-09-04T11:13:44.568+0530][gc,heap     ] GC(99) Humongous regions: 129->129
[2024-09-04T11:13:44.568+0530][gc,metaspace] GC(99) Metaspace: 47497K(48256K)->47497K(48256K) NonClass: 41760K(42176K)->41760K(42176K) Class: 5737K(6080K)->5737K(6080K)
[2024-09-04T11:13:44.568+0530][gc          ] GC(99) Pause Young (Normal) (G1 Evacuation Pause) 273M->227M(1024M) 7.474ms
[2024-09-04T11:13:44.568+0530][gc,cpu      ] GC(99) User=0.03s Sys=0.01s Real=0.00s
[2024-09-04T11:14:12.304+0530][gc,start    ] GC(100) Pause Young (Normal) (G1 Evacuation Pause)
[2024-09-04T11:14:12.304+0530][gc,task     ] GC(100) Using 8 workers of 8 for evacuation
[2024-09-04T11:14:12.325+0530][gc,mmu      ] GC(100) MMU target violated: 21.0ms (20.0ms/21.0ms)
[2024-09-04T11:14:12.326+0530][gc,phases   ] GC(100)   Pre Evacuate Collection Set: 1.1ms
[2024-09-04T11:14:12.326+0530][gc,phases   ] GC(100)   Merge Heap Roots: 0.1ms
[2024-09-04T11:14:12.326+0530][gc,phases   ] GC(100)   Evacuate Collection Set: 19.8ms
[2024-09-04T11:14:12.326+0530][gc,phases   ] GC(100)   Post Evacuate Collection Set: 0.4ms
[2024-09-04T11:14:12.326+0530][gc,phases   ] GC(100)   Other: 0.5ms
[2024-09-04T11:14:12.326+0530][gc,heap     ] GC(100) Eden regions: 66->0(43)
[2024-09-04T11:14:12.326+0530][gc,heap     ] GC(100) Survivor regions: 4->8(9)
[2024-09-04T11:14:12.326+0530][gc,heap     ] GC(100) Old regions: 95->95
[2024-09-04T11:14:12.326+0530][gc,heap     ] GC(100) Archive regions: 2->2
[2024-09-04T11:14:12.326+0530][gc,heap     ] GC(100) Humongous regions: 129->129
[2024-09-04T11:14:12.326+0530][gc,metaspace] GC(100) Metaspace: 47497K(48256K)->47497K(48256K) NonClass: 41760K(42176K)->41760K(42176K) Class: 5737K(6080K)->5737K(6080K)
[2024-09-04T11:14:12.326+0530][gc          ] GC(100) Pause Young (Normal) (G1 Evacuation Pause) 293M->232M(1024M) 22.059ms
[2024-09-04T11:14:12.326+0530][gc,cpu      ] GC(100) User=0.04s Sys=0.08s Real=0.02s
[2024-09-04T11:14:44.437+0530][gc,start    ] GC(101) Pause Young (Normal) (G1 Evacuation Pause)
[2024-09-04T11:14:44.438+0530][gc,task     ] GC(101) Using 8 workers of 8 for evacuation
[2024-09-04T11:14:44.465+0530][gc,mmu      ] GC(101) MMU target violated: 21.0ms (20.0ms/21.0ms)
[2024-09-04T11:14:44.465+0530][gc,phases   ] GC(101)   Pre Evacuate Collection Set: 0.3ms
[2024-09-04T11:14:44.465+0530][gc,phases   ] GC(101)   Merge Heap Roots: 0.1ms
[2024-09-04T11:14:44.465+0530][gc,phases   ] GC(101)   Evacuate Collection Set: 25.0ms
[2024-09-04T11:14:44.465+0530][gc,phases   ] GC(101)   Post Evacuate Collection Set: 0.4ms
[2024-09-04T11:14:44.465+0530][gc,phases   ] GC(101)   Other: 3.1ms
[2024-09-04T11:14:44.465+0530][gc,heap     ] GC(101) Eden regions: 43->0(48)
[2024-09-04T11:14:44.465+0530][gc,heap     ] GC(101) Survivor regions: 8->3(7)
[2024-09-04T11:14:44.465+0530][gc,heap     ] GC(101) Old regions: 95->97
[2024-09-04T11:14:44.465+0530][gc,heap     ] GC(101) Archive regions: 2->2
[2024-09-04T11:14:44.466+0530][gc,heap     ] GC(101) Humongous regions: 129->129
[2024-09-04T11:14:44.466+0530][gc,metaspace] GC(101) Metaspace: 47497K(48256K)->47497K(48256K) NonClass: 41760K(42176K)->41760K(42176K) Class: 5737K(6080K)->5737K(6080K)
[2024-09-04T11:14:44.466+0530][gc          ] GC(101) Pause Young (Normal) (G1 Evacuation Pause) 275M->229M(1024M) 29.048ms
[2024-09-04T11:14:44.466+0530][gc,cpu      ] GC(101) User=0.04s Sys=0.04s Real=0.03s
[2024-09-04T11:15:28.316+0530][gc,start    ] GC(102) Pause Young (Normal) (G1 Evacuation Pause)
[2024-09-04T11:15:28.318+0530][gc,task     ] GC(102) Using 8 workers of 8 for evacuation
[2024-09-04T11:15:28.325+0530][gc,phases   ] GC(102)   Pre Evacuate Collection Set: 0.2ms
[2024-09-04T11:15:28.325+0530][gc,phases   ] GC(102)   Merge Heap Roots: 0.1ms
[2024-09-04T11:15:28.325+0530][gc,phases   ] GC(102)   Evacuate Collection Set: 5.7ms
[2024-09-04T11:15:28.325+0530][gc,phases   ] GC(102)   Post Evacuate Collection Set: 0.4ms
[2024-09-04T11:15:28.325+0530][gc,phases   ] GC(102)   Other: 2.2ms
[2024-09-04T11:15:28.325+0530][gc,heap     ] GC(102) Eden regions: 48->0(45)
[2024-09-04T11:15:28.325+0530][gc,heap     ] GC(102) Survivor regions: 3->6(7)
[2024-09-04T11:15:28.325+0530][gc,heap     ] GC(102) Old regions: 97->97
[2024-09-04T11:15:28.325+0530][gc,heap     ] GC(102) Archive regions: 2->2
[2024-09-04T11:15:28.325+0530][gc,heap     ] GC(102) Humongous regions: 129->129
[2024-09-04T11:15:28.325+0530][gc,metaspace] GC(102) Metaspace: 47497K(48256K)->47497K(48256K) NonClass: 41760K(42176K)->41760K(42176K) Class: 5737K(6080K)->5737K(6080K)
[2024-09-04T11:15:28.325+0530][gc          ] GC(102) Pause Young (Normal) (G1 Evacuation Pause) 277M->232M(1024M) 8.900ms
[2024-09-04T11:15:28.325+0530][gc,cpu      ] GC(102) User=0.04s Sys=0.00s Real=0.01s
[2024-09-04T11:16:06.421+0530][gc,start    ] GC(103) Pause Young (Normal) (G1 Evacuation Pause)
[2024-09-04T11:16:06.422+0530][gc,task     ] GC(103) Using 8 workers of 8 for evacuation
[2024-09-04T11:16:06.434+0530][gc,phases   ] GC(103)   Pre Evacuate Collection Set: 0.2ms
[2024-09-04T11:16:06.434+0530][gc,phases   ] GC(103)   Merge Heap Roots: 0.1ms
[2024-09-04T11:16:06.434+0530][gc,phases   ] GC(103)   Evacuate Collection Set: 11.7ms
[2024-09-04T11:16:06.434+0530][gc,phases   ] GC(103)   Post Evacuate Collection Set: 0.4ms
[2024-09-04T11:16:06.434+0530][gc,phases   ] GC(103)   Other: 0.5ms
[2024-09-04T11:16:06.434+0530][gc,heap     ] GC(103) Eden regions: 45->0(44)
[2024-09-04T11:16:06.434+0530][gc,heap     ] GC(103) Survivor regions: 6->7(7)
[2024-09-04T11:16:06.434+0530][gc,heap     ] GC(103) Old regions: 97->100
[2024-09-04T11:16:06.434+0530][gc,heap     ] GC(103) Archive regions: 2->2
[2024-09-04T11:16:06.434+0530][gc,heap     ] GC(103) Humongous regions: 129->129
[2024-09-04T11:16:06.434+0530][gc,metaspace] GC(103) Metaspace: 47497K(48256K)->47497K(48256K) NonClass: 41760K(42176K)->41760K(42176K) Class: 5737K(6080K)->5737K(6080K)
[2024-09-04T11:16:06.435+0530][gc          ] GC(103) Pause Young (Normal) (G1 Evacuation Pause) 277M->236M(1024M) 13.024ms
[2024-09-04T11:16:06.435+0530][gc,cpu      ] GC(103) User=0.05s Sys=0.02s Real=0.01s
[2024-09-04T11:17:01.315+0530][gc,start    ] GC(104) Pause Young (Normal) (G1 Evacuation Pause)
[2024-09-04T11:17:01.317+0530][gc,task     ] GC(104) Using 8 workers of 8 for evacuation
[2024-09-04T11:17:01.325+0530][gc,phases   ] GC(104)   Pre Evacuate Collection Set: 0.3ms
[2024-09-04T11:17:01.325+0530][gc,phases   ] GC(104)   Merge Heap Roots: 0.1ms
[2024-09-04T11:17:01.325+0530][gc,phases   ] GC(104)   Evacuate Collection Set: 5.9ms
[2024-09-04T11:17:01.325+0530][gc,phases   ] GC(104)   Post Evacuate Collection Set: 0.4ms
[2024-09-04T11:17:01.325+0530][gc,phases   ] GC(104)   Other: 3.1ms
[2024-09-04T11:17:01.325+0530][gc,heap     ] GC(104) Eden regions: 44->0(73)
[2024-09-04T11:17:01.325+0530][gc,heap     ] GC(104) Survivor regions: 7->4(7)
[2024-09-04T11:17:01.325+0530][gc,heap     ] GC(104) Old regions: 100->101
[2024-09-04T11:17:01.325+0530][gc,heap     ] GC(104) Archive regions: 2->2
[2024-09-04T11:17:01.325+0530][gc,heap     ] GC(104) Humongous regions: 129->129
[2024-09-04T11:17:01.325+0530][gc,metaspace] GC(104) Metaspace: 47497K(48256K)->47497K(48256K) NonClass: 41760K(42176K)->41760K(42176K) Class: 5737K(6080K)->5737K(6080K)
[2024-09-04T11:17:01.325+0530][gc          ] GC(104) Pause Young (Normal) (G1 Evacuation Pause) 280M->233M(1024M) 10.032ms
[2024-09-04T11:17:01.325+0530][gc,cpu      ] GC(104) User=0.04s Sys=0.01s Real=0.01s
[2024-09-04T11:17:50.961+0530][gc,start    ] GC(105) Pause Young (Normal) (G1 Evacuation Pause)
[2024-09-04T11:17:50.963+0530][gc,task     ] GC(105) Using 8 workers of 8 for evacuation
[2024-09-04T11:17:50.986+0530][gc,mmu      ] GC(105) MMU target violated: 21.0ms (20.0ms/21.0ms)
[2024-09-04T11:17:50.986+0530][gc,phases   ] GC(105)   Pre Evacuate Collection Set: 0.2ms
[2024-09-04T11:17:50.986+0530][gc,phases   ] GC(105)   Merge Heap Roots: 0.1ms
[2024-09-04T11:17:50.986+0530][gc,phases   ] GC(105)   Evacuate Collection Set: 22.3ms
[2024-09-04T11:17:50.986+0530][gc,phases   ] GC(105)   Post Evacuate Collection Set: 0.4ms
[2024-09-04T11:17:50.986+0530][gc,phases   ] GC(105)   Other: 2.3ms
[2024-09-04T11:17:50.986+0530][gc,heap     ] GC(105) Eden regions: 73->0(42)
[2024-09-04T11:17:50.986+0530][gc,heap     ] GC(105) Survivor regions: 4->9(10)
[2024-09-04T11:17:50.986+0530][gc,heap     ] GC(105) Old regions: 101->101
[2024-09-04T11:17:50.986+0530][gc,heap     ] GC(105) Archive regions: 2->2
[2024-09-04T11:17:50.986+0530][gc,heap     ] GC(105) Humongous regions: 129->129
[2024-09-04T11:17:50.986+0530][gc,metaspace] GC(105) Metaspace: 47497K(48256K)->47497K(48256K) NonClass: 41760K(42176K)->41760K(42176K) Class: 5737K(6080K)->5737K(6080K)
[2024-09-04T11:17:50.986+0530][gc          ] GC(105) Pause Young (Normal) (G1 Evacuation Pause) 306M->238M(1024M) 25.470ms
[2024-09-04T11:17:50.986+0530][gc,cpu      ] GC(105) User=0.05s Sys=0.08s Real=0.02s
[2024-09-04T11:18:38.200+0530][gc,start    ] GC(106) Pause Young (Normal) (G1 Evacuation Pause)
[2024-09-04T11:18:38.201+0530][gc,task     ] GC(106) Using 8 workers of 8 for evacuation
[2024-09-04T11:18:38.218+0530][gc,phases   ] GC(106)   Pre Evacuate Collection Set: 0.2ms
[2024-09-04T11:18:38.218+0530][gc,phases   ] GC(106)   Merge Heap Roots: 0.1ms
[2024-09-04T11:18:38.218+0530][gc,phases   ] GC(106)   Evacuate Collection Set: 16.3ms
[2024-09-04T11:18:38.218+0530][gc,phases   ] GC(106)   Post Evacuate Collection Set: 0.4ms
[2024-09-04T11:18:38.218+0530][gc,phases   ] GC(106)   Other: 0.8ms
[2024-09-04T11:18:38.218+0530][gc,heap     ] GC(106) Eden regions: 42->0(70)
[2024-09-04T11:18:38.218+0530][gc,heap     ] GC(106) Survivor regions: 9->2(7)
[2024-09-04T11:18:38.218+0530][gc,heap     ] GC(106) Old regions: 101->103
[2024-09-04T11:18:38.218+0530][gc,heap     ] GC(106) Archive regions: 2->2
[2024-09-04T11:18:38.218+0530][gc,heap     ] GC(106) Humongous regions: 129->129
[2024-09-04T11:18:38.218+0530][gc,metaspace] GC(106) Metaspace: 47497K(48256K)->47497K(48256K) NonClass: 41760K(42176K)->41760K(42176K) Class: 5737K(6080K)->5737K(6080K)
[2024-09-04T11:18:38.218+0530][gc          ] GC(106) Pause Young (Normal) (G1 Evacuation Pause) 280M->234M(1024M) 17.790ms
[2024-09-04T11:18:38.218+0530][gc,cpu      ] GC(106) User=0.03s Sys=0.02s Real=0.01s
[2024-09-04T11:19:33.532+0530][gc,start    ] GC(107) Pause Young (Normal) (G1 Evacuation Pause)
[2024-09-04T11:19:33.532+0530][gc,task     ] GC(107) Using 8 workers of 8 for evacuation
[2024-09-04T11:19:33.538+0530][gc,phases   ] GC(107)   Pre Evacuate Collection Set: 0.2ms
[2024-09-04T11:19:33.538+0530][gc,phases   ] GC(107)   Merge Heap Roots: 0.1ms
[2024-09-04T11:19:33.538+0530][gc,phases   ] GC(107)   Evacuate Collection Set: 4.7ms
[2024-09-04T11:19:33.538+0530][gc,phases   ] GC(107)   Post Evacuate Collection Set: 0.3ms
[2024-09-04T11:19:33.538+0530][gc,phases   ] GC(107)   Other: 0.4ms
[2024-09-04T11:19:33.538+0530][gc,heap     ] GC(107) Eden regions: 70->0(44)
[2024-09-04T11:19:33.538+0530][gc,heap     ] GC(107) Survivor regions: 2->7(9)
[2024-09-04T11:19:33.538+0530][gc,heap     ] GC(107) Old regions: 103->103
[2024-09-04T11:19:33.538+0530][gc,heap     ] GC(107) Archive regions: 2->2
[2024-09-04T11:19:33.538+0530][gc,heap     ] GC(107) Humongous regions: 129->129
[2024-09-04T11:19:33.538+0530][gc,metaspace] GC(107) Metaspace: 47499K(48256K)->47499K(48256K) NonClass: 41762K(42176K)->41762K(42176K) Class: 5737K(6080K)->5737K(6080K)
[2024-09-04T11:19:33.538+0530][gc          ] GC(107) Pause Young (Normal) (G1 Evacuation Pause) 304M->239M(1024M) 5.878ms
[2024-09-04T11:19:33.538+0530][gc,cpu      ] GC(107) User=0.03s Sys=0.00s Real=0.00s
[2024-09-04T11:20:01.633+0530][gc,start    ] GC(108) Pause Young (Normal) (G1 Evacuation Pause)
[2024-09-04T11:20:01.633+0530][gc,task     ] GC(108) Using 8 workers of 8 for evacuation
[2024-09-04T11:20:01.656+0530][gc,mmu      ] GC(108) MMU target violated: 21.0ms (20.0ms/21.0ms)
[2024-09-04T11:20:01.657+0530][gc,phases   ] GC(108)   Pre Evacuate Collection Set: 0.2ms
[2024-09-04T11:20:01.657+0530][gc,phases   ] GC(108)   Merge Heap Roots: 0.1ms
[2024-09-04T11:20:01.657+0530][gc,phases   ] GC(108)   Evacuate Collection Set: 22.3ms
[2024-09-04T11:20:01.657+0530][gc,phases   ] GC(108)   Post Evacuate Collection Set: 0.4ms
[2024-09-04T11:20:01.657+0530][gc,phases   ] GC(108)   Other: 1.0ms
[2024-09-04T11:20:01.657+0530][gc,heap     ] GC(108) Eden regions: 44->0(56)
[2024-09-04T11:20:01.657+0530][gc,heap     ] GC(108) Survivor regions: 7->4(7)
[2024-09-04T11:20:01.657+0530][gc,heap     ] GC(108) Old regions: 103->109
[2024-09-04T11:20:01.657+0530][gc,heap     ] GC(108) Archive regions: 2->2
[2024-09-04T11:20:01.657+0530][gc,heap     ] GC(108) Humongous regions: 129->129
[2024-09-04T11:20:01.657+0530][gc,metaspace] GC(108) Metaspace: 47499K(48256K)->47499K(48256K) NonClass: 41762K(42176K)->41762K(42176K) Class: 5737K(6080K)->5737K(6080K)
[2024-09-04T11:20:01.657+0530][gc          ] GC(108) Pause Young (Normal) (G1 Evacuation Pause) 283M->242M(1024M) 24.130ms
[2024-09-04T11:20:01.657+0530][gc,cpu      ] GC(108) User=0.05s Sys=0.05s Real=0.02s
[2024-09-04T11:21:11.115+0530][gc,start    ] GC(109) Pause Young (Normal) (G1 Evacuation Pause)
[2024-09-04T11:21:11.117+0530][gc,task     ] GC(109) Using 8 workers of 8 for evacuation
[2024-09-04T11:21:11.123+0530][gc,phases   ] GC(109)   Pre Evacuate Collection Set: 0.2ms
[2024-09-04T11:21:11.123+0530][gc,phases   ] GC(109)   Merge Heap Roots: 0.1ms
[2024-09-04T11:21:11.123+0530][gc,phases   ] GC(109)   Evacuate Collection Set: 5.2ms
[2024-09-04T11:21:11.123+0530][gc,phases   ] GC(109)   Post Evacuate Collection Set: 0.5ms
[2024-09-04T11:21:11.123+0530][gc,phases   ] GC(109)   Other: 2.1ms
[2024-09-04T11:21:11.123+0530][gc,heap     ] GC(109) Eden regions: 56->0(73)
[2024-09-04T11:21:11.123+0530][gc,heap     ] GC(109) Survivor regions: 4->5(8)
[2024-09-04T11:21:11.123+0530][gc,heap     ] GC(109) Old regions: 109->109
[2024-09-04T11:21:11.123+0530][gc,heap     ] GC(109) Archive regions: 2->2
[2024-09-04T11:21:11.123+0530][gc,heap     ] GC(109) Humongous regions: 129->129
[2024-09-04T11:21:11.123+0530][gc,metaspace] GC(109) Metaspace: 47499K(48256K)->47499K(48256K) NonClass: 41762K(42176K)->41762K(42176K) Class: 5737K(6080K)->5737K(6080K)
[2024-09-04T11:21:11.123+0530][gc          ] GC(109) Pause Young (Normal) (G1 Evacuation Pause) 298M->243M(1024M) 8.344ms
[2024-09-04T11:21:11.123+0530][gc,cpu      ] GC(109) User=0.04s Sys=0.01s Real=0.01s
[2024-09-04T11:22:01.219+0530][gc,start    ] GC(110) Pause Young (Normal) (G1 Evacuation Pause)
[2024-09-04T11:22:01.221+0530][gc,task     ] GC(110) Using 8 workers of 8 for evacuation
[2024-09-04T11:22:01.235+0530][gc,phases   ] GC(110)   Pre Evacuate Collection Set: 0.2ms
[2024-09-04T11:22:01.235+0530][gc,phases   ] GC(110)   Merge Heap Roots: 0.1ms
[2024-09-04T11:22:01.235+0530][gc,phases   ] GC(110)   Evacuate Collection Set: 13.0ms
[2024-09-04T11:22:01.235+0530][gc,phases   ] GC(110)   Post Evacuate Collection Set: 0.3ms
[2024-09-04T11:22:01.235+0530][gc,phases   ] GC(110)   Other: 2.1ms
[2024-09-04T11:22:01.235+0530][gc,heap     ] GC(110) Eden regions: 73->0(41)
[2024-09-04T11:22:01.235+0530][gc,heap     ] GC(110) Survivor regions: 5->10(10)
[2024-09-04T11:22:01.235+0530][gc,heap     ] GC(110) Old regions: 109->109
[2024-09-04T11:22:01.235+0530][gc,heap     ] GC(110) Archive regions: 2->2
[2024-09-04T11:22:01.235+0530][gc,heap     ] GC(110) Humongous regions: 129->129
[2024-09-04T11:22:01.235+0530][gc,metaspace] GC(110) Metaspace: 47499K(48256K)->47499K(48256K) NonClass: 41762K(42176K)->41762K(42176K) Class: 5737K(6080K)->5737K(6080K)
[2024-09-04T11:22:01.235+0530][gc          ] GC(110) Pause Young (Normal) (G1 Evacuation Pause) 316M->248M(1024M) 15.907ms
[2024-09-04T11:22:01.235+0530][gc,cpu      ] GC(110) User=0.06s Sys=0.02s Real=0.02s
[2024-09-04T11:22:18.829+0530][gc,start    ] GC(111) Pause Young (Normal) (G1 Evacuation Pause)
[2024-09-04T11:22:18.831+0530][gc,task     ] GC(111) Using 8 workers of 8 for evacuation
[2024-09-04T11:22:18.843+0530][gc,phases   ] GC(111)   Pre Evacuate Collection Set: 0.1ms
[2024-09-04T11:22:18.843+0530][gc,phases   ] GC(111)   Merge Heap Roots: 0.1ms
[2024-09-04T11:22:18.843+0530][gc,phases   ] GC(111)   Evacuate Collection Set: 11.4ms
[2024-09-04T11:22:18.843+0530][gc,phases   ] GC(111)   Post Evacuate Collection Set: 0.4ms
[2024-09-04T11:22:18.843+0530][gc,phases   ] GC(111)   Other: 2.0ms
[2024-09-04T11:22:18.843+0530][gc,heap     ] GC(111) Eden regions: 41->0(104)
[2024-09-04T11:22:18.843+0530][gc,heap     ] GC(111) Survivor regions: 10->4(7)
[2024-09-04T11:22:18.843+0530][gc,heap     ] GC(111) Old regions: 109->112
[2024-09-04T11:22:18.843+0530][gc,heap     ] GC(111) Archive regions: 2->2
[2024-09-04T11:22:18.843+0530][gc,heap     ] GC(111) Humongous regions: 129->129
[2024-09-04T11:22:18.843+0530][gc,metaspace] GC(111) Metaspace: 47499K(48256K)->47499K(48256K) NonClass: 41762K(42176K)->41762K(42176K) Class: 5737K(6080K)->5737K(6080K)
[2024-09-04T11:22:18.843+0530][gc          ] GC(111) Pause Young (Normal) (G1 Evacuation Pause) 289M->244M(1024M) 14.235ms
[2024-09-04T11:22:18.843+0530][gc,cpu      ] GC(111) User=0.03s Sys=0.01s Real=0.02s
[2024-09-04T11:23:40.441+0530][gc,start    ] GC(112) Pause Young (Normal) (G1 Evacuation Pause)
[2024-09-04T11:23:40.443+0530][gc,task     ] GC(112) Using 8 workers of 8 for evacuation
[2024-09-04T11:23:40.451+0530][gc,phases   ] GC(112)   Pre Evacuate Collection Set: 0.1ms
[2024-09-04T11:23:40.451+0530][gc,phases   ] GC(112)   Merge Heap Roots: 0.1ms
[2024-09-04T11:23:40.451+0530][gc,phases   ] GC(112)   Evacuate Collection Set: 7.0ms
[2024-09-04T11:23:40.451+0530][gc,phases   ] GC(112)   Post Evacuate Collection Set: 0.4ms
[2024-09-04T11:23:40.451+0530][gc,phases   ] GC(112)   Other: 2.0ms
[2024-09-04T11:23:40.451+0530][gc,heap     ] GC(112) Eden regions: 104->0(128)
[2024-09-04T11:23:40.451+0530][gc,heap     ] GC(112) Survivor regions: 4->3(14)
[2024-09-04T11:23:40.451+0530][gc,heap     ] GC(112) Old regions: 112->112
[2024-09-04T11:23:40.451+0530][gc,heap     ] GC(112) Archive regions: 2->2
[2024-09-04T11:23:40.451+0530][gc,heap     ] GC(112) Humongous regions: 129->129
[2024-09-04T11:23:40.451+0530][gc,metaspace] GC(112) Metaspace: 47499K(48256K)->47499K(48256K) NonClass: 41762K(42176K)->41762K(42176K) Class: 5737K(6080K)->5737K(6080K)
[2024-09-04T11:23:40.451+0530][gc          ] GC(112) Pause Young (Normal) (G1 Evacuation Pause) 348M->244M(1024M) 9.716ms
[2024-09-04T11:23:40.451+0530][gc,cpu      ] GC(112) User=0.02s Sys=0.02s Real=0.01s
[2024-09-04T11:25:21.567+0530][gc,start    ] GC(113) Pause Young (Normal) (G1 Evacuation Pause)
[2024-09-04T11:25:21.568+0530][gc,task     ] GC(113) Using 8 workers of 8 for evacuation
[2024-09-04T11:25:21.582+0530][gc,phases   ] GC(113)   Pre Evacuate Collection Set: 0.2ms
[2024-09-04T11:25:21.582+0530][gc,phases   ] GC(113)   Merge Heap Roots: 0.2ms
[2024-09-04T11:25:21.582+0530][gc,phases   ] GC(113)   Evacuate Collection Set: 13.2ms
[2024-09-04T11:25:21.582+0530][gc,phases   ] GC(113)   Post Evacuate Collection Set: 0.5ms
[2024-09-04T11:25:21.582+0530][gc,phases   ] GC(113)   Other: 0.6ms
[2024-09-04T11:25:21.582+0530][gc,heap     ] GC(113) Eden regions: 128->0(93)
[2024-09-04T11:25:21.582+0530][gc,heap     ] GC(113) Survivor regions: 3->5(17)
[2024-09-04T11:25:21.582+0530][gc,heap     ] GC(113) Old regions: 112->112
[2024-09-04T11:25:21.582+0530][gc,heap     ] GC(113) Archive regions: 2->2
[2024-09-04T11:25:21.582+0530][gc,heap     ] GC(113) Humongous regions: 129->129
[2024-09-04T11:25:21.582+0530][gc,metaspace] GC(113) Metaspace: 47499K(48256K)->47499K(48256K) NonClass: 41762K(42176K)->41762K(42176K) Class: 5737K(6080K)->5737K(6080K)
[2024-09-04T11:25:21.582+0530][gc          ] GC(113) Pause Young (Normal) (G1 Evacuation Pause) 372M->245M(1024M) 14.925ms
[2024-09-04T11:25:21.582+0530][gc,cpu      ] GC(113) User=0.04s Sys=0.04s Real=0.02s
[2024-09-04T11:26:56.256+0530][gc,start    ] GC(114) Pause Young (Normal) (G1 Evacuation Pause)
[2024-09-04T11:26:56.258+0530][gc,task     ] GC(114) Using 8 workers of 8 for evacuation
[2024-09-04T11:26:56.267+0530][gc,phases   ] GC(114)   Pre Evacuate Collection Set: 0.2ms
[2024-09-04T11:26:56.267+0530][gc,phases   ] GC(114)   Merge Heap Roots: 0.1ms
[2024-09-04T11:26:56.267+0530][gc,phases   ] GC(114)   Evacuate Collection Set: 8.9ms
[2024-09-04T11:26:56.267+0530][gc,phases   ] GC(114)   Post Evacuate Collection Set: 0.4ms
[2024-09-04T11:26:56.268+0530][gc,phases   ] GC(114)   Other: 2.2ms
[2024-09-04T11:26:56.268+0530][gc,heap     ] GC(114) Eden regions: 93->0(40)
[2024-09-04T11:26:56.268+0530][gc,heap     ] GC(114) Survivor regions: 5->11(13)
[2024-09-04T11:26:56.268+0530][gc,heap     ] GC(114) Old regions: 112->112
[2024-09-04T11:26:56.268+0530][gc,heap     ] GC(114) Archive regions: 2->2
[2024-09-04T11:26:56.268+0530][gc,heap     ] GC(114) Humongous regions: 129->129
[2024-09-04T11:26:56.268+0530][gc,metaspace] GC(114) Metaspace: 47499K(48256K)->47499K(48256K) NonClass: 41762K(42176K)->41762K(42176K) Class: 5737K(6080K)->5737K(6080K)
[2024-09-04T11:26:56.268+0530][gc          ] GC(114) Pause Young (Normal) (G1 Evacuation Pause) 338M->251M(1024M) 11.963ms
[2024-09-04T11:26:56.268+0530][gc,cpu      ] GC(114) User=0.08s Sys=0.00s Real=0.01s
[2024-09-04T11:27:13.251+0530][gc,start    ] GC(115) Pause Young (Normal) (G1 Evacuation Pause)
[2024-09-04T11:27:13.253+0530][gc,task     ] GC(115) Using 8 workers of 8 for evacuation
[2024-09-04T11:27:13.310+0530][gc,mmu      ] GC(115) MMU target violated: 21.0ms (20.0ms/21.0ms)
[2024-09-04T11:27:13.310+0530][gc,phases   ] GC(115)   Pre Evacuate Collection Set: 0.2ms
[2024-09-04T11:27:13.310+0530][gc,phases   ] GC(115)   Merge Heap Roots: 0.1ms
[2024-09-04T11:27:13.310+0530][gc,phases   ] GC(115)   Evacuate Collection Set: 56.2ms
[2024-09-04T11:27:13.310+0530][gc,phases   ] GC(115)   Post Evacuate Collection Set: 0.4ms
[2024-09-04T11:27:13.310+0530][gc,phases   ] GC(115)   Other: 2.4ms
[2024-09-04T11:27:13.310+0530][gc,heap     ] GC(115) Eden regions: 40->0(49)
[2024-09-04T11:27:13.310+0530][gc,heap     ] GC(115) Survivor regions: 11->2(7)
[2024-09-04T11:27:13.310+0530][gc,heap     ] GC(115) Old regions: 112->117
[2024-09-04T11:27:13.310+0530][gc,heap     ] GC(115) Archive regions: 2->2
[2024-09-04T11:27:13.310+0530][gc,heap     ] GC(115) Humongous regions: 129->129
[2024-09-04T11:27:13.310+0530][gc,metaspace] GC(115) Metaspace: 47499K(48256K)->47499K(48256K) NonClass: 41762K(42176K)->41762K(42176K) Class: 5737K(6080K)->5737K(6080K)
[2024-09-04T11:27:13.310+0530][gc          ] GC(115) Pause Young (Normal) (G1 Evacuation Pause) 291M->248M(1024M) 59.449ms
[2024-09-04T11:27:13.310+0530][gc,cpu      ] GC(115) User=0.04s Sys=0.07s Real=0.06s
[2024-09-04T11:28:21.397+0530][gc,start    ] GC(116) Pause Young (Normal) (G1 Evacuation Pause)
[2024-09-04T11:28:21.399+0530][gc,task     ] GC(116) Using 8 workers of 8 for evacuation
[2024-09-04T11:28:21.405+0530][gc,phases   ] GC(116)   Pre Evacuate Collection Set: 0.2ms
[2024-09-04T11:28:21.405+0530][gc,phases   ] GC(116)   Merge Heap Roots: 0.1ms
[2024-09-04T11:28:21.405+0530][gc,phases   ] GC(116)   Evacuate Collection Set: 4.8ms
[2024-09-04T11:28:21.405+0530][gc,phases   ] GC(116)   Post Evacuate Collection Set: 0.4ms
[2024-09-04T11:28:21.405+0530][gc,phases   ] GC(116)   Other: 2.2ms
[2024-09-04T11:28:21.405+0530][gc,heap     ] GC(116) Eden regions: 49->0(46)
[2024-09-04T11:28:21.405+0530][gc,heap     ] GC(116) Survivor regions: 2->5(7)
[2024-09-04T11:28:21.405+0530][gc,heap     ] GC(116) Old regions: 117->117
[2024-09-04T11:28:21.405+0530][gc,heap     ] GC(116) Archive regions: 2->2
[2024-09-04T11:28:21.405+0530][gc,heap     ] GC(116) Humongous regions: 129->129
[2024-09-04T11:28:21.405+0530][gc,metaspace] GC(116) Metaspace: 47499K(48256K)->47499K(48256K) NonClass: 41762K(42176K)->41762K(42176K) Class: 5737K(6080K)->5737K(6080K)
[2024-09-04T11:28:21.405+0530][gc          ] GC(116) Pause Young (Normal) (G1 Evacuation Pause) 297M->250M(1024M) 7.970ms
[2024-09-04T11:28:21.405+0530][gc,cpu      ] GC(116) User=0.04s Sys=0.01s Real=0.01s
[2024-09-04T11:29:00.783+0530][gc,start    ] GC(117) Pause Young (Normal) (G1 Evacuation Pause)
[2024-09-04T11:29:00.784+0530][gc,task     ] GC(117) Using 8 workers of 8 for evacuation
[2024-09-04T11:29:00.793+0530][gc,phases   ] GC(117)   Pre Evacuate Collection Set: 0.2ms
[2024-09-04T11:29:00.793+0530][gc,phases   ] GC(117)   Merge Heap Roots: 0.1ms
[2024-09-04T11:29:00.793+0530][gc,phases   ] GC(117)   Evacuate Collection Set: 8.9ms
[2024-09-04T11:29:00.793+0530][gc,phases   ] GC(117)   Post Evacuate Collection Set: 0.3ms
[2024-09-04T11:29:00.793+0530][gc,phases   ] GC(117)   Other: 0.5ms
[2024-09-04T11:29:00.793+0530][gc,heap     ] GC(117) Eden regions: 46->0(44)
[2024-09-04T11:29:00.793+0530][gc,heap     ] GC(117) Survivor regions: 5->7(7)
[2024-09-04T11:29:00.793+0530][gc,heap     ] GC(117) Old regions: 117->118
[2024-09-04T11:29:00.793+0530][gc,heap     ] GC(117) Archive regions: 2->2
[2024-09-04T11:29:00.793+0530][gc,heap     ] GC(117) Humongous regions: 129->129
[2024-09-04T11:29:00.793+0530][gc,metaspace] GC(117) Metaspace: 47499K(48256K)->47499K(48256K) NonClass: 41762K(42176K)->41762K(42176K) Class: 5737K(6080K)->5737K(6080K)
[2024-09-04T11:29:00.793+0530][gc          ] GC(117) Pause Young (Normal) (G1 Evacuation Pause) 296M->253M(1024M) 10.128ms
[2024-09-04T11:29:00.793+0530][gc,cpu      ] GC(117) User=0.05s Sys=0.01s Real=0.01s
[2024-09-04T11:29:24.978+0530][gc,start    ] GC(118) Pause Young (Normal) (G1 Evacuation Pause)
[2024-09-04T11:29:24.980+0530][gc,task     ] GC(118) Using 8 workers of 8 for evacuation
[2024-09-04T11:29:24.986+0530][gc,phases   ] GC(118)   Pre Evacuate Collection Set: 0.2ms
[2024-09-04T11:29:24.986+0530][gc,phases   ] GC(118)   Merge Heap Roots: 0.1ms
[2024-09-04T11:29:24.986+0530][gc,phases   ] GC(118)   Evacuate Collection Set: 5.0ms
[2024-09-04T11:29:24.986+0530][gc,phases   ] GC(118)   Post Evacuate Collection Set: 0.4ms
[2024-09-04T11:29:24.986+0530][gc,phases   ] GC(118)   Other: 2.0ms
[2024-09-04T11:29:24.986+0530][gc,heap     ] GC(118) Eden regions: 44->0(70)
[2024-09-04T11:29:24.986+0530][gc,heap     ] GC(118) Survivor regions: 7->3(7)
[2024-09-04T11:29:24.986+0530][gc,heap     ] GC(118) Old regions: 118->119
[2024-09-04T11:29:24.986+0530][gc,heap     ] GC(118) Archive regions: 2->2
[2024-09-04T11:29:24.986+0530][gc,heap     ] GC(118) Humongous regions: 129->129
[2024-09-04T11:29:24.986+0530][gc,metaspace] GC(118) Metaspace: 47499K(48256K)->47499K(48256K) NonClass: 41762K(42176K)->41762K(42176K) Class: 5737K(6080K)->5737K(6080K)
[2024-09-04T11:29:24.986+0530][gc          ] GC(118) Pause Young (Normal) (G1 Evacuation Pause) 297M->251M(1024M) 7.965ms
[2024-09-04T11:29:24.986+0530][gc,cpu      ] GC(118) User=0.03s Sys=0.01s Real=0.01s
[2024-09-04T11:30:22.784+0530][gc,start    ] GC(119) Pause Young (Normal) (G1 Evacuation Pause)
[2024-09-04T11:30:22.786+0530][gc,task     ] GC(119) Using 8 workers of 8 for evacuation
[2024-09-04T11:30:22.793+0530][gc,phases   ] GC(119)   Pre Evacuate Collection Set: 0.2ms
[2024-09-04T11:30:22.793+0530][gc,phases   ] GC(119)   Merge Heap Roots: 0.1ms
[2024-09-04T11:30:22.793+0530][gc,phases   ] GC(119)   Evacuate Collection Set: 6.5ms
[2024-09-04T11:30:22.793+0530][gc,phases   ] GC(119)   Post Evacuate Collection Set: 0.3ms
[2024-09-04T11:30:22.794+0530][gc,phases   ] GC(119)   Other: 2.1ms
[2024-09-04T11:30:22.794+0530][gc,heap     ] GC(119) Eden regions: 70->0(43)
[2024-09-04T11:30:22.794+0530][gc,heap     ] GC(119) Survivor regions: 3->8(10)
[2024-09-04T11:30:22.794+0530][gc,heap     ] GC(119) Old regions: 119->119
[2024-09-04T11:30:22.794+0530][gc,heap     ] GC(119) Archive regions: 2->2
[2024-09-04T11:30:22.794+0530][gc,heap     ] GC(119) Humongous regions: 129->129
[2024-09-04T11:30:22.794+0530][gc,metaspace] GC(119) Metaspace: 47499K(48256K)->47499K(48256K) NonClass: 41762K(42176K)->41762K(42176K) Class: 5737K(6080K)->5737K(6080K)
[2024-09-04T11:30:22.794+0530][gc          ] GC(119) Pause Young (Normal) (G1 Evacuation Pause) 321M->255M(1024M) 9.296ms
[2024-09-04T11:30:22.794+0530][gc,cpu      ] GC(119) User=0.05s Sys=0.00s Real=0.01s
[2024-09-04T11:30:59.984+0530][gc,start    ] GC(120) Pause Young (Normal) (G1 Evacuation Pause)
[2024-09-04T11:30:59.985+0530][gc,task     ] GC(120) Using 8 workers of 8 for evacuation
[2024-09-04T11:31:00.038+0530][gc,mmu      ] GC(120) MMU target violated: 21.0ms (20.0ms/21.0ms)
[2024-09-04T11:31:00.038+0530][gc,phases   ] GC(120)   Pre Evacuate Collection Set: 0.2ms
[2024-09-04T11:31:00.038+0530][gc,phases   ] GC(120)   Merge Heap Roots: 0.1ms
[2024-09-04T11:31:00.038+0530][gc,phases   ] GC(120)   Evacuate Collection Set: 52.4ms
[2024-09-04T11:31:00.038+0530][gc,phases   ] GC(120)   Post Evacuate Collection Set: 0.3ms
[2024-09-04T11:31:00.038+0530][gc,phases   ] GC(120)   Other: 0.7ms
[2024-09-04T11:31:00.038+0530][gc,heap     ] GC(120) Eden regions: 43->0(47)
[2024-09-04T11:31:00.038+0530][gc,heap     ] GC(120) Survivor regions: 8->4(7)
[2024-09-04T11:31:00.038+0530][gc,heap     ] GC(120) Old regions: 119->126
[2024-09-04T11:31:00.038+0530][gc,heap     ] GC(120) Archive regions: 2->2
[2024-09-04T11:31:00.038+0530][gc,heap     ] GC(120) Humongous regions: 129->129
[2024-09-04T11:31:00.038+0530][gc,metaspace] GC(120) Metaspace: 47499K(48256K)->47499K(48256K) NonClass: 41762K(42176K)->41762K(42176K) Class: 5737K(6080K)->5737K(6080K)
[2024-09-04T11:31:00.038+0530][gc          ] GC(120) Pause Young (Normal) (G1 Evacuation Pause) 298M->258M(1024M) 53.777ms
[2024-09-04T11:31:00.038+0530][gc,cpu      ] GC(120) User=0.06s Sys=0.08s Real=0.05s
[2024-09-04T11:31:39.518+0530][gc,start    ] GC(121) Pause Young (Normal) (G1 Evacuation Pause)
[2024-09-04T11:31:39.519+0530][gc,task     ] GC(121) Using 8 workers of 8 for evacuation
[2024-09-04T11:31:39.523+0530][gc,phases   ] GC(121)   Pre Evacuate Collection Set: 0.2ms
[2024-09-04T11:31:39.523+0530][gc,phases   ] GC(121)   Merge Heap Roots: 0.1ms
[2024-09-04T11:31:39.523+0530][gc,phases   ] GC(121)   Evacuate Collection Set: 3.9ms
[2024-09-04T11:31:39.523+0530][gc,phases   ] GC(121)   Post Evacuate Collection Set: 0.3ms
[2024-09-04T11:31:39.523+0530][gc,phases   ] GC(121)   Other: 0.4ms
[2024-09-04T11:31:39.523+0530][gc,heap     ] GC(121) Eden regions: 47->0(50)
[2024-09-04T11:31:39.523+0530][gc,heap     ] GC(121) Survivor regions: 4->4(7)
[2024-09-04T11:31:39.523+0530][gc,heap     ] GC(121) Old regions: 126->126
[2024-09-04T11:31:39.523+0530][gc,heap     ] GC(121) Archive regions: 2->2
[2024-09-04T11:31:39.523+0530][gc,heap     ] GC(121) Humongous regions: 129->129
[2024-09-04T11:31:39.523+0530][gc,metaspace] GC(121) Metaspace: 47499K(48256K)->47499K(48256K) NonClass: 41762K(42176K)->41762K(42176K) Class: 5737K(6080K)->5737K(6080K)
[2024-09-04T11:31:39.524+0530][gc          ] GC(121) Pause Young (Normal) (G1 Evacuation Pause) 305M->259M(1024M) 5.127ms
[2024-09-04T11:31:39.524+0530][gc,cpu      ] GC(121) User=0.03s Sys=0.00s Real=0.01s
[2024-09-04T11:33:00.004+0530][gc,start    ] GC(122) Pause Young (Normal) (G1 Evacuation Pause)
[2024-09-04T11:33:00.006+0530][gc,task     ] GC(122) Using 8 workers of 8 for evacuation
[2024-09-04T11:33:00.017+0530][gc,phases   ] GC(122)   Pre Evacuate Collection Set: 0.2ms
[2024-09-04T11:33:00.017+0530][gc,phases   ] GC(122)   Merge Heap Roots: 0.1ms
[2024-09-04T11:33:00.017+0530][gc,phases   ] GC(122)   Evacuate Collection Set: 9.8ms
[2024-09-04T11:33:00.017+0530][gc,phases   ] GC(122)   Post Evacuate Collection Set: 0.5ms
[2024-09-04T11:33:00.017+0530][gc,phases   ] GC(122)   Other: 2.1ms
[2024-09-04T11:33:00.017+0530][gc,heap     ] GC(122) Eden regions: 50->0(45)
[2024-09-04T11:33:00.017+0530][gc,heap     ] GC(122) Survivor regions: 4->6(7)
[2024-09-04T11:33:00.017+0530][gc,heap     ] GC(122) Old regions: 126->127
[2024-09-04T11:33:00.017+0530][gc,heap     ] GC(122) Archive regions: 2->2
[2024-09-04T11:33:00.017+0530][gc,heap     ] GC(122) Humongous regions: 129->129
[2024-09-04T11:33:00.017+0530][gc,metaspace] GC(122) Metaspace: 47499K(48256K)->47499K(48256K) NonClass: 41762K(42176K)->41762K(42176K) Class: 5737K(6080K)->5737K(6080K)
[2024-09-04T11:33:00.017+0530][gc          ] GC(122) Pause Young (Normal) (G1 Evacuation Pause) 309M->262M(1024M) 12.771ms
[2024-09-04T11:33:00.017+0530][gc,cpu      ] GC(122) User=0.04s Sys=0.01s Real=0.01s
[2024-09-04T11:33:35.611+0530][gc,start    ] GC(123) Pause Young (Normal) (G1 Evacuation Pause)
[2024-09-04T11:33:35.611+0530][gc,task     ] GC(123) Using 8 workers of 8 for evacuation
[2024-09-04T11:33:35.627+0530][gc,phases   ] GC(123)   Pre Evacuate Collection Set: 0.2ms
[2024-09-04T11:33:35.627+0530][gc,phases   ] GC(123)   Merge Heap Roots: 0.1ms
[2024-09-04T11:33:35.627+0530][gc,phases   ] GC(123)   Evacuate Collection Set: 15.3ms
[2024-09-04T11:33:35.627+0530][gc,phases   ] GC(123)   Post Evacuate Collection Set: 0.3ms
[2024-09-04T11:33:35.627+0530][gc,phases   ] GC(123)   Other: 0.4ms
[2024-09-04T11:33:35.627+0530][gc,heap     ] GC(123) Eden regions: 45->0(44)
[2024-09-04T11:33:35.627+0530][gc,heap     ] GC(123) Survivor regions: 6->7(7)
[2024-09-04T11:33:35.627+0530][gc,heap     ] GC(123) Old regions: 127->130
[2024-09-04T11:33:35.627+0530][gc,heap     ] GC(123) Archive regions: 2->2
[2024-09-04T11:33:35.627+0530][gc,heap     ] GC(123) Humongous regions: 129->129
[2024-09-04T11:33:35.627+0530][gc,metaspace] GC(123) Metaspace: 47518K(48256K)->47518K(48256K) NonClass: 41775K(42176K)->41775K(42176K) Class: 5742K(6080K)->5742K(6080K)
[2024-09-04T11:33:35.627+0530][gc          ] GC(123) Pause Young (Normal) (G1 Evacuation Pause) 307M->266M(1024M) 16.488ms
[2024-09-04T11:33:35.628+0530][gc,cpu      ] GC(123) User=0.04s Sys=0.02s Real=0.01s
[2024-09-04T11:34:44.971+0530][gc,start    ] GC(124) Pause Young (Normal) (G1 Evacuation Pause)
[2024-09-04T11:34:44.971+0530][gc,task     ] GC(124) Using 8 workers of 8 for evacuation
[2024-09-04T11:34:44.997+0530][gc,mmu      ] GC(124) MMU target violated: 21.0ms (20.0ms/21.0ms)
[2024-09-04T11:34:44.997+0530][gc,phases   ] GC(124)   Pre Evacuate Collection Set: 0.2ms
[2024-09-04T11:34:44.997+0530][gc,phases   ] GC(124)   Merge Heap Roots: 0.1ms
[2024-09-04T11:34:44.997+0530][gc,phases   ] GC(124)   Evacuate Collection Set: 24.3ms
[2024-09-04T11:34:44.997+0530][gc,phases   ] GC(124)   Post Evacuate Collection Set: 0.4ms
[2024-09-04T11:34:44.997+0530][gc,phases   ] GC(124)   Other: 1.2ms
[2024-09-04T11:34:44.997+0530][gc,heap     ] GC(124) Eden regions: 44->0(48)
[2024-09-04T11:34:44.997+0530][gc,heap     ] GC(124) Survivor regions: 7->3(7)
[2024-09-04T11:34:44.997+0530][gc,heap     ] GC(124) Old regions: 130->133
[2024-09-04T11:34:44.997+0530][gc,heap     ] GC(124) Archive regions: 2->2
[2024-09-04T11:34:44.997+0530][gc,heap     ] GC(124) Humongous regions: 129->129
[2024-09-04T11:34:44.997+0530][gc,metaspace] GC(124) Metaspace: 47518K(48256K)->47518K(48256K) NonClass: 41775K(42176K)->41775K(42176K) Class: 5742K(6080K)->5742K(6080K)
[2024-09-04T11:34:44.997+0530][gc          ] GC(124) Pause Young (Normal) (G1 Evacuation Pause) 310M->264M(1024M) 26.334ms
[2024-09-04T11:34:44.997+0530][gc,cpu      ] GC(124) User=0.03s Sys=0.03s Real=0.02s
[2024-09-04T11:37:30.984+0530][gc,start    ] GC(125) Pause Young (Normal) (G1 Evacuation Pause)
[2024-09-04T11:37:30.986+0530][gc,task     ] GC(125) Using 8 workers of 8 for evacuation
[2024-09-04T11:37:31.000+0530][gc,phases   ] GC(125)   Pre Evacuate Collection Set: 1.2ms
[2024-09-04T11:37:31.000+0530][gc,phases   ] GC(125)   Merge Heap Roots: 0.2ms
[2024-09-04T11:37:31.000+0530][gc,phases   ] GC(125)   Evacuate Collection Set: 12.3ms
[2024-09-04T11:37:31.001+0530][gc,phases   ] GC(125)   Post Evacuate Collection Set: 0.9ms
[2024-09-04T11:37:31.001+0530][gc,phases   ] GC(125)   Other: 2.2ms
[2024-09-04T11:37:31.001+0530][gc,heap     ] GC(125) Eden regions: 48->0(45)
[2024-09-04T11:37:31.001+0530][gc,heap     ] GC(125) Survivor regions: 3->6(7)
[2024-09-04T11:37:31.001+0530][gc,heap     ] GC(125) Old regions: 133->133
[2024-09-04T11:37:31.001+0530][gc,heap     ] GC(125) Archive regions: 2->2
[2024-09-04T11:37:31.001+0530][gc,heap     ] GC(125) Humongous regions: 129->129
[2024-09-04T11:37:31.001+0530][gc,metaspace] GC(125) Metaspace: 47518K(48256K)->47518K(48256K) NonClass: 41775K(42176K)->41775K(42176K) Class: 5742K(6080K)->5742K(6080K)
[2024-09-04T11:37:31.001+0530][gc          ] GC(125) Pause Young (Normal) (G1 Evacuation Pause) 312M->267M(1024M) 17.127ms
[2024-09-04T11:37:31.001+0530][gc,cpu      ] GC(125) User=0.04s Sys=0.05s Real=0.02s
[2024-09-04T11:38:08.727+0530][gc,start    ] GC(126) Pause Young (Normal) (G1 Evacuation Pause)
[2024-09-04T11:38:08.729+0530][gc,task     ] GC(126) Using 8 workers of 8 for evacuation
[2024-09-04T11:38:08.752+0530][gc,mmu      ] GC(126) MMU target violated: 21.0ms (20.0ms/21.0ms)
[2024-09-04T11:38:08.752+0530][gc,phases   ] GC(126)   Pre Evacuate Collection Set: 0.2ms
[2024-09-04T11:38:08.752+0530][gc,phases   ] GC(126)   Merge Heap Roots: 0.1ms
[2024-09-04T11:38:08.752+0530][gc,phases   ] GC(126)   Evacuate Collection Set: 22.3ms
[2024-09-04T11:38:08.752+0530][gc,phases   ] GC(126)   Post Evacuate Collection Set: 0.5ms
[2024-09-04T11:38:08.752+0530][gc,phases   ] GC(126)   Other: 2.4ms
[2024-09-04T11:38:08.752+0530][gc,heap     ] GC(126) Eden regions: 45->0(47)
[2024-09-04T11:38:08.752+0530][gc,heap     ] GC(126) Survivor regions: 6->4(7)
[2024-09-04T11:38:08.752+0530][gc,heap     ] GC(126) Old regions: 133->138
[2024-09-04T11:38:08.752+0530][gc,heap     ] GC(126) Archive regions: 2->2
[2024-09-04T11:38:08.752+0530][gc,heap     ] GC(126) Humongous regions: 129->129
[2024-09-04T11:38:08.752+0530][gc,metaspace] GC(126) Metaspace: 47518K(48256K)->47518K(48256K) NonClass: 41775K(42176K)->41775K(42176K) Class: 5742K(6080K)->5742K(6080K)
[2024-09-04T11:38:08.752+0530][gc          ] GC(126) Pause Young (Normal) (G1 Evacuation Pause) 312M->271M(1024M) 25.633ms
[2024-09-04T11:38:08.752+0530][gc,cpu      ] GC(126) User=0.05s Sys=0.05s Real=0.03s
[2024-09-04T11:38:28.996+0530][gc,start    ] GC(127) Pause Young (Normal) (G1 Evacuation Pause)
[2024-09-04T11:38:28.998+0530][gc,task     ] GC(127) Using 8 workers of 8 for evacuation
[2024-09-04T11:38:29.005+0530][gc,phases   ] GC(127)   Pre Evacuate Collection Set: 0.2ms
[2024-09-04T11:38:29.005+0530][gc,phases   ] GC(127)   Merge Heap Roots: 0.1ms
[2024-09-04T11:38:29.005+0530][gc,phases   ] GC(127)   Evacuate Collection Set: 6.3ms
[2024-09-04T11:38:29.006+0530][gc,phases   ] GC(127)   Post Evacuate Collection Set: 0.4ms
[2024-09-04T11:38:29.006+0530][gc,phases   ] GC(127)   Other: 2.3ms
[2024-09-04T11:38:29.006+0530][gc,heap     ] GC(127) Eden regions: 47->0(47)
[2024-09-04T11:38:29.006+0530][gc,heap     ] GC(127) Survivor regions: 4->5(7)
[2024-09-04T11:38:29.006+0530][gc,heap     ] GC(127) Old regions: 138->138
[2024-09-04T11:38:29.006+0530][gc,heap     ] GC(127) Archive regions: 2->2
[2024-09-04T11:38:29.006+0530][gc,heap     ] GC(127) Humongous regions: 129->129
[2024-09-04T11:38:29.006+0530][gc,metaspace] GC(127) Metaspace: 47518K(48256K)->47518K(48256K) NonClass: 41775K(42176K)->41775K(42176K) Class: 5742K(6080K)->5742K(6080K)
[2024-09-04T11:38:29.006+0530][gc          ] GC(127) Pause Young (Normal) (G1 Evacuation Pause) 318M->271M(1024M) 9.520ms
[2024-09-04T11:38:29.006+0530][gc,cpu      ] GC(127) User=0.04s Sys=0.01s Real=0.01s
[2024-09-04T11:39:02.015+0530][gc,start    ] GC(128) Pause Young (Normal) (G1 Evacuation Pause)
[2024-09-04T11:39:02.017+0530][gc,task     ] GC(128) Using 8 workers of 8 for evacuation
[2024-09-04T11:39:02.029+0530][gc,phases   ] GC(128)   Pre Evacuate Collection Set: 0.3ms
[2024-09-04T11:39:02.029+0530][gc,phases   ] GC(128)   Merge Heap Roots: 0.1ms
[2024-09-04T11:39:02.029+0530][gc,phases   ] GC(128)   Evacuate Collection Set: 11.2ms
[2024-09-04T11:39:02.029+0530][gc,phases   ] GC(128)   Post Evacuate Collection Set: 0.6ms
[2024-09-04T11:39:02.029+0530][gc,phases   ] GC(128)   Other: 2.2ms
[2024-09-04T11:39:02.030+0530][gc,heap     ] GC(128) Eden regions: 47->0(44)
[2024-09-04T11:39:02.030+0530][gc,heap     ] GC(128) Survivor regions: 5->7(7)
[2024-09-04T11:39:02.030+0530][gc,heap     ] GC(128) Old regions: 138->139
[2024-09-04T11:39:02.030+0530][gc,heap     ] GC(128) Archive regions: 2->2
[2024-09-04T11:39:02.030+0530][gc,heap     ] GC(128) Humongous regions: 129->129
[2024-09-04T11:39:02.030+0530][gc,metaspace] GC(128) Metaspace: 47519K(48256K)->47519K(48256K) NonClass: 41776K(42176K)->41776K(42176K) Class: 5742K(6080K)->5742K(6080K)
[2024-09-04T11:39:02.030+0530][gc          ] GC(128) Pause Young (Normal) (G1 Evacuation Pause) 318M->275M(1024M) 14.544ms
[2024-09-04T11:39:02.030+0530][gc,cpu      ] GC(128) User=0.04s Sys=0.01s Real=0.02s
[2024-09-04T11:40:12.041+0530][gc,start    ] GC(129) Pause Young (Normal) (G1 Evacuation Pause)
[2024-09-04T11:40:12.041+0530][gc,task     ] GC(129) Using 8 workers of 8 for evacuation
[2024-09-04T11:40:12.083+0530][gc,mmu      ] GC(129) MMU target violated: 21.0ms (20.0ms/21.0ms)
[2024-09-04T11:40:12.083+0530][gc,phases   ] GC(129)   Pre Evacuate Collection Set: 0.8ms
[2024-09-04T11:40:12.083+0530][gc,phases   ] GC(129)   Merge Heap Roots: 0.4ms
[2024-09-04T11:40:12.083+0530][gc,phases   ] GC(129)   Evacuate Collection Set: 39.5ms
[2024-09-04T11:40:12.083+0530][gc,phases   ] GC(129)   Post Evacuate Collection Set: 1.1ms
[2024-09-04T11:40:12.083+0530][gc,phases   ] GC(129)   Other: 0.8ms
[2024-09-04T11:40:12.083+0530][gc,heap     ] GC(129) Eden regions: 44->0(44)
[2024-09-04T11:40:12.083+0530][gc,heap     ] GC(129) Survivor regions: 7->7(7)
[2024-09-04T11:40:12.083+0530][gc,heap     ] GC(129) Old regions: 139->142
[2024-09-04T11:40:12.083+0530][gc,heap     ] GC(129) Archive regions: 2->2
[2024-09-04T11:40:12.083+0530][gc,heap     ] GC(129) Humongous regions: 129->129
[2024-09-04T11:40:12.083+0530][gc,metaspace] GC(129) Metaspace: 47519K(48256K)->47519K(48256K) NonClass: 41776K(42176K)->41776K(42176K) Class: 5742K(6080K)->5742K(6080K)
[2024-09-04T11:40:12.083+0530][gc          ] GC(129) Pause Young (Normal) (G1 Evacuation Pause) 319M->278M(1024M) 42.600ms
[2024-09-04T11:40:12.083+0530][gc,cpu      ] GC(129) User=0.05s Sys=0.09s Real=0.04s
[2024-09-04T11:40:50.016+0530][gc,start    ] GC(130) Pause Young (Normal) (G1 Evacuation Pause)
[2024-09-04T11:40:50.018+0530][gc,task     ] GC(130) Using 8 workers of 8 for evacuation
[2024-09-04T11:40:50.027+0530][gc,phases   ] GC(130)   Pre Evacuate Collection Set: 0.3ms
[2024-09-04T11:40:50.027+0530][gc,phases   ] GC(130)   Merge Heap Roots: 0.2ms
[2024-09-04T11:40:50.027+0530][gc,phases   ] GC(130)   Evacuate Collection Set: 7.9ms
[2024-09-04T11:40:50.027+0530][gc,phases   ] GC(130)   Post Evacuate Collection Set: 0.4ms
[2024-09-04T11:40:50.027+0530][gc,phases   ] GC(130)   Other: 2.3ms
[2024-09-04T11:40:50.027+0530][gc,heap     ] GC(130) Eden regions: 44->0(47)
[2024-09-04T11:40:50.027+0530][gc,heap     ] GC(130) Survivor regions: 7->5(7)
[2024-09-04T11:40:50.027+0530][gc,heap     ] GC(130) Old regions: 142->143
[2024-09-04T11:40:50.027+0530][gc,heap     ] GC(130) Archive regions: 2->2
[2024-09-04T11:40:50.027+0530][gc,heap     ] GC(130) Humongous regions: 129->129
[2024-09-04T11:40:50.027+0530][gc,metaspace] GC(130) Metaspace: 47519K(48256K)->47519K(48256K) NonClass: 41776K(42176K)->41776K(42176K) Class: 5742K(6080K)->5742K(6080K)
[2024-09-04T11:40:50.027+0530][gc          ] GC(130) Pause Young (Normal) (G1 Evacuation Pause) 322M->277M(1024M) 11.251ms
[2024-09-04T11:40:50.027+0530][gc,cpu      ] GC(130) User=0.04s Sys=0.02s Real=0.01s
[2024-09-04T11:41:46.414+0530][gc,start    ] GC(131) Pause Young (Normal) (G1 Evacuation Pause)
[2024-09-04T11:41:46.416+0530][gc,task     ] GC(131) Using 8 workers of 8 for evacuation
[2024-09-04T11:41:46.426+0530][gc,phases   ] GC(131)   Pre Evacuate Collection Set: 0.2ms
[2024-09-04T11:41:46.426+0530][gc,phases   ] GC(131)   Merge Heap Roots: 0.1ms
[2024-09-04T11:41:46.426+0530][gc,phases   ] GC(131)   Evacuate Collection Set: 9.1ms
[2024-09-04T11:41:46.426+0530][gc,phases   ] GC(131)   Post Evacuate Collection Set: 0.4ms
[2024-09-04T11:41:46.426+0530][gc,phases   ] GC(131)   Other: 2.2ms
[2024-09-04T11:41:46.426+0530][gc,heap     ] GC(131) Eden regions: 47->0(45)
[2024-09-04T11:41:46.426+0530][gc,heap     ] GC(131) Survivor regions: 5->6(7)
[2024-09-04T11:41:46.426+0530][gc,heap     ] GC(131) Old regions: 143->145
[2024-09-04T11:41:46.426+0530][gc,heap     ] GC(131) Archive regions: 2->2
[2024-09-04T11:41:46.426+0530][gc,heap     ] GC(131) Humongous regions: 129->129
[2024-09-04T11:41:46.426+0530][gc,metaspace] GC(131) Metaspace: 47519K(48256K)->47519K(48256K) NonClass: 41776K(42176K)->41776K(42176K) Class: 5742K(6080K)->5742K(6080K)
[2024-09-04T11:41:46.426+0530][gc          ] GC(131) Pause Young (Normal) (G1 Evacuation Pause) 324M->279M(1024M) 12.176ms
[2024-09-04T11:41:46.426+0530][gc,cpu      ] GC(131) User=0.04s Sys=0.01s Real=0.01s
[2024-09-04T11:42:05.969+0530][gc,start    ] GC(132) Pause Young (Normal) (G1 Evacuation Pause)
[2024-09-04T11:42:05.971+0530][gc,task     ] GC(132) Using 8 workers of 8 for evacuation
[2024-09-04T11:42:05.991+0530][gc,phases   ] GC(132)   Pre Evacuate Collection Set: 0.2ms
[2024-09-04T11:42:05.991+0530][gc,phases   ] GC(132)   Merge Heap Roots: 0.2ms
[2024-09-04T11:42:05.991+0530][gc,phases   ] GC(132)   Evacuate Collection Set: 18.6ms
[2024-09-04T11:42:05.991+0530][gc,phases   ] GC(132)   Post Evacuate Collection Set: 0.3ms
[2024-09-04T11:42:05.991+0530][gc,phases   ] GC(132)   Other: 2.9ms
[2024-09-04T11:42:05.991+0530][gc,heap     ] GC(132) Eden regions: 45->0(44)
[2024-09-04T11:42:05.991+0530][gc,heap     ] GC(132) Survivor regions: 6->7(7)
[2024-09-04T11:42:05.991+0530][gc,heap     ] GC(132) Old regions: 145->147
[2024-09-04T11:42:05.991+0530][gc,heap     ] GC(132) Archive regions: 2->2
[2024-09-04T11:42:05.991+0530][gc,heap     ] GC(132) Humongous regions: 129->129
[2024-09-04T11:42:05.991+0530][gc,metaspace] GC(132) Metaspace: 47519K(48256K)->47519K(48256K) NonClass: 41776K(42176K)->41776K(42176K) Class: 5742K(6080K)->5742K(6080K)
[2024-09-04T11:42:05.991+0530][gc          ] GC(132) Pause Young (Normal) (G1 Evacuation Pause) 324M->283M(1024M) 22.249ms
[2024-09-04T11:42:05.991+0530][gc,cpu      ] GC(132) User=0.04s Sys=0.03s Real=0.03s
[2024-09-04T11:42:24.847+0530][gc,start    ] GC(133) Pause Young (Normal) (G1 Evacuation Pause)
[2024-09-04T11:42:24.849+0530][gc,task     ] GC(133) Using 8 workers of 8 for evacuation
[2024-09-04T11:42:24.859+0530][gc,phases   ] GC(133)   Pre Evacuate Collection Set: 0.1ms
[2024-09-04T11:42:24.859+0530][gc,phases   ] GC(133)   Merge Heap Roots: 0.1ms
[2024-09-04T11:42:24.859+0530][gc,phases   ] GC(133)   Evacuate Collection Set: 9.3ms
[2024-09-04T11:42:24.859+0530][gc,phases   ] GC(133)   Post Evacuate Collection Set: 0.4ms
[2024-09-04T11:42:24.859+0530][gc,phases   ] GC(133)   Other: 2.2ms
[2024-09-04T11:42:24.859+0530][gc,heap     ] GC(133) Eden regions: 44->0(72)
[2024-09-04T11:42:24.859+0530][gc,heap     ] GC(133) Survivor regions: 7->5(7)
[2024-09-04T11:42:24.859+0530][gc,heap     ] GC(133) Old regions: 147->148
[2024-09-04T11:42:24.859+0530][gc,heap     ] GC(133) Archive regions: 2->2
[2024-09-04T11:42:24.859+0530][gc,heap     ] GC(133) Humongous regions: 129->129
[2024-09-04T11:42:24.859+0530][gc,metaspace] GC(133) Metaspace: 47519K(48256K)->47519K(48256K) NonClass: 41776K(42176K)->41776K(42176K) Class: 5742K(6080K)->5742K(6080K)
[2024-09-04T11:42:24.859+0530][gc          ] GC(133) Pause Young (Normal) (G1 Evacuation Pause) 327M->282M(1024M) 12.254ms
[2024-09-04T11:42:24.859+0530][gc,cpu      ] GC(133) User=0.03s Sys=0.01s Real=0.01s
[2024-09-04T11:43:41.228+0530][gc,start    ] GC(134) Pause Young (Normal) (G1 Evacuation Pause)
[2024-09-04T11:43:41.230+0530][gc,task     ] GC(134) Using 8 workers of 8 for evacuation
[2024-09-04T11:43:41.258+0530][gc,mmu      ] GC(134) MMU target violated: 21.0ms (20.0ms/21.0ms)
[2024-09-04T11:43:41.258+0530][gc,phases   ] GC(134)   Pre Evacuate Collection Set: 0.2ms
[2024-09-04T11:43:41.259+0530][gc,phases   ] GC(134)   Merge Heap Roots: 0.2ms
[2024-09-04T11:43:41.259+0530][gc,phases   ] GC(134)   Evacuate Collection Set: 27.0ms
[2024-09-04T11:43:41.259+0530][gc,phases   ] GC(134)   Post Evacuate Collection Set: 0.5ms
[2024-09-04T11:43:41.259+0530][gc,phases   ] GC(134)   Other: 2.3ms
[2024-09-04T11:43:41.259+0530][gc,heap     ] GC(134) Eden regions: 72->0(42)
[2024-09-04T11:43:41.259+0530][gc,heap     ] GC(134) Survivor regions: 5->9(10)
[2024-09-04T11:43:41.259+0530][gc,heap     ] GC(134) Old regions: 148->148
[2024-09-04T11:43:41.259+0530][gc,heap     ] GC(134) Archive regions: 2->2
[2024-09-04T11:43:41.259+0530][gc,heap     ] GC(134) Humongous regions: 129->129
[2024-09-04T11:43:41.259+0530][gc,metaspace] GC(134) Metaspace: 47519K(48256K)->47519K(48256K) NonClass: 41776K(42176K)->41776K(42176K) Class: 5742K(6080K)->5742K(6080K)
[2024-09-04T11:43:41.259+0530][gc          ] GC(134) Pause Young (Normal) (G1 Evacuation Pause) 354M->286M(1024M) 30.359ms
[2024-09-04T11:43:41.259+0530][gc,cpu      ] GC(134) User=0.06s Sys=0.09s Real=0.03s
[2024-09-04T11:43:59.400+0530][gc,start    ] GC(135) Pause Young (Normal) (G1 Evacuation Pause)
[2024-09-04T11:43:59.402+0530][gc,task     ] GC(135) Using 8 workers of 8 for evacuation
[2024-09-04T11:43:59.420+0530][gc,phases   ] GC(135)   Pre Evacuate Collection Set: 0.2ms
[2024-09-04T11:43:59.420+0530][gc,phases   ] GC(135)   Merge Heap Roots: 0.1ms
[2024-09-04T11:43:59.420+0530][gc,phases   ] GC(135)   Evacuate Collection Set: 17.0ms
[2024-09-04T11:43:59.420+0530][gc,phases   ] GC(135)   Post Evacuate Collection Set: 0.4ms
[2024-09-04T11:43:59.420+0530][gc,phases   ] GC(135)   Other: 2.0ms
[2024-09-04T11:43:59.420+0530][gc,heap     ] GC(135) Eden regions: 42->0(64)
[2024-09-04T11:43:59.420+0530][gc,heap     ] GC(135) Survivor regions: 9->3(7)
[2024-09-04T11:43:59.420+0530][gc,heap     ] GC(135) Old regions: 148->151
[2024-09-04T11:43:59.420+0530][gc,heap     ] GC(135) Archive regions: 2->2
[2024-09-04T11:43:59.420+0530][gc,heap     ] GC(135) Humongous regions: 129->129
[2024-09-04T11:43:59.420+0530][gc,metaspace] GC(135) Metaspace: 47519K(48256K)->47519K(48256K) NonClass: 41776K(42176K)->41776K(42176K) Class: 5742K(6080K)->5742K(6080K)
[2024-09-04T11:43:59.420+0530][gc          ] GC(135) Pause Young (Normal) (G1 Evacuation Pause) 328M->283M(1024M) 19.810ms
[2024-09-04T11:43:59.420+0530][gc,cpu      ] GC(135) User=0.03s Sys=0.02s Real=0.02s
[2024-09-04T11:44:27.027+0530][gc,start    ] GC(136) Pause Young (Normal) (G1 Evacuation Pause)
[2024-09-04T11:44:27.029+0530][gc,task     ] GC(136) Using 8 workers of 8 for evacuation
[2024-09-04T11:44:27.037+0530][gc,phases   ] GC(136)   Pre Evacuate Collection Set: 0.2ms
[2024-09-04T11:44:27.037+0530][gc,phases   ] GC(136)   Merge Heap Roots: 0.1ms
[2024-09-04T11:44:27.037+0530][gc,phases   ] GC(136)   Evacuate Collection Set: 7.1ms
[2024-09-04T11:44:27.037+0530][gc,phases   ] GC(136)   Post Evacuate Collection Set: 0.3ms
[2024-09-04T11:44:27.037+0530][gc,phases   ] GC(136)   Other: 2.2ms
[2024-09-04T11:44:27.037+0530][gc,heap     ] GC(136) Eden regions: 64->0(44)
[2024-09-04T11:44:27.037+0530][gc,heap     ] GC(136) Survivor regions: 3->7(9)
[2024-09-04T11:44:27.037+0530][gc,heap     ] GC(136) Old regions: 151->151
[2024-09-04T11:44:27.037+0530][gc,heap     ] GC(136) Archive regions: 2->2
[2024-09-04T11:44:27.037+0530][gc,heap     ] GC(136) Humongous regions: 129->129
[2024-09-04T11:44:27.037+0530][gc,metaspace] GC(136) Metaspace: 47519K(48256K)->47519K(48256K) NonClass: 41776K(42176K)->41776K(42176K) Class: 5742K(6080K)->5742K(6080K)
[2024-09-04T11:44:27.037+0530][gc          ] GC(136) Pause Young (Normal) (G1 Evacuation Pause) 347M->287M(1024M) 10.097ms
[2024-09-04T11:44:27.037+0530][gc,cpu      ] GC(136) User=0.05s Sys=0.01s Real=0.01s
[2024-09-04T11:45:13.519+0530][gc,start    ] GC(137) Pause Young (Normal) (G1 Evacuation Pause)
[2024-09-04T11:45:13.521+0530][gc,task     ] GC(137) Using 8 workers of 8 for evacuation
[2024-09-04T11:45:13.533+0530][gc,phases   ] GC(137)   Pre Evacuate Collection Set: 0.2ms
[2024-09-04T11:45:13.533+0530][gc,phases   ] GC(137)   Merge Heap Roots: 0.1ms
[2024-09-04T11:45:13.533+0530][gc,phases   ] GC(137)   Evacuate Collection Set: 11.1ms
[2024-09-04T11:45:13.533+0530][gc,phases   ] GC(137)   Post Evacuate Collection Set: 0.4ms
[2024-09-04T11:45:13.533+0530][gc,phases   ] GC(137)   Other: 2.0ms
[2024-09-04T11:45:13.533+0530][gc,heap     ] GC(137) Eden regions: 44->0(78)
[2024-09-04T11:45:13.533+0530][gc,heap     ] GC(137) Survivor regions: 7->2(7)
[2024-09-04T11:45:13.533+0530][gc,heap     ] GC(137) Old regions: 151->153
[2024-09-04T11:45:13.533+0530][gc,heap     ] GC(137) Archive regions: 2->2
[2024-09-04T11:45:13.533+0530][gc,heap     ] GC(137) Humongous regions: 129->129
[2024-09-04T11:45:13.533+0530][gc,metaspace] GC(137) Metaspace: 47525K(48256K)->47525K(48256K) NonClass: 41782K(42176K)->41782K(42176K) Class: 5742K(6080K)->5742K(6080K)
[2024-09-04T11:45:13.533+0530][gc          ] GC(137) Pause Young (Normal) (G1 Evacuation Pause) 331M->283M(1024M) 13.897ms
[2024-09-04T11:45:13.533+0530][gc,cpu      ] GC(137) User=0.02s Sys=0.01s Real=0.02s
[2024-09-04T11:46:57.538+0530][gc,start    ] GC(138) Pause Young (Normal) (G1 Evacuation Pause)
[2024-09-04T11:46:57.540+0530][gc,task     ] GC(138) Using 8 workers of 8 for evacuation
[2024-09-04T11:46:57.569+0530][gc,mmu      ] GC(138) MMU target violated: 21.0ms (20.0ms/21.0ms)
[2024-09-04T11:46:57.569+0530][gc,phases   ] GC(138)   Pre Evacuate Collection Set: 1.0ms
[2024-09-04T11:46:57.569+0530][gc,phases   ] GC(138)   Merge Heap Roots: 0.7ms
[2024-09-04T11:46:57.569+0530][gc,phases   ] GC(138)   Evacuate Collection Set: 25.3ms
[2024-09-04T11:46:57.569+0530][gc,phases   ] GC(138)   Post Evacuate Collection Set: 1.3ms
[2024-09-04T11:46:57.569+0530][gc,phases   ] GC(138)   Other: 2.6ms
[2024-09-04T11:46:57.569+0530][gc,heap     ] GC(138) Eden regions: 78->0(45)
[2024-09-04T11:46:57.569+0530][gc,heap     ] GC(138) Survivor regions: 2->6(10)
[2024-09-04T11:46:57.569+0530][gc,heap     ] GC(138) Old regions: 153->153
[2024-09-04T11:46:57.569+0530][gc,heap     ] GC(138) Archive regions: 2->2
[2024-09-04T11:46:57.569+0530][gc,heap     ] GC(138) Humongous regions: 129->129
[2024-09-04T11:46:57.569+0530][gc,metaspace] GC(138) Metaspace: 47525K(48256K)->47525K(48256K) NonClass: 41782K(42176K)->41782K(42176K) Class: 5742K(6080K)->5742K(6080K)
[2024-09-04T11:46:57.569+0530][gc          ] GC(138) Pause Young (Normal) (G1 Evacuation Pause) 361M->287M(1024M) 30.950ms
[2024-09-04T11:46:57.569+0530][gc,cpu      ] GC(138) User=0.05s Sys=0.10s Real=0.03s
[2024-09-04T11:48:29.554+0530][gc,start    ] GC(139) Pause Young (Normal) (G1 Evacuation Pause)
[2024-09-04T11:48:29.555+0530][gc,task     ] GC(139) Using 8 workers of 8 for evacuation
[2024-09-04T11:48:29.594+0530][gc,mmu      ] GC(139) MMU target violated: 21.0ms (20.0ms/21.0ms)
[2024-09-04T11:48:29.594+0530][gc,phases   ] GC(139)   Pre Evacuate Collection Set: 0.2ms
[2024-09-04T11:48:29.595+0530][gc,phases   ] GC(139)   Merge Heap Roots: 0.1ms
[2024-09-04T11:48:29.595+0530][gc,phases   ] GC(139)   Evacuate Collection Set: 39.0ms
[2024-09-04T11:48:29.595+0530][gc,phases   ] GC(139)   Post Evacuate Collection Set: 0.4ms
[2024-09-04T11:48:29.595+0530][gc,phases   ] GC(139)   Other: 0.6ms
[2024-09-04T11:48:29.595+0530][gc,heap     ] GC(139) Eden regions: 45->0(47)
[2024-09-04T11:48:29.595+0530][gc,heap     ] GC(139) Survivor regions: 6->4(7)
[2024-09-04T11:48:29.595+0530][gc,heap     ] GC(139) Old regions: 153->158
[2024-09-04T11:48:29.595+0530][gc,heap     ] GC(139) Archive regions: 2->2
[2024-09-04T11:48:29.595+0530][gc,heap     ] GC(139) Humongous regions: 129->129
[2024-09-04T11:48:29.595+0530][gc,metaspace] GC(139) Metaspace: 47525K(48256K)->47525K(48256K) NonClass: 41782K(42176K)->41782K(42176K) Class: 5742K(6080K)->5742K(6080K)
[2024-09-04T11:48:29.595+0530][gc          ] GC(139) Pause Young (Normal) (G1 Evacuation Pause) 332M->291M(1024M) 40.461ms
[2024-09-04T11:48:29.595+0530][gc,cpu      ] GC(139) User=0.05s Sys=0.07s Real=0.04s
[2024-09-04T11:50:07.466+0530][gc,start    ] GC(140) Pause Young (Normal) (G1 Evacuation Pause)
[2024-09-04T11:50:07.468+0530][gc,task     ] GC(140) Using 8 workers of 8 for evacuation
[2024-09-04T11:50:07.478+0530][gc,phases   ] GC(140)   Pre Evacuate Collection Set: 0.2ms
[2024-09-04T11:50:07.478+0530][gc,phases   ] GC(140)   Merge Heap Roots: 0.2ms
[2024-09-04T11:50:07.478+0530][gc,phases   ] GC(140)   Evacuate Collection Set: 9.2ms
[2024-09-04T11:50:07.478+0530][gc,phases   ] GC(140)   Post Evacuate Collection Set: 0.4ms
[2024-09-04T11:50:07.478+0530][gc,phases   ] GC(140)   Other: 2.3ms
[2024-09-04T11:50:07.479+0530][gc,heap     ] GC(140) Eden regions: 47->0(46)
[2024-09-04T11:50:07.479+0530][gc,heap     ] GC(140) Survivor regions: 4->5(7)
[2024-09-04T11:50:07.479+0530][gc,heap     ] GC(140) Old regions: 158->158
[2024-09-04T11:50:07.479+0530][gc,heap     ] GC(140) Archive regions: 2->2
[2024-09-04T11:50:07.479+0530][gc,heap     ] GC(140) Humongous regions: 129->129
[2024-09-04T11:50:07.479+0530][gc,metaspace] GC(140) Metaspace: 47525K(48256K)->47525K(48256K) NonClass: 41782K(42176K)->41782K(42176K) Class: 5742K(6080K)->5742K(6080K)
[2024-09-04T11:50:07.479+0530][gc          ] GC(140) Pause Young (Normal) (G1 Evacuation Pause) 338M->292M(1024M) 12.403ms
[2024-09-04T11:50:07.479+0530][gc,cpu      ] GC(140) User=0.04s Sys=0.02s Real=0.01s
[2024-09-04T11:51:42.467+0530][gc,start    ] GC(141) Pause Young (Normal) (G1 Evacuation Pause)
[2024-09-04T11:51:42.469+0530][gc,task     ] GC(141) Using 8 workers of 8 for evacuation
[2024-09-04T11:51:42.483+0530][gc,phases   ] GC(141)   Pre Evacuate Collection Set: 0.2ms
[2024-09-04T11:51:42.483+0530][gc,phases   ] GC(141)   Merge Heap Roots: 0.1ms
[2024-09-04T11:51:42.483+0530][gc,phases   ] GC(141)   Evacuate Collection Set: 13.8ms
[2024-09-04T11:51:42.483+0530][gc,phases   ] GC(141)   Post Evacuate Collection Set: 0.3ms
[2024-09-04T11:51:42.483+0530][gc,phases   ] GC(141)   Other: 2.3ms
[2024-09-04T11:51:42.483+0530][gc,heap     ] GC(141) Eden regions: 46->0(44)
[2024-09-04T11:51:42.483+0530][gc,heap     ] GC(141) Survivor regions: 5->7(7)
[2024-09-04T11:51:42.483+0530][gc,heap     ] GC(141) Old regions: 158->160
[2024-09-04T11:51:42.483+0530][gc,heap     ] GC(141) Archive regions: 2->2
[2024-09-04T11:51:42.483+0530][gc,heap     ] GC(141) Humongous regions: 129->129
[2024-09-04T11:51:42.483+0530][gc,metaspace] GC(141) Metaspace: 47525K(48256K)->47525K(48256K) NonClass: 41782K(42176K)->41782K(42176K) Class: 5742K(6080K)->5742K(6080K)
[2024-09-04T11:51:42.483+0530][gc          ] GC(141) Pause Young (Normal) (G1 Evacuation Pause) 338M->295M(1024M) 16.888ms
[2024-09-04T11:51:42.484+0530][gc,cpu      ] GC(141) User=0.05s Sys=0.02s Real=0.02s
[2024-09-04T11:53:13.423+0530][gc,start    ] GC(142) Pause Young (Normal) (G1 Evacuation Pause)
[2024-09-04T11:53:13.423+0530][gc,task     ] GC(142) Using 8 workers of 8 for evacuation
[2024-09-04T11:53:13.433+0530][gc,phases   ] GC(142)   Pre Evacuate Collection Set: 1.1ms
[2024-09-04T11:53:13.433+0530][gc,phases   ] GC(142)   Merge Heap Roots: 0.2ms
[2024-09-04T11:53:13.433+0530][gc,phases   ] GC(142)   Evacuate Collection Set: 6.3ms
[2024-09-04T11:53:13.433+0530][gc,phases   ] GC(142)   Post Evacuate Collection Set: 0.4ms
[2024-09-04T11:53:13.433+0530][gc,phases   ] GC(142)   Other: 1.6ms
[2024-09-04T11:53:13.433+0530][gc,heap     ] GC(142) Eden regions: 44->0(78)
[2024-09-04T11:53:13.433+0530][gc,heap     ] GC(142) Survivor regions: 7->3(7)
[2024-09-04T11:53:13.433+0530][gc,heap     ] GC(142) Old regions: 160->160
[2024-09-04T11:53:13.433+0530][gc,heap     ] GC(142) Archive regions: 2->2
[2024-09-04T11:53:13.433+0530][gc,heap     ] GC(142) Humongous regions: 129->129
[2024-09-04T11:53:13.433+0530][gc,metaspace] GC(142) Metaspace: 47527K(48256K)->47527K(48256K) NonClass: 41784K(42176K)->41784K(42176K) Class: 5742K(6080K)->5742K(6080K)
[2024-09-04T11:53:13.433+0530][gc          ] GC(142) Pause Young (Normal) (G1 Evacuation Pause) 339M->292M(1024M) 9.762ms
[2024-09-04T11:53:13.433+0530][gc,cpu      ] GC(142) User=0.03s Sys=0.01s Real=0.01s
[2024-09-04T11:55:57.164+0530][gc,start    ] GC(143) Pause Young (Normal) (G1 Evacuation Pause)
[2024-09-04T11:55:57.166+0530][gc,task     ] GC(143) Using 8 workers of 8 for evacuation
[2024-09-04T11:55:57.179+0530][gc,phases   ] GC(143)   Pre Evacuate Collection Set: 0.2ms
[2024-09-04T11:55:57.180+0530][gc,phases   ] GC(143)   Merge Heap Roots: 0.1ms
[2024-09-04T11:55:57.180+0530][gc,phases   ] GC(143)   Evacuate Collection Set: 12.6ms
[2024-09-04T11:55:57.180+0530][gc,phases   ] GC(143)   Post Evacuate Collection Set: 0.3ms
[2024-09-04T11:55:57.180+0530][gc,phases   ] GC(143)   Other: 2.3ms
[2024-09-04T11:55:57.180+0530][gc,heap     ] GC(143) Eden regions: 78->0(43)
[2024-09-04T11:55:57.180+0530][gc,heap     ] GC(143) Survivor regions: 3->8(11)
[2024-09-04T11:55:57.180+0530][gc,heap     ] GC(143) Old regions: 160->160
[2024-09-04T11:55:57.180+0530][gc,heap     ] GC(143) Archive regions: 2->2
[2024-09-04T11:55:57.180+0530][gc,heap     ] GC(143) Humongous regions: 129->129
[2024-09-04T11:55:57.180+0530][gc,metaspace] GC(143) Metaspace: 47527K(48256K)->47527K(48256K) NonClass: 41784K(42176K)->41784K(42176K) Class: 5742K(6080K)->5742K(6080K)
[2024-09-04T11:55:57.180+0530][gc          ] GC(143) Pause Young (Normal) (G1 Evacuation Pause) 370M->297M(1024M) 15.599ms
[2024-09-04T11:55:57.180+0530][gc,cpu      ] GC(143) User=0.05s Sys=0.03s Real=0.02s
[2024-09-04T11:57:26.050+0530][gc,start    ] GC(144) Pause Young (Normal) (G1 Evacuation Pause)
[2024-09-04T11:57:26.052+0530][gc,task     ] GC(144) Using 8 workers of 8 for evacuation
[2024-09-04T11:57:26.063+0530][gc,phases   ] GC(144)   Pre Evacuate Collection Set: 0.2ms
[2024-09-04T11:57:26.063+0530][gc,phases   ] GC(144)   Merge Heap Roots: 0.1ms
[2024-09-04T11:57:26.063+0530][gc,phases   ] GC(144)   Evacuate Collection Set: 9.6ms
[2024-09-04T11:57:26.063+0530][gc,phases   ] GC(144)   Post Evacuate Collection Set: 0.4ms
[2024-09-04T11:57:26.063+0530][gc,phases   ] GC(144)   Other: 2.3ms
[2024-09-04T11:57:26.063+0530][gc,heap     ] GC(144) Eden regions: 43->0(101)
[2024-09-04T11:57:26.063+0530][gc,heap     ] GC(144) Survivor regions: 8->2(7)
[2024-09-04T11:57:26.063+0530][gc,heap     ] GC(144) Old regions: 160->162
[2024-09-04T11:57:26.063+0530][gc,heap     ] GC(144) Archive regions: 2->2
[2024-09-04T11:57:26.063+0530][gc,heap     ] GC(144) Humongous regions: 129->129
[2024-09-04T11:57:26.063+0530][gc,metaspace] GC(144) Metaspace: 47527K(48256K)->47527K(48256K) NonClass: 41784K(42176K)->41784K(42176K) Class: 5742K(6080K)->5742K(6080K)
[2024-09-04T11:57:26.063+0530][gc          ] GC(144) Pause Young (Normal) (G1 Evacuation Pause) 340M->293M(1024M) 12.808ms
[2024-09-04T11:57:26.063+0530][gc,cpu      ] GC(144) User=0.03s Sys=0.02s Real=0.01s
[2024-09-04T12:00:58.411+0530][gc,start    ] GC(145) Pause Young (Normal) (G1 Evacuation Pause)
[2024-09-04T12:00:58.413+0530][gc,task     ] GC(145) Using 8 workers of 8 for evacuation
[2024-09-04T12:00:58.438+0530][gc,mmu      ] GC(145) MMU target violated: 21.0ms (20.0ms/21.0ms)
[2024-09-04T12:00:58.438+0530][gc,phases   ] GC(145)   Pre Evacuate Collection Set: 0.2ms
[2024-09-04T12:00:58.438+0530][gc,phases   ] GC(145)   Merge Heap Roots: 0.1ms
[2024-09-04T12:00:58.438+0530][gc,phases   ] GC(145)   Evacuate Collection Set: 23.6ms
[2024-09-04T12:00:58.438+0530][gc,phases   ] GC(145)   Post Evacuate Collection Set: 0.4ms
[2024-09-04T12:00:58.438+0530][gc,phases   ] GC(145)   Other: 2.3ms
[2024-09-04T12:00:58.438+0530][gc,heap     ] GC(145) Eden regions: 101->0(42)
[2024-09-04T12:00:58.438+0530][gc,heap     ] GC(145) Survivor regions: 2->9(13)
[2024-09-04T12:00:58.438+0530][gc,heap     ] GC(145) Old regions: 162->162
[2024-09-04T12:00:58.438+0530][gc,heap     ] GC(145) Archive regions: 2->2
[2024-09-04T12:00:58.438+0530][gc,heap     ] GC(145) Humongous regions: 129->129
[2024-09-04T12:00:58.438+0530][gc,metaspace] GC(145) Metaspace: 47532K(48256K)->47532K(48256K) NonClass: 41789K(42176K)->41789K(42176K) Class: 5742K(6080K)->5742K(6080K)
[2024-09-04T12:00:58.438+0530][gc          ] GC(145) Pause Young (Normal) (G1 Evacuation Pause) 394M->300M(1024M) 26.619ms
[2024-09-04T12:00:58.438+0530][gc,cpu      ] GC(145) User=0.05s Sys=0.09s Real=0.02s
[2024-09-04T12:02:25.756+0530][gc,start    ] GC(146) Pause Young (Normal) (G1 Evacuation Pause)
[2024-09-04T12:02:25.760+0530][gc,task     ] GC(146) Using 8 workers of 8 for evacuation
[2024-09-04T12:02:25.779+0530][gc,phases   ] GC(146)   Pre Evacuate Collection Set: 1.8ms
[2024-09-04T12:02:25.779+0530][gc,phases   ] GC(146)   Merge Heap Roots: 0.4ms
[2024-09-04T12:02:25.779+0530][gc,phases   ] GC(146)   Evacuate Collection Set: 14.6ms
[2024-09-04T12:02:25.779+0530][gc,phases   ] GC(146)   Post Evacuate Collection Set: 1.6ms
[2024-09-04T12:02:25.779+0530][gc,phases   ] GC(146)   Other: 4.9ms
[2024-09-04T12:02:25.779+0530][gc,heap     ] GC(146) Eden regions: 42->0(80)
[2024-09-04T12:02:25.779+0530][gc,heap     ] GC(146) Survivor regions: 9->3(7)
[2024-09-04T12:02:25.779+0530][gc,heap     ] GC(146) Old regions: 162->164
[2024-09-04T12:02:25.779+0530][gc,heap     ] GC(146) Archive regions: 2->2
[2024-09-04T12:02:25.779+0530][gc,heap     ] GC(146) Humongous regions: 129->129
[2024-09-04T12:02:25.779+0530][gc,metaspace] GC(146) Metaspace: 47532K(48256K)->47532K(48256K) NonClass: 41789K(42176K)->41789K(42176K) Class: 5742K(6080K)->5742K(6080K)
[2024-09-04T12:02:25.779+0530][gc          ] GC(146) Pause Young (Normal) (G1 Evacuation Pause) 342M->296M(1024M) 23.362ms
[2024-09-04T12:02:25.779+0530][gc,cpu      ] GC(146) User=0.03s Sys=0.07s Real=0.02s
[2024-09-04T12:05:12.278+0530][gc,start    ] GC(147) Pause Young (Normal) (G1 Evacuation Pause)
[2024-09-04T12:05:12.280+0530][gc,task     ] GC(147) Using 8 workers of 8 for evacuation
[2024-09-04T12:05:12.295+0530][gc,phases   ] GC(147)   Pre Evacuate Collection Set: 0.3ms
[2024-09-04T12:05:12.295+0530][gc,phases   ] GC(147)   Merge Heap Roots: 0.1ms
[2024-09-04T12:05:12.295+0530][gc,phases   ] GC(147)   Evacuate Collection Set: 13.6ms
[2024-09-04T12:05:12.295+0530][gc,phases   ] GC(147)   Post Evacuate Collection Set: 0.5ms
[2024-09-04T12:05:12.295+0530][gc,phases   ] GC(147)   Other: 2.2ms
[2024-09-04T12:05:12.295+0530][gc,heap     ] GC(147) Eden regions: 80->0(42)
[2024-09-04T12:05:12.295+0530][gc,heap     ] GC(147) Survivor regions: 3->9(11)
[2024-09-04T12:05:12.295+0530][gc,heap     ] GC(147) Old regions: 164->164
[2024-09-04T12:05:12.295+0530][gc,heap     ] GC(147) Archive regions: 2->2
[2024-09-04T12:05:12.295+0530][gc,heap     ] GC(147) Humongous regions: 129->129
[2024-09-04T12:05:12.295+0530][gc,metaspace] GC(147) Metaspace: 47534K(48256K)->47534K(48256K) NonClass: 41791K(42176K)->41791K(42176K) Class: 5742K(6080K)->5742K(6080K)
[2024-09-04T12:05:12.295+0530][gc          ] GC(147) Pause Young (Normal) (G1 Evacuation Pause) 376M->302M(1024M) 16.892ms
[2024-09-04T12:05:12.295+0530][gc,cpu      ] GC(147) User=0.05s Sys=0.03s Real=0.02s
[2024-09-04T12:06:40.562+0530][gc,start    ] GC(148) Pause Young (Normal) (G1 Evacuation Pause)
[2024-09-04T12:06:40.564+0530][gc,task     ] GC(148) Using 8 workers of 8 for evacuation
[2024-09-04T12:06:40.589+0530][gc,mmu      ] GC(148) MMU target violated: 21.0ms (20.0ms/21.0ms)
[2024-09-04T12:06:40.589+0530][gc,phases   ] GC(148)   Pre Evacuate Collection Set: 0.3ms
[2024-09-04T12:06:40.589+0530][gc,phases   ] GC(148)   Merge Heap Roots: 0.1ms
[2024-09-04T12:06:40.589+0530][gc,phases   ] GC(148)   Evacuate Collection Set: 22.2ms
[2024-09-04T12:06:40.589+0530][gc,phases   ] GC(148)   Post Evacuate Collection Set: 0.4ms
[2024-09-04T12:06:40.589+0530][gc,phases   ] GC(148)   Other: 4.2ms
[2024-09-04T12:06:40.589+0530][gc,heap     ] GC(148) Eden regions: 42->0(64)
[2024-09-04T12:06:40.589+0530][gc,heap     ] GC(148) Survivor regions: 9->4(7)
[2024-09-04T12:06:40.589+0530][gc,heap     ] GC(148) Old regions: 164->166
[2024-09-04T12:06:40.589+0530][gc,heap     ] GC(148) Archive regions: 2->2
[2024-09-04T12:06:40.589+0530][gc,heap     ] GC(148) Humongous regions: 129->129
[2024-09-04T12:06:40.589+0530][gc,metaspace] GC(148) Metaspace: 47534K(48256K)->47534K(48256K) NonClass: 41791K(42176K)->41791K(42176K) Class: 5742K(6080K)->5742K(6080K)
[2024-09-04T12:06:40.589+0530][gc          ] GC(148) Pause Young (Normal) (G1 Evacuation Pause) 344M->298M(1024M) 27.267ms
[2024-09-04T12:06:40.589+0530][gc,cpu      ] GC(148) User=0.04s Sys=0.02s Real=0.02s
[2024-09-04T12:08:53.131+0530][gc,start    ] GC(149) Pause Young (Normal) (G1 Evacuation Pause)
[2024-09-04T12:08:53.133+0530][gc,task     ] GC(149) Using 8 workers of 8 for evacuation
[2024-09-04T12:08:53.148+0530][gc,phases   ] GC(149)   Pre Evacuate Collection Set: 0.2ms
[2024-09-04T12:08:53.148+0530][gc,phases   ] GC(149)   Merge Heap Roots: 0.1ms
[2024-09-04T12:08:53.148+0530][gc,phases   ] GC(149)   Evacuate Collection Set: 14.2ms
[2024-09-04T12:08:53.148+0530][gc,phases   ] GC(149)   Post Evacuate Collection Set: 0.3ms
[2024-09-04T12:08:53.148+0530][gc,phases   ] GC(149)   Other: 2.2ms
[2024-09-04T12:08:53.148+0530][gc,heap     ] GC(149) Eden regions: 64->0(43)
[2024-09-04T12:08:53.148+0530][gc,heap     ] GC(149) Survivor regions: 4->8(9)
[2024-09-04T12:08:53.148+0530][gc,heap     ] GC(149) Old regions: 166->166
[2024-09-04T12:08:53.148+0530][gc,heap     ] GC(149) Archive regions: 2->2
[2024-09-04T12:08:53.149+0530][gc,heap     ] GC(149) Humongous regions: 129->129
[2024-09-04T12:08:53.149+0530][gc,metaspace] GC(149) Metaspace: 47545K(48256K)->47545K(48256K) NonClass: 41802K(42176K)->41802K(42176K) Class: 5742K(6080K)->5742K(6080K)
[2024-09-04T12:08:53.149+0530][gc          ] GC(149) Pause Young (Normal) (G1 Evacuation Pause) 362M->302M(1024M) 17.265ms
[2024-09-04T12:08:53.149+0530][gc,cpu      ] GC(149) User=0.05s Sys=0.03s Real=0.01s
[2024-09-04T12:10:22.548+0530][gc,start    ] GC(150) Pause Young (Normal) (G1 Evacuation Pause)
[2024-09-04T12:10:22.550+0530][gc,task     ] GC(150) Using 8 workers of 8 for evacuation
[2024-09-04T12:10:22.574+0530][gc,mmu      ] GC(150) MMU target violated: 21.0ms (20.0ms/21.0ms)
[2024-09-04T12:10:22.574+0530][gc,phases   ] GC(150)   Pre Evacuate Collection Set: 0.2ms
[2024-09-04T12:10:22.574+0530][gc,phases   ] GC(150)   Merge Heap Roots: 0.1ms
[2024-09-04T12:10:22.574+0530][gc,phases   ] GC(150)   Evacuate Collection Set: 23.3ms
[2024-09-04T12:10:22.574+0530][gc,phases   ] GC(150)   Post Evacuate Collection Set: 0.3ms
[2024-09-04T12:10:22.574+0530][gc,phases   ] GC(150)   Other: 2.3ms
[2024-09-04T12:10:22.574+0530][gc,heap     ] GC(150) Eden regions: 43->0(48)
[2024-09-04T12:10:22.574+0530][gc,heap     ] GC(150) Survivor regions: 8->3(7)
[2024-09-04T12:10:22.574+0530][gc,heap     ] GC(150) Old regions: 166->167
[2024-09-04T12:10:22.574+0530][gc,heap     ] GC(150) Archive regions: 2->2
[2024-09-04T12:10:22.574+0530][gc,heap     ] GC(150) Humongous regions: 129->129
[2024-09-04T12:10:22.574+0530][gc,metaspace] GC(150) Metaspace: 47545K(48256K)->47545K(48256K) NonClass: 41802K(42176K)->41802K(42176K) Class: 5742K(6080K)->5742K(6080K)
[2024-09-04T12:10:22.574+0530][gc          ] GC(150) Pause Young (Normal) (G1 Evacuation Pause) 345M->299M(1024M) 26.396ms
[2024-09-04T12:10:22.574+0530][gc,cpu      ] GC(150) User=0.03s Sys=0.03s Real=0.03s
[2024-09-04T12:12:02.152+0530][gc,start    ] GC(151) Pause Young (Normal) (G1 Evacuation Pause)
[2024-09-04T12:12:02.154+0530][gc,task     ] GC(151) Using 8 workers of 8 for evacuation
[2024-09-04T12:12:02.160+0530][gc,phases   ] GC(151)   Pre Evacuate Collection Set: 0.2ms
[2024-09-04T12:12:02.160+0530][gc,phases   ] GC(151)   Merge Heap Roots: 0.2ms
[2024-09-04T12:12:02.160+0530][gc,phases   ] GC(151)   Evacuate Collection Set: 5.1ms
[2024-09-04T12:12:02.160+0530][gc,phases   ] GC(151)   Post Evacuate Collection Set: 0.4ms
[2024-09-04T12:12:02.160+0530][gc,phases   ] GC(151)   Other: 2.2ms
[2024-09-04T12:12:02.160+0530][gc,heap     ] GC(151) Eden regions: 48->0(45)
[2024-09-04T12:12:02.160+0530][gc,heap     ] GC(151) Survivor regions: 3->6(7)
[2024-09-04T12:12:02.160+0530][gc,heap     ] GC(151) Old regions: 167->167
[2024-09-04T12:12:02.160+0530][gc,heap     ] GC(151) Archive regions: 2->2
[2024-09-04T12:12:02.160+0530][gc,heap     ] GC(151) Humongous regions: 129->129
[2024-09-04T12:12:02.160+0530][gc,metaspace] GC(151) Metaspace: 47545K(48256K)->47545K(48256K) NonClass: 41802K(42176K)->41802K(42176K) Class: 5742K(6080K)->5742K(6080K)
[2024-09-04T12:12:02.160+0530][gc          ] GC(151) Pause Young (Normal) (G1 Evacuation Pause) 347M->302M(1024M) 8.381ms
[2024-09-04T12:12:02.160+0530][gc,cpu      ] GC(151) User=0.04s Sys=0.01s Real=0.01s
[2024-09-04T12:13:35.452+0530][gc,start    ] GC(152) Pause Young (Normal) (G1 Evacuation Pause)
[2024-09-04T12:13:35.454+0530][gc,task     ] GC(152) Using 8 workers of 8 for evacuation
[2024-09-04T12:13:35.470+0530][gc,phases   ] GC(152)   Pre Evacuate Collection Set: 1.0ms
[2024-09-04T12:13:35.470+0530][gc,phases   ] GC(152)   Merge Heap Roots: 0.1ms
[2024-09-04T12:13:35.470+0530][gc,phases   ] GC(152)   Evacuate Collection Set: 15.0ms
[2024-09-04T12:13:35.470+0530][gc,phases   ] GC(152)   Post Evacuate Collection Set: 0.3ms
[2024-09-04T12:13:35.470+0530][gc,phases   ] GC(152)   Other: 2.3ms
[2024-09-04T12:13:35.470+0530][gc,heap     ] GC(152) Eden regions: 45->0(44)
[2024-09-04T12:13:35.470+0530][gc,heap     ] GC(152) Survivor regions: 6->7(7)
[2024-09-04T12:13:35.470+0530][gc,heap     ] GC(152) Old regions: 167->169
[2024-09-04T12:13:35.470+0530][gc,heap     ] GC(152) Archive regions: 2->2
[2024-09-04T12:13:35.471+0530][gc,heap     ] GC(152) Humongous regions: 129->129
[2024-09-04T12:13:35.471+0530][gc,metaspace] GC(152) Metaspace: 47546K(48256K)->47546K(48256K) NonClass: 41803K(42176K)->41803K(42176K) Class: 5742K(6080K)->5742K(6080K)
[2024-09-04T12:13:35.471+0530][gc          ] GC(152) Pause Young (Normal) (G1 Evacuation Pause) 347M->305M(1024M) 18.786ms
[2024-09-04T12:13:35.471+0530][gc,cpu      ] GC(152) User=0.04s Sys=0.02s Real=0.02s
[2024-09-04T12:15:07.006+0530][gc,start    ] GC(153) Pause Young (Normal) (G1 Evacuation Pause)
[2024-09-04T12:15:07.008+0530][gc,task     ] GC(153) Using 8 workers of 8 for evacuation
[2024-09-04T12:15:07.017+0530][gc,phases   ] GC(153)   Pre Evacuate Collection Set: 0.2ms
[2024-09-04T12:15:07.017+0530][gc,phases   ] GC(153)   Merge Heap Roots: 0.1ms
[2024-09-04T12:15:07.017+0530][gc,phases   ] GC(153)   Evacuate Collection Set: 8.0ms
[2024-09-04T12:15:07.017+0530][gc,phases   ] GC(153)   Post Evacuate Collection Set: 0.4ms
[2024-09-04T12:15:07.017+0530][gc,phases   ] GC(153)   Other: 2.2ms
[2024-09-04T12:15:07.017+0530][gc,heap     ] GC(153) Eden regions: 44->0(46)
[2024-09-04T12:15:07.017+0530][gc,heap     ] GC(153) Survivor regions: 7->5(7)
[2024-09-04T12:15:07.017+0530][gc,heap     ] GC(153) Old regions: 169->170
[2024-09-04T12:15:07.017+0530][gc,heap     ] GC(153) Archive regions: 2->2
[2024-09-04T12:15:07.017+0530][gc,heap     ] GC(153) Humongous regions: 129->129
[2024-09-04T12:15:07.017+0530][gc,metaspace] GC(153) Metaspace: 47546K(48256K)->47546K(48256K) NonClass: 41803K(42176K)->41803K(42176K) Class: 5742K(6080K)->5742K(6080K)
[2024-09-04T12:15:07.017+0530][gc          ] GC(153) Pause Young (Normal) (G1 Evacuation Pause) 349M->303M(1024M) 11.011ms
[2024-09-04T12:15:07.017+0530][gc,cpu      ] GC(153) User=0.03s Sys=0.02s Real=0.01s
[2024-09-04T12:16:41.181+0530][gc,start    ] GC(154) Pause Young (Normal) (G1 Evacuation Pause)
[2024-09-04T12:16:41.181+0530][gc,task     ] GC(154) Using 8 workers of 8 for evacuation
[2024-09-04T12:16:41.190+0530][gc,phases   ] GC(154)   Pre Evacuate Collection Set: 0.2ms
[2024-09-04T12:16:41.190+0530][gc,phases   ] GC(154)   Merge Heap Roots: 0.1ms
[2024-09-04T12:16:41.190+0530][gc,phases   ] GC(154)   Evacuate Collection Set: 7.4ms
[2024-09-04T12:16:41.190+0530][gc,phases   ] GC(154)   Post Evacuate Collection Set: 0.4ms
[2024-09-04T12:16:41.190+0530][gc,phases   ] GC(154)   Other: 0.2ms
[2024-09-04T12:16:41.190+0530][gc,heap     ] GC(154) Eden regions: 46->0(44)
[2024-09-04T12:16:41.190+0530][gc,heap     ] GC(154) Survivor regions: 5->7(7)
[2024-09-04T12:16:41.190+0530][gc,heap     ] GC(154) Old regions: 170->171
[2024-09-04T12:16:41.190+0530][gc,heap     ] GC(154) Archive regions: 2->2
[2024-09-04T12:16:41.190+0530][gc,heap     ] GC(154) Humongous regions: 129->129
[2024-09-04T12:16:41.190+0530][gc,metaspace] GC(154) Metaspace: 47546K(48256K)->47546K(48256K) NonClass: 41803K(42176K)->41803K(42176K) Class: 5742K(6080K)->5742K(6080K)
[2024-09-04T12:16:41.190+0530][gc          ] GC(154) Pause Young (Normal) (G1 Evacuation Pause) 349M->306M(1024M) 8.456ms
[2024-09-04T12:16:41.190+0530][gc,cpu      ] GC(154) User=0.03s Sys=0.01s Real=0.01s
[2024-09-04T12:18:11.813+0530][gc,start    ] GC(155) Pause Young (Normal) (G1 Evacuation Pause)
[2024-09-04T12:18:11.813+0530][gc,task     ] GC(155) Using 8 workers of 8 for evacuation
[2024-09-04T12:18:11.821+0530][gc,phases   ] GC(155)   Pre Evacuate Collection Set: 0.3ms
[2024-09-04T12:18:11.821+0530][gc,phases   ] GC(155)   Merge Heap Roots: 0.1ms
[2024-09-04T12:18:11.821+0530][gc,phases   ] GC(155)   Evacuate Collection Set: 6.5ms
[2024-09-04T12:18:11.821+0530][gc,phases   ] GC(155)   Post Evacuate Collection Set: 0.5ms
[2024-09-04T12:18:11.821+0530][gc,phases   ] GC(155)   Other: 0.4ms
[2024-09-04T12:18:11.821+0530][gc,heap     ] GC(155) Eden regions: 44->0(104)
[2024-09-04T12:18:11.821+0530][gc,heap     ] GC(155) Survivor regions: 7->2(7)
[2024-09-04T12:18:11.821+0530][gc,heap     ] GC(155) Old regions: 171->172
[2024-09-04T12:18:11.821+0530][gc,heap     ] GC(155) Archive regions: 2->2
[2024-09-04T12:18:11.821+0530][gc,heap     ] GC(155) Humongous regions: 129->129
[2024-09-04T12:18:11.821+0530][gc,metaspace] GC(155) Metaspace: 47546K(48256K)->47546K(48256K) NonClass: 41803K(42176K)->41803K(42176K) Class: 5742K(6080K)->5742K(6080K)
[2024-09-04T12:18:11.821+0530][gc          ] GC(155) Pause Young (Normal) (G1 Evacuation Pause) 350M->303M(1024M) 7.885ms
[2024-09-04T12:18:11.821+0530][gc,cpu      ] GC(155) User=0.02s Sys=0.00s Real=0.01s
[2024-09-04T12:21:49.258+0530][gc,start    ] GC(156) Pause Young (Normal) (G1 Evacuation Pause)
[2024-09-04T12:21:49.260+0530][gc,task     ] GC(156) Using 8 workers of 8 for evacuation
[2024-09-04T12:21:49.283+0530][gc,mmu      ] GC(156) MMU target violated: 21.0ms (20.0ms/21.0ms)
[2024-09-04T12:21:49.283+0530][gc,phases   ] GC(156)   Pre Evacuate Collection Set: 0.2ms
[2024-09-04T12:21:49.283+0530][gc,phases   ] GC(156)   Merge Heap Roots: 0.1ms
[2024-09-04T12:21:49.283+0530][gc,phases   ] GC(156)   Evacuate Collection Set: 20.8ms
[2024-09-04T12:21:49.283+0530][gc,phases   ] GC(156)   Post Evacuate Collection Set: 0.5ms
[2024-09-04T12:21:49.283+0530][gc,phases   ] GC(156)   Other: 3.2ms
[2024-09-04T12:21:49.283+0530][gc,heap     ] GC(156) Eden regions: 104->0(42)
[2024-09-04T12:21:49.283+0530][gc,heap     ] GC(156) Survivor regions: 2->9(14)
[2024-09-04T12:21:49.283+0530][gc,heap     ] GC(156) Old regions: 172->172
[2024-09-04T12:21:49.283+0530][gc,heap     ] GC(156) Archive regions: 2->2
[2024-09-04T12:21:49.283+0530][gc,heap     ] GC(156) Humongous regions: 129->129
[2024-09-04T12:21:49.284+0530][gc,metaspace] GC(156) Metaspace: 47546K(48256K)->47546K(48256K) NonClass: 41803K(42176K)->41803K(42176K) Class: 5742K(6080K)->5742K(6080K)
[2024-09-04T12:21:49.284+0530][gc          ] GC(156) Pause Young (Normal) (G1 Evacuation Pause) 407M->310M(1024M) 25.038ms
[2024-09-04T12:21:49.284+0530][gc,cpu      ] GC(156) User=0.05s Sys=0.06s Real=0.03s
[2024-09-04T12:23:14.133+0530][gc,start    ] GC(157) Pause Young (Normal) (G1 Evacuation Pause)
[2024-09-04T12:23:14.133+0530][gc,task     ] GC(157) Using 8 workers of 8 for evacuation
[2024-09-04T12:23:14.145+0530][gc,phases   ] GC(157)   Pre Evacuate Collection Set: 0.1ms
[2024-09-04T12:23:14.145+0530][gc,phases   ] GC(157)   Merge Heap Roots: 0.1ms
[2024-09-04T12:23:14.145+0530][gc,phases   ] GC(157)   Evacuate Collection Set: 11.7ms
[2024-09-04T12:23:14.145+0530][gc,phases   ] GC(157)   Post Evacuate Collection Set: 0.4ms
[2024-09-04T12:23:14.145+0530][gc,phases   ] GC(157)   Other: 0.4ms
[2024-09-04T12:23:14.145+0530][gc,heap     ] GC(157) Eden regions: 42->0(85)
[2024-09-04T12:23:14.145+0530][gc,heap     ] GC(157) Survivor regions: 9->4(7)
[2024-09-04T12:23:14.146+0530][gc,heap     ] GC(157) Old regions: 172->174
[2024-09-04T12:23:14.146+0530][gc,heap     ] GC(157) Archive regions: 2->2
[2024-09-04T12:23:14.146+0530][gc,heap     ] GC(157) Humongous regions: 129->129
[2024-09-04T12:23:14.146+0530][gc,metaspace] GC(157) Metaspace: 47546K(48256K)->47546K(48256K) NonClass: 41803K(42176K)->41803K(42176K) Class: 5742K(6080K)->5742K(6080K)
[2024-09-04T12:23:14.146+0530][gc          ] GC(157) Pause Young (Normal) (G1 Evacuation Pause) 352M->306M(1024M) 12.924ms
[2024-09-04T12:23:14.146+0530][gc,cpu      ] GC(157) User=0.03s Sys=0.02s Real=0.01s
[2024-09-04T12:26:10.486+0530][gc,start    ] GC(158) Pause Young (Normal) (G1 Evacuation Pause)
[2024-09-04T12:26:10.488+0530][gc,task     ] GC(158) Using 8 workers of 8 for evacuation
[2024-09-04T12:26:10.495+0530][gc,phases   ] GC(158)   Pre Evacuate Collection Set: 0.2ms
[2024-09-04T12:26:10.495+0530][gc,phases   ] GC(158)   Merge Heap Roots: 0.1ms
[2024-09-04T12:26:10.495+0530][gc,phases   ] GC(158)   Evacuate Collection Set: 6.3ms
[2024-09-04T12:26:10.495+0530][gc,phases   ] GC(158)   Post Evacuate Collection Set: 0.3ms
[2024-09-04T12:26:10.495+0530][gc,phases   ] GC(158)   Other: 2.1ms
[2024-09-04T12:26:10.495+0530][gc,heap     ] GC(158) Eden regions: 85->0(42)
[2024-09-04T12:26:10.495+0530][gc,heap     ] GC(158) Survivor regions: 4->9(12)
[2024-09-04T12:26:10.495+0530][gc,heap     ] GC(158) Old regions: 174->174
[2024-09-04T12:26:10.495+0530][gc,heap     ] GC(158) Archive regions: 2->2
[2024-09-04T12:26:10.495+0530][gc,heap     ] GC(158) Humongous regions: 129->129
[2024-09-04T12:26:10.496+0530][gc,metaspace] GC(158) Metaspace: 47546K(48256K)->47546K(48256K) NonClass: 41803K(42176K)->41803K(42176K) Class: 5742K(6080K)->5742K(6080K)
[2024-09-04T12:26:10.496+0530][gc          ] GC(158) Pause Young (Normal) (G1 Evacuation Pause) 391M->312M(1024M) 9.072ms
[2024-09-04T12:26:10.496+0530][gc,cpu      ] GC(158) User=0.04s Sys=0.00s Real=0.01s
[2024-09-04T12:27:37.755+0530][gc,start    ] GC(159) Pause Young (Normal) (G1 Evacuation Pause)
[2024-09-04T12:27:37.755+0530][gc,task     ] GC(159) Using 8 workers of 8 for evacuation
[2024-09-04T12:27:37.764+0530][gc,phases   ] GC(159)   Pre Evacuate Collection Set: 0.2ms
[2024-09-04T12:27:37.764+0530][gc,phases   ] GC(159)   Merge Heap Roots: 0.1ms
[2024-09-04T12:27:37.764+0530][gc,phases   ] GC(159)   Evacuate Collection Set: 8.0ms
[2024-09-04T12:27:37.764+0530][gc,phases   ] GC(159)   Post Evacuate Collection Set: 0.4ms
[2024-09-04T12:27:37.764+0530][gc,phases   ] GC(159)   Other: 0.5ms
[2024-09-04T12:27:37.764+0530][gc,heap     ] GC(159) Eden regions: 42->0(122)
[2024-09-04T12:27:37.764+0530][gc,heap     ] GC(159) Survivor regions: 9->3(7)
[2024-09-04T12:27:37.764+0530][gc,heap     ] GC(159) Old regions: 174->176
[2024-09-04T12:27:37.764+0530][gc,heap     ] GC(159) Archive regions: 2->2
[2024-09-04T12:27:37.764+0530][gc,heap     ] GC(159) Humongous regions: 129->129
[2024-09-04T12:27:37.764+0530][gc,metaspace] GC(159) Metaspace: 47546K(48256K)->47546K(48256K) NonClass: 41803K(42176K)->41803K(42176K) Class: 5742K(6080K)->5742K(6080K)
[2024-09-04T12:27:37.764+0530][gc          ] GC(159) Pause Young (Normal) (G1 Evacuation Pause) 354M->308M(1024M) 9.449ms
[2024-09-04T12:27:37.764+0530][gc,cpu      ] GC(159) User=0.03s Sys=0.02s Real=0.01s
[2024-09-04T12:31:53.339+0530][gc,start    ] GC(160) Pause Young (Normal) (G1 Evacuation Pause)
[2024-09-04T12:31:53.341+0530][gc,task     ] GC(160) Using 8 workers of 8 for evacuation
[2024-09-04T12:31:53.352+0530][gc,phases   ] GC(160)   Pre Evacuate Collection Set: 0.2ms
[2024-09-04T12:31:53.352+0530][gc,phases   ] GC(160)   Merge Heap Roots: 0.1ms
[2024-09-04T12:31:53.352+0530][gc,phases   ] GC(160)   Evacuate Collection Set: 10.6ms
[2024-09-04T12:31:53.352+0530][gc,phases   ] GC(160)   Post Evacuate Collection Set: 0.5ms
[2024-09-04T12:31:53.352+0530][gc,phases   ] GC(160)   Other: 2.1ms
[2024-09-04T12:31:53.352+0530][gc,heap     ] GC(160) Eden regions: 122->0(110)
[2024-09-04T12:31:53.352+0530][gc,heap     ] GC(160) Survivor regions: 3->5(16)
[2024-09-04T12:31:53.352+0530][gc,heap     ] GC(160) Old regions: 176->176
[2024-09-04T12:31:53.352+0530][gc,heap     ] GC(160) Archive regions: 2->2
[2024-09-04T12:31:53.352+0530][gc,heap     ] GC(160) Humongous regions: 129->129
[2024-09-04T12:31:53.352+0530][gc,metaspace] GC(160) Metaspace: 47546K(48256K)->47546K(48256K) NonClass: 41803K(42176K)->41803K(42176K) Class: 5742K(6080K)->5742K(6080K)
[2024-09-04T12:31:53.352+0530][gc          ] GC(160) Pause Young (Normal) (G1 Evacuation Pause) 430M->309M(1024M) 13.652ms
[2024-09-04T12:31:53.352+0530][gc,cpu      ] GC(160) User=0.03s Sys=0.04s Real=0.02s
[2024-09-04T12:35:39.552+0530][gc,start    ] GC(161) Pause Young (Normal) (G1 Evacuation Pause)
[2024-09-04T12:35:39.554+0530][gc,task     ] GC(161) Using 8 workers of 8 for evacuation
[2024-09-04T12:35:39.562+0530][gc,phases   ] GC(161)   Pre Evacuate Collection Set: 0.2ms
[2024-09-04T12:35:39.562+0530][gc,phases   ] GC(161)   Merge Heap Roots: 0.1ms
[2024-09-04T12:35:39.562+0530][gc,phases   ] GC(161)   Evacuate Collection Set: 6.3ms
[2024-09-04T12:35:39.562+0530][gc,phases   ] GC(161)   Post Evacuate Collection Set: 0.4ms
[2024-09-04T12:35:39.562+0530][gc,phases   ] GC(161)   Other: 2.2ms
[2024-09-04T12:35:39.562+0530][gc,heap     ] GC(161) Eden regions: 110->0(104)
[2024-09-04T12:35:39.562+0530][gc,heap     ] GC(161) Survivor regions: 5->7(15)
[2024-09-04T12:35:39.562+0530][gc,heap     ] GC(161) Old regions: 176->176
[2024-09-04T12:35:39.562+0530][gc,heap     ] GC(161) Archive regions: 2->2
[2024-09-04T12:35:39.562+0530][gc,heap     ] GC(161) Humongous regions: 129->129
[2024-09-04T12:35:39.562+0530][gc,metaspace] GC(161) Metaspace: 47546K(48256K)->47546K(48256K) NonClass: 41803K(42176K)->41803K(42176K) Class: 5742K(6080K)->5742K(6080K)
[2024-09-04T12:35:39.562+0530][gc          ] GC(161) Pause Young (Normal) (G1 Evacuation Pause) 419M->311M(1024M) 9.549ms
[2024-09-04T12:35:39.562+0530][gc,cpu      ] GC(161) User=0.05s Sys=0.00s Real=0.01s
[2024-09-04T12:39:14.390+0530][gc,start    ] GC(162) Pause Young (Normal) (G1 Evacuation Pause)
[2024-09-04T12:39:14.392+0530][gc,task     ] GC(162) Using 8 workers of 8 for evacuation
[2024-09-04T12:39:14.400+0530][gc,phases   ] GC(162)   Pre Evacuate Collection Set: 0.3ms
[2024-09-04T12:39:14.400+0530][gc,phases   ] GC(162)   Merge Heap Roots: 0.2ms
[2024-09-04T12:39:14.400+0530][gc,phases   ] GC(162)   Evacuate Collection Set: 6.3ms
[2024-09-04T12:39:14.400+0530][gc,phases   ] GC(162)   Post Evacuate Collection Set: 0.4ms
[2024-09-04T12:39:14.400+0530][gc,phases   ] GC(162)   Other: 2.3ms
[2024-09-04T12:39:14.400+0530][gc,heap     ] GC(162) Eden regions: 104->0(155)
[2024-09-04T12:39:14.400+0530][gc,heap     ] GC(162) Survivor regions: 7->7(14)
[2024-09-04T12:39:14.400+0530][gc,heap     ] GC(162) Old regions: 176->176
[2024-09-04T12:39:14.400+0530][gc,heap     ] GC(162) Archive regions: 2->2
[2024-09-04T12:39:14.400+0530][gc,heap     ] GC(162) Humongous regions: 129->129
[2024-09-04T12:39:14.400+0530][gc,metaspace] GC(162) Metaspace: 47546K(48256K)->47546K(48256K) NonClass: 41803K(42176K)->41803K(42176K) Class: 5742K(6080K)->5742K(6080K)
[2024-09-04T12:39:14.400+0530][gc          ] GC(162) Pause Young (Normal) (G1 Evacuation Pause) 415M->311M(1024M) 9.673ms
[2024-09-04T12:39:14.400+0530][gc,cpu      ] GC(162) User=0.05s Sys=0.00s Real=0.01s
[2024-09-04T12:44:39.479+0530][gc,start    ] GC(163) Pause Young (Normal) (G1 Evacuation Pause)
[2024-09-04T12:44:39.481+0530][gc,task     ] GC(163) Using 8 workers of 8 for evacuation
[2024-09-04T12:44:39.516+0530][gc,mmu      ] GC(163) MMU target violated: 21.0ms (20.0ms/21.0ms)
[2024-09-04T12:44:39.516+0530][gc,phases   ] GC(163)   Pre Evacuate Collection Set: 2.0ms
[2024-09-04T12:44:39.516+0530][gc,phases   ] GC(163)   Merge Heap Roots: 0.4ms
[2024-09-04T12:44:39.516+0530][gc,phases   ] GC(163)   Evacuate Collection Set: 28.8ms
[2024-09-04T12:44:39.516+0530][gc,phases   ] GC(163)   Post Evacuate Collection Set: 3.3ms
[2024-09-04T12:44:39.516+0530][gc,phases   ] GC(163)   Other: 2.7ms
[2024-09-04T12:44:39.516+0530][gc,heap     ] GC(163) Eden regions: 155->0(42)
[2024-09-04T12:44:39.516+0530][gc,heap     ] GC(163) Survivor regions: 7->9(21)
[2024-09-04T12:44:39.516+0530][gc,heap     ] GC(163) Old regions: 176->176
[2024-09-04T12:44:39.516+0530][gc,heap     ] GC(163) Archive regions: 2->2
[2024-09-04T12:44:39.516+0530][gc,heap     ] GC(163) Humongous regions: 129->129
[2024-09-04T12:44:39.516+0530][gc,metaspace] GC(163) Metaspace: 47546K(48256K)->47546K(48256K) NonClass: 41803K(42176K)->41803K(42176K) Class: 5742K(6080K)->5742K(6080K)
[2024-09-04T12:44:39.516+0530][gc          ] GC(163) Pause Young (Normal) (G1 Evacuation Pause) 466M->313M(1024M) 37.221ms
[2024-09-04T12:44:39.516+0530][gc,cpu      ] GC(163) User=0.05s Sys=0.10s Real=0.04s
[2024-09-04T12:46:08.024+0530][gc,start    ] GC(164) Pause Young (Normal) (G1 Evacuation Pause)
[2024-09-04T12:46:08.024+0530][gc,task     ] GC(164) Using 8 workers of 8 for evacuation
[2024-09-04T12:46:08.092+0530][gc,mmu      ] GC(164) MMU target violated: 21.0ms (20.0ms/21.0ms)
[2024-09-04T12:46:08.092+0530][gc,phases   ] GC(164)   Pre Evacuate Collection Set: 0.2ms
[2024-09-04T12:46:08.092+0530][gc,phases   ] GC(164)   Merge Heap Roots: 0.1ms
[2024-09-04T12:46:08.092+0530][gc,phases   ] GC(164)   Evacuate Collection Set: 67.1ms
[2024-09-04T12:46:08.092+0530][gc,phases   ] GC(164)   Post Evacuate Collection Set: 0.4ms
[2024-09-04T12:46:08.092+0530][gc,phases   ] GC(164)   Other: 0.5ms
[2024-09-04T12:46:08.092+0530][gc,heap     ] GC(164) Eden regions: 42->0(47)
[2024-09-04T12:46:08.092+0530][gc,heap     ] GC(164) Survivor regions: 9->4(7)
[2024-09-04T12:46:08.092+0530][gc,heap     ] GC(164) Old regions: 176->184
[2024-09-04T12:46:08.092+0530][gc,heap     ] GC(164) Archive regions: 2->2
[2024-09-04T12:46:08.092+0530][gc,heap     ] GC(164) Humongous regions: 129->129
[2024-09-04T12:46:08.092+0530][gc,metaspace] GC(164) Metaspace: 47546K(48256K)->47546K(48256K) NonClass: 41803K(42176K)->41803K(42176K) Class: 5742K(6080K)->5742K(6080K)
[2024-09-04T12:46:08.092+0530][gc          ] GC(164) Pause Young (Normal) (G1 Evacuation Pause) 355M->316M(1024M) 68.327ms
[2024-09-04T12:46:08.092+0530][gc,cpu      ] GC(164) User=0.07s Sys=0.10s Real=0.07s
[2024-09-04T12:47:45.615+0530][gc,start    ] GC(165) Pause Young (Normal) (G1 Evacuation Pause)
[2024-09-04T12:47:45.616+0530][gc,task     ] GC(165) Using 8 workers of 8 for evacuation
[2024-09-04T12:47:45.682+0530][gc,mmu      ] GC(165) MMU target violated: 21.0ms (20.0ms/21.0ms)
[2024-09-04T12:47:45.723+0530][gc,phases   ] GC(165)   Pre Evacuate Collection Set: 2.8ms
[2024-09-04T12:47:45.785+0530][gc,phases   ] GC(165)   Merge Heap Roots: 19.9ms
[2024-09-04T12:47:45.785+0530][gc,phases   ] GC(165)   Evacuate Collection Set: 38.4ms
[2024-09-04T12:47:45.785+0530][gc,phases   ] GC(165)   Post Evacuate Collection Set: 5.1ms
[2024-09-04T12:47:45.785+0530][gc,phases   ] GC(165)   Other: 42.7ms
[2024-09-04T12:47:45.785+0530][gc,heap     ] GC(165) Eden regions: 47->0(48)
[2024-09-04T12:47:45.785+0530][gc,heap     ] GC(165) Survivor regions: 4->3(7)
[2024-09-04T12:47:45.785+0530][gc,heap     ] GC(165) Old regions: 184->184
[2024-09-04T12:47:45.785+0530][gc,heap     ] GC(165) Archive regions: 2->2
[2024-09-04T12:47:45.785+0530][gc,heap     ] GC(165) Humongous regions: 129->129
[2024-09-04T12:47:45.785+0530][gc,metaspace] GC(165) Metaspace: 47546K(48256K)->47546K(48256K) NonClass: 41803K(42176K)->41803K(42176K) Class: 5742K(6080K)->5742K(6080K)
[2024-09-04T12:47:45.785+0530][gc          ] GC(165) Pause Young (Normal) (G1 Evacuation Pause) 363M->315M(1024M) 170.806ms
[2024-09-04T12:47:45.785+0530][gc,cpu      ] GC(165) User=0.02s Sys=0.02s Real=0.17s
[2024-09-04T12:49:25.257+0530][gc,start    ] GC(166) Pause Young (Normal) (G1 Evacuation Pause)
[2024-09-04T12:49:25.259+0530][gc,task     ] GC(166) Using 8 workers of 8 for evacuation
[2024-09-04T12:49:25.269+0530][gc,phases   ] GC(166)   Pre Evacuate Collection Set: 0.2ms
[2024-09-04T12:49:25.269+0530][gc,phases   ] GC(166)   Merge Heap Roots: 0.1ms
[2024-09-04T12:49:25.269+0530][gc,phases   ] GC(166)   Evacuate Collection Set: 8.8ms
[2024-09-04T12:49:25.269+0530][gc,phases   ] GC(166)   Post Evacuate Collection Set: 0.4ms
[2024-09-04T12:49:25.269+0530][gc,phases   ] GC(166)   Other: 2.3ms
[2024-09-04T12:49:25.269+0530][gc,heap     ] GC(166) Eden regions: 48->0(45)
[2024-09-04T12:49:25.269+0530][gc,heap     ] GC(166) Survivor regions: 3->6(7)
[2024-09-04T12:49:25.269+0530][gc,heap     ] GC(166) Old regions: 184->184
[2024-09-04T12:49:25.269+0530][gc,heap     ] GC(166) Archive regions: 2->2
[2024-09-04T12:49:25.269+0530][gc,heap     ] GC(166) Humongous regions: 129->129
[2024-09-04T12:49:25.269+0530][gc,metaspace] GC(166) Metaspace: 47546K(48256K)->47546K(48256K) NonClass: 41803K(42176K)->41803K(42176K) Class: 5742K(6080K)->5742K(6080K)
[2024-09-04T12:49:25.269+0530][gc          ] GC(166) Pause Young (Normal) (G1 Evacuation Pause) 363M->318M(1024M) 11.994ms
[2024-09-04T12:49:25.269+0530][gc,cpu      ] GC(166) User=0.04s Sys=0.02s Real=0.01s
[2024-09-04T12:50:58.814+0530][gc,start    ] GC(167) Pause Young (Normal) (G1 Evacuation Pause)
[2024-09-04T12:50:58.816+0530][gc,task     ] GC(167) Using 8 workers of 8 for evacuation
[2024-09-04T12:50:58.850+0530][gc,mmu      ] GC(167) MMU target violated: 21.0ms (20.0ms/21.0ms)
[2024-09-04T12:50:58.850+0530][gc,phases   ] GC(167)   Pre Evacuate Collection Set: 0.2ms
[2024-09-04T12:50:58.850+0530][gc,phases   ] GC(167)   Merge Heap Roots: 0.1ms
[2024-09-04T12:50:58.850+0530][gc,phases   ] GC(167)   Evacuate Collection Set: 32.7ms
[2024-09-04T12:50:58.850+0530][gc,phases   ] GC(167)   Post Evacuate Collection Set: 0.3ms
[2024-09-04T12:50:58.850+0530][gc,phases   ] GC(167)   Other: 2.3ms
[2024-09-04T12:50:58.850+0530][gc,heap     ] GC(167) Eden regions: 45->0(47)
[2024-09-04T12:50:58.850+0530][gc,heap     ] GC(167) Survivor regions: 6->4(7)
[2024-09-04T12:50:58.850+0530][gc,heap     ] GC(167) Old regions: 184->189
[2024-09-04T12:50:58.850+0530][gc,heap     ] GC(167) Archive regions: 2->2
[2024-09-04T12:50:58.850+0530][gc,heap     ] GC(167) Humongous regions: 129->129
[2024-09-04T12:50:58.850+0530][gc,metaspace] GC(167) Metaspace: 47546K(48256K)->47546K(48256K) NonClass: 41803K(42176K)->41803K(42176K) Class: 5742K(6080K)->5742K(6080K)
[2024-09-04T12:50:58.850+0530][gc          ] GC(167) Pause Young (Normal) (G1 Evacuation Pause) 363M->322M(1024M) 35.709ms
[2024-09-04T12:50:58.850+0530][gc,cpu      ] GC(167) User=0.04s Sys=0.06s Real=0.04s
[2024-09-04T12:52:36.757+0530][gc,start    ] GC(168) Pause Young (Normal) (G1 Evacuation Pause)
[2024-09-04T12:52:36.757+0530][gc,task     ] GC(168) Using 8 workers of 8 for evacuation
[2024-09-04T12:52:36.763+0530][gc,phases   ] GC(168)   Pre Evacuate Collection Set: 1.1ms
[2024-09-04T12:52:36.763+0530][gc,phases   ] GC(168)   Merge Heap Roots: 0.2ms
[2024-09-04T12:52:36.763+0530][gc,phases   ] GC(168)   Evacuate Collection Set: 4.0ms
[2024-09-04T12:52:36.763+0530][gc,phases   ] GC(168)   Post Evacuate Collection Set: 0.4ms
[2024-09-04T12:52:36.763+0530][gc,phases   ] GC(168)   Other: 0.8ms
[2024-09-04T12:52:36.763+0530][gc,heap     ] GC(168) Eden regions: 47->0(47)
[2024-09-04T12:52:36.763+0530][gc,heap     ] GC(168) Survivor regions: 4->4(7)
[2024-09-04T12:52:36.763+0530][gc,heap     ] GC(168) Old regions: 189->189
[2024-09-04T12:52:36.763+0530][gc,heap     ] GC(168) Archive regions: 2->2
[2024-09-04T12:52:36.763+0530][gc,heap     ] GC(168) Humongous regions: 129->129
[2024-09-04T12:52:36.763+0530][gc,metaspace] GC(168) Metaspace: 47546K(48256K)->47546K(48256K) NonClass: 41803K(42176K)->41803K(42176K) Class: 5742K(6080K)->5742K(6080K)
[2024-09-04T12:52:36.763+0530][gc          ] GC(168) Pause Young (Normal) (G1 Evacuation Pause) 369M->322M(1024M) 6.567ms
[2024-09-04T12:52:36.763+0530][gc,cpu      ] GC(168) User=0.02s Sys=0.00s Real=0.01s
[2024-09-04T12:54:13.544+0530][gc,start    ] GC(169) Pause Young (Normal) (G1 Evacuation Pause)
[2024-09-04T12:54:13.546+0530][gc,task     ] GC(169) Using 8 workers of 8 for evacuation
[2024-09-04T12:54:13.554+0530][gc,phases   ] GC(169)   Pre Evacuate Collection Set: 0.2ms
[2024-09-04T12:54:13.554+0530][gc,phases   ] GC(169)   Merge Heap Roots: 0.1ms
[2024-09-04T12:54:13.554+0530][gc,phases   ] GC(169)   Evacuate Collection Set: 6.5ms
[2024-09-04T12:54:13.554+0530][gc,phases   ] GC(169)   Post Evacuate Collection Set: 0.4ms
[2024-09-04T12:54:13.554+0530][gc,phases   ] GC(169)   Other: 2.2ms
[2024-09-04T12:54:13.554+0530][gc,heap     ] GC(169) Eden regions: 47->0(44)
[2024-09-04T12:54:13.554+0530][gc,heap     ] GC(169) Survivor regions: 4->7(7)
[2024-09-04T12:54:13.554+0530][gc,heap     ] GC(169) Old regions: 189->189
[2024-09-04T12:54:13.554+0530][gc,heap     ] GC(169) Archive regions: 2->2
[2024-09-04T12:54:13.554+0530][gc,heap     ] GC(169) Humongous regions: 129->129
[2024-09-04T12:54:13.554+0530][gc,metaspace] GC(169) Metaspace: 47546K(48256K)->47546K(48256K) NonClass: 41803K(42176K)->41803K(42176K) Class: 5742K(6080K)->5742K(6080K)
[2024-09-04T12:54:13.554+0530][gc          ] GC(169) Pause Young (Normal) (G1 Evacuation Pause) 369M->325M(1024M) 9.535ms
[2024-09-04T12:54:13.554+0530][gc,cpu      ] GC(169) User=0.04s Sys=0.01s Real=0.01s
[2024-09-04T12:55:45.627+0530][gc,start    ] GC(170) Pause Young (Normal) (G1 Evacuation Pause)
[2024-09-04T12:55:45.629+0530][gc,task     ] GC(170) Using 8 workers of 8 for evacuation
[2024-09-04T12:55:45.654+0530][gc,mmu      ] GC(170) MMU target violated: 21.0ms (20.0ms/21.0ms)
[2024-09-04T12:55:45.654+0530][gc,phases   ] GC(170)   Pre Evacuate Collection Set: 0.3ms
[2024-09-04T12:55:45.654+0530][gc,phases   ] GC(170)   Merge Heap Roots: 0.2ms
[2024-09-04T12:55:45.654+0530][gc,phases   ] GC(170)   Evacuate Collection Set: 23.8ms
[2024-09-04T12:55:45.654+0530][gc,phases   ] GC(170)   Post Evacuate Collection Set: 0.7ms
[2024-09-04T12:55:45.654+0530][gc,phases   ] GC(170)   Other: 2.3ms
[2024-09-04T12:55:45.655+0530][gc,heap     ] GC(170) Eden regions: 44->0(44)
[2024-09-04T12:55:45.655+0530][gc,heap     ] GC(170) Survivor regions: 7->7(7)
[2024-09-04T12:55:45.655+0530][gc,heap     ] GC(170) Old regions: 189->193
[2024-09-04T12:55:45.655+0530][gc,heap     ] GC(170) Archive regions: 2->2
[2024-09-04T12:55:45.655+0530][gc,heap     ] GC(170) Humongous regions: 129->129
[2024-09-04T12:55:45.655+0530][gc,metaspace] GC(170) Metaspace: 47550K(48256K)->47550K(48256K) NonClass: 41807K(42176K)->41807K(42176K) Class: 5742K(6080K)->5742K(6080K)
[2024-09-04T12:55:45.655+0530][gc          ] GC(170) Pause Young (Normal) (G1 Evacuation Pause) 369M->328M(1024M) 27.376ms
[2024-09-04T12:55:45.655+0530][gc,cpu      ] GC(170) User=0.05s Sys=0.04s Real=0.03s
[2024-09-04T12:57:17.362+0530][gc,start    ] GC(171) Pause Young (Normal) (G1 Evacuation Pause)
[2024-09-04T12:57:17.364+0530][gc,task     ] GC(171) Using 8 workers of 8 for evacuation
[2024-09-04T12:57:17.379+0530][gc,phases   ] GC(171)   Pre Evacuate Collection Set: 0.2ms
[2024-09-04T12:57:17.379+0530][gc,phases   ] GC(171)   Merge Heap Roots: 0.1ms
[2024-09-04T12:57:17.379+0530][gc,phases   ] GC(171)   Evacuate Collection Set: 14.2ms
[2024-09-04T12:57:17.379+0530][gc,phases   ] GC(171)   Post Evacuate Collection Set: 0.4ms
[2024-09-04T12:57:17.379+0530][gc,phases   ] GC(171)   Other: 2.1ms
[2024-09-04T12:57:17.379+0530][gc,heap     ] GC(171) Eden regions: 44->0(46)
[2024-09-04T12:57:17.379+0530][gc,heap     ] GC(171) Survivor regions: 7->5(7)
[2024-09-04T12:57:17.379+0530][gc,heap     ] GC(171) Old regions: 193->194
[2024-09-04T12:57:17.379+0530][gc,heap     ] GC(171) Archive regions: 2->2
[2024-09-04T12:57:17.379+0530][gc,heap     ] GC(171) Humongous regions: 129->129
[2024-09-04T12:57:17.379+0530][gc,metaspace] GC(171) Metaspace: 47550K(48256K)->47550K(48256K) NonClass: 41807K(42176K)->41807K(42176K) Class: 5742K(6080K)->5742K(6080K)
[2024-09-04T12:57:17.379+0530][gc          ] GC(171) Pause Young (Normal) (G1 Evacuation Pause) 372M->327M(1024M) 17.231ms
[2024-09-04T12:57:17.379+0530][gc,cpu      ] GC(171) User=0.03s Sys=0.01s Real=0.01s
[2024-09-04T12:58:53.304+0530][gc,start    ] GC(172) Pause Young (Normal) (G1 Evacuation Pause)
[2024-09-04T12:58:53.306+0530][gc,task     ] GC(172) Using 8 workers of 8 for evacuation
[2024-09-04T12:58:53.320+0530][gc,phases   ] GC(172)   Pre Evacuate Collection Set: 0.2ms
[2024-09-04T12:58:53.320+0530][gc,phases   ] GC(172)   Merge Heap Roots: 0.2ms
[2024-09-04T12:58:53.320+0530][gc,phases   ] GC(172)   Evacuate Collection Set: 11.9ms
[2024-09-04T12:58:53.320+0530][gc,phases   ] GC(172)   Post Evacuate Collection Set: 0.4ms
[2024-09-04T12:58:53.320+0530][gc,phases   ] GC(172)   Other: 3.1ms
[2024-09-04T12:58:53.320+0530][gc,heap     ] GC(172) Eden regions: 46->0(44)
[2024-09-04T12:58:53.320+0530][gc,heap     ] GC(172) Survivor regions: 5->7(7)
[2024-09-04T12:58:53.320+0530][gc,heap     ] GC(172) Old regions: 194->195
[2024-09-04T12:58:53.320+0530][gc,heap     ] GC(172) Archive regions: 2->2
[2024-09-04T12:58:53.320+0530][gc,heap     ] GC(172) Humongous regions: 129->129
[2024-09-04T12:58:53.320+0530][gc,metaspace] GC(172) Metaspace: 47550K(48256K)->47550K(48256K) NonClass: 41807K(42176K)->41807K(42176K) Class: 5742K(6080K)->5742K(6080K)
[2024-09-04T12:58:53.320+0530][gc          ] GC(172) Pause Young (Normal) (G1 Evacuation Pause) 373M->330M(1024M) 16.016ms
[2024-09-04T12:58:53.320+0530][gc,cpu      ] GC(172) User=0.05s Sys=0.02s Real=0.02s
[2024-09-04T13:00:24.227+0530][gc,start    ] GC(173) Pause Young (Normal) (G1 Evacuation Pause)
[2024-09-04T13:00:24.227+0530][gc,task     ] GC(173) Using 8 workers of 8 for evacuation
[2024-09-04T13:00:24.242+0530][gc,phases   ] GC(173)   Pre Evacuate Collection Set: 0.3ms
[2024-09-04T13:00:24.242+0530][gc,phases   ] GC(173)   Merge Heap Roots: 0.2ms
[2024-09-04T13:00:24.242+0530][gc,phases   ] GC(173)   Evacuate Collection Set: 14.7ms
[2024-09-04T13:00:24.242+0530][gc,phases   ] GC(173)   Post Evacuate Collection Set: 0.3ms
[2024-09-04T13:00:24.242+0530][gc,phases   ] GC(173)   Other: 0.3ms
[2024-09-04T13:00:24.242+0530][gc,heap     ] GC(173) Eden regions: 44->0(48)
[2024-09-04T13:00:24.242+0530][gc,heap     ] GC(173) Survivor regions: 7->3(7)
[2024-09-04T13:00:24.242+0530][gc,heap     ] GC(173) Old regions: 195->195
[2024-09-04T13:00:24.242+0530][gc,heap     ] GC(173) Archive regions: 2->2
[2024-09-04T13:00:24.242+0530][gc,heap     ] GC(173) Humongous regions: 129->129
[2024-09-04T13:00:24.242+0530][gc,metaspace] GC(173) Metaspace: 47550K(48256K)->47550K(48256K) NonClass: 41807K(42176K)->41807K(42176K) Class: 5742K(6080K)->5742K(6080K)
[2024-09-04T13:00:24.243+0530][gc          ] GC(173) Pause Young (Normal) (G1 Evacuation Pause) 374M->327M(1024M) 15.898ms
[2024-09-04T13:00:24.243+0530][gc,cpu      ] GC(173) User=0.03s Sys=0.02s Real=0.02s
[2024-09-04T13:02:05.204+0530][gc,start    ] GC(174) Pause Young (Normal) (G1 Evacuation Pause)
[2024-09-04T13:02:05.204+0530][gc,task     ] GC(174) Using 8 workers of 8 for evacuation
[2024-09-04T13:02:05.211+0530][gc,phases   ] GC(174)   Pre Evacuate Collection Set: 0.2ms
[2024-09-04T13:02:05.211+0530][gc,phases   ] GC(174)   Merge Heap Roots: 0.1ms
[2024-09-04T13:02:05.211+0530][gc,phases   ] GC(174)   Evacuate Collection Set: 6.4ms
[2024-09-04T13:02:05.211+0530][gc,phases   ] GC(174)   Post Evacuate Collection Set: 0.5ms
[2024-09-04T13:02:05.211+0530][gc,phases   ] GC(174)   Other: 0.2ms
[2024-09-04T13:02:05.211+0530][gc,heap     ] GC(174) Eden regions: 48->0(45)
[2024-09-04T13:02:05.211+0530][gc,heap     ] GC(174) Survivor regions: 3->6(7)
[2024-09-04T13:02:05.211+0530][gc,heap     ] GC(174) Old regions: 195->195
[2024-09-04T13:02:05.211+0530][gc,heap     ] GC(174) Archive regions: 2->2
[2024-09-04T13:02:05.211+0530][gc,heap     ] GC(174) Humongous regions: 129->129
[2024-09-04T13:02:05.211+0530][gc,metaspace] GC(174) Metaspace: 47553K(48256K)->47553K(48256K) NonClass: 41810K(42176K)->41810K(42176K) Class: 5742K(6080K)->5742K(6080K)
[2024-09-04T13:02:05.211+0530][gc          ] GC(174) Pause Young (Normal) (G1 Evacuation Pause) 375M->330M(1024M) 7.582ms
[2024-09-04T13:02:05.211+0530][gc,cpu      ] GC(174) User=0.03s Sys=0.00s Real=0.01s
[2024-09-04T13:03:39.305+0530][gc,start    ] GC(175) Pause Young (Normal) (G1 Evacuation Pause)
[2024-09-04T13:03:39.305+0530][gc,task     ] GC(175) Using 8 workers of 8 for evacuation
[2024-09-04T13:03:39.331+0530][gc,mmu      ] GC(175) MMU target violated: 21.0ms (20.0ms/21.0ms)
[2024-09-04T13:03:39.331+0530][gc,phases   ] GC(175)   Pre Evacuate Collection Set: 0.2ms
[2024-09-04T13:03:39.331+0530][gc,phases   ] GC(175)   Merge Heap Roots: 0.2ms
[2024-09-04T13:03:39.331+0530][gc,phases   ] GC(175)   Evacuate Collection Set: 25.0ms
[2024-09-04T13:03:39.331+0530][gc,phases   ] GC(175)   Post Evacuate Collection Set: 0.3ms
[2024-09-04T13:03:39.331+0530][gc,phases   ] GC(175)   Other: 0.3ms
[2024-09-04T13:03:39.331+0530][gc,heap     ] GC(175) Eden regions: 45->0(44)
[2024-09-04T13:03:39.331+0530][gc,heap     ] GC(175) Survivor regions: 6->7(7)
[2024-09-04T13:03:39.331+0530][gc,heap     ] GC(175) Old regions: 195->197
[2024-09-04T13:03:39.331+0530][gc,heap     ] GC(175) Archive regions: 2->2
[2024-09-04T13:03:39.331+0530][gc,heap     ] GC(175) Humongous regions: 129->129
[2024-09-04T13:03:39.331+0530][gc,metaspace] GC(175) Metaspace: 47553K(48256K)->47553K(48256K) NonClass: 41810K(42176K)->41810K(42176K) Class: 5742K(6080K)->5742K(6080K)
[2024-09-04T13:03:39.331+0530][gc          ] GC(175) Pause Young (Normal) (G1 Evacuation Pause) 375M->333M(1024M) 26.225ms
[2024-09-04T13:03:39.331+0530][gc,cpu      ] GC(175) User=0.05s Sys=0.04s Real=0.03s
[2024-09-04T13:05:11.226+0530][gc,start    ] GC(176) Pause Young (Normal) (G1 Evacuation Pause)
[2024-09-04T13:05:11.228+0530][gc,task     ] GC(176) Using 8 workers of 8 for evacuation
[2024-09-04T13:05:11.238+0530][gc,phases   ] GC(176)   Pre Evacuate Collection Set: 0.2ms
[2024-09-04T13:05:11.238+0530][gc,phases   ] GC(176)   Merge Heap Roots: 0.1ms
[2024-09-04T13:05:11.238+0530][gc,phases   ] GC(176)   Evacuate Collection Set: 9.1ms
[2024-09-04T13:05:11.238+0530][gc,phases   ] GC(176)   Post Evacuate Collection Set: 0.4ms
[2024-09-04T13:05:11.238+0530][gc,phases   ] GC(176)   Other: 2.3ms
[2024-09-04T13:05:11.238+0530][gc,heap     ] GC(176) Eden regions: 44->0(49)
[2024-09-04T13:05:11.238+0530][gc,heap     ] GC(176) Survivor regions: 7->4(7)
[2024-09-04T13:05:11.238+0530][gc,heap     ] GC(176) Old regions: 197->198
[2024-09-04T13:05:11.238+0530][gc,heap     ] GC(176) Archive regions: 2->2
[2024-09-04T13:05:11.238+0530][gc,heap     ] GC(176) Humongous regions: 129->129
[2024-09-04T13:05:11.238+0530][gc,metaspace] GC(176) Metaspace: 47553K(48256K)->47553K(48256K) NonClass: 41810K(42176K)->41810K(42176K) Class: 5742K(6080K)->5742K(6080K)
[2024-09-04T13:05:11.238+0530][gc          ] GC(176) Pause Young (Normal) (G1 Evacuation Pause) 377M->331M(1024M) 12.286ms
[2024-09-04T13:05:11.238+0530][gc,cpu      ] GC(176) User=0.04s Sys=0.02s Real=0.01s
[2024-09-04T13:06:53.689+0530][gc,start    ] GC(177) Pause Young (Normal) (G1 Evacuation Pause)
[2024-09-04T13:06:53.690+0530][gc,task     ] GC(177) Using 8 workers of 8 for evacuation
[2024-09-04T13:06:53.701+0530][gc,phases   ] GC(177)   Pre Evacuate Collection Set: 0.3ms
[2024-09-04T13:06:53.701+0530][gc,phases   ] GC(177)   Merge Heap Roots: 0.2ms
[2024-09-04T13:06:53.701+0530][gc,phases   ] GC(177)   Evacuate Collection Set: 9.9ms
[2024-09-04T13:06:53.701+0530][gc,phases   ] GC(177)   Post Evacuate Collection Set: 0.3ms
[2024-09-04T13:06:53.701+0530][gc,phases   ] GC(177)   Other: 0.7ms
[2024-09-04T13:06:53.701+0530][gc,heap     ] GC(177) Eden regions: 49->0(44)
[2024-09-04T13:06:53.701+0530][gc,heap     ] GC(177) Survivor regions: 4->7(7)
[2024-09-04T13:06:53.701+0530][gc,heap     ] GC(177) Old regions: 198->198
[2024-09-04T13:06:53.701+0530][gc,heap     ] GC(177) Archive regions: 2->2
[2024-09-04T13:06:53.701+0530][gc,heap     ] GC(177) Humongous regions: 129->129
[2024-09-04T13:06:53.701+0530][gc,metaspace] GC(177) Metaspace: 47553K(48256K)->47553K(48256K) NonClass: 41810K(42176K)->41810K(42176K) Class: 5742K(6080K)->5742K(6080K)
[2024-09-04T13:06:53.701+0530][gc          ] GC(177) Pause Young (Normal) (G1 Evacuation Pause) 380M->334M(1024M) 11.582ms
[2024-09-04T13:06:53.701+0530][gc,cpu      ] GC(177) User=0.04s Sys=0.02s Real=0.02s
[2024-09-04T13:08:25.152+0530][gc,start    ] GC(178) Pause Young (Normal) (G1 Evacuation Pause)
[2024-09-04T13:08:25.157+0530][gc,task     ] GC(178) Using 8 workers of 8 for evacuation
[2024-09-04T13:08:25.229+0530][gc,mmu      ] GC(178) MMU target violated: 21.0ms (20.0ms/21.0ms)
[2024-09-04T13:08:25.229+0530][gc,phases   ] GC(178)   Pre Evacuate Collection Set: 2.2ms
[2024-09-04T13:08:25.229+0530][gc,phases   ] GC(178)   Merge Heap Roots: 0.7ms
[2024-09-04T13:08:25.229+0530][gc,phases   ] GC(178)   Evacuate Collection Set: 61.6ms
[2024-09-04T13:08:25.229+0530][gc,phases   ] GC(178)   Post Evacuate Collection Set: 2.0ms
[2024-09-04T13:08:25.229+0530][gc,phases   ] GC(178)   Other: 10.3ms
[2024-09-04T13:08:25.229+0530][gc,heap     ] GC(178) Eden regions: 44->0(49)
[2024-09-04T13:08:25.229+0530][gc,heap     ] GC(178) Survivor regions: 7->2(7)
[2024-09-04T13:08:25.229+0530][gc,heap     ] GC(178) Old regions: 198->200
[2024-09-04T13:08:25.229+0530][gc,heap     ] GC(178) Archive regions: 2->2
[2024-09-04T13:08:25.229+0530][gc,heap     ] GC(178) Humongous regions: 129->129
[2024-09-04T13:08:25.229+0530][gc,metaspace] GC(178) Metaspace: 47553K(48256K)->47553K(48256K) NonClass: 41810K(42176K)->41810K(42176K) Class: 5742K(6080K)->5742K(6080K)
[2024-09-04T13:08:25.229+0530][gc          ] GC(178) Pause Young (Normal) (G1 Evacuation Pause) 378M->331M(1024M) 76.810ms
[2024-09-04T13:08:25.229+0530][gc,cpu      ] GC(178) User=0.03s Sys=0.07s Real=0.07s
[2024-09-04T13:10:07.817+0530][gc,start    ] GC(179) Pause Young (Normal) (G1 Evacuation Pause)
[2024-09-04T13:10:07.817+0530][gc,task     ] GC(179) Using 8 workers of 8 for evacuation
[2024-09-04T13:10:07.831+0530][gc,phases   ] GC(179)   Pre Evacuate Collection Set: 0.2ms
[2024-09-04T13:10:07.831+0530][gc,phases   ] GC(179)   Merge Heap Roots: 0.1ms
[2024-09-04T13:10:07.831+0530][gc,phases   ] GC(179)   Evacuate Collection Set: 12.5ms
[2024-09-04T13:10:07.831+0530][gc,phases   ] GC(179)   Post Evacuate Collection Set: 0.7ms
[2024-09-04T13:10:07.831+0530][gc,phases   ] GC(179)   Other: 0.4ms
[2024-09-04T13:10:07.831+0530][gc,heap     ] GC(179) Eden regions: 49->0(46)
[2024-09-04T13:10:07.831+0530][gc,heap     ] GC(179) Survivor regions: 2->5(7)
[2024-09-04T13:10:07.831+0530][gc,heap     ] GC(179) Old regions: 200->200
[2024-09-04T13:10:07.831+0530][gc,heap     ] GC(179) Archive regions: 2->2
[2024-09-04T13:10:07.831+0530][gc,heap     ] GC(179) Humongous regions: 129->129
[2024-09-04T13:10:07.831+0530][gc,metaspace] GC(179) Metaspace: 47555K(48256K)->47555K(48256K) NonClass: 41812K(42176K)->41812K(42176K) Class: 5742K(6080K)->5742K(6080K)
[2024-09-04T13:10:07.831+0530][gc          ] GC(179) Pause Young (Normal) (G1 Evacuation Pause) 380M->334M(1024M) 14.257ms
[2024-09-04T13:10:07.831+0530][gc,cpu      ] GC(179) User=0.03s Sys=0.03s Real=0.02s
[2024-09-04T13:11:30.313+0530][gc,start    ] GC(180) Pause Young (Normal) (G1 Evacuation Pause)
[2024-09-04T13:11:30.315+0530][gc,task     ] GC(180) Using 8 workers of 8 for evacuation
[2024-09-04T13:11:30.350+0530][gc,mmu      ] GC(180) MMU target violated: 21.0ms (20.0ms/21.0ms)
[2024-09-04T13:11:30.350+0530][gc,phases   ] GC(180)   Pre Evacuate Collection Set: 0.9ms
[2024-09-04T13:11:30.350+0530][gc,phases   ] GC(180)   Merge Heap Roots: 0.1ms
[2024-09-04T13:11:30.350+0530][gc,phases   ] GC(180)   Evacuate Collection Set: 32.2ms
[2024-09-04T13:11:30.350+0530][gc,phases   ] GC(180)   Post Evacuate Collection Set: 1.1ms
[2024-09-04T13:11:30.350+0530][gc,phases   ] GC(180)   Other: 2.8ms
[2024-09-04T13:11:30.350+0530][gc,heap     ] GC(180) Eden regions: 46->0(45)
[2024-09-04T13:11:30.350+0530][gc,heap     ] GC(180) Survivor regions: 5->6(7)
[2024-09-04T13:11:30.350+0530][gc,heap     ] GC(180) Old regions: 200->201
[2024-09-04T13:11:30.350+0530][gc,heap     ] GC(180) Archive regions: 2->2
[2024-09-04T13:11:30.350+0530][gc,heap     ] GC(180) Humongous regions: 141->129
[2024-09-04T13:11:30.350+0530][gc,metaspace] GC(180) Metaspace: 47892K(48704K)->47892K(48704K) NonClass: 42101K(42560K)->42101K(42560K) Class: 5791K(6144K)->5791K(6144K)
[2024-09-04T13:11:30.350+0530][gc          ] GC(180) Pause Young (Normal) (G1 Evacuation Pause) 392M->336M(1024M) 37.298ms
[2024-09-04T13:11:30.350+0530][gc,cpu      ] GC(180) User=0.04s Sys=0.05s Real=0.04s
[2024-09-04T13:13:45.388+0530][gc,start    ] GC(181) Pause Young (Normal) (G1 Evacuation Pause)
[2024-09-04T13:13:45.389+0530][gc,task     ] GC(181) Using 8 workers of 8 for evacuation
[2024-09-04T13:13:45.400+0530][gc,phases   ] GC(181)   Pre Evacuate Collection Set: 0.2ms
[2024-09-04T13:13:45.400+0530][gc,phases   ] GC(181)   Merge Heap Roots: 0.1ms
[2024-09-04T13:13:45.400+0530][gc,phases   ] GC(181)   Evacuate Collection Set: 9.5ms
[2024-09-04T13:13:45.400+0530][gc,phases   ] GC(181)   Post Evacuate Collection Set: 0.4ms
[2024-09-04T13:13:45.400+0530][gc,phases   ] GC(181)   Other: 2.1ms
[2024-09-04T13:13:45.400+0530][gc,heap     ] GC(181) Eden regions: 45->0(44)
[2024-09-04T13:13:45.400+0530][gc,heap     ] GC(181) Survivor regions: 6->7(7)
[2024-09-04T13:13:45.400+0530][gc,heap     ] GC(181) Old regions: 201->205
[2024-09-04T13:13:45.400+0530][gc,heap     ] GC(181) Archive regions: 2->2
[2024-09-04T13:13:45.400+0530][gc,heap     ] GC(181) Humongous regions: 129->129
[2024-09-04T13:13:45.400+0530][gc,metaspace] GC(181) Metaspace: 47893K(48704K)->47893K(48704K) NonClass: 42102K(42560K)->42102K(42560K) Class: 5791K(6144K)->5791K(6144K)
[2024-09-04T13:13:45.400+0530][gc          ] GC(181) Pause Young (Normal) (G1 Evacuation Pause) 381M->340M(1024M) 12.547ms
[2024-09-04T13:13:45.400+0530][gc,cpu      ] GC(181) User=0.06s Sys=0.01s Real=0.02s
[2024-09-04T13:15:56.967+0530][gc,start    ] GC(182) Pause Young (Normal) (G1 Evacuation Pause)
[2024-09-04T13:15:56.968+0530][gc,task     ] GC(182) Using 8 workers of 8 for evacuation
[2024-09-04T13:15:56.972+0530][gc,phases   ] GC(182)   Pre Evacuate Collection Set: 0.2ms
[2024-09-04T13:15:56.972+0530][gc,phases   ] GC(182)   Merge Heap Roots: 0.1ms
[2024-09-04T13:15:56.972+0530][gc,phases   ] GC(182)   Evacuate Collection Set: 4.0ms
[2024-09-04T13:15:56.972+0530][gc,phases   ] GC(182)   Post Evacuate Collection Set: 0.3ms
[2024-09-04T13:15:56.972+0530][gc,phases   ] GC(182)   Other: 0.4ms
[2024-09-04T13:15:56.972+0530][gc,heap     ] GC(182) Eden regions: 44->0(48)
[2024-09-04T13:15:56.972+0530][gc,heap     ] GC(182) Survivor regions: 7->3(7)
[2024-09-04T13:15:56.972+0530][gc,heap     ] GC(182) Old regions: 205->206
[2024-09-04T13:15:56.972+0530][gc,heap     ] GC(182) Archive regions: 2->2
[2024-09-04T13:15:56.972+0530][gc,heap     ] GC(182) Humongous regions: 129->129
[2024-09-04T13:15:56.972+0530][gc,metaspace] GC(182) Metaspace: 47893K(48704K)->47893K(48704K) NonClass: 42102K(42560K)->42102K(42560K) Class: 5791K(6144K)->5791K(6144K)
[2024-09-04T13:15:56.972+0530][gc          ] GC(182) Pause Young (Normal) (G1 Evacuation Pause) 384M->338M(1024M) 5.141ms
[2024-09-04T13:15:56.972+0530][gc,cpu      ] GC(182) User=0.03s Sys=0.01s Real=0.01s
[2024-09-04T13:18:06.899+0530][gc,start    ] GC(183) Pause Young (Normal) (G1 Evacuation Pause)
[2024-09-04T13:18:06.908+0530][gc,task     ] GC(183) Using 8 workers of 8 for evacuation
[2024-09-04T13:18:06.917+0530][gc,phases   ] GC(183)   Pre Evacuate Collection Set: 0.5ms
[2024-09-04T13:18:06.918+0530][gc,phases   ] GC(183)   Merge Heap Roots: 0.3ms
[2024-09-04T13:18:06.918+0530][gc,phases   ] GC(183)   Evacuate Collection Set: 4.2ms
[2024-09-04T13:18:06.918+0530][gc,phases   ] GC(183)   Post Evacuate Collection Set: 0.7ms
[2024-09-04T13:18:06.918+0530][gc,phases   ] GC(183)   Other: 13.0ms
[2024-09-04T13:18:06.918+0530][gc,heap     ] GC(183) Eden regions: 48->0(53)
[2024-09-04T13:18:06.918+0530][gc,heap     ] GC(183) Survivor regions: 3->3(7)
[2024-09-04T13:18:06.918+0530][gc,heap     ] GC(183) Old regions: 206->206
[2024-09-04T13:18:06.918+0530][gc,heap     ] GC(183) Archive regions: 2->2
[2024-09-04T13:18:06.918+0530][gc,heap     ] GC(183) Humongous regions: 129->129
[2024-09-04T13:18:06.918+0530][gc,metaspace] GC(183) Metaspace: 47975K(48768K)->47975K(48768K) NonClass: 42167K(42624K)->42167K(42624K) Class: 5807K(6144K)->5807K(6144K)
[2024-09-04T13:18:06.918+0530][gc          ] GC(183) Pause Young (Normal) (G1 Evacuation Pause) 386M->337M(1024M) 19.073ms
[2024-09-04T13:18:06.918+0530][gc,cpu      ] GC(183) User=0.03s Sys=0.01s Real=0.02s
[2024-09-04T13:18:10.637+0530][gc,heap,exit] Heap
[2024-09-04T13:18:10.637+0530][gc,heap,exit]  garbage-first heap   total 1048576K, used 357473K [0x00000007c0000000, 0x0000000800000000)
[2024-09-04T13:18:10.637+0530][gc,heap,exit]   region size 1024K, 15 young (15360K), 3 survivors (3072K)
[2024-09-04T13:18:10.637+0530][gc,heap,exit]  Metaspace       used 48744K, committed 49536K, reserved 1114112K
[2024-09-04T13:18:10.638+0530][gc,heap,exit]   class space    used 5966K, committed 6336K, reserved 1048576K
