[2024-09-04T15:02:37.482+0530][gc] Using G1
[2024-09-04T15:02:37.490+0530][gc,init] Version: 17.0.8+9-LTS-211 (release)
[2024-09-04T15:02:37.490+0530][gc,init] CPUs: 8 total, 8 available
[2024-09-04T15:02:37.490+0530][gc,init] Memory: 16384M
[2024-09-04T15:02:37.490+0530][gc,init] Large Page Support: Disabled
[2024-09-04T15:02:37.490+0530][gc,init] NUMA Support: Disabled
[2024-09-04T15:02:37.490+0530][gc,init] Compressed Oops: Enabled (Zero based)
[2024-09-04T15:02:37.490+0530][gc,init] Heap Region Size: 1M
[2024-09-04T15:02:37.490+0530][gc,init] Heap Min Capacity: 1G
[2024-09-04T15:02:37.490+0530][gc,init] Heap Initial Capacity: 1G
[2024-09-04T15:02:37.490+0530][gc,init] Heap Max Capacity: 1G
[2024-09-04T15:02:37.490+0530][gc,init] Pre-touch: Disabled
[2024-09-04T15:02:37.490+0530][gc,init] Parallel Workers: 8
[2024-09-04T15:02:37.490+0530][gc,init] Concurrent Workers: 2
[2024-09-04T15:02:37.490+0530][gc,init] Concurrent Refinement Workers: 8
[2024-09-04T15:02:37.490+0530][gc,init] Periodic GC: Disabled
[2024-09-04T15:02:37.497+0530][gc,metaspace] CDS archive(s) mapped at: [0x0000000124000000-0x0000000124be4000-0x0000000124be4000), size 12468224, SharedBaseAddress: 0x0000000124000000, ArchiveRelocationMode: 1.
[2024-09-04T15:02:37.497+0530][gc,metaspace] Compressed class space mapped at: 0x0000000125000000-0x0000000165000000, reserved size: 1073741824
[2024-09-04T15:02:37.497+0530][gc,metaspace] Narrow klass base: 0x0000000124000000, Narrow klass shift: 0, Narrow klass range: 0x100000000
[2024-09-04T15:02:38.475+0530][gc,start    ] GC(0) Pause Young (Normal) (G1 Evacuation Pause)
[2024-09-04T15:02:38.475+0530][gc,task     ] GC(0) Using 8 workers of 8 for evacuation
[2024-09-04T15:02:38.481+0530][gc,phases   ] GC(0)   Pre Evacuate Collection Set: 0.1ms
[2024-09-04T15:02:38.481+0530][gc,phases   ] GC(0)   Merge Heap Roots: 0.1ms
[2024-09-04T15:02:38.481+0530][gc,phases   ] GC(0)   Evacuate Collection Set: 5.0ms
[2024-09-04T15:02:38.481+0530][gc,phases   ] GC(0)   Post Evacuate Collection Set: 0.4ms
[2024-09-04T15:02:38.481+0530][gc,phases   ] GC(0)   Other: 0.7ms
[2024-09-04T15:02:38.481+0530][gc,heap     ] GC(0) Eden regions: 51->0(44)
[2024-09-04T15:02:38.481+0530][gc,heap     ] GC(0) Survivor regions: 0->7(7)
[2024-09-04T15:02:38.481+0530][gc,heap     ] GC(0) Old regions: 0->2
[2024-09-04T15:02:38.481+0530][gc,heap     ] GC(0) Archive regions: 2->2
[2024-09-04T15:02:38.481+0530][gc,heap     ] GC(0) Humongous regions: 0->0
[2024-09-04T15:02:38.481+0530][gc,metaspace] GC(0) Metaspace: 18174K(18368K)->18174K(18368K) NonClass: 16149K(16256K)->16149K(16256K) Class: 2025K(2112K)->2025K(2112K)
[2024-09-04T15:02:38.481+0530][gc          ] GC(0) Pause Young (Normal) (G1 Evacuation Pause) 51M->9M(1024M) 6.508ms
[2024-09-04T15:02:38.481+0530][gc,cpu      ] GC(0) User=0.02s Sys=0.01s Real=0.01s
[2024-09-04T15:02:38.688+0530][gc,start    ] GC(1) Pause Young (Concurrent Start) (Metadata GC Threshold)
[2024-09-04T15:02:38.688+0530][gc,task     ] GC(1) Using 8 workers of 8 for evacuation
[2024-09-04T15:02:38.693+0530][gc,phases   ] GC(1)   Pre Evacuate Collection Set: 0.1ms
[2024-09-04T15:02:38.693+0530][gc,phases   ] GC(1)   Merge Heap Roots: 0.1ms
[2024-09-04T15:02:38.693+0530][gc,phases   ] GC(1)   Evacuate Collection Set: 4.3ms
[2024-09-04T15:02:38.693+0530][gc,phases   ] GC(1)   Post Evacuate Collection Set: 0.3ms
[2024-09-04T15:02:38.693+0530][gc,phases   ] GC(1)   Other: 0.3ms
[2024-09-04T15:02:38.693+0530][gc,heap     ] GC(1) Eden regions: 15->0(48)
[2024-09-04T15:02:38.693+0530][gc,heap     ] GC(1) Survivor regions: 7->3(7)
[2024-09-04T15:02:38.693+0530][gc,heap     ] GC(1) Old regions: 2->9
[2024-09-04T15:02:38.693+0530][gc,heap     ] GC(1) Archive regions: 2->2
[2024-09-04T15:02:38.693+0530][gc,heap     ] GC(1) Humongous regions: 0->0
[2024-09-04T15:02:38.693+0530][gc,metaspace] GC(1) Metaspace: 21348K(21504K)->21348K(21504K) NonClass: 18945K(19008K)->18945K(19008K) Class: 2403K(2496K)->2403K(2496K)
[2024-09-04T15:02:38.693+0530][gc          ] GC(1) Pause Young (Concurrent Start) (Metadata GC Threshold) 24M->11M(1024M) 5.227ms
[2024-09-04T15:02:38.693+0530][gc,cpu      ] GC(1) User=0.02s Sys=0.01s Real=0.01s
[2024-09-04T15:02:38.693+0530][gc          ] GC(2) Concurrent Mark Cycle
[2024-09-04T15:02:38.693+0530][gc,marking  ] GC(2) Concurrent Clear Claimed Marks
[2024-09-04T15:02:38.693+0530][gc,marking  ] GC(2) Concurrent Clear Claimed Marks 0.014ms
[2024-09-04T15:02:38.693+0530][gc,marking  ] GC(2) Concurrent Scan Root Regions
[2024-09-04T15:02:38.696+0530][gc,marking  ] GC(2) Concurrent Scan Root Regions 2.440ms
[2024-09-04T15:02:38.696+0530][gc,marking  ] GC(2) Concurrent Mark
[2024-09-04T15:02:38.696+0530][gc,marking  ] GC(2) Concurrent Mark From Roots
[2024-09-04T15:02:38.696+0530][gc,task     ] GC(2) Using 2 workers of 2 for marking
[2024-09-04T15:02:38.698+0530][gc,marking  ] GC(2) Concurrent Mark From Roots 2.032ms
[2024-09-04T15:02:38.698+0530][gc,marking  ] GC(2) Concurrent Preclean
[2024-09-04T15:02:38.698+0530][gc,marking  ] GC(2) Concurrent Preclean 0.028ms
[2024-09-04T15:02:38.698+0530][gc,start    ] GC(2) Pause Remark
[2024-09-04T15:02:38.700+0530][gc          ] GC(2) Pause Remark 12M->12M(1024M) 1.522ms
[2024-09-04T15:02:38.700+0530][gc,cpu      ] GC(2) User=0.00s Sys=0.00s Real=0.01s
[2024-09-04T15:02:38.700+0530][gc,marking  ] GC(2) Concurrent Mark 3.946ms
[2024-09-04T15:02:38.700+0530][gc,marking  ] GC(2) Concurrent Rebuild Remembered Sets
[2024-09-04T15:02:38.703+0530][gc,marking  ] GC(2) Concurrent Rebuild Remembered Sets 3.493ms
[2024-09-04T15:02:38.704+0530][gc,start    ] GC(2) Pause Cleanup
[2024-09-04T15:02:38.704+0530][gc          ] GC(2) Pause Cleanup 12M->12M(1024M) 0.222ms
[2024-09-04T15:02:38.704+0530][gc,cpu      ] GC(2) User=0.00s Sys=0.00s Real=0.00s
[2024-09-04T15:02:38.704+0530][gc,marking  ] GC(2) Concurrent Cleanup for Next Mark
[2024-09-04T15:02:38.715+0530][gc,marking  ] GC(2) Concurrent Cleanup for Next Mark 10.389ms
[2024-09-04T15:02:38.715+0530][gc          ] GC(2) Concurrent Mark Cycle 21.286ms
[2024-09-04T15:02:39.274+0530][gc,start    ] GC(3) Pause Young (Normal) (G1 Evacuation Pause)
[2024-09-04T15:02:39.274+0530][gc,task     ] GC(3) Using 8 workers of 8 for evacuation
[2024-09-04T15:02:39.280+0530][gc,phases   ] GC(3)   Pre Evacuate Collection Set: 0.2ms
[2024-09-04T15:02:39.280+0530][gc,phases   ] GC(3)   Merge Heap Roots: 0.1ms
[2024-09-04T15:02:39.280+0530][gc,phases   ] GC(3)   Evacuate Collection Set: 4.8ms
[2024-09-04T15:02:39.280+0530][gc,phases   ] GC(3)   Post Evacuate Collection Set: 0.3ms
[2024-09-04T15:02:39.280+0530][gc,phases   ] GC(3)   Other: 0.6ms
[2024-09-04T15:02:39.280+0530][gc,heap     ] GC(3) Eden regions: 48->0(46)
[2024-09-04T15:02:39.280+0530][gc,heap     ] GC(3) Survivor regions: 3->5(7)
[2024-09-04T15:02:39.280+0530][gc,heap     ] GC(3) Old regions: 9->9
[2024-09-04T15:02:39.280+0530][gc,heap     ] GC(3) Archive regions: 2->2
[2024-09-04T15:02:39.280+0530][gc,heap     ] GC(3) Humongous regions: 0->0
[2024-09-04T15:02:39.280+0530][gc,metaspace] GC(3) Metaspace: 31403K(31552K)->31403K(31552K) NonClass: 27826K(27904K)->27826K(27904K) Class: 3576K(3648K)->3576K(3648K)
[2024-09-04T15:02:39.280+0530][gc          ] GC(3) Pause Young (Normal) (G1 Evacuation Pause) 59M->14M(1024M) 6.195ms
[2024-09-04T15:02:39.280+0530][gc,cpu      ] GC(3) User=0.04s Sys=0.00s Real=0.01s
[2024-09-04T15:02:39.960+0530][gc,start    ] GC(4) Pause Young (Concurrent Start) (Metadata GC Threshold)
[2024-09-04T15:02:39.961+0530][gc,task     ] GC(4) Using 8 workers of 8 for evacuation
[2024-09-04T15:02:39.967+0530][gc,phases   ] GC(4)   Pre Evacuate Collection Set: 0.2ms
[2024-09-04T15:02:39.967+0530][gc,phases   ] GC(4)   Merge Heap Roots: 0.1ms
[2024-09-04T15:02:39.967+0530][gc,phases   ] GC(4)   Evacuate Collection Set: 5.8ms
[2024-09-04T15:02:39.967+0530][gc,phases   ] GC(4)   Post Evacuate Collection Set: 0.5ms
[2024-09-04T15:02:39.967+0530][gc,phases   ] GC(4)   Other: 0.3ms
[2024-09-04T15:02:39.967+0530][gc,heap     ] GC(4) Eden regions: 22->0(45)
[2024-09-04T15:02:39.967+0530][gc,heap     ] GC(4) Survivor regions: 5->6(7)
[2024-09-04T15:02:39.968+0530][gc,heap     ] GC(4) Old regions: 9->11
[2024-09-04T15:02:39.968+0530][gc,heap     ] GC(4) Archive regions: 2->2
[2024-09-04T15:02:39.968+0530][gc,heap     ] GC(4) Humongous regions: 129->129
[2024-09-04T15:02:39.968+0530][gc,metaspace] GC(4) Metaspace: 35780K(36096K)->35780K(36096K) NonClass: 31779K(31936K)->31779K(31936K) Class: 4001K(4160K)->4001K(4160K)
[2024-09-04T15:02:39.968+0530][gc          ] GC(4) Pause Young (Concurrent Start) (Metadata GC Threshold) 165M->146M(1024M) 7.141ms
[2024-09-04T15:02:39.968+0530][gc,cpu      ] GC(4) User=0.04s Sys=0.00s Real=0.00s
[2024-09-04T15:02:39.968+0530][gc          ] GC(5) Concurrent Mark Cycle
[2024-09-04T15:02:39.968+0530][gc,marking  ] GC(5) Concurrent Clear Claimed Marks
[2024-09-04T15:02:39.968+0530][gc,marking  ] GC(5) Concurrent Clear Claimed Marks 0.027ms
[2024-09-04T15:02:39.968+0530][gc,marking  ] GC(5) Concurrent Scan Root Regions
[2024-09-04T15:02:39.973+0530][gc,marking  ] GC(5) Concurrent Scan Root Regions 4.825ms
[2024-09-04T15:02:39.973+0530][gc,marking  ] GC(5) Concurrent Mark
[2024-09-04T15:02:39.973+0530][gc,marking  ] GC(5) Concurrent Mark From Roots
[2024-09-04T15:02:39.973+0530][gc,task     ] GC(5) Using 2 workers of 2 for marking
[2024-09-04T15:02:39.981+0530][gc,marking  ] GC(5) Concurrent Mark From Roots 8.164ms
[2024-09-04T15:02:39.981+0530][gc,marking  ] GC(5) Concurrent Preclean
[2024-09-04T15:02:39.981+0530][gc,marking  ] GC(5) Concurrent Preclean 0.056ms
[2024-09-04T15:02:39.981+0530][gc,start    ] GC(5) Pause Remark
[2024-09-04T15:02:39.983+0530][gc          ] GC(5) Pause Remark 147M->147M(1024M) 1.475ms
[2024-09-04T15:02:39.983+0530][gc,cpu      ] GC(5) User=0.01s Sys=0.00s Real=0.00s
[2024-09-04T15:02:39.983+0530][gc,marking  ] GC(5) Concurrent Mark 9.996ms
[2024-09-04T15:02:39.983+0530][gc,marking  ] GC(5) Concurrent Rebuild Remembered Sets
[2024-09-04T15:02:39.986+0530][gc,marking  ] GC(5) Concurrent Rebuild Remembered Sets 3.400ms
[2024-09-04T15:02:39.986+0530][gc,start    ] GC(5) Pause Cleanup
[2024-09-04T15:02:39.986+0530][gc          ] GC(5) Pause Cleanup 147M->147M(1024M) 0.150ms
[2024-09-04T15:02:39.986+0530][gc,cpu      ] GC(5) User=0.00s Sys=0.00s Real=0.00s
[2024-09-04T15:02:39.986+0530][gc,marking  ] GC(5) Concurrent Cleanup for Next Mark
[2024-09-04T15:02:39.991+0530][gc,marking  ] GC(5) Concurrent Cleanup for Next Mark 5.085ms
[2024-09-04T15:02:39.992+0530][gc          ] GC(5) Concurrent Mark Cycle 23.858ms
[2024-09-04T15:06:57.453+0530][gc,start    ] GC(6) Pause Young (Normal) (G1 Evacuation Pause)
[2024-09-04T15:06:57.453+0530][gc,task     ] GC(6) Using 8 workers of 8 for evacuation
[2024-09-04T15:06:57.478+0530][gc,mmu      ] GC(6) MMU target violated: 21.0ms (20.0ms/21.0ms)
[2024-09-04T15:06:57.478+0530][gc,phases   ] GC(6)   Pre Evacuate Collection Set: 0.8ms
[2024-09-04T15:06:57.478+0530][gc,phases   ] GC(6)   Merge Heap Roots: 0.1ms
[2024-09-04T15:06:57.478+0530][gc,phases   ] GC(6)   Evacuate Collection Set: 22.9ms
[2024-09-04T15:06:57.478+0530][gc,phases   ] GC(6)   Post Evacuate Collection Set: 0.8ms
[2024-09-04T15:06:57.478+0530][gc,phases   ] GC(6)   Other: 0.5ms
[2024-09-04T15:06:57.478+0530][gc,heap     ] GC(6) Eden regions: 45->0(47)
[2024-09-04T15:06:57.478+0530][gc,heap     ] GC(6) Survivor regions: 6->4(7)
[2024-09-04T15:06:57.479+0530][gc,heap     ] GC(6) Old regions: 11->14
[2024-09-04T15:06:57.479+0530][gc,heap     ] GC(6) Archive regions: 2->2
[2024-09-04T15:06:57.479+0530][gc,heap     ] GC(6) Humongous regions: 129->129
[2024-09-04T15:06:57.479+0530][gc,metaspace] GC(6) Metaspace: 39582K(40000K)->39582K(40000K) NonClass: 35075K(35328K)->35075K(35328K) Class: 4506K(4672K)->4506K(4672K)
[2024-09-04T15:06:57.479+0530][gc          ] GC(6) Pause Young (Normal) (G1 Evacuation Pause) 191M->147M(1024M) 25.349ms
[2024-09-04T15:06:57.479+0530][gc,cpu      ] GC(6) User=0.04s Sys=0.05s Real=0.02s
[2024-09-04T15:13:54.854+0530][gc,start    ] GC(7) Pause Young (Normal) (G1 Evacuation Pause)
[2024-09-04T15:13:54.854+0530][gc,task     ] GC(7) Using 8 workers of 8 for evacuation
[2024-09-04T15:13:54.861+0530][gc,phases   ] GC(7)   Pre Evacuate Collection Set: 0.2ms
[2024-09-04T15:13:54.862+0530][gc,phases   ] GC(7)   Merge Heap Roots: 0.1ms
[2024-09-04T15:13:54.862+0530][gc,phases   ] GC(7)   Evacuate Collection Set: 6.6ms
[2024-09-04T15:13:54.862+0530][gc,phases   ] GC(7)   Post Evacuate Collection Set: 0.6ms
[2024-09-04T15:13:54.862+0530][gc,phases   ] GC(7)   Other: 0.5ms
[2024-09-04T15:13:54.862+0530][gc,heap     ] GC(7) Eden regions: 47->0(47)
[2024-09-04T15:13:54.862+0530][gc,heap     ] GC(7) Survivor regions: 4->4(7)
[2024-09-04T15:13:54.862+0530][gc,heap     ] GC(7) Old regions: 14->14
[2024-09-04T15:13:54.862+0530][gc,heap     ] GC(7) Archive regions: 2->2
[2024-09-04T15:13:54.862+0530][gc,heap     ] GC(7) Humongous regions: 129->129
[2024-09-04T15:13:54.862+0530][gc,metaspace] GC(7) Metaspace: 39765K(40192K)->39765K(40192K) NonClass: 35246K(35456K)->35246K(35456K) Class: 4518K(4736K)->4518K(4736K)
[2024-09-04T15:13:54.862+0530][gc          ] GC(7) Pause Young (Normal) (G1 Evacuation Pause) 194M->147M(1024M) 8.228ms
[2024-09-04T15:13:54.862+0530][gc,cpu      ] GC(7) User=0.03s Sys=0.01s Real=0.01s
[2024-09-04T15:14:49.021+0530][gc,start    ] GC(8) Pause Young (Normal) (G1 Evacuation Pause)
[2024-09-04T15:14:49.023+0530][gc,task     ] GC(8) Using 8 workers of 8 for evacuation
[2024-09-04T15:14:49.032+0530][gc,phases   ] GC(8)   Pre Evacuate Collection Set: 0.2ms
[2024-09-04T15:14:49.042+0530][gc,phases   ] GC(8)   Merge Heap Roots: 0.1ms
[2024-09-04T15:14:49.042+0530][gc,phases   ] GC(8)   Evacuate Collection Set: 7.3ms
[2024-09-04T15:14:49.042+0530][gc,phases   ] GC(8)   Post Evacuate Collection Set: 0.8ms
[2024-09-04T15:14:49.042+0530][gc,phases   ] GC(8)   Other: 2.2ms
[2024-09-04T15:14:49.042+0530][gc,heap     ] GC(8) Eden regions: 47->0(46)
[2024-09-04T15:14:49.042+0530][gc,heap     ] GC(8) Survivor regions: 4->5(7)
[2024-09-04T15:14:49.042+0530][gc,heap     ] GC(8) Old regions: 14->16
[2024-09-04T15:14:49.042+0530][gc,heap     ] GC(8) Archive regions: 2->2
[2024-09-04T15:14:49.042+0530][gc,heap     ] GC(8) Humongous regions: 129->129
[2024-09-04T15:14:49.042+0530][gc,metaspace] GC(8) Metaspace: 41326K(41792K)->41326K(41792K) NonClass: 36584K(36864K)->36584K(36864K) Class: 4741K(4928K)->4741K(4928K)
[2024-09-04T15:14:49.042+0530][gc          ] GC(8) Pause Young (Normal) (G1 Evacuation Pause) 194M->150M(1024M) 20.345ms
[2024-09-04T15:14:49.042+0530][gc,cpu      ] GC(8) User=0.05s Sys=0.01s Real=0.02s
[2024-09-04T15:15:59.964+0530][gc,start    ] GC(9) Pause Young (Normal) (G1 Evacuation Pause)
[2024-09-04T15:15:59.970+0530][gc,task     ] GC(9) Using 8 workers of 8 for evacuation
[2024-09-04T15:15:59.979+0530][gc,phases   ] GC(9)   Pre Evacuate Collection Set: 0.2ms
[2024-09-04T15:15:59.980+0530][gc,phases   ] GC(9)   Merge Heap Roots: 0.1ms
[2024-09-04T15:15:59.980+0530][gc,phases   ] GC(9)   Evacuate Collection Set: 8.5ms
[2024-09-04T15:15:59.980+0530][gc,phases   ] GC(9)   Post Evacuate Collection Set: 0.5ms
[2024-09-04T15:15:59.980+0530][gc,phases   ] GC(9)   Other: 5.9ms
[2024-09-04T15:15:59.980+0530][gc,heap     ] GC(9) Eden regions: 46->0(45)
[2024-09-04T15:15:59.980+0530][gc,heap     ] GC(9) Survivor regions: 5->6(7)
[2024-09-04T15:15:59.980+0530][gc,heap     ] GC(9) Old regions: 16->18
[2024-09-04T15:15:59.980+0530][gc,heap     ] GC(9) Archive regions: 2->2
[2024-09-04T15:15:59.980+0530][gc,heap     ] GC(9) Humongous regions: 129->129
[2024-09-04T15:15:59.980+0530][gc,metaspace] GC(9) Metaspace: 42173K(42624K)->42173K(42624K) NonClass: 37370K(37632K)->37370K(37632K) Class: 4803K(4992K)->4803K(4992K)
[2024-09-04T15:15:59.980+0530][gc          ] GC(9) Pause Young (Normal) (G1 Evacuation Pause) 196M->153M(1024M) 15.399ms
[2024-09-04T15:15:59.980+0530][gc,cpu      ] GC(9) User=0.05s Sys=0.01s Real=0.02s
[2024-09-04T15:17:19.085+0530][gc,start    ] GC(10) Pause Young (Normal) (G1 Evacuation Pause)
[2024-09-04T15:17:19.085+0530][gc,task     ] GC(10) Using 8 workers of 8 for evacuation
[2024-09-04T15:17:19.092+0530][gc,phases   ] GC(10)   Pre Evacuate Collection Set: 0.1ms
[2024-09-04T15:17:19.092+0530][gc,phases   ] GC(10)   Merge Heap Roots: 0.1ms
[2024-09-04T15:17:19.092+0530][gc,phases   ] GC(10)   Evacuate Collection Set: 6.7ms
[2024-09-04T15:17:19.092+0530][gc,phases   ] GC(10)   Post Evacuate Collection Set: 0.3ms
[2024-09-04T15:17:19.092+0530][gc,phases   ] GC(10)   Other: 0.2ms
[2024-09-04T15:17:19.092+0530][gc,heap     ] GC(10) Eden regions: 45->0(44)
[2024-09-04T15:17:19.092+0530][gc,heap     ] GC(10) Survivor regions: 6->7(7)
[2024-09-04T15:17:19.092+0530][gc,heap     ] GC(10) Old regions: 18->21
[2024-09-04T15:17:19.092+0530][gc,heap     ] GC(10) Archive regions: 2->2
[2024-09-04T15:17:19.092+0530][gc,heap     ] GC(10) Humongous regions: 129->129
[2024-09-04T15:17:19.092+0530][gc,metaspace] GC(10) Metaspace: 42277K(42752K)->42277K(42752K) NonClass: 37473K(37760K)->37473K(37760K) Class: 4803K(4992K)->4803K(4992K)
[2024-09-04T15:17:19.092+0530][gc          ] GC(10) Pause Young (Normal) (G1 Evacuation Pause) 198M->156M(1024M) 7.615ms
[2024-09-04T15:17:19.092+0530][gc,cpu      ] GC(10) User=0.04s Sys=0.01s Real=0.01s
[2024-09-04T15:18:31.525+0530][gc,start    ] GC(11) Pause Young (Normal) (G1 Evacuation Pause)
[2024-09-04T15:18:31.525+0530][gc,task     ] GC(11) Using 8 workers of 8 for evacuation
[2024-09-04T15:18:31.529+0530][gc,phases   ] GC(11)   Pre Evacuate Collection Set: 0.2ms
[2024-09-04T15:18:31.529+0530][gc,phases   ] GC(11)   Merge Heap Roots: 0.1ms
[2024-09-04T15:18:31.529+0530][gc,phases   ] GC(11)   Evacuate Collection Set: 3.5ms
[2024-09-04T15:18:31.529+0530][gc,phases   ] GC(11)   Post Evacuate Collection Set: 0.3ms
[2024-09-04T15:18:31.529+0530][gc,phases   ] GC(11)   Other: 0.2ms
[2024-09-04T15:18:31.529+0530][gc,heap     ] GC(11) Eden regions: 44->0(88)
[2024-09-04T15:18:31.529+0530][gc,heap     ] GC(11) Survivor regions: 7->4(7)
[2024-09-04T15:18:31.529+0530][gc,heap     ] GC(11) Old regions: 21->22
[2024-09-04T15:18:31.529+0530][gc,heap     ] GC(11) Archive regions: 2->2
[2024-09-04T15:18:31.529+0530][gc,heap     ] GC(11) Humongous regions: 129->129
[2024-09-04T15:18:31.529+0530][gc,metaspace] GC(11) Metaspace: 42408K(42944K)->42408K(42944K) NonClass: 37590K(37888K)->37590K(37888K) Class: 4818K(5056K)->4818K(5056K)
[2024-09-04T15:18:31.529+0530][gc          ] GC(11) Pause Young (Normal) (G1 Evacuation Pause) 200M->155M(1024M) 4.434ms
[2024-09-04T15:18:31.529+0530][gc,cpu      ] GC(11) User=0.03s Sys=0.00s Real=0.00s
[2024-09-04T15:21:05.530+0530][gc,start    ] GC(12) Pause Young (Normal) (G1 Evacuation Pause)
[2024-09-04T15:21:05.532+0530][gc,task     ] GC(12) Using 8 workers of 8 for evacuation
[2024-09-04T15:21:05.537+0530][gc,phases   ] GC(12)   Pre Evacuate Collection Set: 0.2ms
[2024-09-04T15:21:05.537+0530][gc,phases   ] GC(12)   Merge Heap Roots: 0.1ms
[2024-09-04T15:21:05.537+0530][gc,phases   ] GC(12)   Evacuate Collection Set: 4.4ms
[2024-09-04T15:21:05.537+0530][gc,phases   ] GC(12)   Post Evacuate Collection Set: 0.4ms
[2024-09-04T15:21:05.537+0530][gc,phases   ] GC(12)   Other: 2.3ms
[2024-09-04T15:21:05.537+0530][gc,heap     ] GC(12) Eden regions: 87->0(226)
[2024-09-04T15:21:05.537+0530][gc,heap     ] GC(12) Survivor regions: 4->5(12)
[2024-09-04T15:21:05.537+0530][gc,heap     ] GC(12) Old regions: 22->22
[2024-09-04T15:21:05.537+0530][gc,heap     ] GC(12) Archive regions: 2->2
[2024-09-04T15:21:05.537+0530][gc,heap     ] GC(12) Humongous regions: 129->129
[2024-09-04T15:21:05.537+0530][gc,metaspace] GC(12) Metaspace: 42465K(42944K)->42465K(42944K) NonClass: 37647K(37888K)->37647K(37888K) Class: 4818K(5056K)->4818K(5056K)
[2024-09-04T15:21:05.537+0530][gc          ] GC(12) Pause Young (Normal) (G1 Evacuation Pause) 242M->155M(1024M) 7.625ms
[2024-09-04T15:21:05.537+0530][gc,cpu      ] GC(12) User=0.04s Sys=0.00s Real=0.00s
[2024-09-04T15:27:42.906+0530][gc,start    ] GC(13) Pause Young (Normal) (G1 Evacuation Pause)
[2024-09-04T15:27:42.908+0530][gc,task     ] GC(13) Using 8 workers of 8 for evacuation
[2024-09-04T15:27:42.920+0530][gc,phases   ] GC(13)   Pre Evacuate Collection Set: 0.2ms
[2024-09-04T15:27:42.920+0530][gc,phases   ] GC(13)   Merge Heap Roots: 0.1ms
[2024-09-04T15:27:42.920+0530][gc,phases   ] GC(13)   Evacuate Collection Set: 11.2ms
[2024-09-04T15:27:42.920+0530][gc,phases   ] GC(13)   Post Evacuate Collection Set: 0.6ms
[2024-09-04T15:27:42.920+0530][gc,phases   ] GC(13)   Other: 2.3ms
[2024-09-04T15:27:42.920+0530][gc,heap     ] GC(13) Eden regions: 226->0(111)
[2024-09-04T15:27:42.920+0530][gc,heap     ] GC(13) Survivor regions: 5->11(29)
[2024-09-04T15:27:42.920+0530][gc,heap     ] GC(13) Old regions: 22->22
[2024-09-04T15:27:42.920+0530][gc,heap     ] GC(13) Archive regions: 2->2
[2024-09-04T15:27:42.920+0530][gc,heap     ] GC(13) Humongous regions: 129->129
[2024-09-04T15:27:42.920+0530][gc,metaspace] GC(13) Metaspace: 43189K(43712K)->43189K(43712K) NonClass: 38241K(38528K)->38241K(38528K) Class: 4947K(5184K)->4947K(5184K)
[2024-09-04T15:27:42.921+0530][gc          ] GC(13) Pause Young (Normal) (G1 Evacuation Pause) 381M->161M(1024M) 14.684ms
[2024-09-04T15:27:42.921+0530][gc,cpu      ] GC(13) User=0.08s Sys=0.01s Real=0.02s
[2024-09-04T15:30:52.704+0530][gc,start    ] GC(14) Pause Young (Normal) (G1 Evacuation Pause)
[2024-09-04T15:30:52.714+0530][gc,task     ] GC(14) Using 8 workers of 8 for evacuation
[2024-09-04T15:30:52.734+0530][gc,phases   ] GC(14)   Pre Evacuate Collection Set: 0.3ms
[2024-09-04T15:30:52.734+0530][gc,phases   ] GC(14)   Merge Heap Roots: 0.2ms
[2024-09-04T15:30:52.734+0530][gc,phases   ] GC(14)   Evacuate Collection Set: 10.1ms
[2024-09-04T15:30:52.734+0530][gc,phases   ] GC(14)   Post Evacuate Collection Set: 0.5ms
[2024-09-04T15:30:52.734+0530][gc,phases   ] GC(14)   Other: 19.0ms
[2024-09-04T15:30:52.734+0530][gc,heap     ] GC(14) Eden regions: 110->0(106)
[2024-09-04T15:30:52.734+0530][gc,heap     ] GC(14) Survivor regions: 11->9(16)
[2024-09-04T15:30:52.734+0530][gc,heap     ] GC(14) Old regions: 22->25
[2024-09-04T15:30:52.734+0530][gc,heap     ] GC(14) Archive regions: 2->2
[2024-09-04T15:30:52.734+0530][gc,heap     ] GC(14) Humongous regions: 129->129
[2024-09-04T15:30:52.734+0530][gc,metaspace] GC(14) Metaspace: 43205K(43712K)->43205K(43712K) NonClass: 38257K(38528K)->38257K(38528K) Class: 4947K(5184K)->4947K(5184K)
[2024-09-04T15:30:52.734+0530][gc          ] GC(14) Pause Young (Normal) (G1 Evacuation Pause) 271M->163M(1024M) 30.096ms
[2024-09-04T15:30:52.734+0530][gc,cpu      ] GC(14) User=0.07s Sys=0.00s Real=0.03s
[2024-09-04T15:33:47.061+0530][gc,start    ] GC(15) Pause Young (Normal) (G1 Evacuation Pause)
[2024-09-04T15:33:47.062+0530][gc,task     ] GC(15) Using 8 workers of 8 for evacuation
[2024-09-04T15:33:47.074+0530][gc,phases   ] GC(15)   Pre Evacuate Collection Set: 0.2ms
[2024-09-04T15:33:47.074+0530][gc,phases   ] GC(15)   Merge Heap Roots: 0.1ms
[2024-09-04T15:33:47.074+0530][gc,phases   ] GC(15)   Evacuate Collection Set: 11.4ms
[2024-09-04T15:33:47.074+0530][gc,phases   ] GC(15)   Post Evacuate Collection Set: 0.3ms
[2024-09-04T15:33:47.074+0530][gc,phases   ] GC(15)   Other: 0.4ms
[2024-09-04T15:33:47.074+0530][gc,heap     ] GC(15) Eden regions: 101->0(151)
[2024-09-04T15:33:47.074+0530][gc,heap     ] GC(15) Survivor regions: 9->8(14)
[2024-09-04T15:33:47.074+0530][gc,heap     ] GC(15) Old regions: 25->29
[2024-09-04T15:33:47.074+0530][gc,heap     ] GC(15) Archive regions: 2->2
[2024-09-04T15:33:47.074+0530][gc,heap     ] GC(15) Humongous regions: 129->129
[2024-09-04T15:33:47.074+0530][gc,metaspace] GC(15) Metaspace: 43278K(43840K)->43278K(43840K) NonClass: 38314K(38656K)->38314K(38656K) Class: 4964K(5184K)->4964K(5184K)
[2024-09-04T15:33:47.074+0530][gc          ] GC(15) Pause Young (Normal) (G1 Evacuation Pause) 264M->166M(1024M) 12.436ms
[2024-09-04T15:33:47.074+0530][gc,cpu      ] GC(15) User=0.08s Sys=0.01s Real=0.01s
[2024-09-04T15:38:07.227+0530][gc,start    ] GC(16) Pause Young (Normal) (G1 Evacuation Pause)
[2024-09-04T15:38:07.228+0530][gc,task     ] GC(16) Using 8 workers of 8 for evacuation
[2024-09-04T15:38:07.251+0530][gc,mmu      ] GC(16) MMU target violated: 21.0ms (20.0ms/21.0ms)
[2024-09-04T15:38:07.251+0530][gc,phases   ] GC(16)   Pre Evacuate Collection Set: 0.6ms
[2024-09-04T15:38:07.251+0530][gc,phases   ] GC(16)   Merge Heap Roots: 0.4ms
[2024-09-04T15:38:07.251+0530][gc,phases   ] GC(16)   Evacuate Collection Set: 22.0ms
[2024-09-04T15:38:07.251+0530][gc,phases   ] GC(16)   Post Evacuate Collection Set: 0.5ms
[2024-09-04T15:38:07.251+0530][gc,phases   ] GC(16)   Other: 0.6ms
[2024-09-04T15:38:07.251+0530][gc,heap     ] GC(16) Eden regions: 151->0(40)
[2024-09-04T15:38:07.252+0530][gc,heap     ] GC(16) Survivor regions: 8->11(20)
[2024-09-04T15:38:07.252+0530][gc,heap     ] GC(16) Old regions: 29->29
[2024-09-04T15:38:07.252+0530][gc,heap     ] GC(16) Archive regions: 2->2
[2024-09-04T15:38:07.252+0530][gc,heap     ] GC(16) Humongous regions: 129->129
[2024-09-04T15:38:07.252+0530][gc,metaspace] GC(16) Metaspace: 43876K(44480K)->43876K(44480K) NonClass: 38792K(39104K)->38792K(39104K) Class: 5084K(5376K)->5084K(5376K)
[2024-09-04T15:38:07.252+0530][gc          ] GC(16) Pause Young (Normal) (G1 Evacuation Pause) 317M->169M(1024M) 24.078ms
[2024-09-04T15:38:07.252+0530][gc,cpu      ] GC(16) User=0.07s Sys=0.08s Real=0.03s
[2024-09-04T15:39:24.304+0530][gc,start    ] GC(17) Pause Young (Normal) (G1 Evacuation Pause)
[2024-09-04T15:39:24.306+0530][gc,task     ] GC(17) Using 8 workers of 8 for evacuation
[2024-09-04T15:39:24.319+0530][gc,phases   ] GC(17)   Pre Evacuate Collection Set: 0.2ms
[2024-09-04T15:39:24.319+0530][gc,phases   ] GC(17)   Merge Heap Roots: 0.1ms
[2024-09-04T15:39:24.319+0530][gc,phases   ] GC(17)   Evacuate Collection Set: 11.9ms
[2024-09-04T15:39:24.319+0530][gc,phases   ] GC(17)   Post Evacuate Collection Set: 0.3ms
[2024-09-04T15:39:24.319+0530][gc,phases   ] GC(17)   Other: 2.2ms
[2024-09-04T15:39:24.319+0530][gc,heap     ] GC(17) Eden regions: 40->0(160)
[2024-09-04T15:39:24.319+0530][gc,heap     ] GC(17) Survivor regions: 11->4(7)
[2024-09-04T15:39:24.319+0530][gc,heap     ] GC(17) Old regions: 29->40
[2024-09-04T15:39:24.319+0530][gc,heap     ] GC(17) Archive regions: 2->2
[2024-09-04T15:39:24.319+0530][gc,heap     ] GC(17) Humongous regions: 129->129
[2024-09-04T15:39:24.319+0530][gc,metaspace] GC(17) Metaspace: 43888K(44480K)->43888K(44480K) NonClass: 38804K(39104K)->38804K(39104K) Class: 5084K(5376K)->5084K(5376K)
[2024-09-04T15:39:24.319+0530][gc          ] GC(17) Pause Young (Normal) (G1 Evacuation Pause) 209M->172M(1024M) 14.925ms
[2024-09-04T15:39:24.319+0530][gc,cpu      ] GC(17) User=0.08s Sys=0.01s Real=0.01s
[2024-09-04T15:44:38.196+0530][gc,start    ] GC(18) Pause Young (Normal) (G1 Evacuation Pause)
[2024-09-04T15:44:38.198+0530][gc,task     ] GC(18) Using 8 workers of 8 for evacuation
[2024-09-04T15:44:38.204+0530][gc,phases   ] GC(18)   Pre Evacuate Collection Set: 0.2ms
[2024-09-04T15:44:38.204+0530][gc,phases   ] GC(18)   Merge Heap Roots: 0.2ms
[2024-09-04T15:44:38.204+0530][gc,phases   ] GC(18)   Evacuate Collection Set: 4.6ms
[2024-09-04T15:44:38.204+0530][gc,phases   ] GC(18)   Post Evacuate Collection Set: 0.4ms
[2024-09-04T15:44:38.204+0530][gc,phases   ] GC(18)   Other: 2.0ms
[2024-09-04T15:44:38.204+0530][gc,heap     ] GC(18) Eden regions: 160->0(219)
[2024-09-04T15:44:38.204+0530][gc,heap     ] GC(18) Survivor regions: 4->4(21)
[2024-09-04T15:44:38.204+0530][gc,heap     ] GC(18) Old regions: 40->40
[2024-09-04T15:44:38.204+0530][gc,heap     ] GC(18) Archive regions: 2->2
[2024-09-04T15:44:38.204+0530][gc,heap     ] GC(18) Humongous regions: 129->129
[2024-09-04T15:44:38.204+0530][gc,metaspace] GC(18) Metaspace: 43932K(44544K)->43932K(44544K) NonClass: 38848K(39168K)->38848K(39168K) Class: 5084K(5376K)->5084K(5376K)
[2024-09-04T15:44:38.204+0530][gc          ] GC(18) Pause Young (Normal) (G1 Evacuation Pause) 332M->172M(1024M) 7.630ms
[2024-09-04T15:44:38.204+0530][gc,cpu      ] GC(18) User=0.04s Sys=0.00s Real=0.01s
[2024-09-04T15:51:51.261+0530][gc,start    ] GC(19) Pause Young (Normal) (G1 Evacuation Pause)
[2024-09-04T15:51:51.261+0530][gc,task     ] GC(19) Using 8 workers of 8 for evacuation
[2024-09-04T15:51:51.279+0530][gc,phases   ] GC(19)   Pre Evacuate Collection Set: 0.2ms
[2024-09-04T15:51:51.279+0530][gc,phases   ] GC(19)   Merge Heap Roots: 0.1ms
[2024-09-04T15:51:51.279+0530][gc,phases   ] GC(19)   Evacuate Collection Set: 17.5ms
[2024-09-04T15:51:51.279+0530][gc,phases   ] GC(19)   Post Evacuate Collection Set: 0.5ms
[2024-09-04T15:51:51.279+0530][gc,phases   ] GC(19)   Other: 0.3ms
[2024-09-04T15:51:51.279+0530][gc,heap     ] GC(19) Eden regions: 219->0(72)
[2024-09-04T15:51:51.279+0530][gc,heap     ] GC(19) Survivor regions: 4->12(28)
[2024-09-04T15:51:51.279+0530][gc,heap     ] GC(19) Old regions: 40->40
[2024-09-04T15:51:51.279+0530][gc,heap     ] GC(19) Archive regions: 2->2
[2024-09-04T15:51:51.279+0530][gc,heap     ] GC(19) Humongous regions: 129->129
[2024-09-04T15:51:51.279+0530][gc,metaspace] GC(19) Metaspace: 43956K(44608K)->43956K(44608K) NonClass: 38871K(39232K)->38871K(39232K) Class: 5084K(5376K)->5084K(5376K)
[2024-09-04T15:51:51.279+0530][gc          ] GC(19) Pause Young (Normal) (G1 Evacuation Pause) 391M->180M(1024M) 18.682ms
[2024-09-04T15:51:51.279+0530][gc,cpu      ] GC(19) User=0.07s Sys=0.04s Real=0.01s
[2024-09-04T15:54:12.709+0530][gc,start    ] GC(20) Pause Young (Normal) (G1 Evacuation Pause)
[2024-09-04T15:54:12.709+0530][gc,task     ] GC(20) Using 8 workers of 8 for evacuation
[2024-09-04T15:54:12.720+0530][gc,phases   ] GC(20)   Pre Evacuate Collection Set: 0.2ms
[2024-09-04T15:54:12.720+0530][gc,phases   ] GC(20)   Merge Heap Roots: 0.1ms
[2024-09-04T15:54:12.720+0530][gc,phases   ] GC(20)   Evacuate Collection Set: 9.8ms
[2024-09-04T15:54:12.720+0530][gc,phases   ] GC(20)   Post Evacuate Collection Set: 0.4ms
[2024-09-04T15:54:12.720+0530][gc,phases   ] GC(20)   Other: 0.3ms
[2024-09-04T15:54:12.720+0530][gc,heap     ] GC(20) Eden regions: 72->0(247)
[2024-09-04T15:54:12.720+0530][gc,heap     ] GC(20) Survivor regions: 12->4(11)
[2024-09-04T15:54:12.720+0530][gc,heap     ] GC(20) Old regions: 40->45
[2024-09-04T15:54:12.720+0530][gc,heap     ] GC(20) Archive regions: 2->2
[2024-09-04T15:54:12.720+0530][gc,heap     ] GC(20) Humongous regions: 129->129
[2024-09-04T15:54:12.720+0530][gc,metaspace] GC(20) Metaspace: 43958K(44608K)->43958K(44608K) NonClass: 38873K(39232K)->38873K(39232K) Class: 5084K(5376K)->5084K(5376K)
[2024-09-04T15:54:12.720+0530][gc          ] GC(20) Pause Young (Normal) (G1 Evacuation Pause) 252M->178M(1024M) 11.201ms
[2024-09-04T15:54:12.720+0530][gc,cpu      ] GC(20) User=0.06s Sys=0.01s Real=0.02s
[2024-09-04T16:02:21.998+0530][gc,start    ] GC(21) Pause Young (Normal) (G1 Evacuation Pause)
[2024-09-04T16:02:21.998+0530][gc,task     ] GC(21) Using 8 workers of 8 for evacuation
[2024-09-04T16:02:22.008+0530][gc,phases   ] GC(21)   Pre Evacuate Collection Set: 0.2ms
[2024-09-04T16:02:22.008+0530][gc,phases   ] GC(21)   Merge Heap Roots: 0.1ms
[2024-09-04T16:02:22.008+0530][gc,phases   ] GC(21)   Evacuate Collection Set: 9.0ms
[2024-09-04T16:02:22.008+0530][gc,phases   ] GC(21)   Post Evacuate Collection Set: 0.5ms
[2024-09-04T16:02:22.008+0530][gc,phases   ] GC(21)   Other: 0.3ms
[2024-09-04T16:02:22.008+0530][gc,heap     ] GC(21) Eden regions: 247->0(239)
[2024-09-04T16:02:22.008+0530][gc,heap     ] GC(21) Survivor regions: 4->7(32)
[2024-09-04T16:02:22.008+0530][gc,heap     ] GC(21) Old regions: 45->45
[2024-09-04T16:02:22.008+0530][gc,heap     ] GC(21) Archive regions: 2->2
[2024-09-04T16:02:22.008+0530][gc,heap     ] GC(21) Humongous regions: 129->129
[2024-09-04T16:02:22.008+0530][gc,metaspace] GC(21) Metaspace: 43972K(44608K)->43972K(44608K) NonClass: 38888K(39232K)->38888K(39232K) Class: 5084K(5376K)->5084K(5376K)
[2024-09-04T16:02:22.008+0530][gc          ] GC(21) Pause Young (Normal) (G1 Evacuation Pause) 425M->181M(1024M) 10.268ms
[2024-09-04T16:02:22.008+0530][gc,cpu      ] GC(21) User=0.05s Sys=0.01s Real=0.01s
[2024-09-04T16:10:08.655+0530][gc,start    ] GC(22) Pause Young (Normal) (G1 Evacuation Pause)
[2024-09-04T16:10:08.656+0530][gc,task     ] GC(22) Using 8 workers of 8 for evacuation
[2024-09-04T16:10:08.664+0530][gc,phases   ] GC(22)   Pre Evacuate Collection Set: 0.2ms
[2024-09-04T16:10:08.664+0530][gc,phases   ] GC(22)   Merge Heap Roots: 0.1ms
[2024-09-04T16:10:08.664+0530][gc,phases   ] GC(22)   Evacuate Collection Set: 7.5ms
[2024-09-04T16:10:08.664+0530][gc,phases   ] GC(22)   Post Evacuate Collection Set: 0.5ms
[2024-09-04T16:10:08.664+0530][gc,phases   ] GC(22)   Other: 0.3ms
[2024-09-04T16:10:08.664+0530][gc,heap     ] GC(22) Eden regions: 239->0(261)
[2024-09-04T16:10:08.664+0530][gc,heap     ] GC(22) Survivor regions: 7->8(31)
[2024-09-04T16:10:08.664+0530][gc,heap     ] GC(22) Old regions: 45->45
[2024-09-04T16:10:08.664+0530][gc,heap     ] GC(22) Archive regions: 2->2
[2024-09-04T16:10:08.664+0530][gc,heap     ] GC(22) Humongous regions: 147->147
[2024-09-04T16:10:08.664+0530][gc,metaspace] GC(22) Metaspace: 44210K(44800K)->44210K(44800K) NonClass: 39086K(39424K)->39086K(39424K) Class: 5124K(5376K)->5124K(5376K)
[2024-09-04T16:10:08.664+0530][gc          ] GC(22) Pause Young (Normal) (G1 Evacuation Pause) 438M->200M(1024M) 8.902ms
[2024-09-04T16:10:08.664+0530][gc,cpu      ] GC(22) User=0.06s Sys=0.00s Real=0.01s
[2024-09-04T16:18:45.767+0530][gc,start    ] GC(23) Pause Young (Normal) (G1 Evacuation Pause)
[2024-09-04T16:18:45.767+0530][gc,task     ] GC(23) Using 8 workers of 8 for evacuation
[2024-09-04T16:18:45.777+0530][gc,phases   ] GC(23)   Pre Evacuate Collection Set: 0.2ms
[2024-09-04T16:18:45.777+0530][gc,phases   ] GC(23)   Merge Heap Roots: 0.2ms
[2024-09-04T16:18:45.778+0530][gc,phases   ] GC(23)   Evacuate Collection Set: 9.0ms
[2024-09-04T16:18:45.778+0530][gc,phases   ] GC(23)   Post Evacuate Collection Set: 0.4ms
[2024-09-04T16:18:45.778+0530][gc,phases   ] GC(23)   Other: 0.4ms
[2024-09-04T16:18:45.778+0530][gc,heap     ] GC(23) Eden regions: 261->0(605)
[2024-09-04T16:18:45.778+0530][gc,heap     ] GC(23) Survivor regions: 8->9(34)
[2024-09-04T16:18:45.778+0530][gc,heap     ] GC(23) Old regions: 45->45
[2024-09-04T16:18:45.778+0530][gc,heap     ] GC(23) Archive regions: 2->2
[2024-09-04T16:18:45.778+0530][gc,heap     ] GC(23) Humongous regions: 147->147
[2024-09-04T16:18:45.778+0530][gc,metaspace] GC(23) Metaspace: 44239K(44800K)->44239K(44800K) NonClass: 39115K(39424K)->39115K(39424K) Class: 5124K(5376K)->5124K(5376K)
[2024-09-04T16:18:45.778+0530][gc          ] GC(23) Pause Young (Normal) (G1 Evacuation Pause) 461M->201M(1024M) 10.412ms
[2024-09-04T16:18:45.778+0530][gc,cpu      ] GC(23) User=0.06s Sys=0.01s Real=0.01s
[2024-09-04T16:55:45.478+0530][gc,start    ] GC(24) Pause Young (Normal) (G1 Evacuation Pause)
[2024-09-04T16:55:45.480+0530][gc,task     ] GC(24) Using 8 workers of 8 for evacuation
[2024-09-04T16:55:45.621+0530][gc,mmu      ] GC(24) MMU target violated: 21.0ms (20.0ms/21.0ms)
[2024-09-04T16:55:45.621+0530][gc,phases   ] GC(24)   Pre Evacuate Collection Set: 12.9ms
[2024-09-04T16:55:45.621+0530][gc,phases   ] GC(24)   Merge Heap Roots: 6.0ms
[2024-09-04T16:55:45.621+0530][gc,phases   ] GC(24)   Evacuate Collection Set: 97.2ms
[2024-09-04T16:55:45.621+0530][gc,phases   ] GC(24)   Post Evacuate Collection Set: 9.0ms
[2024-09-04T16:55:45.621+0530][gc,phases   ] GC(24)   Other: 22.2ms
[2024-09-04T16:55:45.621+0530][gc,heap     ] GC(24) Eden regions: 605->0(37)
[2024-09-04T16:55:45.621+0530][gc,heap     ] GC(24) Survivor regions: 9->14(77)
[2024-09-04T16:55:45.621+0530][gc,heap     ] GC(24) Old regions: 45->45
[2024-09-04T16:55:45.621+0530][gc,heap     ] GC(24) Archive regions: 2->2
[2024-09-04T16:55:45.621+0530][gc,heap     ] GC(24) Humongous regions: 147->147
[2024-09-04T16:55:45.621+0530][gc,metaspace] GC(24) Metaspace: 44318K(44928K)->44318K(44928K) NonClass: 39184K(39552K)->39184K(39552K) Class: 5133K(5376K)->5133K(5376K)
[2024-09-04T16:55:45.621+0530][gc          ] GC(24) Pause Young (Normal) (G1 Evacuation Pause) 806M->206M(1024M) 143.224ms
[2024-09-04T16:55:45.621+0530][gc,cpu      ] GC(24) User=0.09s Sys=0.36s Real=0.15s
[2024-09-04T16:56:57.751+0530][gc,start    ] GC(25) Pause Young (Normal) (G1 Evacuation Pause)
[2024-09-04T16:56:57.751+0530][gc,task     ] GC(25) Using 8 workers of 8 for evacuation
[2024-09-04T16:56:57.765+0530][gc,phases   ] GC(25)   Pre Evacuate Collection Set: 1.1ms
[2024-09-04T16:56:57.765+0530][gc,phases   ] GC(25)   Merge Heap Roots: 0.2ms
[2024-09-04T16:56:57.765+0530][gc,phases   ] GC(25)   Evacuate Collection Set: 11.0ms
[2024-09-04T16:56:57.765+0530][gc,phases   ] GC(25)   Post Evacuate Collection Set: 0.5ms
[2024-09-04T16:56:57.765+0530][gc,phases   ] GC(25)   Other: 1.2ms
[2024-09-04T16:56:57.765+0530][gc,heap     ] GC(25) Eden regions: 37->0(47)
[2024-09-04T16:56:57.765+0530][gc,heap     ] GC(25) Survivor regions: 14->4(7)
[2024-09-04T16:56:57.765+0530][gc,heap     ] GC(25) Old regions: 45->52
[2024-09-04T16:56:57.765+0530][gc,heap     ] GC(25) Archive regions: 2->2
[2024-09-04T16:56:57.765+0530][gc,heap     ] GC(25) Humongous regions: 147->147
[2024-09-04T16:56:57.765+0530][gc,metaspace] GC(25) Metaspace: 44334K(44928K)->44334K(44928K) NonClass: 39201K(39552K)->39201K(39552K) Class: 5133K(5376K)->5133K(5376K)
[2024-09-04T16:56:57.765+0530][gc          ] GC(25) Pause Young (Normal) (G1 Evacuation Pause) 243M->203M(1024M) 14.064ms
[2024-09-04T16:56:57.765+0530][gc,cpu      ] GC(25) User=0.05s Sys=0.02s Real=0.01s
[2024-09-04T16:58:28.679+0530][gc,start    ] GC(26) Pause Young (Normal) (G1 Evacuation Pause)
[2024-09-04T16:58:28.679+0530][gc,task     ] GC(26) Using 8 workers of 8 for evacuation
[2024-09-04T16:58:28.736+0530][gc,mmu      ] GC(26) MMU target violated: 21.0ms (20.0ms/21.0ms)
[2024-09-04T16:58:28.736+0530][gc,phases   ] GC(26)   Pre Evacuate Collection Set: 2.9ms
[2024-09-04T16:58:28.736+0530][gc,phases   ] GC(26)   Merge Heap Roots: 0.4ms
[2024-09-04T16:58:28.736+0530][gc,phases   ] GC(26)   Evacuate Collection Set: 46.9ms
[2024-09-04T16:58:28.736+0530][gc,phases   ] GC(26)   Post Evacuate Collection Set: 6.0ms
[2024-09-04T16:58:28.736+0530][gc,phases   ] GC(26)   Other: 1.3ms
[2024-09-04T16:58:28.736+0530][gc,heap     ] GC(26) Eden regions: 47->0(45)
[2024-09-04T16:58:28.736+0530][gc,heap     ] GC(26) Survivor regions: 4->6(7)
[2024-09-04T16:58:28.736+0530][gc,heap     ] GC(26) Old regions: 52->52
[2024-09-04T16:58:28.736+0530][gc,heap     ] GC(26) Archive regions: 2->2
[2024-09-04T16:58:28.736+0530][gc,heap     ] GC(26) Humongous regions: 147->147
[2024-09-04T16:58:28.736+0530][gc,metaspace] GC(26) Metaspace: 44335K(44928K)->44335K(44928K) NonClass: 39201K(39552K)->39201K(39552K) Class: 5133K(5376K)->5133K(5376K)
[2024-09-04T16:58:28.736+0530][gc          ] GC(26) Pause Young (Normal) (G1 Evacuation Pause) 250M->204M(1024M) 57.785ms
[2024-09-04T16:58:28.736+0530][gc,cpu      ] GC(26) User=0.04s Sys=0.16s Real=0.06s
[2024-09-04T16:59:56.090+0530][gc,start    ] GC(27) Pause Young (Normal) (G1 Evacuation Pause)
[2024-09-04T16:59:56.091+0530][gc,task     ] GC(27) Using 8 workers of 8 for evacuation
[2024-09-04T16:59:56.158+0530][gc,mmu      ] GC(27) MMU target violated: 21.0ms (20.0ms/21.0ms)
[2024-09-04T16:59:56.158+0530][gc,phases   ] GC(27)   Pre Evacuate Collection Set: 9.2ms
[2024-09-04T16:59:56.158+0530][gc,phases   ] GC(27)   Merge Heap Roots: 0.5ms
[2024-09-04T16:59:56.158+0530][gc,phases   ] GC(27)   Evacuate Collection Set: 55.1ms
[2024-09-04T16:59:56.158+0530][gc,phases   ] GC(27)   Post Evacuate Collection Set: 1.7ms
[2024-09-04T16:59:56.158+0530][gc,phases   ] GC(27)   Other: 2.0ms
[2024-09-04T16:59:56.158+0530][gc,heap     ] GC(27) Eden regions: 45->0(44)
[2024-09-04T16:59:56.159+0530][gc,heap     ] GC(27) Survivor regions: 6->7(7)
[2024-09-04T16:59:56.159+0530][gc,heap     ] GC(27) Old regions: 52->54
[2024-09-04T16:59:56.159+0530][gc,heap     ] GC(27) Archive regions: 2->2
[2024-09-04T16:59:56.159+0530][gc,heap     ] GC(27) Humongous regions: 147->147
[2024-09-04T16:59:56.159+0530][gc,metaspace] GC(27) Metaspace: 44335K(44928K)->44335K(44928K) NonClass: 39201K(39552K)->39201K(39552K) Class: 5133K(5376K)->5133K(5376K)
[2024-09-04T16:59:56.159+0530][gc          ] GC(27) Pause Young (Normal) (G1 Evacuation Pause) 249M->208M(1024M) 68.522ms
[2024-09-04T16:59:56.159+0530][gc,cpu      ] GC(27) User=0.05s Sys=0.20s Real=0.06s
[2024-09-04T17:01:21.633+0530][gc,start    ] GC(28) Pause Young (Normal) (G1 Evacuation Pause)
[2024-09-04T17:01:21.635+0530][gc,task     ] GC(28) Using 8 workers of 8 for evacuation
[2024-09-04T17:01:21.670+0530][gc,mmu      ] GC(28) MMU target violated: 21.0ms (20.0ms/21.0ms)
[2024-09-04T17:01:21.670+0530][gc,phases   ] GC(28)   Pre Evacuate Collection Set: 2.5ms
[2024-09-04T17:01:21.670+0530][gc,phases   ] GC(28)   Merge Heap Roots: 0.5ms
[2024-09-04T17:01:21.670+0530][gc,phases   ] GC(28)   Evacuate Collection Set: 30.3ms
[2024-09-04T17:01:21.670+0530][gc,phases   ] GC(28)   Post Evacuate Collection Set: 1.6ms
[2024-09-04T17:01:21.670+0530][gc,phases   ] GC(28)   Other: 3.0ms
[2024-09-04T17:01:21.671+0530][gc,heap     ] GC(28) Eden regions: 44->0(47)
[2024-09-04T17:01:21.671+0530][gc,heap     ] GC(28) Survivor regions: 7->4(7)
[2024-09-04T17:01:21.671+0530][gc,heap     ] GC(28) Old regions: 54->55
[2024-09-04T17:01:21.671+0530][gc,heap     ] GC(28) Archive regions: 2->2
[2024-09-04T17:01:21.671+0530][gc,heap     ] GC(28) Humongous regions: 147->147
[2024-09-04T17:01:21.671+0530][gc,metaspace] GC(28) Metaspace: 44339K(44928K)->44339K(44928K) NonClass: 39206K(39552K)->39206K(39552K) Class: 5133K(5376K)->5133K(5376K)
[2024-09-04T17:01:21.671+0530][gc          ] GC(28) Pause Young (Normal) (G1 Evacuation Pause) 252M->206M(1024M) 37.791ms
[2024-09-04T17:01:21.671+0530][gc,cpu      ] GC(28) User=0.04s Sys=0.14s Real=0.04s
[2024-09-04T17:02:54.679+0530][gc,start    ] GC(29) Pause Young (Normal) (G1 Evacuation Pause)
[2024-09-04T17:02:54.681+0530][gc,task     ] GC(29) Using 8 workers of 8 for evacuation
[2024-09-04T17:02:54.732+0530][gc,mmu      ] GC(29) MMU target violated: 21.0ms (20.0ms/21.0ms)
[2024-09-04T17:02:54.732+0530][gc,phases   ] GC(29)   Pre Evacuate Collection Set: 1.3ms
[2024-09-04T17:02:54.732+0530][gc,phases   ] GC(29)   Merge Heap Roots: 0.4ms
[2024-09-04T17:02:54.732+0530][gc,phases   ] GC(29)   Evacuate Collection Set: 46.6ms
[2024-09-04T17:02:54.732+0530][gc,phases   ] GC(29)   Post Evacuate Collection Set: 2.2ms
[2024-09-04T17:02:54.732+0530][gc,phases   ] GC(29)   Other: 2.6ms
[2024-09-04T17:02:54.732+0530][gc,heap     ] GC(29) Eden regions: 47->0(44)
[2024-09-04T17:02:54.732+0530][gc,heap     ] GC(29) Survivor regions: 4->7(7)
[2024-09-04T17:02:54.732+0530][gc,heap     ] GC(29) Old regions: 55->55
[2024-09-04T17:02:54.732+0530][gc,heap     ] GC(29) Archive regions: 2->2
[2024-09-04T17:02:54.732+0530][gc,heap     ] GC(29) Humongous regions: 147->147
[2024-09-04T17:02:54.732+0530][gc,metaspace] GC(29) Metaspace: 44340K(44928K)->44340K(44928K) NonClass: 39207K(39552K)->39207K(39552K) Class: 5133K(5376K)->5133K(5376K)
[2024-09-04T17:02:54.732+0530][gc          ] GC(29) Pause Young (Normal) (G1 Evacuation Pause) 253M->209M(1024M) 52.969ms
[2024-09-04T17:02:54.732+0530][gc,cpu      ] GC(29) User=0.05s Sys=0.17s Real=0.06s
[2024-09-04T17:04:21.922+0530][gc,start    ] GC(30) Pause Young (Normal) (G1 Evacuation Pause)
[2024-09-04T17:04:21.922+0530][gc,task     ] GC(30) Using 8 workers of 8 for evacuation
[2024-09-04T17:04:21.933+0530][gc,phases   ] GC(30)   Pre Evacuate Collection Set: 1.5ms
[2024-09-04T17:04:21.933+0530][gc,phases   ] GC(30)   Merge Heap Roots: 0.1ms
[2024-09-04T17:04:21.933+0530][gc,phases   ] GC(30)   Evacuate Collection Set: 8.8ms
[2024-09-04T17:04:21.933+0530][gc,phases   ] GC(30)   Post Evacuate Collection Set: 0.6ms
[2024-09-04T17:04:21.934+0530][gc,phases   ] GC(30)   Other: 0.5ms
[2024-09-04T17:04:21.934+0530][gc,heap     ] GC(30) Eden regions: 44->0(44)
[2024-09-04T17:04:21.934+0530][gc,heap     ] GC(30) Survivor regions: 7->7(7)
[2024-09-04T17:04:21.934+0530][gc,heap     ] GC(30) Old regions: 55->59
[2024-09-04T17:04:21.934+0530][gc,heap     ] GC(30) Archive regions: 2->2
[2024-09-04T17:04:21.934+0530][gc,heap     ] GC(30) Humongous regions: 147->147
[2024-09-04T17:04:21.934+0530][gc,metaspace] GC(30) Metaspace: 44341K(44928K)->44341K(44928K) NonClass: 39208K(39552K)->39208K(39552K) Class: 5133K(5376K)->5133K(5376K)
[2024-09-04T17:04:21.934+0530][gc          ] GC(30) Pause Young (Normal) (G1 Evacuation Pause) 253M->212M(1024M) 11.699ms
[2024-09-04T17:04:21.934+0530][gc,cpu      ] GC(30) User=0.06s Sys=0.01s Real=0.01s
[2024-09-04T17:05:49.719+0530][gc,start    ] GC(31) Pause Young (Normal) (G1 Evacuation Pause)
[2024-09-04T17:05:49.720+0530][gc,task     ] GC(31) Using 8 workers of 8 for evacuation
[2024-09-04T17:05:49.726+0530][gc,phases   ] GC(31)   Pre Evacuate Collection Set: 0.2ms
[2024-09-04T17:05:49.726+0530][gc,phases   ] GC(31)   Merge Heap Roots: 0.1ms
[2024-09-04T17:05:49.726+0530][gc,phases   ] GC(31)   Evacuate Collection Set: 5.3ms
[2024-09-04T17:05:49.726+0530][gc,phases   ] GC(31)   Post Evacuate Collection Set: 0.4ms
[2024-09-04T17:05:49.726+0530][gc,phases   ] GC(31)   Other: 0.5ms
[2024-09-04T17:05:49.726+0530][gc,heap     ] GC(31) Eden regions: 44->0(46)
[2024-09-04T17:05:49.726+0530][gc,heap     ] GC(31) Survivor regions: 7->5(7)
[2024-09-04T17:05:49.726+0530][gc,heap     ] GC(31) Old regions: 59->60
[2024-09-04T17:05:49.726+0530][gc,heap     ] GC(31) Archive regions: 2->2
[2024-09-04T17:05:49.726+0530][gc,heap     ] GC(31) Humongous regions: 147->147
[2024-09-04T17:05:49.726+0530][gc,metaspace] GC(31) Metaspace: 44342K(44928K)->44342K(44928K) NonClass: 39208K(39552K)->39208K(39552K) Class: 5133K(5376K)->5133K(5376K)
[2024-09-04T17:05:49.726+0530][gc          ] GC(31) Pause Young (Normal) (G1 Evacuation Pause) 256M->211M(1024M) 6.601ms
[2024-09-04T17:05:49.726+0530][gc,cpu      ] GC(31) User=0.03s Sys=0.01s Real=0.01s
[2024-09-04T17:07:21.123+0530][gc,start    ] GC(32) Pause Young (Normal) (G1 Evacuation Pause)
[2024-09-04T17:07:21.125+0530][gc,task     ] GC(32) Using 8 workers of 8 for evacuation
[2024-09-04T17:07:21.141+0530][gc,phases   ] GC(32)   Pre Evacuate Collection Set: 0.4ms
[2024-09-04T17:07:21.141+0530][gc,phases   ] GC(32)   Merge Heap Roots: 1.1ms
[2024-09-04T17:07:21.141+0530][gc,phases   ] GC(32)   Evacuate Collection Set: 12.5ms
[2024-09-04T17:07:21.142+0530][gc,phases   ] GC(32)   Post Evacuate Collection Set: 0.4ms
[2024-09-04T17:07:21.142+0530][gc,phases   ] GC(32)   Other: 3.7ms
[2024-09-04T17:07:21.142+0530][gc,heap     ] GC(32) Eden regions: 46->0(44)
[2024-09-04T17:07:21.142+0530][gc,heap     ] GC(32) Survivor regions: 5->7(7)
[2024-09-04T17:07:21.142+0530][gc,heap     ] GC(32) Old regions: 60->61
[2024-09-04T17:07:21.142+0530][gc,heap     ] GC(32) Archive regions: 2->2
[2024-09-04T17:07:21.142+0530][gc,heap     ] GC(32) Humongous regions: 147->147
[2024-09-04T17:07:21.142+0530][gc,metaspace] GC(32) Metaspace: 44342K(44928K)->44342K(44928K) NonClass: 39208K(39552K)->39208K(39552K) Class: 5133K(5376K)->5133K(5376K)
[2024-09-04T17:07:21.142+0530][gc          ] GC(32) Pause Young (Normal) (G1 Evacuation Pause) 257M->214M(1024M) 18.257ms
[2024-09-04T17:07:21.142+0530][gc,cpu      ] GC(32) User=0.04s Sys=0.02s Real=0.02s
[2024-09-04T17:08:48.220+0530][gc,start    ] GC(33) Pause Young (Normal) (G1 Evacuation Pause)
[2024-09-04T17:08:48.220+0530][gc,task     ] GC(33) Using 8 workers of 8 for evacuation
[2024-09-04T17:08:48.225+0530][gc,phases   ] GC(33)   Pre Evacuate Collection Set: 0.2ms
[2024-09-04T17:08:48.225+0530][gc,phases   ] GC(33)   Merge Heap Roots: 0.2ms
[2024-09-04T17:08:48.225+0530][gc,phases   ] GC(33)   Evacuate Collection Set: 3.6ms
[2024-09-04T17:08:48.225+0530][gc,phases   ] GC(33)   Post Evacuate Collection Set: 0.4ms
[2024-09-04T17:08:48.225+0530][gc,phases   ] GC(33)   Other: 0.5ms
[2024-09-04T17:08:48.225+0530][gc,heap     ] GC(33) Eden regions: 44->0(61)
[2024-09-04T17:08:48.225+0530][gc,heap     ] GC(33) Survivor regions: 7->2(7)
[2024-09-04T17:08:48.225+0530][gc,heap     ] GC(33) Old regions: 61->61
[2024-09-04T17:08:48.225+0530][gc,heap     ] GC(33) Archive regions: 2->2
[2024-09-04T17:08:48.225+0530][gc,heap     ] GC(33) Humongous regions: 147->147
[2024-09-04T17:08:48.225+0530][gc,metaspace] GC(33) Metaspace: 44342K(44928K)->44342K(44928K) NonClass: 39208K(39552K)->39208K(39552K) Class: 5133K(5376K)->5133K(5376K)
[2024-09-04T17:08:48.225+0530][gc          ] GC(33) Pause Young (Normal) (G1 Evacuation Pause) 258M->210M(1024M) 5.119ms
[2024-09-04T17:08:48.225+0530][gc,cpu      ] GC(33) User=0.03s Sys=0.00s Real=0.00s
[2024-09-04T17:10:09.997+0530][gc,start    ] GC(34) Pause Young (Normal) (G1 Evacuation Pause)
[2024-09-04T17:10:09.997+0530][gc,task     ] GC(34) Using 8 workers of 8 for evacuation
[2024-09-04T17:10:10.005+0530][gc,phases   ] GC(34)   Pre Evacuate Collection Set: 0.1ms
[2024-09-04T17:10:10.005+0530][gc,phases   ] GC(34)   Merge Heap Roots: 0.1ms
[2024-09-04T17:10:10.005+0530][gc,phases   ] GC(34)   Evacuate Collection Set: 7.1ms
[2024-09-04T17:10:10.005+0530][gc,phases   ] GC(34)   Post Evacuate Collection Set: 0.4ms
[2024-09-04T17:10:10.005+0530][gc,phases   ] GC(34)   Other: 0.1ms
[2024-09-04T17:10:10.005+0530][gc,heap     ] GC(34) Eden regions: 59->0(69)
[2024-09-04T17:10:10.005+0530][gc,heap     ] GC(34) Survivor regions: 2->3(8)
[2024-09-04T17:10:10.005+0530][gc,heap     ] GC(34) Old regions: 61->61
[2024-09-04T17:10:10.005+0530][gc,heap     ] GC(34) Archive regions: 2->2
[2024-09-04T17:10:10.005+0530][gc,heap     ] GC(34) Humongous regions: 159->147
[2024-09-04T17:10:10.005+0530][gc,metaspace] GC(34) Metaspace: 45745K(46336K)->45745K(46336K) NonClass: 40359K(40704K)->40359K(40704K) Class: 5386K(5632K)->5386K(5632K)
[2024-09-04T17:10:10.005+0530][gc          ] GC(34) Pause Young (Normal) (G1 Evacuation Pause) 281M->211M(1024M) 8.000ms
[2024-09-04T17:10:10.005+0530][gc,cpu      ] GC(34) User=0.02s Sys=0.02s Real=0.01s
[2024-09-04T17:10:15.165+0530][gc,heap,exit] Heap
[2024-09-04T17:10:15.165+0530][gc,heap,exit]  garbage-first heap   total 1048576K, used 224279K [0x00000007c0000000, 0x0000000800000000)
[2024-09-04T17:10:15.165+0530][gc,heap,exit]   region size 1024K, 11 young (11264K), 3 survivors (3072K)
[2024-09-04T17:10:15.165+0530][gc,heap,exit]  Metaspace       used 46063K, committed 46720K, reserved 1114112K
[2024-09-04T17:10:15.165+0530][gc,heap,exit]   class space    used 5460K, committed 5696K, reserved 1048576K
