[2024-09-03T16:34:30.251+0530][gc] Using G1
[2024-09-03T16:34:30.258+0530][gc,init] Version: 17.0.8+9-LTS-211 (release)
[2024-09-03T16:34:30.258+0530][gc,init] CPUs: 8 total, 8 available
[2024-09-03T16:34:30.258+0530][gc,init] Memory: 16384M
[2024-09-03T16:34:30.258+0530][gc,init] Large Page Support: Disabled
[2024-09-03T16:34:30.258+0530][gc,init] NUMA Support: Disabled
[2024-09-03T16:34:30.258+0530][gc,init] Compressed Oops: Enabled (Zero based)
[2024-09-03T16:34:30.258+0530][gc,init] Heap Region Size: 1M
[2024-09-03T16:34:30.258+0530][gc,init] Heap Min Capacity: 1G
[2024-09-03T16:34:30.258+0530][gc,init] Heap Initial Capacity: 1G
[2024-09-03T16:34:30.258+0530][gc,init] Heap Max Capacity: 1G
[2024-09-03T16:34:30.258+0530][gc,init] Pre-touch: Disabled
[2024-09-03T16:34:30.258+0530][gc,init] Parallel Workers: 8
[2024-09-03T16:34:30.258+0530][gc,init] Concurrent Workers: 2
[2024-09-03T16:34:30.258+0530][gc,init] Concurrent Refinement Workers: 8
[2024-09-03T16:34:30.258+0530][gc,init] Periodic GC: Disabled
[2024-09-03T16:34:30.266+0530][gc,metaspace] CDS archive(s) mapped at: [0x0000000122000000-0x0000000122be4000-0x0000000122be4000), size 12468224, SharedBaseAddress: 0x0000000122000000, ArchiveRelocationMode: 1.
[2024-09-03T16:34:30.266+0530][gc,metaspace] Compressed class space mapped at: 0x0000000123000000-0x0000000163000000, reserved size: 1073741824
[2024-09-03T16:34:30.266+0530][gc,metaspace] Narrow klass base: 0x0000000122000000, Narrow klass shift: 0, Narrow klass range: 0x100000000
[2024-09-03T16:34:31.478+0530][gc,start    ] GC(0) Pause Young (Normal) (G1 Evacuation Pause)
[2024-09-03T16:34:31.478+0530][gc,task     ] GC(0) Using 8 workers of 8 for evacuation
[2024-09-03T16:34:31.486+0530][gc,phases   ] GC(0)   Pre Evacuate Collection Set: 0.1ms
[2024-09-03T16:34:31.486+0530][gc,phases   ] GC(0)   Merge Heap Roots: 0.1ms
[2024-09-03T16:34:31.486+0530][gc,phases   ] GC(0)   Evacuate Collection Set: 6.7ms
[2024-09-03T16:34:31.486+0530][gc,phases   ] GC(0)   Post Evacuate Collection Set: 0.6ms
[2024-09-03T16:34:31.486+0530][gc,phases   ] GC(0)   Other: 0.7ms
[2024-09-03T16:34:31.486+0530][gc,heap     ] GC(0) Eden regions: 51->0(44)
[2024-09-03T16:34:31.486+0530][gc,heap     ] GC(0) Survivor regions: 0->7(7)
[2024-09-03T16:34:31.486+0530][gc,heap     ] GC(0) Old regions: 0->1
[2024-09-03T16:34:31.486+0530][gc,heap     ] GC(0) Archive regions: 2->2
[2024-09-03T16:34:31.486+0530][gc,heap     ] GC(0) Humongous regions: 0->0
[2024-09-03T16:34:31.486+0530][gc,metaspace] GC(0) Metaspace: 18175K(18304K)->18175K(18304K) NonClass: 16002K(16064K)->16002K(16064K) Class: 2172K(2240K)->2172K(2240K)
[2024-09-03T16:34:31.486+0530][gc          ] GC(0) Pause Young (Normal) (G1 Evacuation Pause) 51M->8M(1024M) 8.454ms
[2024-09-03T16:34:31.486+0530][gc,cpu      ] GC(0) User=0.04s Sys=0.01s Real=0.01s
[2024-09-03T16:34:31.712+0530][gc,start    ] GC(1) Pause Young (Concurrent Start) (Metadata GC Threshold)
[2024-09-03T16:34:31.712+0530][gc,task     ] GC(1) Using 8 workers of 8 for evacuation
[2024-09-03T16:34:31.718+0530][gc,phases   ] GC(1)   Pre Evacuate Collection Set: 0.1ms
[2024-09-03T16:34:31.718+0530][gc,phases   ] GC(1)   Merge Heap Roots: 0.1ms
[2024-09-03T16:34:31.718+0530][gc,phases   ] GC(1)   Evacuate Collection Set: 5.7ms
[2024-09-03T16:34:31.718+0530][gc,phases   ] GC(1)   Post Evacuate Collection Set: 0.4ms
[2024-09-03T16:34:31.718+0530][gc,phases   ] GC(1)   Other: 0.2ms
[2024-09-03T16:34:31.718+0530][gc,heap     ] GC(1) Eden regions: 13->0(49)
[2024-09-03T16:34:31.718+0530][gc,heap     ] GC(1) Survivor regions: 7->2(7)
[2024-09-03T16:34:31.718+0530][gc,heap     ] GC(1) Old regions: 1->8
[2024-09-03T16:34:31.718+0530][gc,heap     ] GC(1) Archive regions: 2->2
[2024-09-03T16:34:31.718+0530][gc,heap     ] GC(1) Humongous regions: 0->0
[2024-09-03T16:34:31.718+0530][gc,metaspace] GC(1) Metaspace: 21280K(21504K)->21280K(21504K) NonClass: 18709K(18816K)->18709K(18816K) Class: 2570K(2688K)->2570K(2688K)
[2024-09-03T16:34:31.719+0530][gc          ] GC(1) Pause Young (Concurrent Start) (Metadata GC Threshold) 21M->10M(1024M) 6.618ms
[2024-09-03T16:34:31.719+0530][gc,cpu      ] GC(1) User=0.02s Sys=0.00s Real=0.00s
[2024-09-03T16:34:31.719+0530][gc          ] GC(2) Concurrent Mark Cycle
[2024-09-03T16:34:31.719+0530][gc,marking  ] GC(2) Concurrent Clear Claimed Marks
[2024-09-03T16:34:31.719+0530][gc,marking  ] GC(2) Concurrent Clear Claimed Marks 0.016ms
[2024-09-03T16:34:31.719+0530][gc,marking  ] GC(2) Concurrent Scan Root Regions
[2024-09-03T16:34:31.722+0530][gc,marking  ] GC(2) Concurrent Scan Root Regions 2.941ms
[2024-09-03T16:34:31.722+0530][gc,marking  ] GC(2) Concurrent Mark
[2024-09-03T16:34:31.722+0530][gc,marking  ] GC(2) Concurrent Mark From Roots
[2024-09-03T16:34:31.722+0530][gc,task     ] GC(2) Using 2 workers of 2 for marking
[2024-09-03T16:34:31.724+0530][gc,marking  ] GC(2) Concurrent Mark From Roots 2.015ms
[2024-09-03T16:34:31.724+0530][gc,marking  ] GC(2) Concurrent Preclean
[2024-09-03T16:34:31.724+0530][gc,marking  ] GC(2) Concurrent Preclean 0.030ms
[2024-09-03T16:34:31.724+0530][gc,start    ] GC(2) Pause Remark
[2024-09-03T16:34:31.725+0530][gc          ] GC(2) Pause Remark 10M->10M(1024M) 1.377ms
[2024-09-03T16:34:31.725+0530][gc,cpu      ] GC(2) User=0.00s Sys=0.00s Real=0.00s
[2024-09-03T16:34:31.725+0530][gc,marking  ] GC(2) Concurrent Mark 3.714ms
[2024-09-03T16:34:31.725+0530][gc,marking  ] GC(2) Concurrent Rebuild Remembered Sets
[2024-09-03T16:34:31.728+0530][gc,marking  ] GC(2) Concurrent Rebuild Remembered Sets 2.201ms
[2024-09-03T16:34:31.959+0530][gc,start    ] GC(2) Pause Cleanup
[2024-09-03T16:34:31.959+0530][gc          ] GC(2) Pause Cleanup 139M->139M(1024M) 0.274ms
[2024-09-03T16:34:31.959+0530][gc,cpu      ] GC(2) User=0.00s Sys=0.00s Real=0.00s
[2024-09-03T16:34:31.959+0530][gc,marking  ] GC(2) Concurrent Cleanup for Next Mark
[2024-09-03T16:34:32.023+0530][gc,marking  ] GC(2) Concurrent Cleanup for Next Mark 64.223ms
[2024-09-03T16:34:32.023+0530][gc          ] GC(2) Concurrent Mark Cycle 304.847ms
[2024-09-03T16:34:32.760+0530][gc,start    ] GC(3) Pause Young (Normal) (G1 Evacuation Pause)
[2024-09-03T16:34:32.760+0530][gc,task     ] GC(3) Using 8 workers of 8 for evacuation
[2024-09-03T16:34:32.766+0530][gc,phases   ] GC(3)   Pre Evacuate Collection Set: 0.2ms
[2024-09-03T16:34:32.766+0530][gc,phases   ] GC(3)   Merge Heap Roots: 0.1ms
[2024-09-03T16:34:32.766+0530][gc,phases   ] GC(3)   Evacuate Collection Set: 4.7ms
[2024-09-03T16:34:32.766+0530][gc,phases   ] GC(3)   Post Evacuate Collection Set: 0.4ms
[2024-09-03T16:34:32.766+0530][gc,phases   ] GC(3)   Other: 0.2ms
[2024-09-03T16:34:32.766+0530][gc,heap     ] GC(3) Eden regions: 49->0(44)
[2024-09-03T16:34:32.766+0530][gc,heap     ] GC(3) Survivor regions: 2->7(7)
[2024-09-03T16:34:32.766+0530][gc,heap     ] GC(3) Old regions: 8->8
[2024-09-03T16:34:32.766+0530][gc,heap     ] GC(3) Archive regions: 2->2
[2024-09-03T16:34:32.766+0530][gc,heap     ] GC(3) Humongous regions: 129->129
[2024-09-03T16:34:32.766+0530][gc,metaspace] GC(3) Metaspace: 32245K(32512K)->32245K(32512K) NonClass: 28641K(28800K)->28641K(28800K) Class: 3603K(3712K)->3603K(3712K)
[2024-09-03T16:34:32.766+0530][gc          ] GC(3) Pause Young (Normal) (G1 Evacuation Pause) 188M->144M(1024M) 5.703ms
[2024-09-03T16:34:32.766+0530][gc,cpu      ] GC(3) User=0.04s Sys=0.01s Real=0.00s
[2024-09-03T16:36:13.823+0530][gc,start    ] GC(4) Pause Young (Concurrent Start) (Metadata GC Threshold)
[2024-09-03T16:36:13.824+0530][gc,task     ] GC(4) Using 8 workers of 8 for evacuation
[2024-09-03T16:36:13.834+0530][gc,phases   ] GC(4)   Pre Evacuate Collection Set: 0.2ms
[2024-09-03T16:36:13.834+0530][gc,phases   ] GC(4)   Merge Heap Roots: 0.1ms
[2024-09-03T16:36:13.834+0530][gc,phases   ] GC(4)   Evacuate Collection Set: 8.9ms
[2024-09-03T16:36:13.834+0530][gc,phases   ] GC(4)   Post Evacuate Collection Set: 0.7ms
[2024-09-03T16:36:13.834+0530][gc,phases   ] GC(4)   Other: 0.5ms
[2024-09-03T16:36:13.834+0530][gc,heap     ] GC(4) Eden regions: 18->0(49)
[2024-09-03T16:36:13.834+0530][gc,heap     ] GC(4) Survivor regions: 7->2(7)
[2024-09-03T16:36:13.834+0530][gc,heap     ] GC(4) Old regions: 8->14
[2024-09-03T16:36:13.834+0530][gc,heap     ] GC(4) Archive regions: 2->2
[2024-09-03T16:36:13.834+0530][gc,heap     ] GC(4) Humongous regions: 129->129
[2024-09-03T16:36:13.834+0530][gc,metaspace] GC(4) Metaspace: 35803K(36096K)->35803K(36096K) NonClass: 31712K(31872K)->31712K(31872K) Class: 4090K(4224K)->4090K(4224K)
[2024-09-03T16:36:13.834+0530][gc          ] GC(4) Pause Young (Concurrent Start) (Metadata GC Threshold) 161M->144M(1024M) 10.771ms
[2024-09-03T16:36:13.834+0530][gc,cpu      ] GC(4) User=0.05s Sys=0.01s Real=0.01s
[2024-09-03T16:36:13.834+0530][gc          ] GC(5) Concurrent Mark Cycle
[2024-09-03T16:36:13.834+0530][gc,marking  ] GC(5) Concurrent Clear Claimed Marks
[2024-09-03T16:36:13.834+0530][gc,marking  ] GC(5) Concurrent Clear Claimed Marks 0.036ms
[2024-09-03T16:36:13.834+0530][gc,marking  ] GC(5) Concurrent Scan Root Regions
[2024-09-03T16:36:13.840+0530][gc,marking  ] GC(5) Concurrent Scan Root Regions 5.190ms
[2024-09-03T16:36:13.840+0530][gc,marking  ] GC(5) Concurrent Mark
[2024-09-03T16:36:13.840+0530][gc,marking  ] GC(5) Concurrent Mark From Roots
[2024-09-03T16:36:13.840+0530][gc,task     ] GC(5) Using 2 workers of 2 for marking
[2024-09-03T16:36:13.852+0530][gc,marking  ] GC(5) Concurrent Mark From Roots 11.860ms
[2024-09-03T16:36:13.852+0530][gc,marking  ] GC(5) Concurrent Preclean
[2024-09-03T16:36:13.852+0530][gc,marking  ] GC(5) Concurrent Preclean 0.134ms
[2024-09-03T16:36:13.852+0530][gc,start    ] GC(5) Pause Remark
[2024-09-03T16:36:13.855+0530][gc          ] GC(5) Pause Remark 144M->144M(1024M) 2.752ms
[2024-09-03T16:36:13.855+0530][gc,cpu      ] GC(5) User=0.01s Sys=0.00s Real=0.00s
[2024-09-03T16:36:13.855+0530][gc,marking  ] GC(5) Concurrent Mark 15.232ms
[2024-09-03T16:36:13.855+0530][gc,marking  ] GC(5) Concurrent Rebuild Remembered Sets
[2024-09-03T16:36:13.865+0530][gc,marking  ] GC(5) Concurrent Rebuild Remembered Sets 9.845ms
[2024-09-03T16:36:13.865+0530][gc,start    ] GC(5) Pause Cleanup
[2024-09-03T16:36:13.865+0530][gc          ] GC(5) Pause Cleanup 145M->145M(1024M) 0.254ms
[2024-09-03T16:36:13.865+0530][gc,cpu      ] GC(5) User=0.00s Sys=0.00s Real=0.00s
[2024-09-03T16:36:13.865+0530][gc,marking  ] GC(5) Concurrent Cleanup for Next Mark
[2024-09-03T16:36:13.876+0530][gc,marking  ] GC(5) Concurrent Cleanup for Next Mark 10.239ms
[2024-09-03T16:36:13.876+0530][gc          ] GC(5) Concurrent Mark Cycle 41.430ms
[2024-09-03T16:36:23.681+0530][gc,heap,exit] Heap
[2024-09-03T16:36:23.681+0530][gc,heap,exit]  garbage-first heap   total 1048576K, used 160881K [0x00000007c0000000, 0x0000000800000000)
[2024-09-03T16:36:23.681+0530][gc,heap,exit]   region size 1024K, 15 young (15360K), 2 survivors (2048K)
[2024-09-03T16:36:23.681+0530][gc,heap,exit]  Metaspace       used 36763K, committed 37056K, reserved 1114112K
[2024-09-03T16:36:23.681+0530][gc,heap,exit]   class space    used 4263K, committed 4416K, reserved 1048576K
