[2024-09-03T16:37:59.678+0530][gc] Using G1
[2024-09-03T16:37:59.706+0530][gc,init] Version: 17.0.8+9-LTS-211 (release)
[2024-09-03T16:37:59.706+0530][gc,init] CPUs: 8 total, 8 available
[2024-09-03T16:37:59.706+0530][gc,init] Memory: 16384M
[2024-09-03T16:37:59.707+0530][gc,init] Large Page Support: Disabled
[2024-09-03T16:37:59.707+0530][gc,init] NUMA Support: Disabled
[2024-09-03T16:37:59.707+0530][gc,init] Compressed Oops: Enabled (Zero based)
[2024-09-03T16:37:59.707+0530][gc,init] Heap Region Size: 1M
[2024-09-03T16:37:59.707+0530][gc,init] Heap Min Capacity: 1G
[2024-09-03T16:37:59.707+0530][gc,init] Heap Initial Capacity: 1G
[2024-09-03T16:37:59.707+0530][gc,init] Heap Max Capacity: 1G
[2024-09-03T16:37:59.707+0530][gc,init] Pre-touch: Disabled
[2024-09-03T16:37:59.707+0530][gc,init] Parallel Workers: 8
[2024-09-03T16:37:59.707+0530][gc,init] Concurrent Workers: 2
[2024-09-03T16:37:59.707+0530][gc,init] Concurrent Refinement Workers: 8
[2024-09-03T16:37:59.707+0530][gc,init] Periodic GC: Disabled
[2024-09-03T16:37:59.728+0530][gc,metaspace] CDS archive(s) mapped at: [0x000000012d000000-0x000000012dbe4000-0x000000012dbe4000), size 12468224, SharedBaseAddress: 0x000000012d000000, ArchiveRelocationMode: 1.
[2024-09-03T16:37:59.728+0530][gc,metaspace] Compressed class space mapped at: 0x000000012e000000-0x000000016e000000, reserved size: 1073741824
[2024-09-03T16:37:59.728+0530][gc,metaspace] Narrow klass base: 0x000000012d000000, Narrow klass shift: 0, Narrow klass range: 0x100000000
[2024-09-03T16:38:02.096+0530][gc,start    ] GC(0) Pause Young (Normal) (G1 Evacuation Pause)
[2024-09-03T16:38:02.097+0530][gc,task     ] GC(0) Using 8 workers of 8 for evacuation
[2024-09-03T16:38:02.113+0530][gc,phases   ] GC(0)   Pre Evacuate Collection Set: 0.2ms
[2024-09-03T16:38:02.113+0530][gc,phases   ] GC(0)   Merge Heap Roots: 0.2ms
[2024-09-03T16:38:02.113+0530][gc,phases   ] GC(0)   Evacuate Collection Set: 13.7ms
[2024-09-03T16:38:02.113+0530][gc,phases   ] GC(0)   Post Evacuate Collection Set: 0.8ms
[2024-09-03T16:38:02.113+0530][gc,phases   ] GC(0)   Other: 1.5ms
[2024-09-03T16:38:02.113+0530][gc,heap     ] GC(0) Eden regions: 51->0(44)
[2024-09-03T16:38:02.113+0530][gc,heap     ] GC(0) Survivor regions: 0->7(7)
[2024-09-03T16:38:02.113+0530][gc,heap     ] GC(0) Old regions: 0->1
[2024-09-03T16:38:02.113+0530][gc,heap     ] GC(0) Archive regions: 2->2
[2024-09-03T16:38:02.113+0530][gc,heap     ] GC(0) Humongous regions: 0->0
[2024-09-03T16:38:02.113+0530][gc,metaspace] GC(0) Metaspace: 18163K(18304K)->18163K(18304K) NonClass: 15990K(16064K)->15990K(16064K) Class: 2172K(2240K)->2172K(2240K)
[2024-09-03T16:38:02.113+0530][gc          ] GC(0) Pause Young (Normal) (G1 Evacuation Pause) 51M->8M(1024M) 16.545ms
[2024-09-03T16:38:02.113+0530][gc,cpu      ] GC(0) User=0.06s Sys=0.02s Real=0.02s
[2024-09-03T16:38:02.632+0530][gc,start    ] GC(1) Pause Young (Concurrent Start) (Metadata GC Threshold)
[2024-09-03T16:38:02.632+0530][gc,task     ] GC(1) Using 8 workers of 8 for evacuation
[2024-09-03T16:38:02.643+0530][gc,phases   ] GC(1)   Pre Evacuate Collection Set: 0.2ms
[2024-09-03T16:38:02.643+0530][gc,phases   ] GC(1)   Merge Heap Roots: 0.1ms
[2024-09-03T16:38:02.643+0530][gc,phases   ] GC(1)   Evacuate Collection Set: 9.0ms
[2024-09-03T16:38:02.643+0530][gc,phases   ] GC(1)   Post Evacuate Collection Set: 0.7ms
[2024-09-03T16:38:02.643+0530][gc,phases   ] GC(1)   Other: 0.4ms
[2024-09-03T16:38:02.643+0530][gc,heap     ] GC(1) Eden regions: 13->0(49)
[2024-09-03T16:38:02.643+0530][gc,heap     ] GC(1) Survivor regions: 7->2(7)
[2024-09-03T16:38:02.643+0530][gc,heap     ] GC(1) Old regions: 1->8
[2024-09-03T16:38:02.643+0530][gc,heap     ] GC(1) Archive regions: 2->2
[2024-09-03T16:38:02.643+0530][gc,heap     ] GC(1) Humongous regions: 0->0
[2024-09-03T16:38:02.643+0530][gc,metaspace] GC(1) Metaspace: 21290K(21504K)->21290K(21504K) NonClass: 18731K(18880K)->18731K(18880K) Class: 2559K(2624K)->2559K(2624K)
[2024-09-03T16:38:02.643+0530][gc          ] GC(1) Pause Young (Concurrent Start) (Metadata GC Threshold) 21M->10M(1024M) 10.598ms
[2024-09-03T16:38:02.643+0530][gc,cpu      ] GC(1) User=0.05s Sys=0.02s Real=0.01s
[2024-09-03T16:38:02.643+0530][gc          ] GC(2) Concurrent Mark Cycle
[2024-09-03T16:38:02.643+0530][gc,marking  ] GC(2) Concurrent Clear Claimed Marks
[2024-09-03T16:38:02.643+0530][gc,marking  ] GC(2) Concurrent Clear Claimed Marks 0.029ms
[2024-09-03T16:38:02.643+0530][gc,marking  ] GC(2) Concurrent Scan Root Regions
[2024-09-03T16:38:02.647+0530][gc,marking  ] GC(2) Concurrent Scan Root Regions 4.254ms
[2024-09-03T16:38:02.648+0530][gc,marking  ] GC(2) Concurrent Mark
[2024-09-03T16:38:02.648+0530][gc,marking  ] GC(2) Concurrent Mark From Roots
[2024-09-03T16:38:02.648+0530][gc,task     ] GC(2) Using 2 workers of 2 for marking
[2024-09-03T16:38:02.650+0530][gc,marking  ] GC(2) Concurrent Mark From Roots 2.498ms
[2024-09-03T16:38:02.650+0530][gc,marking  ] GC(2) Concurrent Preclean
[2024-09-03T16:38:02.650+0530][gc,marking  ] GC(2) Concurrent Preclean 0.061ms
[2024-09-03T16:38:02.762+0530][gc,start    ] GC(2) Pause Remark
[2024-09-03T16:38:02.765+0530][gc          ] GC(2) Pause Remark 139M->139M(1024M) 2.378ms
[2024-09-03T16:38:02.765+0530][gc,cpu      ] GC(2) User=0.00s Sys=0.00s Real=0.00s
[2024-09-03T16:38:02.765+0530][gc,marking  ] GC(2) Concurrent Mark 117.356ms
[2024-09-03T16:38:02.765+0530][gc,marking  ] GC(2) Concurrent Rebuild Remembered Sets
[2024-09-03T16:38:02.770+0530][gc,marking  ] GC(2) Concurrent Rebuild Remembered Sets 4.808ms
[2024-09-03T16:38:02.770+0530][gc,start    ] GC(2) Pause Cleanup
[2024-09-03T16:38:02.770+0530][gc          ] GC(2) Pause Cleanup 139M->139M(1024M) 0.218ms
[2024-09-03T16:38:02.770+0530][gc,cpu      ] GC(2) User=0.00s Sys=0.00s Real=0.00s
[2024-09-03T16:38:02.770+0530][gc,marking  ] GC(2) Concurrent Cleanup for Next Mark
[2024-09-03T16:38:02.782+0530][gc,marking  ] GC(2) Concurrent Cleanup for Next Mark 12.005ms
[2024-09-03T16:38:02.782+0530][gc          ] GC(2) Concurrent Mark Cycle 139.385ms
[2024-09-03T16:38:03.867+0530][gc,start    ] GC(3) Pause Young (Normal) (G1 Evacuation Pause)
[2024-09-03T16:38:03.867+0530][gc,task     ] GC(3) Using 8 workers of 8 for evacuation
[2024-09-03T16:38:03.876+0530][gc,phases   ] GC(3)   Pre Evacuate Collection Set: 0.2ms
[2024-09-03T16:38:03.876+0530][gc,phases   ] GC(3)   Merge Heap Roots: 0.1ms
[2024-09-03T16:38:03.876+0530][gc,phases   ] GC(3)   Evacuate Collection Set: 7.6ms
[2024-09-03T16:38:03.876+0530][gc,phases   ] GC(3)   Post Evacuate Collection Set: 0.8ms
[2024-09-03T16:38:03.876+0530][gc,phases   ] GC(3)   Other: 0.2ms
[2024-09-03T16:38:03.876+0530][gc,heap     ] GC(3) Eden regions: 49->0(44)
[2024-09-03T16:38:03.876+0530][gc,heap     ] GC(3) Survivor regions: 2->7(7)
[2024-09-03T16:38:03.877+0530][gc,heap     ] GC(3) Old regions: 8->8
[2024-09-03T16:38:03.877+0530][gc,heap     ] GC(3) Archive regions: 2->2
[2024-09-03T16:38:03.877+0530][gc,heap     ] GC(3) Humongous regions: 129->129
[2024-09-03T16:38:03.877+0530][gc,metaspace] GC(3) Metaspace: 32498K(32704K)->32498K(32704K) NonClass: 28912K(28992K)->28912K(28992K) Class: 3585K(3712K)->3585K(3712K)
[2024-09-03T16:38:03.877+0530][gc          ] GC(3) Pause Young (Normal) (G1 Evacuation Pause) 188M->143M(1024M) 9.219ms
[2024-09-03T16:38:03.877+0530][gc,cpu      ] GC(3) User=0.06s Sys=0.00s Real=0.01s
[2024-09-03T16:39:41.632+0530][gc,start    ] GC(4) Pause Young (Concurrent Start) (Metadata GC Threshold)
[2024-09-03T16:39:41.632+0530][gc,task     ] GC(4) Using 8 workers of 8 for evacuation
[2024-09-03T16:39:41.702+0530][gc,mmu      ] GC(4) MMU target violated: 21.0ms (20.0ms/21.0ms)
[2024-09-03T16:39:41.702+0530][gc,phases   ] GC(4)   Pre Evacuate Collection Set: 1.7ms
[2024-09-03T16:39:41.702+0530][gc,phases   ] GC(4)   Merge Heap Roots: 0.3ms
[2024-09-03T16:39:41.702+0530][gc,phases   ] GC(4)   Evacuate Collection Set: 65.2ms
[2024-09-03T16:39:41.702+0530][gc,phases   ] GC(4)   Post Evacuate Collection Set: 1.9ms
[2024-09-03T16:39:41.702+0530][gc,phases   ] GC(4)   Other: 1.2ms
[2024-09-03T16:39:41.702+0530][gc,heap     ] GC(4) Eden regions: 16->0(49)
[2024-09-03T16:39:41.702+0530][gc,heap     ] GC(4) Survivor regions: 7->2(7)
[2024-09-03T16:39:41.702+0530][gc,heap     ] GC(4) Old regions: 8->14
[2024-09-03T16:39:41.702+0530][gc,heap     ] GC(4) Archive regions: 2->2
[2024-09-03T16:39:41.702+0530][gc,heap     ] GC(4) Humongous regions: 129->129
[2024-09-03T16:39:41.702+0530][gc,metaspace] GC(4) Metaspace: 35628K(35968K)->35628K(35968K) NonClass: 31599K(31744K)->31599K(31744K) Class: 4029K(4224K)->4029K(4224K)
[2024-09-03T16:39:41.702+0530][gc          ] GC(4) Pause Young (Concurrent Start) (Metadata GC Threshold) 158M->144M(1024M) 70.524ms
[2024-09-03T16:39:41.702+0530][gc,cpu      ] GC(4) User=0.12s Sys=0.10s Real=0.07s
[2024-09-03T16:39:41.703+0530][gc          ] GC(5) Concurrent Mark Cycle
[2024-09-03T16:39:41.703+0530][gc,marking  ] GC(5) Concurrent Clear Claimed Marks
[2024-09-03T16:39:41.703+0530][gc,marking  ] GC(5) Concurrent Clear Claimed Marks 0.129ms
[2024-09-03T16:39:41.703+0530][gc,marking  ] GC(5) Concurrent Scan Root Regions
[2024-09-03T16:39:41.714+0530][gc,marking  ] GC(5) Concurrent Scan Root Regions 10.477ms
[2024-09-03T16:39:41.714+0530][gc,marking  ] GC(5) Concurrent Mark
[2024-09-03T16:39:41.714+0530][gc,marking  ] GC(5) Concurrent Mark From Roots
[2024-09-03T16:39:41.714+0530][gc,task     ] GC(5) Using 2 workers of 2 for marking
[2024-09-03T16:39:41.734+0530][gc,marking  ] GC(5) Concurrent Mark From Roots 20.323ms
[2024-09-03T16:39:41.734+0530][gc,marking  ] GC(5) Concurrent Preclean
[2024-09-03T16:39:41.735+0530][gc,marking  ] GC(5) Concurrent Preclean 0.220ms
[2024-09-03T16:39:41.735+0530][gc,start    ] GC(5) Pause Remark
[2024-09-03T16:39:41.741+0530][gc          ] GC(5) Pause Remark 146M->146M(1024M) 6.070ms
[2024-09-03T16:39:41.741+0530][gc,cpu      ] GC(5) User=0.02s Sys=0.01s Real=0.01s
[2024-09-03T16:39:41.741+0530][gc,marking  ] GC(5) Concurrent Mark 27.222ms
[2024-09-03T16:39:41.741+0530][gc,marking  ] GC(5) Concurrent Rebuild Remembered Sets
[2024-09-03T16:39:41.758+0530][gc,marking  ] GC(5) Concurrent Rebuild Remembered Sets 17.211ms
[2024-09-03T16:39:41.759+0530][gc,start    ] GC(5) Pause Cleanup
[2024-09-03T16:39:41.761+0530][gc          ] GC(5) Pause Cleanup 147M->147M(1024M) 1.871ms
[2024-09-03T16:39:41.761+0530][gc,cpu      ] GC(5) User=0.00s Sys=0.00s Real=0.01s
[2024-09-03T16:39:41.761+0530][gc,marking  ] GC(5) Concurrent Cleanup for Next Mark
[2024-09-03T16:39:41.788+0530][gc,marking  ] GC(5) Concurrent Cleanup for Next Mark 26.315ms
[2024-09-03T16:39:41.788+0530][gc          ] GC(5) Concurrent Mark Cycle 84.585ms
[2024-09-03T16:44:30.517+0530][gc,start    ] GC(6) Pause Young (Normal) (G1 Evacuation Pause)
[2024-09-03T16:44:30.517+0530][gc,task     ] GC(6) Using 8 workers of 8 for evacuation
[2024-09-03T16:44:30.547+0530][gc,mmu      ] GC(6) MMU target violated: 21.0ms (20.0ms/21.0ms)
[2024-09-03T16:44:30.547+0530][gc,phases   ] GC(6)   Pre Evacuate Collection Set: 1.1ms
[2024-09-03T16:44:30.547+0530][gc,phases   ] GC(6)   Merge Heap Roots: 0.2ms
[2024-09-03T16:44:30.547+0530][gc,phases   ] GC(6)   Evacuate Collection Set: 28.1ms
[2024-09-03T16:44:30.547+0530][gc,phases   ] GC(6)   Post Evacuate Collection Set: 0.7ms
[2024-09-03T16:44:30.547+0530][gc,phases   ] GC(6)   Other: 0.7ms
[2024-09-03T16:44:30.547+0530][gc,heap     ] GC(6) Eden regions: 49->0(47)
[2024-09-03T16:44:30.547+0530][gc,heap     ] GC(6) Survivor regions: 2->4(7)
[2024-09-03T16:44:30.547+0530][gc,heap     ] GC(6) Old regions: 14->14
[2024-09-03T16:44:30.547+0530][gc,heap     ] GC(6) Archive regions: 2->2
[2024-09-03T16:44:30.547+0530][gc,heap     ] GC(6) Humongous regions: 129->129
[2024-09-03T16:44:30.547+0530][gc,metaspace] GC(6) Metaspace: 40606K(41088K)->40606K(41088K) NonClass: 35905K(36160K)->35905K(36160K) Class: 4700K(4928K)->4700K(4928K)
[2024-09-03T16:44:30.547+0530][gc          ] GC(6) Pause Young (Normal) (G1 Evacuation Pause) 193M->147M(1024M) 30.836ms
[2024-09-03T16:44:30.547+0530][gc,cpu      ] GC(6) User=0.03s Sys=0.11s Real=0.03s
[2024-09-03T16:46:07.371+0530][gc,start    ] GC(7) Pause Young (Normal) (G1 Evacuation Pause)
[2024-09-03T16:46:07.371+0530][gc,task     ] GC(7) Using 8 workers of 8 for evacuation
[2024-09-03T16:46:07.381+0530][gc,phases   ] GC(7)   Pre Evacuate Collection Set: 0.2ms
[2024-09-03T16:46:07.381+0530][gc,phases   ] GC(7)   Merge Heap Roots: 0.1ms
[2024-09-03T16:46:07.381+0530][gc,phases   ] GC(7)   Evacuate Collection Set: 8.5ms
[2024-09-03T16:46:07.381+0530][gc,phases   ] GC(7)   Post Evacuate Collection Set: 0.6ms
[2024-09-03T16:46:07.381+0530][gc,phases   ] GC(7)   Other: 0.3ms
[2024-09-03T16:46:07.381+0530][gc,heap     ] GC(7) Eden regions: 47->0(44)
[2024-09-03T16:46:07.381+0530][gc,heap     ] GC(7) Survivor regions: 4->7(7)
[2024-09-03T16:46:07.381+0530][gc,heap     ] GC(7) Old regions: 14->14
[2024-09-03T16:46:07.381+0530][gc,heap     ] GC(7) Archive regions: 2->2
[2024-09-03T16:46:07.381+0530][gc,heap     ] GC(7) Humongous regions: 129->129
[2024-09-03T16:46:07.381+0530][gc,metaspace] GC(7) Metaspace: 42412K(43008K)->42412K(43008K) NonClass: 37428K(37760K)->37428K(37760K) Class: 4983K(5248K)->4983K(5248K)
[2024-09-03T16:46:07.381+0530][gc          ] GC(7) Pause Young (Normal) (G1 Evacuation Pause) 194M->150M(1024M) 9.750ms
[2024-09-03T16:46:07.381+0530][gc,cpu      ] GC(7) User=0.04s Sys=0.02s Real=0.01s
[2024-09-03T16:47:26.806+0530][gc,start    ] GC(8) Pause Young (Normal) (G1 Evacuation Pause)
[2024-09-03T16:47:26.806+0530][gc,task     ] GC(8) Using 8 workers of 8 for evacuation
[2024-09-03T16:47:26.812+0530][gc,phases   ] GC(8)   Pre Evacuate Collection Set: 0.2ms
[2024-09-03T16:47:26.812+0530][gc,phases   ] GC(8)   Merge Heap Roots: 0.1ms
[2024-09-03T16:47:26.812+0530][gc,phases   ] GC(8)   Evacuate Collection Set: 5.0ms
[2024-09-03T16:47:26.812+0530][gc,phases   ] GC(8)   Post Evacuate Collection Set: 0.4ms
[2024-09-03T16:47:26.812+0530][gc,phases   ] GC(8)   Other: 0.2ms
[2024-09-03T16:47:26.812+0530][gc,heap     ] GC(8) Eden regions: 44->0(46)
[2024-09-03T16:47:26.812+0530][gc,heap     ] GC(8) Survivor regions: 7->5(7)
[2024-09-03T16:47:26.812+0530][gc,heap     ] GC(8) Old regions: 14->16
[2024-09-03T16:47:26.812+0530][gc,heap     ] GC(8) Archive regions: 2->2
[2024-09-03T16:47:26.812+0530][gc,heap     ] GC(8) Humongous regions: 129->129
[2024-09-03T16:47:26.812+0530][gc,metaspace] GC(8) Metaspace: 42708K(43328K)->42708K(43328K) NonClass: 37724K(38080K)->37724K(38080K) Class: 4984K(5248K)->4984K(5248K)
[2024-09-03T16:47:26.812+0530][gc          ] GC(8) Pause Young (Normal) (G1 Evacuation Pause) 194M->150M(1024M) 5.949ms
[2024-09-03T16:47:26.812+0530][gc,cpu      ] GC(8) User=0.03s Sys=0.00s Real=0.01s
[2024-09-03T16:48:37.891+0530][gc,start    ] GC(9) Pause Young (Normal) (G1 Evacuation Pause)
[2024-09-03T16:48:37.891+0530][gc,task     ] GC(9) Using 8 workers of 8 for evacuation
[2024-09-03T16:48:37.901+0530][gc,phases   ] GC(9)   Pre Evacuate Collection Set: 0.2ms
[2024-09-03T16:48:37.901+0530][gc,phases   ] GC(9)   Merge Heap Roots: 0.1ms
[2024-09-03T16:48:37.901+0530][gc,phases   ] GC(9)   Evacuate Collection Set: 8.4ms
[2024-09-03T16:48:37.901+0530][gc,phases   ] GC(9)   Post Evacuate Collection Set: 0.3ms
[2024-09-03T16:48:37.901+0530][gc,phases   ] GC(9)   Other: 0.3ms
[2024-09-03T16:48:37.901+0530][gc,heap     ] GC(9) Eden regions: 46->0(45)
[2024-09-03T16:48:37.901+0530][gc,heap     ] GC(9) Survivor regions: 5->6(7)
[2024-09-03T16:48:37.901+0530][gc,heap     ] GC(9) Old regions: 16->19
[2024-09-03T16:48:37.901+0530][gc,heap     ] GC(9) Archive regions: 2->2
[2024-09-03T16:48:37.901+0530][gc,heap     ] GC(9) Humongous regions: 129->129
[2024-09-03T16:48:37.901+0530][gc,metaspace] GC(9) Metaspace: 42930K(43584K)->42930K(43584K) NonClass: 37930K(38272K)->37930K(38272K) Class: 5000K(5312K)->5000K(5312K)
[2024-09-03T16:48:37.901+0530][gc          ] GC(9) Pause Young (Normal) (G1 Evacuation Pause) 196M->153M(1024M) 9.475ms
[2024-09-03T16:48:37.901+0530][gc,cpu      ] GC(9) User=0.05s Sys=0.01s Real=0.01s
[2024-09-03T16:50:30.459+0530][gc,start    ] GC(10) Pause Young (Normal) (G1 Evacuation Pause)
[2024-09-03T16:50:30.459+0530][gc,task     ] GC(10) Using 8 workers of 8 for evacuation
[2024-09-03T16:50:30.466+0530][gc,phases   ] GC(10)   Pre Evacuate Collection Set: 0.2ms
[2024-09-03T16:50:30.466+0530][gc,phases   ] GC(10)   Merge Heap Roots: 0.2ms
[2024-09-03T16:50:30.466+0530][gc,phases   ] GC(10)   Evacuate Collection Set: 5.6ms
[2024-09-03T16:50:30.466+0530][gc,phases   ] GC(10)   Post Evacuate Collection Set: 0.4ms
[2024-09-03T16:50:30.466+0530][gc,phases   ] GC(10)   Other: 0.3ms
[2024-09-03T16:50:30.466+0530][gc,heap     ] GC(10) Eden regions: 45->0(45)
[2024-09-03T16:50:30.466+0530][gc,heap     ] GC(10) Survivor regions: 6->6(7)
[2024-09-03T16:50:30.466+0530][gc,heap     ] GC(10) Old regions: 19->20
[2024-09-03T16:50:30.466+0530][gc,heap     ] GC(10) Archive regions: 2->2
[2024-09-03T16:50:30.466+0530][gc,heap     ] GC(10) Humongous regions: 129->129
[2024-09-03T16:50:30.466+0530][gc,metaspace] GC(10) Metaspace: 43033K(43712K)->43033K(43712K) NonClass: 38022K(38400K)->38022K(38400K) Class: 5010K(5312K)->5010K(5312K)
[2024-09-03T16:50:30.466+0530][gc          ] GC(10) Pause Young (Normal) (G1 Evacuation Pause) 198M->154M(1024M) 6.753ms
[2024-09-03T16:50:30.466+0530][gc,cpu      ] GC(10) User=0.03s Sys=0.01s Real=0.01s
[2024-09-03T16:53:10.455+0530][gc,start    ] GC(11) Pause Young (Normal) (G1 Evacuation Pause)
[2024-09-03T16:53:10.455+0530][gc,task     ] GC(11) Using 8 workers of 8 for evacuation
[2024-09-03T16:53:10.461+0530][gc,phases   ] GC(11)   Pre Evacuate Collection Set: 0.2ms
[2024-09-03T16:53:10.461+0530][gc,phases   ] GC(11)   Merge Heap Roots: 0.2ms
[2024-09-03T16:53:10.461+0530][gc,phases   ] GC(11)   Evacuate Collection Set: 5.4ms
[2024-09-03T16:53:10.461+0530][gc,phases   ] GC(11)   Post Evacuate Collection Set: 0.4ms
[2024-09-03T16:53:10.461+0530][gc,phases   ] GC(11)   Other: 0.3ms
[2024-09-03T16:53:10.461+0530][gc,heap     ] GC(11) Eden regions: 45->0(51)
[2024-09-03T16:53:10.461+0530][gc,heap     ] GC(11) Survivor regions: 6->3(7)
[2024-09-03T16:53:10.461+0530][gc,heap     ] GC(11) Old regions: 20->22
[2024-09-03T16:53:10.461+0530][gc,heap     ] GC(11) Archive regions: 2->2
[2024-09-03T16:53:10.461+0530][gc,heap     ] GC(11) Humongous regions: 129->129
[2024-09-03T16:53:10.461+0530][gc,metaspace] GC(11) Metaspace: 43149K(43776K)->43149K(43776K) NonClass: 38129K(38464K)->38129K(38464K) Class: 5019K(5312K)->5019K(5312K)
[2024-09-03T16:53:10.461+0530][gc          ] GC(11) Pause Young (Normal) (G1 Evacuation Pause) 199M->154M(1024M) 6.630ms
[2024-09-03T16:53:10.461+0530][gc,cpu      ] GC(11) User=0.04s Sys=0.01s Real=0.01s
[2024-09-03T16:56:03.774+0530][gc,start    ] GC(12) Pause Young (Normal) (G1 Evacuation Pause)
[2024-09-03T16:56:03.775+0530][gc,task     ] GC(12) Using 8 workers of 8 for evacuation
[2024-09-03T16:56:03.782+0530][gc,phases   ] GC(12)   Pre Evacuate Collection Set: 0.3ms
[2024-09-03T16:56:03.782+0530][gc,phases   ] GC(12)   Merge Heap Roots: 0.2ms
[2024-09-03T16:56:03.782+0530][gc,phases   ] GC(12)   Evacuate Collection Set: 5.7ms
[2024-09-03T16:56:03.782+0530][gc,phases   ] GC(12)   Post Evacuate Collection Set: 0.6ms
[2024-09-03T16:56:03.782+0530][gc,phases   ] GC(12)   Other: 0.4ms
[2024-09-03T16:56:03.782+0530][gc,heap     ] GC(12) Eden regions: 50->0(60)
[2024-09-03T16:56:03.782+0530][gc,heap     ] GC(12) Survivor regions: 3->4(7)
[2024-09-03T16:56:03.782+0530][gc,heap     ] GC(12) Old regions: 22->22
[2024-09-03T16:56:03.782+0530][gc,heap     ] GC(12) Archive regions: 2->2
[2024-09-03T16:56:03.782+0530][gc,heap     ] GC(12) Humongous regions: 129->129
[2024-09-03T16:56:03.782+0530][gc,metaspace] GC(12) Metaspace: 43266K(43840K)->43266K(43840K) NonClass: 38235K(38528K)->38235K(38528K) Class: 5031K(5312K)->5031K(5312K)
[2024-09-03T16:56:03.782+0530][gc          ] GC(12) Pause Young (Normal) (G1 Evacuation Pause) 204M->155M(1024M) 7.405ms
[2024-09-03T16:56:03.782+0530][gc,cpu      ] GC(12) User=0.04s Sys=0.00s Real=0.01s
[2024-09-03T16:59:25.063+0530][gc,start    ] GC(13) Pause Young (Normal) (G1 Evacuation Pause)
[2024-09-03T16:59:25.063+0530][gc,task     ] GC(13) Using 8 workers of 8 for evacuation
[2024-09-03T16:59:25.071+0530][gc,phases   ] GC(13)   Pre Evacuate Collection Set: 0.2ms
[2024-09-03T16:59:25.071+0530][gc,phases   ] GC(13)   Merge Heap Roots: 0.2ms
[2024-09-03T16:59:25.071+0530][gc,phases   ] GC(13)   Evacuate Collection Set: 6.9ms
[2024-09-03T16:59:25.071+0530][gc,phases   ] GC(13)   Post Evacuate Collection Set: 0.4ms
[2024-09-03T16:59:25.071+0530][gc,phases   ] GC(13)   Other: 0.3ms
[2024-09-03T16:59:25.071+0530][gc,heap     ] GC(13) Eden regions: 60->0(55)
[2024-09-03T16:59:25.071+0530][gc,heap     ] GC(13) Survivor regions: 4->6(8)
[2024-09-03T16:59:25.071+0530][gc,heap     ] GC(13) Old regions: 22->22
[2024-09-03T16:59:25.071+0530][gc,heap     ] GC(13) Archive regions: 2->2
[2024-09-03T16:59:25.071+0530][gc,heap     ] GC(13) Humongous regions: 129->129
[2024-09-03T16:59:25.071+0530][gc,metaspace] GC(13) Metaspace: 43300K(43904K)->43300K(43904K) NonClass: 38268K(38592K)->38268K(38592K) Class: 5031K(5312K)->5031K(5312K)
[2024-09-03T16:59:25.071+0530][gc          ] GC(13) Pause Young (Normal) (G1 Evacuation Pause) 215M->157M(1024M) 8.155ms
[2024-09-03T16:59:25.071+0530][gc,cpu      ] GC(13) User=0.04s Sys=0.01s Real=0.01s
[2024-09-03T17:02:31.198+0530][gc,start    ] GC(14) Pause Young (Normal) (G1 Evacuation Pause)
[2024-09-03T17:02:31.198+0530][gc,task     ] GC(14) Using 8 workers of 8 for evacuation
[2024-09-03T17:02:31.210+0530][gc,phases   ] GC(14)   Pre Evacuate Collection Set: 0.1ms
[2024-09-03T17:02:31.210+0530][gc,phases   ] GC(14)   Merge Heap Roots: 0.1ms
[2024-09-03T17:02:31.210+0530][gc,phases   ] GC(14)   Evacuate Collection Set: 10.3ms
[2024-09-03T17:02:31.210+0530][gc,phases   ] GC(14)   Post Evacuate Collection Set: 0.4ms
[2024-09-03T17:02:31.210+0530][gc,phases   ] GC(14)   Other: 0.2ms
[2024-09-03T17:02:31.210+0530][gc,heap     ] GC(14) Eden regions: 55->0(77)
[2024-09-03T17:02:31.210+0530][gc,heap     ] GC(14) Survivor regions: 6->6(8)
[2024-09-03T17:02:31.210+0530][gc,heap     ] GC(14) Old regions: 22->25
[2024-09-03T17:02:31.210+0530][gc,heap     ] GC(14) Archive regions: 2->2
[2024-09-03T17:02:31.210+0530][gc,heap     ] GC(14) Humongous regions: 129->129
[2024-09-03T17:02:31.210+0530][gc,metaspace] GC(14) Metaspace: 43345K(43968K)->43345K(43968K) NonClass: 38313K(38656K)->38313K(38656K) Class: 5031K(5312K)->5031K(5312K)
[2024-09-03T17:02:31.210+0530][gc          ] GC(14) Pause Young (Normal) (G1 Evacuation Pause) 212M->159M(1024M) 11.419ms
[2024-09-03T17:02:31.210+0530][gc,cpu      ] GC(14) User=0.04s Sys=0.01s Real=0.02s
[2024-09-03T17:07:14.503+0530][gc,start    ] GC(15) Pause Young (Normal) (G1 Evacuation Pause)
[2024-09-03T17:07:14.503+0530][gc,task     ] GC(15) Using 8 workers of 8 for evacuation
[2024-09-03T17:07:14.517+0530][gc,phases   ] GC(15)   Pre Evacuate Collection Set: 0.2ms
[2024-09-03T17:07:14.517+0530][gc,phases   ] GC(15)   Merge Heap Roots: 0.1ms
[2024-09-03T17:07:14.517+0530][gc,phases   ] GC(15)   Evacuate Collection Set: 9.9ms
[2024-09-03T17:07:14.517+0530][gc,phases   ] GC(15)   Post Evacuate Collection Set: 0.3ms
[2024-09-03T17:07:14.518+0530][gc,phases   ] GC(15)   Other: 4.1ms
[2024-09-03T17:07:14.518+0530][gc,heap     ] GC(15) Eden regions: 77->0(76)
[2024-09-03T17:07:14.518+0530][gc,heap     ] GC(15) Survivor regions: 6->10(11)
[2024-09-03T17:07:14.518+0530][gc,heap     ] GC(15) Old regions: 25->25
[2024-09-03T17:07:14.518+0530][gc,heap     ] GC(15) Archive regions: 2->2
[2024-09-03T17:07:14.518+0530][gc,heap     ] GC(15) Humongous regions: 129->129
[2024-09-03T17:07:14.518+0530][gc,metaspace] GC(15) Metaspace: 43379K(43968K)->43379K(43968K) NonClass: 38348K(38656K)->38348K(38656K) Class: 5031K(5312K)->5031K(5312K)
[2024-09-03T17:07:14.518+0530][gc          ] GC(15) Pause Young (Normal) (G1 Evacuation Pause) 236M->163M(1024M) 14.931ms
[2024-09-03T17:07:14.518+0530][gc,cpu      ] GC(15) User=0.06s Sys=0.01s Real=0.01s
[2024-09-03T17:08:59.076+0530][gc,start    ] GC(16) Pause Young (Normal) (G1 Evacuation Pause)
[2024-09-03T17:08:59.078+0530][gc,task     ] GC(16) Using 8 workers of 8 for evacuation
[2024-09-03T17:08:59.087+0530][gc,phases   ] GC(16)   Pre Evacuate Collection Set: 0.1ms
[2024-09-03T17:08:59.087+0530][gc,phases   ] GC(16)   Merge Heap Roots: 0.1ms
[2024-09-03T17:08:59.087+0530][gc,phases   ] GC(16)   Evacuate Collection Set: 8.6ms
[2024-09-03T17:08:59.087+0530][gc,phases   ] GC(16)   Post Evacuate Collection Set: 0.4ms
[2024-09-03T17:08:59.087+0530][gc,phases   ] GC(16)   Other: 2.0ms
[2024-09-03T17:08:59.087+0530][gc,heap     ] GC(16) Eden regions: 76->0(86)
[2024-09-03T17:08:59.087+0530][gc,heap     ] GC(16) Survivor regions: 10->8(11)
[2024-09-03T17:08:59.087+0530][gc,heap     ] GC(16) Old regions: 25->28
[2024-09-03T17:08:59.087+0530][gc,heap     ] GC(16) Archive regions: 2->2
[2024-09-03T17:08:59.087+0530][gc,heap     ] GC(16) Humongous regions: 129->129
[2024-09-03T17:08:59.087+0530][gc,metaspace] GC(16) Metaspace: 43491K(44096K)->43491K(44096K) NonClass: 38460K(38784K)->38460K(38784K) Class: 5031K(5312K)->5031K(5312K)
[2024-09-03T17:08:59.087+0530][gc          ] GC(16) Pause Young (Normal) (G1 Evacuation Pause) 239M->165M(1024M) 11.419ms
[2024-09-03T17:08:59.087+0530][gc,cpu      ] GC(16) User=0.05s Sys=0.01s Real=0.01s
[2024-09-03T17:11:09.143+0530][gc,start    ] GC(17) Pause Young (Normal) (G1 Evacuation Pause)
[2024-09-03T17:11:09.143+0530][gc,task     ] GC(17) Using 8 workers of 8 for evacuation
[2024-09-03T17:11:09.158+0530][gc,phases   ] GC(17)   Pre Evacuate Collection Set: 2.0ms
[2024-09-03T17:11:09.158+0530][gc,phases   ] GC(17)   Merge Heap Roots: 0.3ms
[2024-09-03T17:11:09.158+0530][gc,phases   ] GC(17)   Evacuate Collection Set: 11.0ms
[2024-09-03T17:11:09.158+0530][gc,phases   ] GC(17)   Post Evacuate Collection Set: 1.5ms
[2024-09-03T17:11:09.158+0530][gc,phases   ] GC(17)   Other: 0.6ms
[2024-09-03T17:11:09.158+0530][gc,heap     ] GC(17) Eden regions: 86->0(107)
[2024-09-03T17:11:09.158+0530][gc,heap     ] GC(17) Survivor regions: 8->7(12)
[2024-09-03T17:11:09.158+0530][gc,heap     ] GC(17) Old regions: 28->30
[2024-09-03T17:11:09.158+0530][gc,heap     ] GC(17) Archive regions: 2->2
[2024-09-03T17:11:09.158+0530][gc,heap     ] GC(17) Humongous regions: 129->129
[2024-09-03T17:11:09.158+0530][gc,metaspace] GC(17) Metaspace: 43519K(44096K)->43519K(44096K) NonClass: 38488K(38784K)->38488K(38784K) Class: 5031K(5312K)->5031K(5312K)
[2024-09-03T17:11:09.158+0530][gc          ] GC(17) Pause Young (Normal) (G1 Evacuation Pause) 251M->165M(1024M) 15.370ms
[2024-09-03T17:11:09.158+0530][gc,cpu      ] GC(17) User=0.05s Sys=0.04s Real=0.01s
[2024-09-03T17:13:32.063+0530][gc,start    ] GC(18) Pause Young (Normal) (G1 Evacuation Pause)
[2024-09-03T17:13:32.069+0530][gc,task     ] GC(18) Using 8 workers of 8 for evacuation
[2024-09-03T17:13:32.082+0530][gc,phases   ] GC(18)   Pre Evacuate Collection Set: 0.2ms
[2024-09-03T17:13:32.082+0530][gc,phases   ] GC(18)   Merge Heap Roots: 0.1ms
[2024-09-03T17:13:32.082+0530][gc,phases   ] GC(18)   Evacuate Collection Set: 8.9ms
[2024-09-03T17:13:32.082+0530][gc,phases   ] GC(18)   Post Evacuate Collection Set: 0.4ms
[2024-09-03T17:13:32.082+0530][gc,phases   ] GC(18)   Other: 10.0ms
[2024-09-03T17:13:32.082+0530][gc,heap     ] GC(18) Eden regions: 106->0(105)
[2024-09-03T17:13:32.082+0530][gc,heap     ] GC(18) Survivor regions: 7->9(15)
[2024-09-03T17:13:32.082+0530][gc,heap     ] GC(18) Old regions: 30->30
[2024-09-03T17:13:32.082+0530][gc,heap     ] GC(18) Archive regions: 2->2
[2024-09-03T17:13:32.082+0530][gc,heap     ] GC(18) Humongous regions: 129->129
[2024-09-03T17:13:32.083+0530][gc,metaspace] GC(18) Metaspace: 43543K(44160K)->43543K(44160K) NonClass: 38511K(38848K)->38511K(38848K) Class: 5031K(5312K)->5031K(5312K)
[2024-09-03T17:13:32.083+0530][gc          ] GC(18) Pause Young (Normal) (G1 Evacuation Pause) 271M->167M(1024M) 19.825ms
[2024-09-03T17:13:32.083+0530][gc,cpu      ] GC(18) User=0.05s Sys=0.01s Real=0.02s
[2024-09-03T17:15:45.774+0530][gc,start    ] GC(19) Pause Young (Normal) (G1 Evacuation Pause)
[2024-09-03T17:15:45.776+0530][gc,task     ] GC(19) Using 8 workers of 8 for evacuation
[2024-09-03T17:15:45.787+0530][gc,phases   ] GC(19)   Pre Evacuate Collection Set: 0.2ms
[2024-09-03T17:15:45.787+0530][gc,phases   ] GC(19)   Merge Heap Roots: 0.1ms
[2024-09-03T17:15:45.787+0530][gc,phases   ] GC(19)   Evacuate Collection Set: 10.0ms
[2024-09-03T17:15:45.787+0530][gc,phases   ] GC(19)   Post Evacuate Collection Set: 0.3ms
[2024-09-03T17:15:45.787+0530][gc,phases   ] GC(19)   Other: 2.4ms
[2024-09-03T17:15:45.787+0530][gc,heap     ] GC(19) Eden regions: 105->0(109)
[2024-09-03T17:15:45.787+0530][gc,heap     ] GC(19) Survivor regions: 9->10(15)
[2024-09-03T17:15:45.787+0530][gc,heap     ] GC(19) Old regions: 30->32
[2024-09-03T17:15:45.787+0530][gc,heap     ] GC(19) Archive regions: 2->2
[2024-09-03T17:15:45.787+0530][gc,heap     ] GC(19) Humongous regions: 129->129
[2024-09-03T17:15:45.787+0530][gc,metaspace] GC(19) Metaspace: 43606K(44160K)->43606K(44160K) NonClass: 38574K(38848K)->38574K(38848K) Class: 5031K(5312K)->5031K(5312K)
[2024-09-03T17:15:45.787+0530][gc          ] GC(19) Pause Young (Normal) (G1 Evacuation Pause) 272M->171M(1024M) 13.169ms
[2024-09-03T17:15:45.787+0530][gc,cpu      ] GC(19) User=0.07s Sys=0.00s Real=0.01s
[2024-09-03T17:17:29.839+0530][gc,start    ] GC(20) Pause Young (Normal) (G1 Evacuation Pause)
[2024-09-03T17:17:29.839+0530][gc,task     ] GC(20) Using 8 workers of 8 for evacuation
[2024-09-03T17:17:29.851+0530][gc,phases   ] GC(20)   Pre Evacuate Collection Set: 0.2ms
[2024-09-03T17:17:29.851+0530][gc,phases   ] GC(20)   Merge Heap Roots: 0.1ms
[2024-09-03T17:17:29.851+0530][gc,phases   ] GC(20)   Evacuate Collection Set: 11.5ms
[2024-09-03T17:17:29.851+0530][gc,phases   ] GC(20)   Post Evacuate Collection Set: 0.4ms
[2024-09-03T17:17:29.852+0530][gc,phases   ] GC(20)   Other: 0.3ms
[2024-09-03T17:17:29.852+0530][gc,heap     ] GC(20) Eden regions: 108->0(122)
[2024-09-03T17:17:29.852+0530][gc,heap     ] GC(20) Survivor regions: 10->11(15)
[2024-09-03T17:17:29.852+0530][gc,heap     ] GC(20) Old regions: 32->35
[2024-09-03T17:17:29.852+0530][gc,heap     ] GC(20) Archive regions: 2->2
[2024-09-03T17:17:29.852+0530][gc,heap     ] GC(20) Humongous regions: 129->129
[2024-09-03T17:17:29.852+0530][gc,metaspace] GC(20) Metaspace: 43622K(44224K)->43622K(44224K) NonClass: 38590K(38912K)->38590K(38912K) Class: 5032K(5312K)->5032K(5312K)
[2024-09-03T17:17:29.852+0530][gc          ] GC(20) Pause Young (Normal) (G1 Evacuation Pause) 279M->174M(1024M) 12.662ms
[2024-09-03T17:17:29.852+0530][gc,cpu      ] GC(20) User=0.09s Sys=0.01s Real=0.02s
[2024-09-03T17:20:13.311+0530][gc,start    ] GC(21) Pause Young (Normal) (G1 Evacuation Pause)
[2024-09-03T17:20:13.313+0530][gc,task     ] GC(21) Using 8 workers of 8 for evacuation
[2024-09-03T17:20:13.327+0530][gc,phases   ] GC(21)   Pre Evacuate Collection Set: 0.2ms
[2024-09-03T17:20:13.327+0530][gc,phases   ] GC(21)   Merge Heap Roots: 0.1ms
[2024-09-03T17:20:13.327+0530][gc,phases   ] GC(21)   Evacuate Collection Set: 13.6ms
[2024-09-03T17:20:13.327+0530][gc,phases   ] GC(21)   Post Evacuate Collection Set: 0.4ms
[2024-09-03T17:20:13.328+0530][gc,phases   ] GC(21)   Other: 2.2ms
[2024-09-03T17:20:13.328+0530][gc,heap     ] GC(21) Eden regions: 121->0(125)
[2024-09-03T17:20:13.328+0530][gc,heap     ] GC(21) Survivor regions: 11->11(17)
[2024-09-03T17:20:13.328+0530][gc,heap     ] GC(21) Old regions: 35->38
[2024-09-03T17:20:13.328+0530][gc,heap     ] GC(21) Archive regions: 2->2
[2024-09-03T17:20:13.328+0530][gc,heap     ] GC(21) Humongous regions: 129->129
[2024-09-03T17:20:13.328+0530][gc,metaspace] GC(21) Metaspace: 43649K(44224K)->43649K(44224K) NonClass: 38615K(38912K)->38615K(38912K) Class: 5034K(5312K)->5034K(5312K)
[2024-09-03T17:20:13.328+0530][gc          ] GC(21) Pause Young (Normal) (G1 Evacuation Pause) 295M->178M(1024M) 16.611ms
[2024-09-03T17:20:13.328+0530][gc,cpu      ] GC(21) User=0.09s Sys=0.01s Real=0.01s
[2024-09-03T17:22:35.208+0530][gc,start    ] GC(22) Pause Young (Normal) (G1 Evacuation Pause)
[2024-09-03T17:22:35.210+0530][gc,task     ] GC(22) Using 8 workers of 8 for evacuation
[2024-09-03T17:22:35.224+0530][gc,phases   ] GC(22)   Pre Evacuate Collection Set: 0.2ms
[2024-09-03T17:22:35.224+0530][gc,phases   ] GC(22)   Merge Heap Roots: 0.1ms
[2024-09-03T17:22:35.224+0530][gc,phases   ] GC(22)   Evacuate Collection Set: 13.5ms
[2024-09-03T17:22:35.224+0530][gc,phases   ] GC(22)   Post Evacuate Collection Set: 0.4ms
[2024-09-03T17:22:35.224+0530][gc,phases   ] GC(22)   Other: 2.4ms
[2024-09-03T17:22:35.224+0530][gc,heap     ] GC(22) Eden regions: 125->0(134)
[2024-09-03T17:22:35.224+0530][gc,heap     ] GC(22) Survivor regions: 11->13(17)
[2024-09-03T17:22:35.224+0530][gc,heap     ] GC(22) Old regions: 38->41
[2024-09-03T17:22:35.224+0530][gc,heap     ] GC(22) Archive regions: 2->2
[2024-09-03T17:22:35.224+0530][gc,heap     ] GC(22) Humongous regions: 129->129
[2024-09-03T17:22:35.224+0530][gc,metaspace] GC(22) Metaspace: 43693K(44288K)->43693K(44288K) NonClass: 38658K(38976K)->38658K(38976K) Class: 5034K(5312K)->5034K(5312K)
[2024-09-03T17:22:35.224+0530][gc          ] GC(22) Pause Young (Normal) (G1 Evacuation Pause) 303M->183M(1024M) 16.728ms
[2024-09-03T17:22:35.224+0530][gc,cpu      ] GC(22) User=0.09s Sys=0.01s Real=0.02s
[2024-09-03T17:25:15.857+0530][gc,start    ] GC(23) Pause Young (Normal) (G1 Evacuation Pause)
[2024-09-03T17:25:15.859+0530][gc,task     ] GC(23) Using 8 workers of 8 for evacuation
[2024-09-03T17:25:15.874+0530][gc,phases   ] GC(23)   Pre Evacuate Collection Set: 0.2ms
[2024-09-03T17:25:15.874+0530][gc,phases   ] GC(23)   Merge Heap Roots: 0.1ms
[2024-09-03T17:25:15.874+0530][gc,phases   ] GC(23)   Evacuate Collection Set: 13.5ms
[2024-09-03T17:25:15.874+0530][gc,phases   ] GC(23)   Post Evacuate Collection Set: 0.3ms
[2024-09-03T17:25:15.874+0530][gc,phases   ] GC(23)   Other: 2.1ms
[2024-09-03T17:25:15.874+0530][gc,heap     ] GC(23) Eden regions: 133->0(134)
[2024-09-03T17:25:15.874+0530][gc,heap     ] GC(23) Survivor regions: 13->15(19)
[2024-09-03T17:25:15.874+0530][gc,heap     ] GC(23) Old regions: 41->45
[2024-09-03T17:25:15.874+0530][gc,heap     ] GC(23) Archive regions: 2->2
[2024-09-03T17:25:15.874+0530][gc,heap     ] GC(23) Humongous regions: 129->129
[2024-09-03T17:25:15.874+0530][gc,metaspace] GC(23) Metaspace: 43742K(44352K)->43742K(44352K) NonClass: 38708K(39040K)->38708K(39040K) Class: 5034K(5312K)->5034K(5312K)
[2024-09-03T17:25:15.874+0530][gc          ] GC(23) Pause Young (Normal) (G1 Evacuation Pause) 316M->188M(1024M) 16.286ms
[2024-09-03T17:25:15.874+0530][gc,cpu      ] GC(23) User=0.08s Sys=0.01s Real=0.02s
[2024-09-03T17:28:15.338+0530][gc,start    ] GC(24) Pause Young (Normal) (G1 Evacuation Pause)
[2024-09-03T17:28:15.340+0530][gc,task     ] GC(24) Using 8 workers of 8 for evacuation
[2024-09-03T17:28:15.354+0530][gc,phases   ] GC(24)   Pre Evacuate Collection Set: 0.2ms
[2024-09-03T17:28:15.354+0530][gc,phases   ] GC(24)   Merge Heap Roots: 0.1ms
[2024-09-03T17:28:15.354+0530][gc,phases   ] GC(24)   Evacuate Collection Set: 13.3ms
[2024-09-03T17:28:15.354+0530][gc,phases   ] GC(24)   Post Evacuate Collection Set: 0.5ms
[2024-09-03T17:28:15.354+0530][gc,phases   ] GC(24)   Other: 2.2ms
[2024-09-03T17:28:15.354+0530][gc,heap     ] GC(24) Eden regions: 134->0(165)
[2024-09-03T17:28:15.354+0530][gc,heap     ] GC(24) Survivor regions: 15->10(19)
[2024-09-03T17:28:15.354+0530][gc,heap     ] GC(24) Old regions: 45->52
[2024-09-03T17:28:15.354+0530][gc,heap     ] GC(24) Archive regions: 2->2
[2024-09-03T17:28:15.354+0530][gc,heap     ] GC(24) Humongous regions: 129->129
[2024-09-03T17:28:15.354+0530][gc,metaspace] GC(24) Metaspace: 43767K(44352K)->43767K(44352K) NonClass: 38732K(39040K)->38732K(39040K) Class: 5034K(5312K)->5034K(5312K)
[2024-09-03T17:28:15.354+0530][gc          ] GC(24) Pause Young (Normal) (G1 Evacuation Pause) 322M->190M(1024M) 16.451ms
[2024-09-03T17:28:15.354+0530][gc,cpu      ] GC(24) User=0.09s Sys=0.01s Real=0.02s
[2024-09-03T17:32:47.413+0530][gc,start    ] GC(25) Pause Young (Normal) (G1 Evacuation Pause)
[2024-09-03T17:32:47.415+0530][gc,task     ] GC(25) Using 8 workers of 8 for evacuation
[2024-09-03T17:32:47.437+0530][gc,mmu      ] GC(25) MMU target violated: 21.0ms (20.0ms/21.0ms)
[2024-09-03T17:32:47.437+0530][gc,phases   ] GC(25)   Pre Evacuate Collection Set: 0.3ms
[2024-09-03T17:32:47.437+0530][gc,phases   ] GC(25)   Merge Heap Roots: 0.2ms
[2024-09-03T17:32:47.437+0530][gc,phases   ] GC(25)   Evacuate Collection Set: 20.7ms
[2024-09-03T17:32:47.437+0530][gc,phases   ] GC(25)   Post Evacuate Collection Set: 0.5ms
[2024-09-03T17:32:47.437+0530][gc,phases   ] GC(25)   Other: 2.6ms
[2024-09-03T17:32:47.437+0530][gc,heap     ] GC(25) Eden regions: 165->0(125)
[2024-09-03T17:32:47.437+0530][gc,heap     ] GC(25) Survivor regions: 10->15(22)
[2024-09-03T17:32:47.437+0530][gc,heap     ] GC(25) Old regions: 52->52
[2024-09-03T17:32:47.437+0530][gc,heap     ] GC(25) Archive regions: 2->2
[2024-09-03T17:32:47.437+0530][gc,heap     ] GC(25) Humongous regions: 129->129
[2024-09-03T17:32:47.437+0530][gc,metaspace] GC(25) Metaspace: 43790K(44416K)->43790K(44416K) NonClass: 38756K(39104K)->38756K(39104K) Class: 5034K(5312K)->5034K(5312K)
[2024-09-03T17:32:47.437+0530][gc          ] GC(25) Pause Young (Normal) (G1 Evacuation Pause) 355M->195M(1024M) 24.360ms
[2024-09-03T17:32:47.437+0530][gc,cpu      ] GC(25) User=0.09s Sys=0.06s Real=0.02s
[2024-09-03T17:35:08.927+0530][gc,start    ] GC(26) Pause Young (Normal) (G1 Evacuation Pause)
[2024-09-03T17:35:08.927+0530][gc,task     ] GC(26) Using 8 workers of 8 for evacuation
[2024-09-03T17:35:08.945+0530][gc,phases   ] GC(26)   Pre Evacuate Collection Set: 0.2ms
[2024-09-03T17:35:08.945+0530][gc,phases   ] GC(26)   Merge Heap Roots: 0.1ms
[2024-09-03T17:35:08.945+0530][gc,phases   ] GC(26)   Evacuate Collection Set: 17.1ms
[2024-09-03T17:35:08.945+0530][gc,phases   ] GC(26)   Post Evacuate Collection Set: 0.4ms
[2024-09-03T17:35:08.945+0530][gc,phases   ] GC(26)   Other: 0.3ms
[2024-09-03T17:35:08.945+0530][gc,heap     ] GC(26) Eden regions: 125->0(174)
[2024-09-03T17:35:08.945+0530][gc,heap     ] GC(26) Survivor regions: 15->12(18)
[2024-09-03T17:35:08.945+0530][gc,heap     ] GC(26) Old regions: 52->60
[2024-09-03T17:35:08.945+0530][gc,heap     ] GC(26) Archive regions: 2->2
[2024-09-03T17:35:08.945+0530][gc,heap     ] GC(26) Humongous regions: 129->129
[2024-09-03T17:35:08.945+0530][gc,metaspace] GC(26) Metaspace: 43835K(44416K)->43835K(44416K) NonClass: 38801K(39104K)->38801K(39104K) Class: 5034K(5312K)->5034K(5312K)
[2024-09-03T17:35:08.945+0530][gc          ] GC(26) Pause Young (Normal) (G1 Evacuation Pause) 320M->200M(1024M) 18.179ms
[2024-09-03T17:35:08.945+0530][gc,cpu      ] GC(26) User=0.10s Sys=0.01s Real=0.02s
[2024-09-03T17:39:51.832+0530][gc,start    ] GC(27) Pause Young (Normal) (G1 Evacuation Pause)
[2024-09-03T17:39:51.834+0530][gc,task     ] GC(27) Using 8 workers of 8 for evacuation
[2024-09-03T17:39:51.849+0530][gc,phases   ] GC(27)   Pre Evacuate Collection Set: 0.2ms
[2024-09-03T17:39:51.849+0530][gc,phases   ] GC(27)   Merge Heap Roots: 0.1ms
[2024-09-03T17:39:51.849+0530][gc,phases   ] GC(27)   Evacuate Collection Set: 14.6ms
[2024-09-03T17:39:51.849+0530][gc,phases   ] GC(27)   Post Evacuate Collection Set: 0.4ms
[2024-09-03T17:39:51.850+0530][gc,phases   ] GC(27)   Other: 2.2ms
[2024-09-03T17:39:51.850+0530][gc,heap     ] GC(27) Eden regions: 174->0(124)
[2024-09-03T17:39:51.850+0530][gc,heap     ] GC(27) Survivor regions: 12->18(24)
[2024-09-03T17:39:51.850+0530][gc,heap     ] GC(27) Old regions: 60->60
[2024-09-03T17:39:51.850+0530][gc,heap     ] GC(27) Archive regions: 2->2
[2024-09-03T17:39:51.850+0530][gc,heap     ] GC(27) Humongous regions: 129->129
[2024-09-03T17:39:51.850+0530][gc,metaspace] GC(27) Metaspace: 43883K(44480K)->43883K(44480K) NonClass: 38845K(39168K)->38845K(39168K) Class: 5037K(5312K)->5037K(5312K)
[2024-09-03T17:39:51.850+0530][gc          ] GC(27) Pause Young (Normal) (G1 Evacuation Pause) 374M->207M(1024M) 17.744ms
[2024-09-03T17:39:51.850+0530][gc,cpu      ] GC(27) User=0.10s Sys=0.01s Real=0.02s
[2024-09-03T17:42:14.288+0530][gc,start    ] GC(28) Pause Young (Normal) (G1 Evacuation Pause)
[2024-09-03T17:42:14.288+0530][gc,task     ] GC(28) Using 8 workers of 8 for evacuation
[2024-09-03T17:42:14.303+0530][gc,phases   ] GC(28)   Pre Evacuate Collection Set: 0.2ms
[2024-09-03T17:42:14.303+0530][gc,phases   ] GC(28)   Merge Heap Roots: 0.1ms
[2024-09-03T17:42:14.303+0530][gc,phases   ] GC(28)   Evacuate Collection Set: 14.5ms
[2024-09-03T17:42:14.303+0530][gc,phases   ] GC(28)   Post Evacuate Collection Set: 0.5ms
[2024-09-03T17:42:14.303+0530][gc,phases   ] GC(28)   Other: 0.4ms
[2024-09-03T17:42:14.303+0530][gc,heap     ] GC(28) Eden regions: 124->0(233)
[2024-09-03T17:42:14.303+0530][gc,heap     ] GC(28) Survivor regions: 18->7(18)
[2024-09-03T17:42:14.303+0530][gc,heap     ] GC(28) Old regions: 60->73
[2024-09-03T17:42:14.303+0530][gc,heap     ] GC(28) Archive regions: 2->2
[2024-09-03T17:42:14.303+0530][gc,heap     ] GC(28) Humongous regions: 129->129
[2024-09-03T17:42:14.303+0530][gc,metaspace] GC(28) Metaspace: 43893K(44480K)->43893K(44480K) NonClass: 38855K(39168K)->38855K(39168K) Class: 5037K(5312K)->5037K(5312K)
[2024-09-03T17:42:14.303+0530][gc          ] GC(28) Pause Young (Normal) (G1 Evacuation Pause) 331M->209M(1024M) 15.876ms
[2024-09-03T17:42:14.303+0530][gc,cpu      ] GC(28) User=0.10s Sys=0.01s Real=0.02s
[2024-09-03T17:49:31.620+0530][gc,start    ] GC(29) Pause Young (Normal) (G1 Evacuation Pause)
[2024-09-03T17:49:31.622+0530][gc,task     ] GC(29) Using 8 workers of 8 for evacuation
[2024-09-03T17:49:31.635+0530][gc,phases   ] GC(29)   Pre Evacuate Collection Set: 0.2ms
[2024-09-03T17:49:31.635+0530][gc,phases   ] GC(29)   Merge Heap Roots: 0.1ms
[2024-09-03T17:49:31.635+0530][gc,phases   ] GC(29)   Evacuate Collection Set: 11.5ms
[2024-09-03T17:49:31.635+0530][gc,phases   ] GC(29)   Post Evacuate Collection Set: 0.5ms
[2024-09-03T17:49:31.635+0530][gc,phases   ] GC(29)   Other: 2.3ms
[2024-09-03T17:49:31.635+0530][gc,heap     ] GC(29) Eden regions: 233->0(229)
[2024-09-03T17:49:31.635+0530][gc,heap     ] GC(29) Survivor regions: 7->11(30)
[2024-09-03T17:49:31.635+0530][gc,heap     ] GC(29) Old regions: 73->73
[2024-09-03T17:49:31.635+0530][gc,heap     ] GC(29) Archive regions: 2->2
[2024-09-03T17:49:31.635+0530][gc,heap     ] GC(29) Humongous regions: 129->129
[2024-09-03T17:49:31.635+0530][gc,metaspace] GC(29) Metaspace: 43936K(44544K)->43936K(44544K) NonClass: 38895K(39232K)->38895K(39232K) Class: 5041K(5312K)->5041K(5312K)
[2024-09-03T17:49:31.635+0530][gc          ] GC(29) Pause Young (Normal) (G1 Evacuation Pause) 442M->213M(1024M) 14.739ms
[2024-09-03T17:49:31.635+0530][gc,cpu      ] GC(29) User=0.07s Sys=0.01s Real=0.01s
[2024-09-03T17:55:40.327+0530][gc,start    ] GC(30) Pause Young (Normal) (G1 Evacuation Pause)
[2024-09-03T17:55:40.327+0530][gc,task     ] GC(30) Using 8 workers of 8 for evacuation
[2024-09-03T17:55:40.364+0530][gc,mmu      ] GC(30) MMU target violated: 21.0ms (20.0ms/21.0ms)
[2024-09-03T17:55:40.364+0530][gc,phases   ] GC(30)   Pre Evacuate Collection Set: 0.2ms
[2024-09-03T17:55:40.364+0530][gc,phases   ] GC(30)   Merge Heap Roots: 0.2ms
[2024-09-03T17:55:40.364+0530][gc,phases   ] GC(30)   Evacuate Collection Set: 36.2ms
[2024-09-03T17:55:40.364+0530][gc,phases   ] GC(30)   Post Evacuate Collection Set: 0.8ms
[2024-09-03T17:55:40.364+0530][gc,phases   ] GC(30)   Other: 0.4ms
[2024-09-03T17:55:40.364+0530][gc,heap     ] GC(30) Eden regions: 229->0(37)
[2024-09-03T17:55:40.364+0530][gc,heap     ] GC(30) Survivor regions: 11->14(30)
[2024-09-03T17:55:40.364+0530][gc,heap     ] GC(30) Old regions: 73->73
[2024-09-03T17:55:40.364+0530][gc,heap     ] GC(30) Archive regions: 2->2
[2024-09-03T17:55:40.364+0530][gc,heap     ] GC(30) Humongous regions: 129->129
[2024-09-03T17:55:40.364+0530][gc,metaspace] GC(30) Metaspace: 43979K(44544K)->43979K(44544K) NonClass: 38930K(39232K)->38930K(39232K) Class: 5049K(5312K)->5049K(5312K)
[2024-09-03T17:55:40.365+0530][gc          ] GC(30) Pause Young (Normal) (G1 Evacuation Pause) 442M->216M(1024M) 37.892ms
[2024-09-03T17:55:40.365+0530][gc,cpu      ] GC(30) User=0.08s Sys=0.11s Real=0.04s
[2024-09-03T17:56:04.389+0530][gc,start    ] GC(31) Pause Young (Normal) (G1 Evacuation Pause)
[2024-09-03T17:56:04.389+0530][gc,task     ] GC(31) Using 8 workers of 8 for evacuation
[2024-09-03T17:56:04.401+0530][gc,phases   ] GC(31)   Pre Evacuate Collection Set: 0.1ms
[2024-09-03T17:56:04.401+0530][gc,phases   ] GC(31)   Merge Heap Roots: 0.1ms
[2024-09-03T17:56:04.401+0530][gc,phases   ] GC(31)   Evacuate Collection Set: 11.9ms
[2024-09-03T17:56:04.401+0530][gc,phases   ] GC(31)   Post Evacuate Collection Set: 0.3ms
[2024-09-03T17:56:04.401+0530][gc,phases   ] GC(31)   Other: 0.2ms
[2024-09-03T17:56:04.401+0530][gc,heap     ] GC(31) Eden regions: 37->0(110)
[2024-09-03T17:56:04.401+0530][gc,heap     ] GC(31) Survivor regions: 14->5(7)
[2024-09-03T17:56:04.401+0530][gc,heap     ] GC(31) Old regions: 73->86
[2024-09-03T17:56:04.401+0530][gc,heap     ] GC(31) Archive regions: 2->2
[2024-09-03T17:56:04.401+0530][gc,heap     ] GC(31) Humongous regions: 129->129
[2024-09-03T17:56:04.401+0530][gc,metaspace] GC(31) Metaspace: 43985K(44544K)->43985K(44544K) NonClass: 38936K(39232K)->38936K(39232K) Class: 5049K(5312K)->5049K(5312K)
[2024-09-03T17:56:04.401+0530][gc          ] GC(31) Pause Young (Normal) (G1 Evacuation Pause) 253M->219M(1024M) 12.749ms
[2024-09-03T17:56:04.402+0530][gc,cpu      ] GC(31) User=0.07s Sys=0.01s Real=0.02s
[2024-09-03T17:58:02.002+0530][gc,start    ] GC(32) Pause Young (Normal) (G1 Evacuation Pause)
[2024-09-03T17:58:02.004+0530][gc,task     ] GC(32) Using 8 workers of 8 for evacuation
[2024-09-03T17:58:02.017+0530][gc,phases   ] GC(32)   Pre Evacuate Collection Set: 0.3ms
[2024-09-03T17:58:02.017+0530][gc,phases   ] GC(32)   Merge Heap Roots: 0.2ms
[2024-09-03T17:58:02.017+0530][gc,phases   ] GC(32)   Evacuate Collection Set: 12.1ms
[2024-09-03T17:58:02.017+0530][gc,phases   ] GC(32)   Post Evacuate Collection Set: 0.3ms
[2024-09-03T17:58:02.017+0530][gc,phases   ] GC(32)   Other: 2.3ms
[2024-09-03T17:58:02.017+0530][gc,heap     ] GC(32) Eden regions: 110->0(105)
[2024-09-03T17:58:02.017+0530][gc,heap     ] GC(32) Survivor regions: 5->8(15)
[2024-09-03T17:58:02.017+0530][gc,heap     ] GC(32) Old regions: 86->86
[2024-09-03T17:58:02.017+0530][gc,heap     ] GC(32) Archive regions: 2->2
[2024-09-03T17:58:02.017+0530][gc,heap     ] GC(32) Humongous regions: 129->129
[2024-09-03T17:58:02.017+0530][gc,metaspace] GC(32) Metaspace: 43991K(44544K)->43991K(44544K) NonClass: 38942K(39232K)->38942K(39232K) Class: 5049K(5312K)->5049K(5312K)
[2024-09-03T17:58:02.017+0530][gc          ] GC(32) Pause Young (Normal) (G1 Evacuation Pause) 329M->222M(1024M) 15.323ms
[2024-09-03T17:58:02.017+0530][gc,cpu      ] GC(32) User=0.05s Sys=0.02s Real=0.01s
[2024-09-03T18:00:11.404+0530][gc,start    ] GC(33) Pause Young (Normal) (G1 Evacuation Pause)
[2024-09-03T18:00:11.404+0530][gc,task     ] GC(33) Using 8 workers of 8 for evacuation
[2024-09-03T18:00:11.413+0530][gc,phases   ] GC(33)   Pre Evacuate Collection Set: 0.2ms
[2024-09-03T18:00:11.413+0530][gc,phases   ] GC(33)   Merge Heap Roots: 0.1ms
[2024-09-03T18:00:11.413+0530][gc,phases   ] GC(33)   Evacuate Collection Set: 7.9ms
[2024-09-03T18:00:11.413+0530][gc,phases   ] GC(33)   Post Evacuate Collection Set: 0.3ms
[2024-09-03T18:00:11.413+0530][gc,phases   ] GC(33)   Other: 0.5ms
[2024-09-03T18:00:11.413+0530][gc,heap     ] GC(33) Eden regions: 105->0(112)
[2024-09-03T18:00:11.413+0530][gc,heap     ] GC(33) Survivor regions: 8->10(15)
[2024-09-03T18:00:11.413+0530][gc,heap     ] GC(33) Old regions: 86->86
[2024-09-03T18:00:11.413+0530][gc,heap     ] GC(33) Archive regions: 2->2
[2024-09-03T18:00:11.413+0530][gc,heap     ] GC(33) Humongous regions: 129->129
[2024-09-03T18:00:11.413+0530][gc,metaspace] GC(33) Metaspace: 44062K(44608K)->44062K(44608K) NonClass: 39013K(39296K)->39013K(39296K) Class: 5049K(5312K)->5049K(5312K)
[2024-09-03T18:00:11.413+0530][gc          ] GC(33) Pause Young (Normal) (G1 Evacuation Pause) 327M->225M(1024M) 9.145ms
[2024-09-03T18:00:11.413+0530][gc,cpu      ] GC(33) User=0.06s Sys=0.00s Real=0.01s
[2024-09-03T18:02:49.661+0530][gc,start    ] GC(34) Pause Young (Normal) (G1 Evacuation Pause)
[2024-09-03T18:02:49.661+0530][gc,task     ] GC(34) Using 8 workers of 8 for evacuation
[2024-09-03T18:02:49.673+0530][gc,phases   ] GC(34)   Pre Evacuate Collection Set: 0.2ms
[2024-09-03T18:02:49.673+0530][gc,phases   ] GC(34)   Merge Heap Roots: 0.1ms
[2024-09-03T18:02:49.673+0530][gc,phases   ] GC(34)   Evacuate Collection Set: 11.5ms
[2024-09-03T18:02:49.673+0530][gc,phases   ] GC(34)   Post Evacuate Collection Set: 0.4ms
[2024-09-03T18:02:49.673+0530][gc,phases   ] GC(34)   Other: 0.3ms
[2024-09-03T18:02:49.673+0530][gc,heap     ] GC(34) Eden regions: 112->0(153)
[2024-09-03T18:02:49.673+0530][gc,heap     ] GC(34) Survivor regions: 10->9(16)
[2024-09-03T18:02:49.674+0530][gc,heap     ] GC(34) Old regions: 86->90
[2024-09-03T18:02:49.674+0530][gc,heap     ] GC(34) Archive regions: 2->2
[2024-09-03T18:02:49.674+0530][gc,heap     ] GC(34) Humongous regions: 129->129
[2024-09-03T18:02:49.674+0530][gc,metaspace] GC(34) Metaspace: 44143K(44800K)->44143K(44800K) NonClass: 39075K(39424K)->39075K(39424K) Class: 5068K(5376K)->5068K(5376K)
[2024-09-03T18:02:49.674+0530][gc          ] GC(34) Pause Young (Normal) (G1 Evacuation Pause) 337M->228M(1024M) 12.694ms
[2024-09-03T18:02:49.674+0530][gc,cpu      ] GC(34) User=0.09s Sys=0.01s Real=0.01s
[2024-09-03T18:06:18.956+0530][gc,start    ] GC(35) Pause Young (Normal) (G1 Evacuation Pause)
[2024-09-03T18:06:18.958+0530][gc,task     ] GC(35) Using 8 workers of 8 for evacuation
[2024-09-03T18:06:18.978+0530][gc,mmu      ] GC(35) MMU target violated: 20.5ms (20.0ms/21.0ms)
[2024-09-03T18:06:18.978+0530][gc,phases   ] GC(35)   Pre Evacuate Collection Set: 0.2ms
[2024-09-03T18:06:18.979+0530][gc,phases   ] GC(35)   Merge Heap Roots: 0.1ms
[2024-09-03T18:06:18.979+0530][gc,phases   ] GC(35)   Evacuate Collection Set: 19.8ms
[2024-09-03T18:06:18.979+0530][gc,phases   ] GC(35)   Post Evacuate Collection Set: 0.4ms
[2024-09-03T18:06:18.979+0530][gc,phases   ] GC(35)   Other: 2.2ms
[2024-09-03T18:06:18.979+0530][gc,heap     ] GC(35) Eden regions: 151->0(52)
[2024-09-03T18:06:18.979+0530][gc,heap     ] GC(35) Survivor regions: 9->12(20)
[2024-09-03T18:06:18.979+0530][gc,heap     ] GC(35) Old regions: 90->90
[2024-09-03T18:06:18.979+0530][gc,heap     ] GC(35) Archive regions: 2->2
[2024-09-03T18:06:18.979+0530][gc,heap     ] GC(35) Humongous regions: 129->129
[2024-09-03T18:06:18.979+0530][gc,metaspace] GC(35) Metaspace: 44167K(44800K)->44167K(44800K) NonClass: 39099K(39424K)->39099K(39424K) Class: 5068K(5376K)->5068K(5376K)
[2024-09-03T18:06:18.979+0530][gc          ] GC(35) Pause Young (Normal) (G1 Evacuation Pause) 379M->231M(1024M) 22.827ms
[2024-09-03T18:06:18.979+0530][gc,cpu      ] GC(35) User=0.06s Sys=0.06s Real=0.02s
[2024-09-03T18:07:19.322+0530][gc,start    ] GC(36) Pause Young (Normal) (G1 Evacuation Pause)
[2024-09-03T18:07:19.323+0530][gc,task     ] GC(36) Using 8 workers of 8 for evacuation
[2024-09-03T18:07:19.335+0530][gc,phases   ] GC(36)   Pre Evacuate Collection Set: 0.2ms
[2024-09-03T18:07:19.335+0530][gc,phases   ] GC(36)   Merge Heap Roots: 0.1ms
[2024-09-03T18:07:19.335+0530][gc,phases   ] GC(36)   Evacuate Collection Set: 11.1ms
[2024-09-03T18:07:19.335+0530][gc,phases   ] GC(36)   Post Evacuate Collection Set: 0.5ms
[2024-09-03T18:07:19.335+0530][gc,phases   ] GC(36)   Other: 0.5ms
[2024-09-03T18:07:19.335+0530][gc,heap     ] GC(36) Eden regions: 52->0(233)
[2024-09-03T18:07:19.335+0530][gc,heap     ] GC(36) Survivor regions: 12->3(8)
[2024-09-03T18:07:19.335+0530][gc,heap     ] GC(36) Old regions: 90->101
[2024-09-03T18:07:19.335+0530][gc,heap     ] GC(36) Archive regions: 2->2
[2024-09-03T18:07:19.335+0530][gc,heap     ] GC(36) Humongous regions: 129->129
[2024-09-03T18:07:19.335+0530][gc,metaspace] GC(36) Metaspace: 44168K(44800K)->44168K(44800K) NonClass: 39100K(39424K)->39100K(39424K) Class: 5068K(5376K)->5068K(5376K)
[2024-09-03T18:07:19.335+0530][gc          ] GC(36) Pause Young (Normal) (G1 Evacuation Pause) 283M->233M(1024M) 12.477ms
[2024-09-03T18:07:19.335+0530][gc,cpu      ] GC(36) User=0.08s Sys=0.01s Real=0.01s
[2024-09-03T18:12:54.742+0530][gc,start    ] GC(37) Pause Young (Normal) (G1 Evacuation Pause)
[2024-09-03T18:12:54.744+0530][gc,task     ] GC(37) Using 8 workers of 8 for evacuation
[2024-09-03T18:12:54.758+0530][gc,phases   ] GC(37)   Pre Evacuate Collection Set: 0.2ms
[2024-09-03T18:12:54.758+0530][gc,phases   ] GC(37)   Merge Heap Roots: 0.2ms
[2024-09-03T18:12:54.758+0530][gc,phases   ] GC(37)   Evacuate Collection Set: 12.9ms
[2024-09-03T18:12:54.758+0530][gc,phases   ] GC(37)   Post Evacuate Collection Set: 0.4ms
[2024-09-03T18:12:54.758+0530][gc,phases   ] GC(37)   Other: 2.4ms
[2024-09-03T18:12:54.758+0530][gc,heap     ] GC(37) Eden regions: 233->0(124)
[2024-09-03T18:12:54.758+0530][gc,heap     ] GC(37) Survivor regions: 3->10(30)
[2024-09-03T18:12:54.758+0530][gc,heap     ] GC(37) Old regions: 101->101
[2024-09-03T18:12:54.758+0530][gc,heap     ] GC(37) Archive regions: 2->2
[2024-09-03T18:12:54.758+0530][gc,heap     ] GC(37) Humongous regions: 129->129
[2024-09-03T18:12:54.758+0530][gc,metaspace] GC(37) Metaspace: 44185K(44864K)->44185K(44864K) NonClass: 39116K(39488K)->39116K(39488K) Class: 5068K(5376K)->5068K(5376K)
[2024-09-03T18:12:54.758+0530][gc          ] GC(37) Pause Young (Normal) (G1 Evacuation Pause) 466M->239M(1024M) 16.306ms
[2024-09-03T18:12:54.758+0530][gc,cpu      ] GC(37) User=0.07s Sys=0.03s Real=0.01s
[2024-09-03T18:20:49.153+0530][gc,start    ] GC(38) Pause Young (Normal) (G1 Evacuation Pause)
[2024-09-03T18:20:49.155+0530][gc,task     ] GC(38) Using 8 workers of 8 for evacuation
[2024-09-03T18:20:49.166+0530][gc,phases   ] GC(38)   Pre Evacuate Collection Set: 0.2ms
[2024-09-03T18:20:49.166+0530][gc,phases   ] GC(38)   Merge Heap Roots: 0.1ms
[2024-09-03T18:20:49.166+0530][gc,phases   ] GC(38)   Evacuate Collection Set: 10.4ms
[2024-09-03T18:20:49.166+0530][gc,phases   ] GC(38)   Post Evacuate Collection Set: 0.4ms
[2024-09-03T18:20:49.166+0530][gc,phases   ] GC(38)   Other: 2.2ms
[2024-09-03T18:20:49.166+0530][gc,heap     ] GC(38) Eden regions: 124->0(149)
[2024-09-03T18:20:49.166+0530][gc,heap     ] GC(38) Survivor regions: 10->11(17)
[2024-09-03T18:20:49.166+0530][gc,heap     ] GC(38) Old regions: 101->103
[2024-09-03T18:20:49.166+0530][gc,heap     ] GC(38) Archive regions: 2->2
[2024-09-03T18:20:49.166+0530][gc,heap     ] GC(38) Humongous regions: 129->129
[2024-09-03T18:20:49.166+0530][gc,metaspace] GC(38) Metaspace: 44209K(44864K)->44209K(44864K) NonClass: 39141K(39488K)->39141K(39488K) Class: 5068K(5376K)->5068K(5376K)
[2024-09-03T18:20:49.166+0530][gc          ] GC(38) Pause Young (Normal) (G1 Evacuation Pause) 363M->242M(1024M) 13.652ms
[2024-09-03T18:20:49.166+0530][gc,cpu      ] GC(38) User=0.08s Sys=0.00s Real=0.01s
[2024-09-03T18:35:47.951+0530][gc,start    ] GC(39) Pause Young (Normal) (G1 Evacuation Pause)
[2024-09-03T18:35:47.953+0530][gc,task     ] GC(39) Using 8 workers of 8 for evacuation
[2024-09-03T18:35:47.976+0530][gc,mmu      ] GC(39) MMU target violated: 21.0ms (20.0ms/21.0ms)
[2024-09-03T18:35:47.976+0530][gc,phases   ] GC(39)   Pre Evacuate Collection Set: 1.8ms
[2024-09-03T18:35:47.976+0530][gc,phases   ] GC(39)   Merge Heap Roots: 0.8ms
[2024-09-03T18:35:47.976+0530][gc,phases   ] GC(39)   Evacuate Collection Set: 19.7ms
[2024-09-03T18:35:47.977+0530][gc,phases   ] GC(39)   Post Evacuate Collection Set: 0.9ms
[2024-09-03T18:35:47.977+0530][gc,phases   ] GC(39)   Other: 2.7ms
[2024-09-03T18:35:47.977+0530][gc,heap     ] GC(39) Eden regions: 148->0(36)
[2024-09-03T18:35:47.977+0530][gc,heap     ] GC(39) Survivor regions: 11->15(20)
[2024-09-03T18:35:47.977+0530][gc,heap     ] GC(39) Old regions: 103->103
[2024-09-03T18:35:47.977+0530][gc,heap     ] GC(39) Archive regions: 2->2
[2024-09-03T18:35:47.977+0530][gc,heap     ] GC(39) Humongous regions: 129->129
[2024-09-03T18:35:47.977+0530][gc,metaspace] GC(39) Metaspace: 44221K(44864K)->44221K(44864K) NonClass: 39153K(39488K)->39153K(39488K) Class: 5068K(5376K)->5068K(5376K)
[2024-09-03T18:35:47.977+0530][gc          ] GC(39) Pause Young (Normal) (G1 Evacuation Pause) 390M->246M(1024M) 25.849ms
[2024-09-03T18:35:47.977+0530][gc,cpu      ] GC(39) User=0.08s Sys=0.07s Real=0.02s
[2024-09-03T18:38:05.012+0530][gc,start    ] GC(40) Pause Young (Normal) (G1 Evacuation Pause)
[2024-09-03T18:38:05.014+0530][gc,task     ] GC(40) Using 8 workers of 8 for evacuation
[2024-09-03T18:38:05.033+0530][gc,phases   ] GC(40)   Pre Evacuate Collection Set: 0.2ms
[2024-09-03T18:38:05.033+0530][gc,phases   ] GC(40)   Merge Heap Roots: 0.1ms
[2024-09-03T18:38:05.033+0530][gc,phases   ] GC(40)   Evacuate Collection Set: 17.8ms
[2024-09-03T18:38:05.033+0530][gc,phases   ] GC(40)   Post Evacuate Collection Set: 0.4ms
[2024-09-03T18:38:05.033+0530][gc,phases   ] GC(40)   Other: 2.2ms
[2024-09-03T18:38:05.033+0530][gc,heap     ] GC(40) Eden regions: 36->0(169)
[2024-09-03T18:38:05.033+0530][gc,heap     ] GC(40) Survivor regions: 15->5(7)
[2024-09-03T18:38:05.033+0530][gc,heap     ] GC(40) Old regions: 103->117
[2024-09-03T18:38:05.033+0530][gc,heap     ] GC(40) Archive regions: 2->2
[2024-09-03T18:38:05.033+0530][gc,heap     ] GC(40) Humongous regions: 129->129
[2024-09-03T18:38:05.033+0530][gc,metaspace] GC(40) Metaspace: 44225K(44864K)->44225K(44864K) NonClass: 39157K(39488K)->39157K(39488K) Class: 5068K(5376K)->5068K(5376K)
[2024-09-03T18:38:05.033+0530][gc          ] GC(40) Pause Young (Normal) (G1 Evacuation Pause) 282M->250M(1024M) 20.873ms
[2024-09-03T18:38:05.033+0530][gc,cpu      ] GC(40) User=0.09s Sys=0.03s Real=0.02s
[2024-09-03T18:51:11.862+0530][gc,start    ] GC(41) Pause Young (Normal) (G1 Evacuation Pause)
[2024-09-03T18:51:11.871+0530][gc,task     ] GC(41) Using 8 workers of 8 for evacuation
[2024-09-03T18:51:11.977+0530][gc,mmu      ] GC(41) MMU target violated: 21.0ms (20.0ms/21.0ms)
[2024-09-03T18:51:11.978+0530][gc,phases   ] GC(41)   Pre Evacuate Collection Set: 19.7ms
[2024-09-03T18:51:11.978+0530][gc,phases   ] GC(41)   Merge Heap Roots: 0.2ms
[2024-09-03T18:51:11.978+0530][gc,phases   ] GC(41)   Evacuate Collection Set: 84.9ms
[2024-09-03T18:51:11.978+0530][gc,phases   ] GC(41)   Post Evacuate Collection Set: 1.2ms
[2024-09-03T18:51:11.978+0530][gc,phases   ] GC(41)   Other: 9.8ms
[2024-09-03T18:51:11.978+0530][gc,heap     ] GC(41) Eden regions: 169->0(43)
[2024-09-03T18:51:11.978+0530][gc,heap     ] GC(41) Survivor regions: 5->8(22)
[2024-09-03T18:51:11.978+0530][gc,heap     ] GC(41) Old regions: 117->117
[2024-09-03T18:51:11.978+0530][gc,heap     ] GC(41) Archive regions: 2->2
[2024-09-03T18:51:11.978+0530][gc,heap     ] GC(41) Humongous regions: 129->129
[2024-09-03T18:51:11.978+0530][gc,metaspace] GC(41) Metaspace: 44243K(44864K)->44243K(44864K) NonClass: 39175K(39488K)->39175K(39488K) Class: 5068K(5376K)->5068K(5376K)
[2024-09-03T18:51:11.978+0530][gc          ] GC(41) Pause Young (Normal) (G1 Evacuation Pause) 419M->253M(1024M) 116.190ms
[2024-09-03T18:51:11.978+0530][gc,cpu      ] GC(41) User=0.05s Sys=0.06s Real=0.11s
[2024-09-03T18:53:56.558+0530][gc,start    ] GC(42) Pause Young (Normal) (G1 Evacuation Pause)
[2024-09-03T18:53:56.560+0530][gc,task     ] GC(42) Using 8 workers of 8 for evacuation
[2024-09-03T18:53:56.569+0530][gc,phases   ] GC(42)   Pre Evacuate Collection Set: 0.2ms
[2024-09-03T18:53:56.569+0530][gc,phases   ] GC(42)   Merge Heap Roots: 0.2ms
[2024-09-03T18:53:56.569+0530][gc,phases   ] GC(42)   Evacuate Collection Set: 8.0ms
[2024-09-03T18:53:56.569+0530][gc,phases   ] GC(42)   Post Evacuate Collection Set: 0.4ms
[2024-09-03T18:53:56.569+0530][gc,phases   ] GC(42)   Other: 2.3ms
[2024-09-03T18:53:56.569+0530][gc,heap     ] GC(42) Eden regions: 43->0(49)
[2024-09-03T18:53:56.569+0530][gc,heap     ] GC(42) Survivor regions: 8->2(7)
[2024-09-03T18:53:56.569+0530][gc,heap     ] GC(42) Old regions: 117->121
[2024-09-03T18:53:56.569+0530][gc,heap     ] GC(42) Archive regions: 2->2
[2024-09-03T18:53:56.569+0530][gc,heap     ] GC(42) Humongous regions: 129->129
[2024-09-03T18:53:56.569+0530][gc,metaspace] GC(42) Metaspace: 44257K(44864K)->44257K(44864K) NonClass: 39188K(39488K)->39188K(39488K) Class: 5068K(5376K)->5068K(5376K)
[2024-09-03T18:53:56.569+0530][gc          ] GC(42) Pause Young (Normal) (G1 Evacuation Pause) 296M->252M(1024M) 11.187ms
[2024-09-03T18:53:56.569+0530][gc,cpu      ] GC(42) User=0.03s Sys=0.01s Real=0.01s
[2024-09-03T18:57:02.929+0530][gc,start    ] GC(43) Pause Young (Normal) (G1 Evacuation Pause)
[2024-09-03T18:57:02.931+0530][gc,task     ] GC(43) Using 8 workers of 8 for evacuation
[2024-09-03T18:57:02.937+0530][gc,phases   ] GC(43)   Pre Evacuate Collection Set: 0.3ms
[2024-09-03T18:57:02.937+0530][gc,phases   ] GC(43)   Merge Heap Roots: 0.1ms
[2024-09-03T18:57:02.937+0530][gc,phases   ] GC(43)   Evacuate Collection Set: 5.2ms
[2024-09-03T18:57:02.937+0530][gc,phases   ] GC(43)   Post Evacuate Collection Set: 0.3ms
[2024-09-03T18:57:02.937+0530][gc,phases   ] GC(43)   Other: 2.2ms
[2024-09-03T18:57:02.937+0530][gc,heap     ] GC(43) Eden regions: 49->0(45)
[2024-09-03T18:57:02.937+0530][gc,heap     ] GC(43) Survivor regions: 2->6(7)
[2024-09-03T18:57:02.937+0530][gc,heap     ] GC(43) Old regions: 121->121
[2024-09-03T18:57:02.937+0530][gc,heap     ] GC(43) Archive regions: 2->2
[2024-09-03T18:57:02.937+0530][gc,heap     ] GC(43) Humongous regions: 129->129
[2024-09-03T18:57:02.937+0530][gc,metaspace] GC(43) Metaspace: 44295K(44928K)->44295K(44928K) NonClass: 39227K(39552K)->39227K(39552K) Class: 5068K(5376K)->5068K(5376K)
[2024-09-03T18:57:02.937+0530][gc          ] GC(43) Pause Young (Normal) (G1 Evacuation Pause) 301M->256M(1024M) 8.407ms
[2024-09-03T18:57:02.937+0530][gc,cpu      ] GC(43) User=0.04s Sys=0.00s Real=0.01s
[2024-09-03T18:59:54.515+0530][gc,start    ] GC(44) Pause Young (Normal) (G1 Evacuation Pause)
[2024-09-03T18:59:54.515+0530][gc,task     ] GC(44) Using 8 workers of 8 for evacuation
[2024-09-03T18:59:54.522+0530][gc,phases   ] GC(44)   Pre Evacuate Collection Set: 0.2ms
[2024-09-03T18:59:54.522+0530][gc,phases   ] GC(44)   Merge Heap Roots: 0.1ms
[2024-09-03T18:59:54.522+0530][gc,phases   ] GC(44)   Evacuate Collection Set: 5.9ms
[2024-09-03T18:59:54.522+0530][gc,phases   ] GC(44)   Post Evacuate Collection Set: 0.5ms
[2024-09-03T18:59:54.522+0530][gc,phases   ] GC(44)   Other: 0.4ms
[2024-09-03T18:59:54.522+0530][gc,heap     ] GC(44) Eden regions: 45->0(47)
[2024-09-03T18:59:54.522+0530][gc,heap     ] GC(44) Survivor regions: 6->4(7)
[2024-09-03T18:59:54.522+0530][gc,heap     ] GC(44) Old regions: 121->123
[2024-09-03T18:59:54.522+0530][gc,heap     ] GC(44) Archive regions: 2->2
[2024-09-03T18:59:54.522+0530][gc,heap     ] GC(44) Humongous regions: 129->129
[2024-09-03T18:59:54.522+0530][gc,metaspace] GC(44) Metaspace: 44319K(44928K)->44319K(44928K) NonClass: 39250K(39552K)->39250K(39552K) Class: 5068K(5376K)->5068K(5376K)
[2024-09-03T18:59:54.522+0530][gc          ] GC(44) Pause Young (Normal) (G1 Evacuation Pause) 301M->256M(1024M) 7.239ms
[2024-09-03T18:59:54.522+0530][gc,cpu      ] GC(44) User=0.03s Sys=0.00s Real=0.01s
[2024-09-03T19:02:55.259+0530][gc,start    ] GC(45) Pause Young (Normal) (G1 Evacuation Pause)
[2024-09-03T19:02:55.261+0530][gc,task     ] GC(45) Using 8 workers of 8 for evacuation
[2024-09-03T19:02:55.287+0530][gc,mmu      ] GC(45) MMU target violated: 21.0ms (20.0ms/21.0ms)
[2024-09-03T19:02:55.287+0530][gc,phases   ] GC(45)   Pre Evacuate Collection Set: 0.5ms
[2024-09-03T19:02:55.287+0530][gc,phases   ] GC(45)   Merge Heap Roots: 0.2ms
[2024-09-03T19:02:55.287+0530][gc,phases   ] GC(45)   Evacuate Collection Set: 24.5ms
[2024-09-03T19:02:55.287+0530][gc,phases   ] GC(45)   Post Evacuate Collection Set: 0.6ms
[2024-09-03T19:02:55.287+0530][gc,phases   ] GC(45)   Other: 2.3ms
[2024-09-03T19:02:55.287+0530][gc,heap     ] GC(45) Eden regions: 47->0(47)
[2024-09-03T19:02:55.287+0530][gc,heap     ] GC(45) Survivor regions: 4->4(7)
[2024-09-03T19:02:55.287+0530][gc,heap     ] GC(45) Old regions: 123->123
[2024-09-03T19:02:55.287+0530][gc,heap     ] GC(45) Archive regions: 2->2
[2024-09-03T19:02:55.288+0530][gc,heap     ] GC(45) Humongous regions: 129->129
[2024-09-03T19:02:55.288+0530][gc,metaspace] GC(45) Metaspace: 44322K(44928K)->44322K(44928K) NonClass: 39254K(39552K)->39254K(39552K) Class: 5068K(5376K)->5068K(5376K)
[2024-09-03T19:02:55.288+0530][gc          ] GC(45) Pause Young (Normal) (G1 Evacuation Pause) 303M->256M(1024M) 28.483ms
[2024-09-03T19:02:55.288+0530][gc,cpu      ] GC(45) User=0.02s Sys=0.01s Real=0.03s
[2024-09-03T19:05:54.716+0530][gc,start    ] GC(46) Pause Young (Normal) (G1 Evacuation Pause)
[2024-09-03T19:05:54.718+0530][gc,task     ] GC(46) Using 8 workers of 8 for evacuation
[2024-09-03T19:05:54.726+0530][gc,phases   ] GC(46)   Pre Evacuate Collection Set: 0.2ms
[2024-09-03T19:05:54.726+0530][gc,phases   ] GC(46)   Merge Heap Roots: 0.1ms
[2024-09-03T19:05:54.726+0530][gc,phases   ] GC(46)   Evacuate Collection Set: 7.6ms
[2024-09-03T19:05:54.726+0530][gc,phases   ] GC(46)   Post Evacuate Collection Set: 0.4ms
[2024-09-03T19:05:54.726+0530][gc,phases   ] GC(46)   Other: 2.3ms
[2024-09-03T19:05:54.726+0530][gc,heap     ] GC(46) Eden regions: 47->0(44)
[2024-09-03T19:05:54.726+0530][gc,heap     ] GC(46) Survivor regions: 4->7(7)
[2024-09-03T19:05:54.726+0530][gc,heap     ] GC(46) Old regions: 123->123
[2024-09-03T19:05:54.726+0530][gc,heap     ] GC(46) Archive regions: 2->2
[2024-09-03T19:05:54.726+0530][gc,heap     ] GC(46) Humongous regions: 129->129
[2024-09-03T19:05:54.726+0530][gc,metaspace] GC(46) Metaspace: 44336K(44992K)->44336K(44992K) NonClass: 39268K(39616K)->39268K(39616K) Class: 5068K(5376K)->5068K(5376K)
[2024-09-03T19:05:54.726+0530][gc          ] GC(46) Pause Young (Normal) (G1 Evacuation Pause) 303M->259M(1024M) 10.757ms
[2024-09-03T19:05:54.726+0530][gc,cpu      ] GC(46) User=0.05s Sys=0.01s Real=0.01s
[2024-09-03T19:08:41.532+0530][gc,start    ] GC(47) Pause Young (Normal) (G1 Evacuation Pause)
[2024-09-03T19:08:41.532+0530][gc,task     ] GC(47) Using 8 workers of 8 for evacuation
[2024-09-03T19:08:41.540+0530][gc,phases   ] GC(47)   Pre Evacuate Collection Set: 0.2ms
[2024-09-03T19:08:41.540+0530][gc,phases   ] GC(47)   Merge Heap Roots: 0.1ms
[2024-09-03T19:08:41.540+0530][gc,phases   ] GC(47)   Evacuate Collection Set: 7.0ms
[2024-09-03T19:08:41.540+0530][gc,phases   ] GC(47)   Post Evacuate Collection Set: 0.4ms
[2024-09-03T19:08:41.540+0530][gc,phases   ] GC(47)   Other: 0.3ms
[2024-09-03T19:08:41.540+0530][gc,heap     ] GC(47) Eden regions: 44->0(47)
[2024-09-03T19:08:41.540+0530][gc,heap     ] GC(47) Survivor regions: 7->4(7)
[2024-09-03T19:08:41.540+0530][gc,heap     ] GC(47) Old regions: 123->127
[2024-09-03T19:08:41.540+0530][gc,heap     ] GC(47) Archive regions: 2->2
[2024-09-03T19:08:41.540+0530][gc,heap     ] GC(47) Humongous regions: 129->129
[2024-09-03T19:08:41.540+0530][gc,metaspace] GC(47) Metaspace: 44337K(44992K)->44337K(44992K) NonClass: 39268K(39616K)->39268K(39616K) Class: 5068K(5376K)->5068K(5376K)
[2024-09-03T19:08:41.540+0530][gc          ] GC(47) Pause Young (Normal) (G1 Evacuation Pause) 303M->259M(1024M) 8.207ms
[2024-09-03T19:08:41.540+0530][gc,cpu      ] GC(47) User=0.04s Sys=0.01s Real=0.01s
[2024-09-03T19:11:41.805+0530][gc,start    ] GC(48) Pause Young (Normal) (G1 Evacuation Pause)
[2024-09-03T19:11:41.805+0530][gc,task     ] GC(48) Using 8 workers of 8 for evacuation
[2024-09-03T19:11:41.811+0530][gc,phases   ] GC(48)   Pre Evacuate Collection Set: 0.3ms
[2024-09-03T19:11:41.811+0530][gc,phases   ] GC(48)   Merge Heap Roots: 0.1ms
[2024-09-03T19:11:41.811+0530][gc,phases   ] GC(48)   Evacuate Collection Set: 5.2ms
[2024-09-03T19:11:41.811+0530][gc,phases   ] GC(48)   Post Evacuate Collection Set: 0.3ms
[2024-09-03T19:11:41.812+0530][gc,phases   ] GC(48)   Other: 0.3ms
[2024-09-03T19:11:41.812+0530][gc,heap     ] GC(48) Eden regions: 47->0(79)
[2024-09-03T19:11:41.812+0530][gc,heap     ] GC(48) Survivor regions: 4->4(7)
[2024-09-03T19:11:41.812+0530][gc,heap     ] GC(48) Old regions: 127->127
[2024-09-03T19:11:41.812+0530][gc,heap     ] GC(48) Archive regions: 2->2
[2024-09-03T19:11:41.812+0530][gc,heap     ] GC(48) Humongous regions: 129->129
[2024-09-03T19:11:41.812+0530][gc,metaspace] GC(48) Metaspace: 44337K(44992K)->44337K(44992K) NonClass: 39269K(39616K)->39269K(39616K) Class: 5068K(5376K)->5068K(5376K)
[2024-09-03T19:11:41.812+0530][gc          ] GC(48) Pause Young (Normal) (G1 Evacuation Pause) 306M->259M(1024M) 6.382ms
[2024-09-03T19:11:41.812+0530][gc,cpu      ] GC(48) User=0.02s Sys=0.01s Real=0.01s
[2024-09-03T19:16:44.909+0530][gc,start    ] GC(49) Pause Young (Normal) (G1 Evacuation Pause)
[2024-09-03T19:16:44.910+0530][gc,task     ] GC(49) Using 8 workers of 8 for evacuation
[2024-09-03T19:16:44.929+0530][gc,phases   ] GC(49)   Pre Evacuate Collection Set: 0.2ms
[2024-09-03T19:16:44.929+0530][gc,phases   ] GC(49)   Merge Heap Roots: 0.2ms
[2024-09-03T19:16:44.929+0530][gc,phases   ] GC(49)   Evacuate Collection Set: 18.4ms
[2024-09-03T19:16:44.929+0530][gc,phases   ] GC(49)   Post Evacuate Collection Set: 0.4ms
[2024-09-03T19:16:44.929+0530][gc,phases   ] GC(49)   Other: 0.3ms
[2024-09-03T19:16:44.929+0530][gc,heap     ] GC(49) Eden regions: 79->0(44)
[2024-09-03T19:16:44.929+0530][gc,heap     ] GC(49) Survivor regions: 4->7(11)
[2024-09-03T19:16:44.929+0530][gc,heap     ] GC(49) Old regions: 127->127
[2024-09-03T19:16:44.929+0530][gc,heap     ] GC(49) Archive regions: 2->2
[2024-09-03T19:16:44.929+0530][gc,heap     ] GC(49) Humongous regions: 129->129
[2024-09-03T19:16:44.929+0530][gc,metaspace] GC(49) Metaspace: 44343K(44992K)->44343K(44992K) NonClass: 39275K(39616K)->39275K(39616K) Class: 5068K(5376K)->5068K(5376K)
[2024-09-03T19:16:44.929+0530][gc          ] GC(49) Pause Young (Normal) (G1 Evacuation Pause) 338M->262M(1024M) 19.656ms
[2024-09-03T19:16:44.929+0530][gc,cpu      ] GC(49) User=0.04s Sys=0.07s Real=0.02s
[2024-09-03T19:19:33.015+0530][gc,start    ] GC(50) Pause Young (Normal) (G1 Evacuation Pause)
[2024-09-03T19:19:33.015+0530][gc,task     ] GC(50) Using 8 workers of 8 for evacuation
[2024-09-03T19:19:33.020+0530][gc,phases   ] GC(50)   Pre Evacuate Collection Set: 0.2ms
[2024-09-03T19:19:33.020+0530][gc,phases   ] GC(50)   Merge Heap Roots: 0.1ms
[2024-09-03T19:19:33.020+0530][gc,phases   ] GC(50)   Evacuate Collection Set: 5.1ms
[2024-09-03T19:19:33.020+0530][gc,phases   ] GC(50)   Post Evacuate Collection Set: 0.3ms
[2024-09-03T19:19:33.021+0530][gc,phases   ] GC(50)   Other: 0.2ms
[2024-09-03T19:19:33.021+0530][gc,heap     ] GC(50) Eden regions: 44->0(129)
[2024-09-03T19:19:33.021+0530][gc,heap     ] GC(50) Survivor regions: 7->3(7)
[2024-09-03T19:19:33.021+0530][gc,heap     ] GC(50) Old regions: 127->130
[2024-09-03T19:19:33.021+0530][gc,heap     ] GC(50) Archive regions: 2->2
[2024-09-03T19:19:33.021+0530][gc,heap     ] GC(50) Humongous regions: 129->129
[2024-09-03T19:19:33.021+0530][gc,metaspace] GC(50) Metaspace: 44344K(44992K)->44344K(44992K) NonClass: 39276K(39616K)->39276K(39616K) Class: 5068K(5376K)->5068K(5376K)
[2024-09-03T19:19:33.021+0530][gc          ] GC(50) Pause Young (Normal) (G1 Evacuation Pause) 306M->262M(1024M) 5.992ms
[2024-09-03T19:19:33.021+0530][gc,cpu      ] GC(50) User=0.03s Sys=0.01s Real=0.01s
[2024-09-03T19:27:50.601+0530][gc,start    ] GC(51) Pause Young (Normal) (G1 Evacuation Pause)
[2024-09-03T19:27:50.601+0530][gc,task     ] GC(51) Using 8 workers of 8 for evacuation
[2024-09-03T19:27:50.620+0530][gc,phases   ] GC(51)   Pre Evacuate Collection Set: 1.2ms
[2024-09-03T19:27:50.620+0530][gc,phases   ] GC(51)   Merge Heap Roots: 0.2ms
[2024-09-03T19:27:50.620+0530][gc,phases   ] GC(51)   Evacuate Collection Set: 14.9ms
[2024-09-03T19:27:50.620+0530][gc,phases   ] GC(51)   Post Evacuate Collection Set: 2.6ms
[2024-09-03T19:27:50.620+0530][gc,phases   ] GC(51)   Other: 0.6ms
[2024-09-03T19:27:50.620+0530][gc,heap     ] GC(51) Eden regions: 129->0(68)
[2024-09-03T19:27:50.620+0530][gc,heap     ] GC(51) Survivor regions: 3->5(17)
[2024-09-03T19:27:50.620+0530][gc,heap     ] GC(51) Old regions: 130->130
[2024-09-03T19:27:50.620+0530][gc,heap     ] GC(51) Archive regions: 2->2
[2024-09-03T19:27:50.620+0530][gc,heap     ] GC(51) Humongous regions: 129->129
[2024-09-03T19:27:50.620+0530][gc,metaspace] GC(51) Metaspace: 44351K(44992K)->44351K(44992K) NonClass: 39283K(39616K)->39283K(39616K) Class: 5068K(5376K)->5068K(5376K)
[2024-09-03T19:27:50.620+0530][gc          ] GC(51) Pause Young (Normal) (G1 Evacuation Pause) 391M->264M(1024M) 19.654ms
[2024-09-03T19:27:50.620+0530][gc,cpu      ] GC(51) User=0.04s Sys=0.07s Real=0.02s
[2024-09-03T19:32:11.000+0530][gc,start    ] GC(52) Pause Young (Normal) (G1 Evacuation Pause)
[2024-09-03T19:32:11.000+0530][gc,task     ] GC(52) Using 8 workers of 8 for evacuation
[2024-09-03T19:32:11.008+0530][gc,phases   ] GC(52)   Pre Evacuate Collection Set: 0.1ms
[2024-09-03T19:32:11.008+0530][gc,phases   ] GC(52)   Merge Heap Roots: 0.1ms
[2024-09-03T19:32:11.008+0530][gc,phases   ] GC(52)   Evacuate Collection Set: 6.6ms
[2024-09-03T19:32:11.008+0530][gc,phases   ] GC(52)   Post Evacuate Collection Set: 0.5ms
[2024-09-03T19:32:11.008+0530][gc,phases   ] GC(52)   Other: 0.3ms
[2024-09-03T19:32:11.008+0530][gc,heap     ] GC(52) Eden regions: 68->0(50)
[2024-09-03T19:32:11.008+0530][gc,heap     ] GC(52) Survivor regions: 5->7(10)
[2024-09-03T19:32:11.008+0530][gc,heap     ] GC(52) Old regions: 130->130
[2024-09-03T19:32:11.008+0530][gc,heap     ] GC(52) Archive regions: 2->2
[2024-09-03T19:32:11.008+0530][gc,heap     ] GC(52) Humongous regions: 129->129
[2024-09-03T19:32:11.008+0530][gc,metaspace] GC(52) Metaspace: 44353K(44992K)->44353K(44992K) NonClass: 39285K(39616K)->39285K(39616K) Class: 5068K(5376K)->5068K(5376K)
[2024-09-03T19:32:11.008+0530][gc          ] GC(52) Pause Young (Normal) (G1 Evacuation Pause) 332M->266M(1024M) 7.841ms
[2024-09-03T19:32:11.008+0530][gc,cpu      ] GC(52) User=0.04s Sys=0.00s Real=0.00s
[2024-09-03T19:35:23.018+0530][gc,start    ] GC(53) Pause Young (Normal) (G1 Evacuation Pause)
[2024-09-03T19:35:23.018+0530][gc,task     ] GC(53) Using 8 workers of 8 for evacuation
[2024-09-03T19:35:23.028+0530][gc,phases   ] GC(53)   Pre Evacuate Collection Set: 0.2ms
[2024-09-03T19:35:23.028+0530][gc,phases   ] GC(53)   Merge Heap Roots: 0.1ms
[2024-09-03T19:35:23.028+0530][gc,phases   ] GC(53)   Evacuate Collection Set: 9.0ms
[2024-09-03T19:35:23.028+0530][gc,phases   ] GC(53)   Post Evacuate Collection Set: 0.4ms
[2024-09-03T19:35:23.028+0530][gc,phases   ] GC(53)   Other: 0.3ms
[2024-09-03T19:35:23.028+0530][gc,heap     ] GC(53) Eden regions: 50->0(50)
[2024-09-03T19:35:23.028+0530][gc,heap     ] GC(53) Survivor regions: 7->7(8)
[2024-09-03T19:35:23.028+0530][gc,heap     ] GC(53) Old regions: 130->134
[2024-09-03T19:35:23.028+0530][gc,heap     ] GC(53) Archive regions: 2->2
[2024-09-03T19:35:23.028+0530][gc,heap     ] GC(53) Humongous regions: 129->129
[2024-09-03T19:35:23.028+0530][gc,metaspace] GC(53) Metaspace: 44353K(44992K)->44353K(44992K) NonClass: 39285K(39616K)->39285K(39616K) Class: 5068K(5376K)->5068K(5376K)
[2024-09-03T19:35:23.028+0530][gc          ] GC(53) Pause Young (Normal) (G1 Evacuation Pause) 316M->270M(1024M) 10.161ms
[2024-09-03T19:35:23.028+0530][gc,cpu      ] GC(53) User=0.07s Sys=0.01s Real=0.01s
[2024-09-03T19:38:34.938+0530][gc,start    ] GC(54) Pause Young (Normal) (G1 Evacuation Pause)
[2024-09-03T19:38:34.938+0530][gc,task     ] GC(54) Using 8 workers of 8 for evacuation
[2024-09-03T19:38:34.946+0530][gc,phases   ] GC(54)   Pre Evacuate Collection Set: 0.3ms
[2024-09-03T19:38:34.946+0530][gc,phases   ] GC(54)   Merge Heap Roots: 0.1ms
[2024-09-03T19:38:34.946+0530][gc,phases   ] GC(54)   Evacuate Collection Set: 7.0ms
[2024-09-03T19:38:34.946+0530][gc,phases   ] GC(54)   Post Evacuate Collection Set: 0.4ms
[2024-09-03T19:38:34.946+0530][gc,phases   ] GC(54)   Other: 0.3ms
[2024-09-03T19:38:34.946+0530][gc,heap     ] GC(54) Eden regions: 50->0(112)
[2024-09-03T19:38:34.946+0530][gc,heap     ] GC(54) Survivor regions: 7->5(8)
[2024-09-03T19:38:34.946+0530][gc,heap     ] GC(54) Old regions: 134->137
[2024-09-03T19:38:34.946+0530][gc,heap     ] GC(54) Archive regions: 2->2
[2024-09-03T19:38:34.946+0530][gc,heap     ] GC(54) Humongous regions: 129->129
[2024-09-03T19:38:34.946+0530][gc,metaspace] GC(54) Metaspace: 44356K(44992K)->44356K(44992K) NonClass: 39288K(39616K)->39288K(39616K) Class: 5068K(5376K)->5068K(5376K)
[2024-09-03T19:38:34.946+0530][gc          ] GC(54) Pause Young (Normal) (G1 Evacuation Pause) 320M->271M(1024M) 8.193ms
[2024-09-03T19:38:34.946+0530][gc,cpu      ] GC(54) User=0.05s Sys=0.01s Real=0.01s
[2024-09-03T19:45:44.173+0530][gc,start    ] GC(55) Pause Young (Normal) (G1 Evacuation Pause)
[2024-09-03T19:45:44.175+0530][gc,task     ] GC(55) Using 8 workers of 8 for evacuation
[2024-09-03T19:45:44.182+0530][gc,phases   ] GC(55)   Pre Evacuate Collection Set: 0.2ms
[2024-09-03T19:45:44.182+0530][gc,phases   ] GC(55)   Merge Heap Roots: 0.1ms
[2024-09-03T19:45:44.182+0530][gc,phases   ] GC(55)   Evacuate Collection Set: 5.9ms
[2024-09-03T19:45:44.182+0530][gc,phases   ] GC(55)   Post Evacuate Collection Set: 0.5ms
[2024-09-03T19:45:44.182+0530][gc,phases   ] GC(55)   Other: 2.5ms
[2024-09-03T19:45:44.182+0530][gc,heap     ] GC(55) Eden regions: 112->0(138)
[2024-09-03T19:45:44.182+0530][gc,heap     ] GC(55) Survivor regions: 5->6(15)
[2024-09-03T19:45:44.182+0530][gc,heap     ] GC(55) Old regions: 137->137
[2024-09-03T19:45:44.182+0530][gc,heap     ] GC(55) Archive regions: 2->2
[2024-09-03T19:45:44.182+0530][gc,heap     ] GC(55) Humongous regions: 129->129
[2024-09-03T19:45:44.182+0530][gc,metaspace] GC(55) Metaspace: 44385K(44992K)->44385K(44992K) NonClass: 39316K(39616K)->39316K(39616K) Class: 5068K(5376K)->5068K(5376K)
[2024-09-03T19:45:44.182+0530][gc          ] GC(55) Pause Young (Normal) (G1 Evacuation Pause) 383M->272M(1024M) 9.390ms
[2024-09-03T19:45:44.182+0530][gc,cpu      ] GC(55) User=0.04s Sys=0.00s Real=0.01s
[2024-09-03T21:02:11.271+0530][gc,start    ] GC(56) Pause Young (Normal) (G1 Evacuation Pause)
[2024-09-03T21:02:11.273+0530][gc,task     ] GC(56) Using 8 workers of 8 for evacuation
[2024-09-03T21:02:11.297+0530][gc,mmu      ] GC(56) MMU target violated: 21.0ms (20.0ms/21.0ms)
[2024-09-03T21:02:11.297+0530][gc,phases   ] GC(56)   Pre Evacuate Collection Set: 0.3ms
[2024-09-03T21:02:11.297+0530][gc,phases   ] GC(56)   Merge Heap Roots: 0.1ms
[2024-09-03T21:02:11.297+0530][gc,phases   ] GC(56)   Evacuate Collection Set: 23.1ms
[2024-09-03T21:02:11.297+0530][gc,phases   ] GC(56)   Post Evacuate Collection Set: 0.8ms
[2024-09-03T21:02:11.297+0530][gc,phases   ] GC(56)   Other: 2.3ms
[2024-09-03T21:02:11.297+0530][gc,heap     ] GC(56) Eden regions: 138->0(42)
[2024-09-03T21:02:11.297+0530][gc,heap     ] GC(56) Survivor regions: 6->9(18)
[2024-09-03T21:02:11.298+0530][gc,heap     ] GC(56) Old regions: 137->137
[2024-09-03T21:02:11.298+0530][gc,heap     ] GC(56) Archive regions: 2->2
[2024-09-03T21:02:11.298+0530][gc,heap     ] GC(56) Humongous regions: 129->129
[2024-09-03T21:02:11.298+0530][gc,metaspace] GC(56) Metaspace: 44399K(44992K)->44399K(44992K) NonClass: 39329K(39616K)->39329K(39616K) Class: 5069K(5376K)->5069K(5376K)
[2024-09-03T21:02:11.298+0530][gc          ] GC(56) Pause Young (Normal) (G1 Evacuation Pause) 410M->274M(1024M) 26.815ms
[2024-09-03T21:02:11.298+0530][gc,cpu      ] GC(56) User=0.05s Sys=0.09s Real=0.02s
[2024-09-03T21:04:50.908+0530][gc,start    ] GC(57) Pause Young (Normal) (G1 Evacuation Pause)
[2024-09-03T21:04:50.911+0530][gc,task     ] GC(57) Using 8 workers of 8 for evacuation
[2024-09-03T21:04:50.924+0530][gc,phases   ] GC(57)   Pre Evacuate Collection Set: 0.6ms
[2024-09-03T21:04:50.925+0530][gc,phases   ] GC(57)   Merge Heap Roots: 0.2ms
[2024-09-03T21:04:50.925+0530][gc,phases   ] GC(57)   Evacuate Collection Set: 7.3ms
[2024-09-03T21:04:50.925+0530][gc,phases   ] GC(57)   Post Evacuate Collection Set: 0.5ms
[2024-09-03T21:04:50.925+0530][gc,phases   ] GC(57)   Other: 7.8ms
[2024-09-03T21:04:50.925+0530][gc,heap     ] GC(57) Eden regions: 42->0(190)
[2024-09-03T21:04:50.925+0530][gc,heap     ] GC(57) Survivor regions: 9->2(7)
[2024-09-03T21:04:50.925+0530][gc,heap     ] GC(57) Old regions: 137->143
[2024-09-03T21:04:50.925+0530][gc,heap     ] GC(57) Archive regions: 2->2
[2024-09-03T21:04:50.925+0530][gc,heap     ] GC(57) Humongous regions: 129->129
[2024-09-03T21:04:50.925+0530][gc,metaspace] GC(57) Metaspace: 44399K(44992K)->44399K(44992K) NonClass: 39329K(39616K)->39329K(39616K) Class: 5069K(5376K)->5069K(5376K)
[2024-09-03T21:04:50.925+0530][gc          ] GC(57) Pause Young (Normal) (G1 Evacuation Pause) 316M->273M(1024M) 16.514ms
[2024-09-03T21:04:50.925+0530][gc,cpu      ] GC(57) User=0.04s Sys=0.01s Real=0.02s
[2024-09-03T21:17:05.115+0530][gc,start    ] GC(58) Pause Young (Normal) (G1 Evacuation Pause)
[2024-09-03T21:17:05.117+0530][gc,task     ] GC(58) Using 8 workers of 8 for evacuation
[2024-09-03T21:17:05.149+0530][gc,mmu      ] GC(58) MMU target violated: 21.0ms (20.0ms/21.0ms)
[2024-09-03T21:17:05.149+0530][gc,phases   ] GC(58)   Pre Evacuate Collection Set: 2.0ms
[2024-09-03T21:17:05.149+0530][gc,phases   ] GC(58)   Merge Heap Roots: 0.2ms
[2024-09-03T21:17:05.149+0530][gc,phases   ] GC(58)   Evacuate Collection Set: 27.9ms
[2024-09-03T21:17:05.149+0530][gc,phases   ] GC(58)   Post Evacuate Collection Set: 1.3ms
[2024-09-03T21:17:05.149+0530][gc,phases   ] GC(58)   Other: 2.5ms
[2024-09-03T21:17:05.149+0530][gc,heap     ] GC(58) Eden regions: 190->0(41)
[2024-09-03T21:17:05.149+0530][gc,heap     ] GC(58) Survivor regions: 2->10(24)
[2024-09-03T21:17:05.149+0530][gc,heap     ] GC(58) Old regions: 143->143
[2024-09-03T21:17:05.149+0530][gc,heap     ] GC(58) Archive regions: 2->2
[2024-09-03T21:17:05.149+0530][gc,heap     ] GC(58) Humongous regions: 129->129
[2024-09-03T21:17:05.149+0530][gc,metaspace] GC(58) Metaspace: 44420K(45056K)->44420K(45056K) NonClass: 39350K(39680K)->39350K(39680K) Class: 5069K(5376K)->5069K(5376K)
[2024-09-03T21:17:05.149+0530][gc          ] GC(58) Pause Young (Normal) (G1 Evacuation Pause) 463M->281M(1024M) 34.006ms
[2024-09-03T21:17:05.149+0530][gc,cpu      ] GC(58) User=0.05s Sys=0.12s Real=0.03s
[2024-09-03T21:19:41.888+0530][gc,start    ] GC(59) Pause Young (Normal) (G1 Evacuation Pause)
[2024-09-03T21:19:41.893+0530][gc,task     ] GC(59) Using 8 workers of 8 for evacuation
[2024-09-03T21:19:41.907+0530][gc,phases   ] GC(59)   Pre Evacuate Collection Set: 0.2ms
[2024-09-03T21:19:41.907+0530][gc,phases   ] GC(59)   Merge Heap Roots: 0.1ms
[2024-09-03T21:19:41.907+0530][gc,phases   ] GC(59)   Evacuate Collection Set: 8.7ms
[2024-09-03T21:19:41.907+0530][gc,phases   ] GC(59)   Post Evacuate Collection Set: 0.5ms
[2024-09-03T21:19:41.907+0530][gc,phases   ] GC(59)   Other: 9.9ms
[2024-09-03T21:19:41.907+0530][gc,heap     ] GC(59) Eden regions: 41->0(100)
[2024-09-03T21:19:41.907+0530][gc,heap     ] GC(59) Survivor regions: 10->5(7)
[2024-09-03T21:19:41.907+0530][gc,heap     ] GC(59) Old regions: 143->148
[2024-09-03T21:19:41.907+0530][gc,heap     ] GC(59) Archive regions: 2->2
[2024-09-03T21:19:41.907+0530][gc,heap     ] GC(59) Humongous regions: 129->129
[2024-09-03T21:19:41.907+0530][gc,metaspace] GC(59) Metaspace: 44420K(45056K)->44420K(45056K) NonClass: 39350K(39680K)->39350K(39680K) Class: 5069K(5376K)->5069K(5376K)
[2024-09-03T21:19:41.907+0530][gc          ] GC(59) Pause Young (Normal) (G1 Evacuation Pause) 322M->281M(1024M) 19.667ms
[2024-09-03T21:19:41.907+0530][gc,cpu      ] GC(59) User=0.05s Sys=0.01s Real=0.02s
[2024-09-03T21:26:04.103+0530][gc,start    ] GC(60) Pause Young (Normal) (G1 Evacuation Pause)
[2024-09-03T21:26:04.105+0530][gc,task     ] GC(60) Using 8 workers of 8 for evacuation
[2024-09-03T21:26:04.112+0530][gc,phases   ] GC(60)   Pre Evacuate Collection Set: 0.2ms
[2024-09-03T21:26:04.112+0530][gc,phases   ] GC(60)   Merge Heap Roots: 0.1ms
[2024-09-03T21:26:04.112+0530][gc,phases   ] GC(60)   Evacuate Collection Set: 6.0ms
[2024-09-03T21:26:04.112+0530][gc,phases   ] GC(60)   Post Evacuate Collection Set: 0.4ms
[2024-09-03T21:26:04.112+0530][gc,phases   ] GC(60)   Other: 2.1ms
[2024-09-03T21:26:04.112+0530][gc,heap     ] GC(60) Eden regions: 100->0(147)
[2024-09-03T21:26:04.112+0530][gc,heap     ] GC(60) Survivor regions: 5->5(14)
[2024-09-03T21:26:04.112+0530][gc,heap     ] GC(60) Old regions: 148->148
[2024-09-03T21:26:04.112+0530][gc,heap     ] GC(60) Archive regions: 2->2
[2024-09-03T21:26:04.112+0530][gc,heap     ] GC(60) Humongous regions: 129->129
[2024-09-03T21:26:04.112+0530][gc,metaspace] GC(60) Metaspace: 44421K(45056K)->44421K(45056K) NonClass: 39351K(39680K)->39351K(39680K) Class: 5069K(5376K)->5069K(5376K)
[2024-09-03T21:26:04.112+0530][gc          ] GC(60) Pause Young (Normal) (G1 Evacuation Pause) 381M->281M(1024M) 8.909ms
[2024-09-03T21:26:04.112+0530][gc,cpu      ] GC(60) User=0.03s Sys=0.01s Real=0.01s
[2024-09-03T21:35:29.335+0530][gc,start    ] GC(61) Pause Young (Normal) (G1 Evacuation Pause)
[2024-09-03T21:35:29.337+0530][gc,task     ] GC(61) Using 8 workers of 8 for evacuation
[2024-09-03T21:35:29.346+0530][gc,phases   ] GC(61)   Pre Evacuate Collection Set: 0.2ms
[2024-09-03T21:35:29.346+0530][gc,phases   ] GC(61)   Merge Heap Roots: 0.1ms
[2024-09-03T21:35:29.346+0530][gc,phases   ] GC(61)   Evacuate Collection Set: 8.3ms
[2024-09-03T21:35:29.346+0530][gc,phases   ] GC(61)   Post Evacuate Collection Set: 0.4ms
[2024-09-03T21:35:29.346+0530][gc,phases   ] GC(61)   Other: 2.1ms
[2024-09-03T21:35:29.346+0530][gc,heap     ] GC(61) Eden regions: 147->0(112)
[2024-09-03T21:35:29.346+0530][gc,heap     ] GC(61) Survivor regions: 5->9(19)
[2024-09-03T21:35:29.346+0530][gc,heap     ] GC(61) Old regions: 148->148
[2024-09-03T21:35:29.346+0530][gc,heap     ] GC(61) Archive regions: 2->2
[2024-09-03T21:35:29.346+0530][gc,heap     ] GC(61) Humongous regions: 129->129
[2024-09-03T21:35:29.346+0530][gc,metaspace] GC(61) Metaspace: 44427K(45056K)->44427K(45056K) NonClass: 39357K(39680K)->39357K(39680K) Class: 5069K(5376K)->5069K(5376K)
[2024-09-03T21:35:29.346+0530][gc          ] GC(61) Pause Young (Normal) (G1 Evacuation Pause) 428M->285M(1024M) 11.317ms
[2024-09-03T21:35:29.346+0530][gc,cpu      ] GC(61) User=0.04s Sys=0.00s Real=0.01s
[2024-09-03T21:42:37.874+0530][gc,start    ] GC(62) Pause Young (Normal) (G1 Evacuation Pause)
[2024-09-03T21:42:37.876+0530][gc,task     ] GC(62) Using 8 workers of 8 for evacuation
[2024-09-03T21:42:37.883+0530][gc,phases   ] GC(62)   Pre Evacuate Collection Set: 0.2ms
[2024-09-03T21:42:37.883+0530][gc,phases   ] GC(62)   Merge Heap Roots: 0.1ms
[2024-09-03T21:42:37.883+0530][gc,phases   ] GC(62)   Evacuate Collection Set: 6.9ms
[2024-09-03T21:42:37.883+0530][gc,phases   ] GC(62)   Post Evacuate Collection Set: 0.4ms
[2024-09-03T21:42:37.883+0530][gc,phases   ] GC(62)   Other: 2.1ms
[2024-09-03T21:42:37.883+0530][gc,heap     ] GC(62) Eden regions: 112->0(152)
[2024-09-03T21:42:37.883+0530][gc,heap     ] GC(62) Survivor regions: 9->9(16)
[2024-09-03T21:42:37.883+0530][gc,heap     ] GC(62) Old regions: 148->149
[2024-09-03T21:42:37.883+0530][gc,heap     ] GC(62) Archive regions: 2->2
[2024-09-03T21:42:37.883+0530][gc,heap     ] GC(62) Humongous regions: 129->129
[2024-09-03T21:42:37.883+0530][gc,metaspace] GC(62) Metaspace: 44438K(45056K)->44438K(45056K) NonClass: 39368K(39680K)->39368K(39680K) Class: 5069K(5376K)->5069K(5376K)
[2024-09-03T21:42:37.883+0530][gc          ] GC(62) Pause Young (Normal) (G1 Evacuation Pause) 397M->287M(1024M) 9.745ms
[2024-09-03T21:42:37.883+0530][gc,cpu      ] GC(62) User=0.05s Sys=0.00s Real=0.01s
[2024-09-03T21:52:20.191+0530][gc,start    ] GC(63) Pause Young (Normal) (G1 Evacuation Pause)
[2024-09-03T21:52:20.193+0530][gc,task     ] GC(63) Using 8 workers of 8 for evacuation
[2024-09-03T21:52:20.204+0530][gc,phases   ] GC(63)   Pre Evacuate Collection Set: 0.1ms
[2024-09-03T21:52:20.204+0530][gc,phases   ] GC(63)   Merge Heap Roots: 0.1ms
[2024-09-03T21:52:20.205+0530][gc,phases   ] GC(63)   Evacuate Collection Set: 10.6ms
[2024-09-03T21:52:20.205+0530][gc,phases   ] GC(63)   Post Evacuate Collection Set: 0.5ms
[2024-09-03T21:52:20.205+0530][gc,phases   ] GC(63)   Other: 2.2ms
[2024-09-03T21:52:20.205+0530][gc,heap     ] GC(63) Eden regions: 151->0(59)
[2024-09-03T21:52:20.205+0530][gc,heap     ] GC(63) Survivor regions: 9->14(20)
[2024-09-03T21:52:20.205+0530][gc,heap     ] GC(63) Old regions: 149->149
[2024-09-03T21:52:20.205+0530][gc,heap     ] GC(63) Archive regions: 2->2
[2024-09-03T21:52:20.205+0530][gc,heap     ] GC(63) Humongous regions: 129->129
[2024-09-03T21:52:20.205+0530][gc,metaspace] GC(63) Metaspace: 44452K(45056K)->44452K(45056K) NonClass: 39382K(39680K)->39382K(39680K) Class: 5069K(5376K)->5069K(5376K)
[2024-09-03T21:52:20.205+0530][gc          ] GC(63) Pause Young (Normal) (G1 Evacuation Pause) 438M->292M(1024M) 13.653ms
[2024-09-03T21:52:20.205+0530][gc,cpu      ] GC(63) User=0.07s Sys=0.00s Real=0.01s
[2024-09-03T21:55:55.652+0530][gc,start    ] GC(64) Pause Young (Normal) (G1 Evacuation Pause)
[2024-09-03T21:55:55.654+0530][gc,task     ] GC(64) Using 8 workers of 8 for evacuation
[2024-09-03T21:55:55.673+0530][gc,phases   ] GC(64)   Pre Evacuate Collection Set: 0.2ms
[2024-09-03T21:55:55.673+0530][gc,phases   ] GC(64)   Merge Heap Roots: 0.2ms
[2024-09-03T21:55:55.673+0530][gc,phases   ] GC(64)   Evacuate Collection Set: 17.0ms
[2024-09-03T21:55:55.673+0530][gc,phases   ] GC(64)   Post Evacuate Collection Set: 1.0ms
[2024-09-03T21:55:55.673+0530][gc,phases   ] GC(64)   Other: 2.2ms
[2024-09-03T21:55:55.673+0530][gc,heap     ] GC(64) Eden regions: 59->0(245)
[2024-09-03T21:55:55.673+0530][gc,heap     ] GC(64) Survivor regions: 14->5(10)
[2024-09-03T21:55:55.673+0530][gc,heap     ] GC(64) Old regions: 149->160
[2024-09-03T21:55:55.673+0530][gc,heap     ] GC(64) Archive regions: 2->2
[2024-09-03T21:55:55.673+0530][gc,heap     ] GC(64) Humongous regions: 129->129
[2024-09-03T21:55:55.673+0530][gc,metaspace] GC(64) Metaspace: 44454K(45056K)->44454K(45056K) NonClass: 39384K(39680K)->39384K(39680K) Class: 5069K(5376K)->5069K(5376K)
[2024-09-03T21:55:55.674+0530][gc          ] GC(64) Pause Young (Normal) (G1 Evacuation Pause) 351M->293M(1024M) 20.930ms
[2024-09-03T21:55:55.674+0530][gc,cpu      ] GC(64) User=0.08s Sys=0.01s Real=0.02s
[2024-09-03T22:11:35.422+0530][gc,start    ] GC(65) Pause Young (Normal) (G1 Evacuation Pause)
[2024-09-03T22:11:35.424+0530][gc,task     ] GC(65) Using 8 workers of 8 for evacuation
[2024-09-03T22:11:35.436+0530][gc,phases   ] GC(65)   Pre Evacuate Collection Set: 0.2ms
[2024-09-03T22:11:35.436+0530][gc,phases   ] GC(65)   Merge Heap Roots: 0.2ms
[2024-09-03T22:11:35.436+0530][gc,phases   ] GC(65)   Evacuate Collection Set: 10.9ms
[2024-09-03T22:11:35.436+0530][gc,phases   ] GC(65)   Post Evacuate Collection Set: 0.5ms
[2024-09-03T22:11:35.436+0530][gc,phases   ] GC(65)   Other: 2.2ms
[2024-09-03T22:11:35.436+0530][gc,heap     ] GC(65) Eden regions: 245->0(212)
[2024-09-03T22:11:35.436+0530][gc,heap     ] GC(65) Survivor regions: 5->8(32)
[2024-09-03T22:11:35.436+0530][gc,heap     ] GC(65) Old regions: 160->160
[2024-09-03T22:11:35.436+0530][gc,heap     ] GC(65) Archive regions: 2->2
[2024-09-03T22:11:35.436+0530][gc,heap     ] GC(65) Humongous regions: 129->129
[2024-09-03T22:11:35.436+0530][gc,metaspace] GC(65) Metaspace: 44504K(45120K)->44504K(45120K) NonClass: 39434K(39744K)->39434K(39744K) Class: 5069K(5376K)->5069K(5376K)
[2024-09-03T22:11:35.436+0530][gc          ] GC(65) Pause Young (Normal) (G1 Evacuation Pause) 538M->297M(1024M) 14.040ms
[2024-09-03T22:11:35.436+0530][gc,cpu      ] GC(65) User=0.04s Sys=0.03s Real=0.01s
[2024-09-03T22:25:10.994+0530][gc,start    ] GC(66) Pause Young (Normal) (G1 Evacuation Pause)
[2024-09-03T22:25:10.996+0530][gc,task     ] GC(66) Using 8 workers of 8 for evacuation
[2024-09-03T22:25:11.004+0530][gc,phases   ] GC(66)   Pre Evacuate Collection Set: 0.2ms
[2024-09-03T22:25:11.004+0530][gc,phases   ] GC(66)   Merge Heap Roots: 0.3ms
[2024-09-03T22:25:11.004+0530][gc,phases   ] GC(66)   Evacuate Collection Set: 6.7ms
[2024-09-03T22:25:11.004+0530][gc,phases   ] GC(66)   Post Evacuate Collection Set: 0.4ms
[2024-09-03T22:25:11.004+0530][gc,phases   ] GC(66)   Other: 2.2ms
[2024-09-03T22:25:11.004+0530][gc,heap     ] GC(66) Eden regions: 212->0(604)
[2024-09-03T22:25:11.004+0530][gc,heap     ] GC(66) Survivor regions: 8->5(28)
[2024-09-03T22:25:11.004+0530][gc,heap     ] GC(66) Old regions: 160->160
[2024-09-03T22:25:11.004+0530][gc,heap     ] GC(66) Archive regions: 2->2
[2024-09-03T22:25:11.004+0530][gc,heap     ] GC(66) Humongous regions: 129->129
[2024-09-03T22:25:11.004+0530][gc,metaspace] GC(66) Metaspace: 44508K(45120K)->44508K(45120K) NonClass: 39438K(39744K)->39438K(39744K) Class: 5069K(5376K)->5069K(5376K)
[2024-09-03T22:25:11.004+0530][gc          ] GC(66) Pause Young (Normal) (G1 Evacuation Pause) 509M->294M(1024M) 10.031ms
[2024-09-03T22:25:11.004+0530][gc,cpu      ] GC(66) User=0.03s Sys=0.00s Real=0.01s
[2024-09-03T23:03:55.520+0530][gc,start    ] GC(67) Pause Young (Normal) (G1 Evacuation Pause)
[2024-09-03T23:03:55.522+0530][gc,task     ] GC(67) Using 8 workers of 8 for evacuation
[2024-09-03T23:03:55.530+0530][gc,phases   ] GC(67)   Pre Evacuate Collection Set: 0.2ms
[2024-09-03T23:03:55.530+0530][gc,phases   ] GC(67)   Merge Heap Roots: 0.2ms
[2024-09-03T23:03:55.530+0530][gc,phases   ] GC(67)   Evacuate Collection Set: 6.3ms
[2024-09-03T23:03:55.530+0530][gc,phases   ] GC(67)   Post Evacuate Collection Set: 0.7ms
[2024-09-03T23:03:55.530+0530][gc,phases   ] GC(67)   Other: 2.3ms
[2024-09-03T23:03:55.530+0530][gc,heap     ] GC(67) Eden regions: 604->0(605)
[2024-09-03T23:03:55.530+0530][gc,heap     ] GC(67) Survivor regions: 5->6(77)
[2024-09-03T23:03:55.530+0530][gc,heap     ] GC(67) Old regions: 160->160
[2024-09-03T23:03:55.530+0530][gc,heap     ] GC(67) Archive regions: 2->2
[2024-09-03T23:03:55.530+0530][gc,heap     ] GC(67) Humongous regions: 129->129
[2024-09-03T23:03:55.530+0530][gc,metaspace] GC(67) Metaspace: 44549K(45120K)->44549K(45120K) NonClass: 39478K(39744K)->39478K(39744K) Class: 5071K(5376K)->5071K(5376K)
[2024-09-03T23:03:55.530+0530][gc          ] GC(67) Pause Young (Normal) (G1 Evacuation Pause) 898M->295M(1024M) 9.953ms
[2024-09-03T23:03:55.530+0530][gc,cpu      ] GC(67) User=0.04s Sys=0.01s Real=0.01s
[2024-09-03T23:43:04.554+0530][gc,start    ] GC(68) Pause Young (Normal) (G1 Evacuation Pause)
[2024-09-03T23:43:04.557+0530][gc,task     ] GC(68) Using 8 workers of 8 for evacuation
[2024-09-03T23:43:04.576+0530][gc,phases   ] GC(68)   Pre Evacuate Collection Set: 0.9ms
[2024-09-03T23:43:04.576+0530][gc,phases   ] GC(68)   Merge Heap Roots: 0.5ms
[2024-09-03T23:43:04.576+0530][gc,phases   ] GC(68)   Evacuate Collection Set: 15.9ms
[2024-09-03T23:43:04.576+0530][gc,phases   ] GC(68)   Post Evacuate Collection Set: 1.6ms
[2024-09-03T23:43:04.576+0530][gc,phases   ] GC(68)   Other: 2.7ms
[2024-09-03T23:43:04.576+0530][gc,heap     ] GC(68) Eden regions: 605->0(604)
[2024-09-03T23:43:04.576+0530][gc,heap     ] GC(68) Survivor regions: 6->8(77)
[2024-09-03T23:43:04.576+0530][gc,heap     ] GC(68) Old regions: 160->160
[2024-09-03T23:43:04.576+0530][gc,heap     ] GC(68) Archive regions: 2->2
[2024-09-03T23:43:04.576+0530][gc,heap     ] GC(68) Humongous regions: 129->129
[2024-09-03T23:43:04.576+0530][gc,metaspace] GC(68) Metaspace: 44571K(45184K)->44571K(45184K) NonClass: 39500K(39808K)->39500K(39808K) Class: 5071K(5376K)->5071K(5376K)
[2024-09-03T23:43:04.576+0530][gc          ] GC(68) Pause Young (Normal) (G1 Evacuation Pause) 900M->296M(1024M) 21.775ms
[2024-09-03T23:43:04.576+0530][gc,cpu      ] GC(68) User=0.05s Sys=0.05s Real=0.02s
[2024-09-04T10:00:51.238+0530][gc,start    ] GC(69) Pause Young (Normal) (G1 Evacuation Pause)
[2024-09-04T10:00:51.239+0530][gc,task     ] GC(69) Using 8 workers of 8 for evacuation
[2024-09-04T10:00:51.274+0530][gc,mmu      ] GC(69) MMU target violated: 21.0ms (20.0ms/21.0ms)
[2024-09-04T10:00:51.274+0530][gc,phases   ] GC(69)   Pre Evacuate Collection Set: 2.3ms
[2024-09-04T10:00:51.275+0530][gc,phases   ] GC(69)   Merge Heap Roots: 1.2ms
[2024-09-04T10:00:51.275+0530][gc,phases   ] GC(69)   Evacuate Collection Set: 29.2ms
[2024-09-04T10:00:51.275+0530][gc,phases   ] GC(69)   Post Evacuate Collection Set: 2.9ms
[2024-09-04T10:00:51.275+0530][gc,phases   ] GC(69)   Other: 3.6ms
[2024-09-04T10:00:51.275+0530][gc,heap     ] GC(69) Eden regions: 604->0(47)
[2024-09-04T10:00:51.275+0530][gc,heap     ] GC(69) Survivor regions: 8->7(77)
[2024-09-04T10:00:51.275+0530][gc,heap     ] GC(69) Old regions: 160->160
[2024-09-04T10:00:51.275+0530][gc,heap     ] GC(69) Archive regions: 2->2
[2024-09-04T10:00:51.275+0530][gc,heap     ] GC(69) Humongous regions: 135->129
[2024-09-04T10:00:51.275+0530][gc,metaspace] GC(69) Metaspace: 46350K(46976K)->46350K(46976K) NonClass: 40882K(41216K)->40882K(41216K) Class: 5467K(5760K)->5467K(5760K)
[2024-09-04T10:00:51.275+0530][gc          ] GC(69) Pause Young (Normal) (G1 Evacuation Pause) 906M->296M(1024M) 36.626ms
[2024-09-04T10:00:51.275+0530][gc,cpu      ] GC(69) User=0.06s Sys=0.14s Real=0.04s
[2024-09-04T10:03:17.700+0530][gc,start    ] GC(70) Pause Young (Normal) (G1 Evacuation Pause)
[2024-09-04T10:03:17.700+0530][gc,task     ] GC(70) Using 8 workers of 8 for evacuation
[2024-09-04T10:03:17.710+0530][gc,phases   ] GC(70)   Pre Evacuate Collection Set: 0.3ms
[2024-09-04T10:03:17.710+0530][gc,phases   ] GC(70)   Merge Heap Roots: 0.2ms
[2024-09-04T10:03:17.710+0530][gc,phases   ] GC(70)   Evacuate Collection Set: 9.3ms
[2024-09-04T10:03:17.710+0530][gc,phases   ] GC(70)   Post Evacuate Collection Set: 0.4ms
[2024-09-04T10:03:17.710+0530][gc,phases   ] GC(70)   Other: 0.5ms
[2024-09-04T10:03:17.710+0530][gc,heap     ] GC(70) Eden regions: 44->0(259)
[2024-09-04T10:03:17.710+0530][gc,heap     ] GC(70) Survivor regions: 7->2(7)
[2024-09-04T10:03:17.710+0530][gc,heap     ] GC(70) Old regions: 160->164
[2024-09-04T10:03:17.710+0530][gc,heap     ] GC(70) Archive regions: 2->2
[2024-09-04T10:03:17.710+0530][gc,heap     ] GC(70) Humongous regions: 129->129
[2024-09-04T10:03:17.711+0530][gc,metaspace] GC(70) Metaspace: 46350K(46976K)->46350K(46976K) NonClass: 40883K(41216K)->40883K(41216K) Class: 5467K(5760K)->5467K(5760K)
[2024-09-04T10:03:17.711+0530][gc          ] GC(70) Pause Young (Normal) (G1 Evacuation Pause) 340M->294M(1024M) 10.799ms
[2024-09-04T10:03:17.711+0530][gc,cpu      ] GC(70) User=0.04s Sys=0.02s Real=0.01s
[2024-09-04T10:18:01.808+0530][gc,start    ] GC(71) Pause Young (Normal) (G1 Evacuation Pause)
[2024-09-04T10:18:01.812+0530][gc,task     ] GC(71) Using 8 workers of 8 for evacuation
[2024-09-04T10:18:01.840+0530][gc,mmu      ] GC(71) MMU target violated: 21.0ms (20.0ms/21.0ms)
[2024-09-04T10:18:01.841+0530][gc,phases   ] GC(71)   Pre Evacuate Collection Set: 0.3ms
[2024-09-04T10:18:01.841+0530][gc,phases   ] GC(71)   Merge Heap Roots: 0.2ms
[2024-09-04T10:18:01.841+0530][gc,phases   ] GC(71)   Evacuate Collection Set: 24.3ms
[2024-09-04T10:18:01.841+0530][gc,phases   ] GC(71)   Post Evacuate Collection Set: 0.5ms
[2024-09-04T10:18:01.841+0530][gc,phases   ] GC(71)   Other: 7.4ms
[2024-09-04T10:18:01.841+0530][gc,heap     ] GC(71) Eden regions: 259->0(42)
[2024-09-04T10:18:01.841+0530][gc,heap     ] GC(71) Survivor regions: 2->9(33)
[2024-09-04T10:18:01.841+0530][gc,heap     ] GC(71) Old regions: 164->164
[2024-09-04T10:18:01.841+0530][gc,heap     ] GC(71) Archive regions: 2->2
[2024-09-04T10:18:01.841+0530][gc,heap     ] GC(71) Humongous regions: 129->129
[2024-09-04T10:18:01.841+0530][gc,metaspace] GC(71) Metaspace: 46354K(46976K)->46354K(46976K) NonClass: 40887K(41216K)->40887K(41216K) Class: 5467K(5760K)->5467K(5760K)
[2024-09-04T10:18:01.841+0530][gc          ] GC(71) Pause Young (Normal) (G1 Evacuation Pause) 553M->301M(1024M) 32.824ms
[2024-09-04T10:18:01.841+0530][gc,cpu      ] GC(71) User=0.06s Sys=0.09s Real=0.04s
[2024-09-04T10:20:20.716+0530][gc,start    ] GC(72) Pause Young (Normal) (G1 Evacuation Pause)
[2024-09-04T10:20:20.718+0530][gc,task     ] GC(72) Using 8 workers of 8 for evacuation
[2024-09-04T10:20:20.726+0530][gc,phases   ] GC(72)   Pre Evacuate Collection Set: 0.3ms
[2024-09-04T10:20:20.727+0530][gc,phases   ] GC(72)   Merge Heap Roots: 0.1ms
[2024-09-04T10:20:20.727+0530][gc,phases   ] GC(72)   Evacuate Collection Set: 7.6ms
[2024-09-04T10:20:20.727+0530][gc,phases   ] GC(72)   Post Evacuate Collection Set: 0.4ms
[2024-09-04T10:20:20.727+0530][gc,phases   ] GC(72)   Other: 2.2ms
[2024-09-04T10:20:20.727+0530][gc,heap     ] GC(72) Eden regions: 42->0(210)
[2024-09-04T10:20:20.727+0530][gc,heap     ] GC(72) Survivor regions: 9->3(7)
[2024-09-04T10:20:20.727+0530][gc,heap     ] GC(72) Old regions: 164->169
[2024-09-04T10:20:20.727+0530][gc,heap     ] GC(72) Archive regions: 2->2
[2024-09-04T10:20:20.727+0530][gc,heap     ] GC(72) Humongous regions: 129->129
[2024-09-04T10:20:20.727+0530][gc,metaspace] GC(72) Metaspace: 46354K(46976K)->46354K(46976K) NonClass: 40887K(41216K)->40887K(41216K) Class: 5467K(5760K)->5467K(5760K)
[2024-09-04T10:20:20.727+0530][gc          ] GC(72) Pause Young (Normal) (G1 Evacuation Pause) 343M->301M(1024M) 10.808ms
[2024-09-04T10:20:20.727+0530][gc,cpu      ] GC(72) User=0.05s Sys=0.01s Real=0.01s
[2024-09-04T10:32:10.738+0530][gc,start    ] GC(73) Pause Young (Normal) (G1 Evacuation Pause)
[2024-09-04T10:32:10.740+0530][gc,task     ] GC(73) Using 8 workers of 8 for evacuation
[2024-09-04T10:32:10.767+0530][gc,mmu      ] GC(73) MMU target violated: 21.0ms (20.0ms/21.0ms)
[2024-09-04T10:32:10.767+0530][gc,phases   ] GC(73)   Pre Evacuate Collection Set: 0.4ms
[2024-09-04T10:32:10.767+0530][gc,phases   ] GC(73)   Merge Heap Roots: 0.1ms
[2024-09-04T10:32:10.767+0530][gc,phases   ] GC(73)   Evacuate Collection Set: 25.2ms
[2024-09-04T10:32:10.767+0530][gc,phases   ] GC(73)   Post Evacuate Collection Set: 0.5ms
[2024-09-04T10:32:10.767+0530][gc,phases   ] GC(73)   Other: 2.2ms
[2024-09-04T10:32:10.767+0530][gc,heap     ] GC(73) Eden regions: 210->0(41)
[2024-09-04T10:32:10.767+0530][gc,heap     ] GC(73) Survivor regions: 3->10(27)
[2024-09-04T10:32:10.767+0530][gc,heap     ] GC(73) Old regions: 169->169
[2024-09-04T10:32:10.767+0530][gc,heap     ] GC(73) Archive regions: 2->2
[2024-09-04T10:32:10.767+0530][gc,heap     ] GC(73) Humongous regions: 129->129
[2024-09-04T10:32:10.767+0530][gc,metaspace] GC(73) Metaspace: 46354K(46976K)->46354K(46976K) NonClass: 40887K(41216K)->40887K(41216K) Class: 5467K(5760K)->5467K(5760K)
[2024-09-04T10:32:10.767+0530][gc          ] GC(73) Pause Young (Normal) (G1 Evacuation Pause) 511M->308M(1024M) 28.578ms
[2024-09-04T10:32:10.767+0530][gc,cpu      ] GC(73) User=0.05s Sys=0.09s Real=0.03s
[2024-09-04T10:34:20.848+0530][gc,start    ] GC(74) Pause Young (Normal) (G1 Evacuation Pause)
[2024-09-04T10:34:20.850+0530][gc,task     ] GC(74) Using 8 workers of 8 for evacuation
[2024-09-04T10:34:20.862+0530][gc,phases   ] GC(74)   Pre Evacuate Collection Set: 0.2ms
[2024-09-04T10:34:20.862+0530][gc,phases   ] GC(74)   Merge Heap Roots: 0.1ms
[2024-09-04T10:34:20.862+0530][gc,phases   ] GC(74)   Evacuate Collection Set: 10.7ms
[2024-09-04T10:34:20.862+0530][gc,phases   ] GC(74)   Post Evacuate Collection Set: 0.5ms
[2024-09-04T10:34:20.862+0530][gc,phases   ] GC(74)   Other: 2.4ms
[2024-09-04T10:34:20.862+0530][gc,heap     ] GC(74) Eden regions: 41->0(126)
[2024-09-04T10:34:20.862+0530][gc,heap     ] GC(74) Survivor regions: 10->5(7)
[2024-09-04T10:34:20.862+0530][gc,heap     ] GC(74) Old regions: 169->175
[2024-09-04T10:34:20.862+0530][gc,heap     ] GC(74) Archive regions: 2->2
[2024-09-04T10:34:20.862+0530][gc,heap     ] GC(74) Humongous regions: 129->129
[2024-09-04T10:34:20.862+0530][gc,metaspace] GC(74) Metaspace: 46354K(46976K)->46354K(46976K) NonClass: 40887K(41216K)->40887K(41216K) Class: 5467K(5760K)->5467K(5760K)
[2024-09-04T10:34:20.862+0530][gc          ] GC(74) Pause Young (Normal) (G1 Evacuation Pause) 349M->308M(1024M) 13.988ms
[2024-09-04T10:34:20.862+0530][gc,cpu      ] GC(74) User=0.05s Sys=0.02s Real=0.02s
[2024-09-04T10:41:19.113+0530][gc,start    ] GC(75) Pause Young (Normal) (G1 Evacuation Pause)
[2024-09-04T10:41:19.114+0530][gc,task     ] GC(75) Using 8 workers of 8 for evacuation
[2024-09-04T10:41:19.131+0530][gc,phases   ] GC(75)   Pre Evacuate Collection Set: 0.7ms
[2024-09-04T10:41:19.131+0530][gc,phases   ] GC(75)   Merge Heap Roots: 0.2ms
[2024-09-04T10:41:19.131+0530][gc,phases   ] GC(75)   Evacuate Collection Set: 15.0ms
[2024-09-04T10:41:19.131+0530][gc,phases   ] GC(75)   Post Evacuate Collection Set: 1.3ms
[2024-09-04T10:41:19.131+0530][gc,phases   ] GC(75)   Other: 1.1ms
[2024-09-04T10:41:19.131+0530][gc,heap     ] GC(75) Eden regions: 126->0(139)
[2024-09-04T10:41:19.131+0530][gc,heap     ] GC(75) Survivor regions: 5->4(17)
[2024-09-04T10:41:19.131+0530][gc,heap     ] GC(75) Old regions: 175->175
[2024-09-04T10:41:19.131+0530][gc,heap     ] GC(75) Archive regions: 2->2
[2024-09-04T10:41:19.132+0530][gc,heap     ] GC(75) Humongous regions: 129->129
[2024-09-04T10:41:19.132+0530][gc,metaspace] GC(75) Metaspace: 46354K(46976K)->46354K(46976K) NonClass: 40887K(41216K)->40887K(41216K) Class: 5467K(5760K)->5467K(5760K)
[2024-09-04T10:41:19.132+0530][gc          ] GC(75) Pause Young (Normal) (G1 Evacuation Pause) 434M->308M(1024M) 18.166ms
[2024-09-04T10:41:19.132+0530][gc,cpu      ] GC(75) User=0.03s Sys=0.05s Real=0.02s
[2024-09-04T10:48:54.643+0530][gc,start    ] GC(76) Pause Young (Normal) (G1 Evacuation Pause)
[2024-09-04T10:48:54.645+0530][gc,task     ] GC(76) Using 8 workers of 8 for evacuation
[2024-09-04T10:48:54.682+0530][gc,mmu      ] GC(76) MMU target violated: 21.0ms (20.0ms/21.0ms)
[2024-09-04T10:48:54.682+0530][gc,phases   ] GC(76)   Pre Evacuate Collection Set: 1.3ms
[2024-09-04T10:48:54.682+0530][gc,phases   ] GC(76)   Merge Heap Roots: 0.5ms
[2024-09-04T10:48:54.682+0530][gc,phases   ] GC(76)   Evacuate Collection Set: 32.8ms
[2024-09-04T10:48:54.682+0530][gc,phases   ] GC(76)   Post Evacuate Collection Set: 1.7ms
[2024-09-04T10:48:54.682+0530][gc,phases   ] GC(76)   Other: 2.5ms
[2024-09-04T10:48:54.682+0530][gc,heap     ] GC(76) Eden regions: 139->0(43)
[2024-09-04T10:48:54.682+0530][gc,heap     ] GC(76) Survivor regions: 4->8(18)
[2024-09-04T10:48:54.682+0530][gc,heap     ] GC(76) Old regions: 175->175
[2024-09-04T10:48:54.682+0530][gc,heap     ] GC(76) Archive regions: 2->2
[2024-09-04T10:48:54.682+0530][gc,heap     ] GC(76) Humongous regions: 129->129
[2024-09-04T10:48:54.682+0530][gc,metaspace] GC(76) Metaspace: 46364K(47040K)->46364K(47040K) NonClass: 40897K(41280K)->40897K(41280K) Class: 5467K(5760K)->5467K(5760K)
[2024-09-04T10:48:54.682+0530][gc          ] GC(76) Pause Young (Normal) (G1 Evacuation Pause) 447M->311M(1024M) 38.950ms
[2024-09-04T10:48:54.682+0530][gc,cpu      ] GC(76) User=0.05s Sys=0.10s Real=0.04s
[2024-09-04T10:50:12.272+0530][gc,start    ] GC(77) Pause Young (Normal) (G1 Evacuation Pause)
[2024-09-04T10:50:12.272+0530][gc,task     ] GC(77) Using 8 workers of 8 for evacuation
[2024-09-04T10:50:12.284+0530][gc,phases   ] GC(77)   Pre Evacuate Collection Set: 0.2ms
[2024-09-04T10:50:12.285+0530][gc,phases   ] GC(77)   Merge Heap Roots: 0.1ms
[2024-09-04T10:50:12.285+0530][gc,phases   ] GC(77)   Evacuate Collection Set: 11.3ms
[2024-09-04T10:50:12.285+0530][gc,phases   ] GC(77)   Post Evacuate Collection Set: 0.4ms
[2024-09-04T10:50:12.285+0530][gc,phases   ] GC(77)   Other: 0.5ms
[2024-09-04T10:50:12.285+0530][gc,heap     ] GC(77) Eden regions: 43->0(78)
[2024-09-04T10:50:12.285+0530][gc,heap     ] GC(77) Survivor regions: 8->4(7)
[2024-09-04T10:50:12.285+0530][gc,heap     ] GC(77) Old regions: 175->177
[2024-09-04T10:50:12.285+0530][gc,heap     ] GC(77) Archive regions: 2->2
[2024-09-04T10:50:12.285+0530][gc,heap     ] GC(77) Humongous regions: 129->129
[2024-09-04T10:50:12.285+0530][gc,metaspace] GC(77) Metaspace: 46744K(47360K)->46744K(47360K) NonClass: 41217K(41536K)->41217K(41536K) Class: 5526K(5824K)->5526K(5824K)
[2024-09-04T10:50:12.285+0530][gc          ] GC(77) Pause Young (Normal) (G1 Evacuation Pause) 354M->310M(1024M) 12.860ms
[2024-09-04T10:50:12.285+0530][gc,cpu      ] GC(77) User=0.05s Sys=0.03s Real=0.01s
[2024-09-04T10:52:31.233+0530][gc,start    ] GC(78) Pause Young (Normal) (G1 Evacuation Pause)
[2024-09-04T10:52:31.234+0530][gc,task     ] GC(78) Using 8 workers of 8 for evacuation
[2024-09-04T10:52:31.263+0530][gc,mmu      ] GC(78) MMU target violated: 21.0ms (20.0ms/21.0ms)
[2024-09-04T10:52:31.263+0530][gc,phases   ] GC(78)   Pre Evacuate Collection Set: 0.2ms
[2024-09-04T10:52:31.263+0530][gc,phases   ] GC(78)   Merge Heap Roots: 0.1ms
[2024-09-04T10:52:31.263+0530][gc,phases   ] GC(78)   Evacuate Collection Set: 28.1ms
[2024-09-04T10:52:31.263+0530][gc,phases   ] GC(78)   Post Evacuate Collection Set: 1.1ms
[2024-09-04T10:52:31.264+0530][gc,phases   ] GC(78)   Other: 0.7ms
[2024-09-04T10:52:31.264+0530][gc,heap     ] GC(78) Eden regions: 73->0(58)
[2024-09-04T10:52:31.264+0530][gc,heap     ] GC(78) Survivor regions: 4->5(10)
[2024-09-04T10:52:31.264+0530][gc,heap     ] GC(78) Old regions: 177->177
[2024-09-04T10:52:31.264+0530][gc,heap     ] GC(78) Archive regions: 2->2
[2024-09-04T10:52:31.264+0530][gc,heap     ] GC(78) Humongous regions: 129->129
[2024-09-04T10:52:31.264+0530][gc,metaspace] GC(78) Metaspace: 47240K(47936K)->47240K(47936K) NonClass: 41601K(41984K)->41601K(41984K) Class: 5638K(5952K)->5638K(5952K)
[2024-09-04T10:52:31.264+0530][gc          ] GC(78) Pause Young (Normal) (G1 Evacuation Pause) 383M->311M(1024M) 30.293ms
[2024-09-04T10:52:31.264+0530][gc,cpu      ] GC(78) User=0.03s Sys=0.02s Real=0.03s
[2024-09-04T10:54:04.914+0530][gc,start    ] GC(79) Pause Young (Normal) (G1 Evacuation Pause)
[2024-09-04T10:54:04.916+0530][gc,task     ] GC(79) Using 8 workers of 8 for evacuation
[2024-09-04T10:54:04.926+0530][gc,phases   ] GC(79)   Pre Evacuate Collection Set: 0.2ms
[2024-09-04T10:54:04.926+0530][gc,phases   ] GC(79)   Merge Heap Roots: 0.2ms
[2024-09-04T10:54:04.926+0530][gc,phases   ] GC(79)   Evacuate Collection Set: 9.4ms
[2024-09-04T10:54:04.926+0530][gc,phases   ] GC(79)   Post Evacuate Collection Set: 0.5ms
[2024-09-04T10:54:04.926+0530][gc,phases   ] GC(79)   Other: 2.6ms
[2024-09-04T10:54:04.927+0530][gc,heap     ] GC(79) Eden regions: 47->0(44)
[2024-09-04T10:54:04.927+0530][gc,heap     ] GC(79) Survivor regions: 5->7(7)
[2024-09-04T10:54:04.927+0530][gc,heap     ] GC(79) Old regions: 177->179
[2024-09-04T10:54:04.927+0530][gc,heap     ] GC(79) Archive regions: 2->2
[2024-09-04T10:54:04.927+0530][gc,heap     ] GC(79) Humongous regions: 129->129
[2024-09-04T10:54:04.927+0530][gc,metaspace] GC(79) Metaspace: 47246K(48000K)->47246K(48000K) NonClass: 41607K(42048K)->41607K(42048K) Class: 5638K(5952K)->5638K(5952K)
[2024-09-04T10:54:04.927+0530][gc          ] GC(79) Pause Young (Normal) (G1 Evacuation Pause) 358M->314M(1024M) 12.994ms
[2024-09-04T10:54:04.927+0530][gc,cpu      ] GC(79) User=0.05s Sys=0.01s Real=0.01s
[2024-09-04T10:55:30.565+0530][gc,start    ] GC(80) Pause Young (Normal) (G1 Evacuation Pause)
[2024-09-04T10:55:30.567+0530][gc,task     ] GC(80) Using 8 workers of 8 for evacuation
[2024-09-04T10:55:30.575+0530][gc,phases   ] GC(80)   Pre Evacuate Collection Set: 0.2ms
[2024-09-04T10:55:30.575+0530][gc,phases   ] GC(80)   Merge Heap Roots: 0.1ms
[2024-09-04T10:55:30.575+0530][gc,phases   ] GC(80)   Evacuate Collection Set: 6.6ms
[2024-09-04T10:55:30.575+0530][gc,phases   ] GC(80)   Post Evacuate Collection Set: 0.4ms
[2024-09-04T10:55:30.575+0530][gc,phases   ] GC(80)   Other: 2.0ms
[2024-09-04T10:55:30.575+0530][gc,heap     ] GC(80) Eden regions: 44->0(125)
[2024-09-04T10:55:30.575+0530][gc,heap     ] GC(80) Survivor regions: 7->2(7)
[2024-09-04T10:55:30.575+0530][gc,heap     ] GC(80) Old regions: 179->182
[2024-09-04T10:55:30.575+0530][gc,heap     ] GC(80) Archive regions: 2->2
[2024-09-04T10:55:30.575+0530][gc,heap     ] GC(80) Humongous regions: 129->129
[2024-09-04T10:55:30.575+0530][gc,metaspace] GC(80) Metaspace: 47256K(48000K)->47256K(48000K) NonClass: 41617K(42048K)->41617K(42048K) Class: 5638K(5952K)->5638K(5952K)
[2024-09-04T10:55:30.575+0530][gc          ] GC(80) Pause Young (Normal) (G1 Evacuation Pause) 358M->312M(1024M) 9.411ms
[2024-09-04T10:55:30.575+0530][gc,cpu      ] GC(80) User=0.03s Sys=0.03s Real=0.01s
[2024-09-04T10:59:42.560+0530][gc,start    ] GC(81) Pause Young (Normal) (G1 Evacuation Pause)
[2024-09-04T10:59:42.561+0530][gc,task     ] GC(81) Using 8 workers of 8 for evacuation
[2024-09-04T10:59:42.578+0530][gc,phases   ] GC(81)   Pre Evacuate Collection Set: 0.2ms
[2024-09-04T10:59:42.578+0530][gc,phases   ] GC(81)   Merge Heap Roots: 0.1ms
[2024-09-04T10:59:42.578+0530][gc,phases   ] GC(81)   Evacuate Collection Set: 16.1ms
[2024-09-04T10:59:42.578+0530][gc,phases   ] GC(81)   Post Evacuate Collection Set: 0.6ms
[2024-09-04T10:59:42.578+0530][gc,phases   ] GC(81)   Other: 1.5ms
[2024-09-04T10:59:42.578+0530][gc,heap     ] GC(81) Eden regions: 125->0(61)
[2024-09-04T10:59:42.578+0530][gc,heap     ] GC(81) Survivor regions: 2->6(16)
[2024-09-04T10:59:42.578+0530][gc,heap     ] GC(81) Old regions: 182->182
[2024-09-04T10:59:42.578+0530][gc,heap     ] GC(81) Archive regions: 2->2
[2024-09-04T10:59:42.578+0530][gc,heap     ] GC(81) Humongous regions: 129->129
[2024-09-04T10:59:42.578+0530][gc,metaspace] GC(81) Metaspace: 47256K(48000K)->47256K(48000K) NonClass: 41618K(42048K)->41618K(42048K) Class: 5638K(5952K)->5638K(5952K)
[2024-09-04T10:59:42.578+0530][gc          ] GC(81) Pause Young (Normal) (G1 Evacuation Pause) 437M->317M(1024M) 18.561ms
[2024-09-04T10:59:42.578+0530][gc,cpu      ] GC(81) User=0.04s Sys=0.06s Real=0.01s
[2024-09-04T11:01:50.279+0530][gc,start    ] GC(82) Pause Young (Normal) (G1 Evacuation Pause)
[2024-09-04T11:01:50.280+0530][gc,task     ] GC(82) Using 8 workers of 8 for evacuation
[2024-09-04T11:01:50.287+0530][gc,phases   ] GC(82)   Pre Evacuate Collection Set: 0.2ms
[2024-09-04T11:01:50.287+0530][gc,phases   ] GC(82)   Merge Heap Roots: 0.2ms
[2024-09-04T11:01:50.287+0530][gc,phases   ] GC(82)   Evacuate Collection Set: 5.9ms
[2024-09-04T11:01:50.287+0530][gc,phases   ] GC(82)   Post Evacuate Collection Set: 0.5ms
[2024-09-04T11:01:50.287+0530][gc,phases   ] GC(82)   Other: 0.3ms
[2024-09-04T11:01:50.287+0530][gc,heap     ] GC(82) Eden regions: 61->0(166)
[2024-09-04T11:01:50.287+0530][gc,heap     ] GC(82) Survivor regions: 6->2(9)
[2024-09-04T11:01:50.287+0530][gc,heap     ] GC(82) Old regions: 182->185
[2024-09-04T11:01:50.287+0530][gc,heap     ] GC(82) Archive regions: 2->2
[2024-09-04T11:01:50.287+0530][gc,heap     ] GC(82) Humongous regions: 129->129
[2024-09-04T11:01:50.287+0530][gc,metaspace] GC(82) Metaspace: 47257K(48000K)->47257K(48000K) NonClass: 41618K(42048K)->41618K(42048K) Class: 5638K(5952K)->5638K(5952K)
[2024-09-04T11:01:50.287+0530][gc          ] GC(82) Pause Young (Normal) (G1 Evacuation Pause) 378M->316M(1024M) 7.339ms
[2024-09-04T11:01:50.287+0530][gc,cpu      ] GC(82) User=0.03s Sys=0.00s Real=0.01s
[2024-09-04T11:07:47.986+0530][gc,start    ] GC(83) Pause Young (Normal) (G1 Evacuation Pause)
[2024-09-04T11:07:47.986+0530][gc,task     ] GC(83) Using 8 workers of 8 for evacuation
[2024-09-04T11:07:48.010+0530][gc,mmu      ] GC(83) MMU target violated: 21.0ms (20.0ms/21.0ms)
[2024-09-04T11:07:48.010+0530][gc,phases   ] GC(83)   Pre Evacuate Collection Set: 1.6ms
[2024-09-04T11:07:48.010+0530][gc,phases   ] GC(83)   Merge Heap Roots: 0.5ms
[2024-09-04T11:07:48.011+0530][gc,phases   ] GC(83)   Evacuate Collection Set: 19.9ms
[2024-09-04T11:07:48.011+0530][gc,phases   ] GC(83)   Post Evacuate Collection Set: 1.7ms
[2024-09-04T11:07:48.011+0530][gc,phases   ] GC(83)   Other: 1.0ms
[2024-09-04T11:07:48.011+0530][gc,heap     ] GC(83) Eden regions: 166->0(51)
[2024-09-04T11:07:48.011+0530][gc,heap     ] GC(83) Survivor regions: 2->7(21)
[2024-09-04T11:07:48.011+0530][gc,heap     ] GC(83) Old regions: 185->185
[2024-09-04T11:07:48.011+0530][gc,heap     ] GC(83) Archive regions: 2->2
[2024-09-04T11:07:48.011+0530][gc,heap     ] GC(83) Humongous regions: 129->129
[2024-09-04T11:07:48.011+0530][gc,metaspace] GC(83) Metaspace: 47264K(48000K)->47264K(48000K) NonClass: 41626K(42048K)->41626K(42048K) Class: 5638K(5952K)->5638K(5952K)
[2024-09-04T11:07:48.011+0530][gc          ] GC(83) Pause Young (Normal) (G1 Evacuation Pause) 482M->320M(1024M) 24.790ms
[2024-09-04T11:07:48.011+0530][gc,cpu      ] GC(83) User=0.04s Sys=0.08s Real=0.03s
[2024-09-04T11:09:27.314+0530][gc,start    ] GC(84) Pause Young (Normal) (G1 Evacuation Pause)
[2024-09-04T11:09:27.316+0530][gc,task     ] GC(84) Using 8 workers of 8 for evacuation
[2024-09-04T11:09:27.323+0530][gc,phases   ] GC(84)   Pre Evacuate Collection Set: 0.2ms
[2024-09-04T11:09:27.323+0530][gc,phases   ] GC(84)   Merge Heap Roots: 0.2ms
[2024-09-04T11:09:27.323+0530][gc,phases   ] GC(84)   Evacuate Collection Set: 5.7ms
[2024-09-04T11:09:27.323+0530][gc,phases   ] GC(84)   Post Evacuate Collection Set: 0.5ms
[2024-09-04T11:09:27.323+0530][gc,phases   ] GC(84)   Other: 2.3ms
[2024-09-04T11:09:27.323+0530][gc,heap     ] GC(84) Eden regions: 51->0(185)
[2024-09-04T11:09:27.323+0530][gc,heap     ] GC(84) Survivor regions: 7->2(8)
[2024-09-04T11:09:27.323+0530][gc,heap     ] GC(84) Old regions: 185->188
[2024-09-04T11:09:27.323+0530][gc,heap     ] GC(84) Archive regions: 2->2
[2024-09-04T11:09:27.323+0530][gc,heap     ] GC(84) Humongous regions: 129->129
[2024-09-04T11:09:27.323+0530][gc,metaspace] GC(84) Metaspace: 47276K(48000K)->47276K(48000K) NonClass: 41637K(42048K)->41637K(42048K) Class: 5638K(5952K)->5638K(5952K)
[2024-09-04T11:09:27.323+0530][gc          ] GC(84) Pause Young (Normal) (G1 Evacuation Pause) 371M->319M(1024M) 9.141ms
[2024-09-04T11:09:27.323+0530][gc,cpu      ] GC(84) User=0.04s Sys=0.01s Real=0.01s
[2024-09-04T11:12:40.784+0530][gc,start    ] GC(85) Pause Young (Normal) (G1 Evacuation Pause)
[2024-09-04T11:12:40.786+0530][gc,task     ] GC(85) Using 8 workers of 8 for evacuation
[2024-09-04T11:12:40.822+0530][gc,mmu      ] GC(85) MMU target violated: 21.0ms (20.0ms/21.0ms)
[2024-09-04T11:12:40.822+0530][gc,phases   ] GC(85)   Pre Evacuate Collection Set: 2.2ms
[2024-09-04T11:12:40.822+0530][gc,phases   ] GC(85)   Merge Heap Roots: 0.5ms
[2024-09-04T11:12:40.822+0530][gc,phases   ] GC(85)   Evacuate Collection Set: 30.4ms
[2024-09-04T11:12:40.822+0530][gc,phases   ] GC(85)   Post Evacuate Collection Set: 1.5ms
[2024-09-04T11:12:40.822+0530][gc,phases   ] GC(85)   Other: 3.1ms
[2024-09-04T11:12:40.822+0530][gc,heap     ] GC(85) Eden regions: 185->0(41)
[2024-09-04T11:12:40.822+0530][gc,heap     ] GC(85) Survivor regions: 2->10(24)
[2024-09-04T11:12:40.822+0530][gc,heap     ] GC(85) Old regions: 188->188
[2024-09-04T11:12:40.822+0530][gc,heap     ] GC(85) Archive regions: 2->2
[2024-09-04T11:12:40.822+0530][gc,heap     ] GC(85) Humongous regions: 129->129
[2024-09-04T11:12:40.822+0530][gc,metaspace] GC(85) Metaspace: 47277K(48000K)->47277K(48000K) NonClass: 41638K(42048K)->41638K(42048K) Class: 5638K(5952K)->5638K(5952K)
[2024-09-04T11:12:40.822+0530][gc          ] GC(85) Pause Young (Normal) (G1 Evacuation Pause) 504M->326M(1024M) 37.711ms
[2024-09-04T11:12:40.822+0530][gc,cpu      ] GC(85) User=0.06s Sys=0.10s Real=0.04s
[2024-09-04T11:13:07.795+0530][gc,start    ] GC(86) Pause Young (Normal) (G1 Evacuation Pause)
[2024-09-04T11:13:07.797+0530][gc,task     ] GC(86) Using 8 workers of 8 for evacuation
[2024-09-04T11:13:07.805+0530][gc,phases   ] GC(86)   Pre Evacuate Collection Set: 0.2ms
[2024-09-04T11:13:07.805+0530][gc,phases   ] GC(86)   Merge Heap Roots: 0.1ms
[2024-09-04T11:13:07.805+0530][gc,phases   ] GC(86)   Evacuate Collection Set: 6.9ms
[2024-09-04T11:13:07.805+0530][gc,phases   ] GC(86)   Post Evacuate Collection Set: 0.4ms
[2024-09-04T11:13:07.805+0530][gc,phases   ] GC(86)   Other: 2.2ms
[2024-09-04T11:13:07.805+0530][gc,heap     ] GC(86) Eden regions: 41->0(218)
[2024-09-04T11:13:07.805+0530][gc,heap     ] GC(86) Survivor regions: 10->2(7)
[2024-09-04T11:13:07.805+0530][gc,heap     ] GC(86) Old regions: 188->192
[2024-09-04T11:13:07.805+0530][gc,heap     ] GC(86) Archive regions: 2->2
[2024-09-04T11:13:07.805+0530][gc,heap     ] GC(86) Humongous regions: 129->129
[2024-09-04T11:13:07.805+0530][gc,metaspace] GC(86) Metaspace: 47277K(48000K)->47277K(48000K) NonClass: 41638K(42048K)->41638K(42048K) Class: 5638K(5952K)->5638K(5952K)
[2024-09-04T11:13:07.805+0530][gc          ] GC(86) Pause Young (Normal) (G1 Evacuation Pause) 367M->323M(1024M) 10.084ms
[2024-09-04T11:13:07.805+0530][gc,cpu      ] GC(86) User=0.05s Sys=0.01s Real=0.01s
[2024-09-04T11:16:33.171+0530][gc,start    ] GC(87) Pause Young (Normal) (G1 Evacuation Pause)
[2024-09-04T11:16:33.171+0530][gc,task     ] GC(87) Using 8 workers of 8 for evacuation
[2024-09-04T11:16:33.203+0530][gc,mmu      ] GC(87) MMU target violated: 21.0ms (20.0ms/21.0ms)
[2024-09-04T11:16:33.203+0530][gc,phases   ] GC(87)   Pre Evacuate Collection Set: 0.3ms
[2024-09-04T11:16:33.203+0530][gc,phases   ] GC(87)   Merge Heap Roots: 0.2ms
[2024-09-04T11:16:33.203+0530][gc,phases   ] GC(87)   Evacuate Collection Set: 30.2ms
[2024-09-04T11:16:33.203+0530][gc,phases   ] GC(87)   Post Evacuate Collection Set: 0.6ms
[2024-09-04T11:16:33.204+0530][gc,phases   ] GC(87)   Other: 1.6ms
[2024-09-04T11:16:33.204+0530][gc,heap     ] GC(87) Eden regions: 218->0(40)
[2024-09-04T11:16:33.204+0530][gc,heap     ] GC(87) Survivor regions: 2->11(28)
[2024-09-04T11:16:33.204+0530][gc,heap     ] GC(87) Old regions: 192->192
[2024-09-04T11:16:33.204+0530][gc,heap     ] GC(87) Archive regions: 2->2
[2024-09-04T11:16:33.204+0530][gc,heap     ] GC(87) Humongous regions: 129->129
[2024-09-04T11:16:33.204+0530][gc,metaspace] GC(87) Metaspace: 47277K(48000K)->47277K(48000K) NonClass: 41638K(42048K)->41638K(42048K) Class: 5638K(5952K)->5638K(5952K)
[2024-09-04T11:16:33.204+0530][gc          ] GC(87) Pause Young (Normal) (G1 Evacuation Pause) 541M->332M(1024M) 32.959ms
[2024-09-04T11:16:33.204+0530][gc,cpu      ] GC(87) User=0.06s Sys=0.09s Real=0.03s
[2024-09-04T11:17:11.037+0530][gc,start    ] GC(88) Pause Young (Normal) (G1 Evacuation Pause)
[2024-09-04T11:17:11.038+0530][gc,task     ] GC(88) Using 8 workers of 8 for evacuation
[2024-09-04T11:17:11.046+0530][gc,phases   ] GC(88)   Pre Evacuate Collection Set: 0.3ms
[2024-09-04T11:17:11.046+0530][gc,phases   ] GC(88)   Merge Heap Roots: 0.2ms
[2024-09-04T11:17:11.046+0530][gc,phases   ] GC(88)   Evacuate Collection Set: 7.1ms
[2024-09-04T11:17:11.046+0530][gc,phases   ] GC(88)   Post Evacuate Collection Set: 0.4ms
[2024-09-04T11:17:11.046+0530][gc,phases   ] GC(88)   Other: 1.5ms
[2024-09-04T11:17:11.046+0530][gc,heap     ] GC(88) Eden regions: 40->0(154)
[2024-09-04T11:17:11.046+0530][gc,heap     ] GC(88) Survivor regions: 11->4(7)
[2024-09-04T11:17:11.046+0530][gc,heap     ] GC(88) Old regions: 192->195
[2024-09-04T11:17:11.046+0530][gc,heap     ] GC(88) Archive regions: 2->2
[2024-09-04T11:17:11.046+0530][gc,heap     ] GC(88) Humongous regions: 129->129
[2024-09-04T11:17:11.046+0530][gc,metaspace] GC(88) Metaspace: 47277K(48000K)->47277K(48000K) NonClass: 41638K(42048K)->41638K(42048K) Class: 5638K(5952K)->5638K(5952K)
[2024-09-04T11:17:11.046+0530][gc          ] GC(88) Pause Young (Normal) (G1 Evacuation Pause) 372M->328M(1024M) 9.562ms
[2024-09-04T11:17:11.046+0530][gc,cpu      ] GC(88) User=0.05s Sys=0.01s Real=0.01s
[2024-09-04T11:18:45.529+0530][gc,start    ] GC(89) Pause Young (Normal) (G1 Evacuation Pause)
[2024-09-04T11:18:45.531+0530][gc,task     ] GC(89) Using 8 workers of 8 for evacuation
[2024-09-04T11:18:45.538+0530][gc,phases   ] GC(89)   Pre Evacuate Collection Set: 0.2ms
[2024-09-04T11:18:45.538+0530][gc,phases   ] GC(89)   Merge Heap Roots: 0.1ms
[2024-09-04T11:18:45.538+0530][gc,phases   ] GC(89)   Evacuate Collection Set: 5.8ms
[2024-09-04T11:18:45.538+0530][gc,phases   ] GC(89)   Post Evacuate Collection Set: 0.4ms
[2024-09-04T11:18:45.538+0530][gc,phases   ] GC(89)   Other: 2.2ms
[2024-09-04T11:18:45.538+0530][gc,heap     ] GC(89) Eden regions: 154->0(167)
[2024-09-04T11:18:45.538+0530][gc,heap     ] GC(89) Survivor regions: 4->7(20)
[2024-09-04T11:18:45.538+0530][gc,heap     ] GC(89) Old regions: 195->195
[2024-09-04T11:18:45.538+0530][gc,heap     ] GC(89) Archive regions: 2->2
[2024-09-04T11:18:45.538+0530][gc,heap     ] GC(89) Humongous regions: 129->129
[2024-09-04T11:18:45.538+0530][gc,metaspace] GC(89) Metaspace: 47277K(48000K)->47277K(48000K) NonClass: 41638K(42048K)->41638K(42048K) Class: 5638K(5952K)->5638K(5952K)
[2024-09-04T11:18:45.538+0530][gc          ] GC(89) Pause Young (Normal) (G1 Evacuation Pause) 482M->331M(1024M) 8.860ms
[2024-09-04T11:18:45.538+0530][gc,cpu      ] GC(89) User=0.04s Sys=0.00s Real=0.01s
[2024-09-04T11:21:02.213+0530][gc,start    ] GC(90) Pause Young (Normal) (G1 Evacuation Pause)
[2024-09-04T11:21:02.213+0530][gc,task     ] GC(90) Using 8 workers of 8 for evacuation
[2024-09-04T11:21:02.223+0530][gc,phases   ] GC(90)   Pre Evacuate Collection Set: 0.2ms
[2024-09-04T11:21:02.223+0530][gc,phases   ] GC(90)   Merge Heap Roots: 0.1ms
[2024-09-04T11:21:02.223+0530][gc,phases   ] GC(90)   Evacuate Collection Set: 9.4ms
[2024-09-04T11:21:02.223+0530][gc,phases   ] GC(90)   Post Evacuate Collection Set: 0.4ms
[2024-09-04T11:21:02.224+0530][gc,phases   ] GC(90)   Other: 0.4ms
[2024-09-04T11:21:02.224+0530][gc,heap     ] GC(90) Eden regions: 167->0(83)
[2024-09-04T11:21:02.224+0530][gc,heap     ] GC(90) Survivor regions: 7->12(22)
[2024-09-04T11:21:02.224+0530][gc,heap     ] GC(90) Old regions: 195->195
[2024-09-04T11:21:02.224+0530][gc,heap     ] GC(90) Archive regions: 2->2
[2024-09-04T11:21:02.224+0530][gc,heap     ] GC(90) Humongous regions: 129->129
[2024-09-04T11:21:02.224+0530][gc,metaspace] GC(90) Metaspace: 47285K(48000K)->47285K(48000K) NonClass: 41646K(42048K)->41646K(42048K) Class: 5638K(5952K)->5638K(5952K)
[2024-09-04T11:21:02.224+0530][gc          ] GC(90) Pause Young (Normal) (G1 Evacuation Pause) 498M->336M(1024M) 10.587ms
[2024-09-04T11:21:02.224+0530][gc,cpu      ] GC(90) User=0.06s Sys=0.01s Real=0.01s
[2024-09-04T11:22:13.011+0530][gc,start    ] GC(91) Pause Young (Normal) (G1 Evacuation Pause)
[2024-09-04T11:22:13.013+0530][gc,task     ] GC(91) Using 8 workers of 8 for evacuation
[2024-09-04T11:22:13.023+0530][gc,phases   ] GC(91)   Pre Evacuate Collection Set: 0.2ms
[2024-09-04T11:22:13.023+0530][gc,phases   ] GC(91)   Merge Heap Roots: 0.1ms
[2024-09-04T11:22:13.023+0530][gc,phases   ] GC(91)   Evacuate Collection Set: 9.3ms
[2024-09-04T11:22:13.023+0530][gc,phases   ] GC(91)   Post Evacuate Collection Set: 0.4ms
[2024-09-04T11:22:13.023+0530][gc,phases   ] GC(91)   Other: 2.2ms
[2024-09-04T11:22:13.023+0530][gc,heap     ] GC(91) Eden regions: 83->0(295)
[2024-09-04T11:22:13.023+0530][gc,heap     ] GC(91) Survivor regions: 12->6(12)
[2024-09-04T11:22:13.023+0530][gc,heap     ] GC(91) Old regions: 195->201
[2024-09-04T11:22:13.023+0530][gc,heap     ] GC(91) Archive regions: 2->2
[2024-09-04T11:22:13.023+0530][gc,heap     ] GC(91) Humongous regions: 129->129
[2024-09-04T11:22:13.023+0530][gc,metaspace] GC(91) Metaspace: 47285K(48000K)->47285K(48000K) NonClass: 41646K(42048K)->41646K(42048K) Class: 5638K(5952K)->5638K(5952K)
[2024-09-04T11:22:13.024+0530][gc          ] GC(91) Pause Young (Normal) (G1 Evacuation Pause) 419M->335M(1024M) 12.407ms
[2024-09-04T11:22:13.024+0530][gc,cpu      ] GC(91) User=0.06s Sys=0.01s Real=0.01s
[2024-09-04T11:27:40.549+0530][gc,start    ] GC(92) Pause Young (Normal) (G1 Evacuation Pause)
[2024-09-04T11:27:40.551+0530][gc,task     ] GC(92) Using 8 workers of 8 for evacuation
[2024-09-04T11:27:40.598+0530][gc,mmu      ] GC(92) MMU target violated: 21.0ms (20.0ms/21.0ms)
[2024-09-04T11:27:40.598+0530][gc,phases   ] GC(92)   Pre Evacuate Collection Set: 0.2ms
[2024-09-04T11:27:40.598+0530][gc,phases   ] GC(92)   Merge Heap Roots: 0.1ms
[2024-09-04T11:27:40.598+0530][gc,phases   ] GC(92)   Evacuate Collection Set: 46.0ms
[2024-09-04T11:27:40.598+0530][gc,phases   ] GC(92)   Post Evacuate Collection Set: 0.5ms
[2024-09-04T11:27:40.598+0530][gc,phases   ] GC(92)   Other: 2.4ms
[2024-09-04T11:27:40.598+0530][gc,heap     ] GC(92) Eden regions: 295->0(40)
[2024-09-04T11:27:40.598+0530][gc,heap     ] GC(92) Survivor regions: 6->11(38)
[2024-09-04T11:27:40.598+0530][gc,heap     ] GC(92) Old regions: 201->201
[2024-09-04T11:27:40.598+0530][gc,heap     ] GC(92) Archive regions: 2->2
[2024-09-04T11:27:40.598+0530][gc,heap     ] GC(92) Humongous regions: 129->129
[2024-09-04T11:27:40.598+0530][gc,metaspace] GC(92) Metaspace: 47285K(48000K)->47285K(48000K) NonClass: 41646K(42048K)->41646K(42048K) Class: 5638K(5952K)->5638K(5952K)
[2024-09-04T11:27:40.598+0530][gc          ] GC(92) Pause Young (Normal) (G1 Evacuation Pause) 630M->340M(1024M) 49.315ms
[2024-09-04T11:27:40.598+0530][gc,cpu      ] GC(92) User=0.06s Sys=0.09s Real=0.05s
[2024-09-04T11:27:58.326+0530][gc,start    ] GC(93) Pause Young (Normal) (G1 Evacuation Pause)
[2024-09-04T11:27:58.326+0530][gc,task     ] GC(93) Using 8 workers of 8 for evacuation
[2024-09-04T11:27:58.335+0530][gc,phases   ] GC(93)   Pre Evacuate Collection Set: 0.2ms
[2024-09-04T11:27:58.335+0530][gc,phases   ] GC(93)   Merge Heap Roots: 0.1ms
[2024-09-04T11:27:58.335+0530][gc,phases   ] GC(93)   Evacuate Collection Set: 8.1ms
[2024-09-04T11:27:58.335+0530][gc,phases   ] GC(93)   Post Evacuate Collection Set: 0.4ms
[2024-09-04T11:27:58.335+0530][gc,phases   ] GC(93)   Other: 0.3ms
[2024-09-04T11:27:58.335+0530][gc,heap     ] GC(93) Eden regions: 40->0(157)
[2024-09-04T11:27:58.335+0530][gc,heap     ] GC(93) Survivor regions: 11->2(7)
[2024-09-04T11:27:58.335+0530][gc,heap     ] GC(93) Old regions: 201->206
[2024-09-04T11:27:58.335+0530][gc,heap     ] GC(93) Archive regions: 2->2
[2024-09-04T11:27:58.335+0530][gc,heap     ] GC(93) Humongous regions: 129->129
[2024-09-04T11:27:58.335+0530][gc,metaspace] GC(93) Metaspace: 47285K(48000K)->47285K(48000K) NonClass: 41646K(42048K)->41646K(42048K) Class: 5638K(5952K)->5638K(5952K)
[2024-09-04T11:27:58.335+0530][gc          ] GC(93) Pause Young (Normal) (G1 Evacuation Pause) 380M->336M(1024M) 9.277ms
[2024-09-04T11:27:58.335+0530][gc,cpu      ] GC(93) User=0.04s Sys=0.01s Real=0.01s
[2024-09-04T11:30:49.885+0530][gc,start    ] GC(94) Pause Young (Normal) (G1 Evacuation Pause)
[2024-09-04T11:30:49.885+0530][gc,task     ] GC(94) Using 8 workers of 8 for evacuation
[2024-09-04T11:30:49.889+0530][gc,phases   ] GC(94)   Pre Evacuate Collection Set: 0.1ms
[2024-09-04T11:30:49.889+0530][gc,phases   ] GC(94)   Merge Heap Roots: 0.1ms
[2024-09-04T11:30:49.889+0530][gc,phases   ] GC(94)   Evacuate Collection Set: 3.7ms
[2024-09-04T11:30:49.889+0530][gc,phases   ] GC(94)   Post Evacuate Collection Set: 0.3ms
[2024-09-04T11:30:49.889+0530][gc,phases   ] GC(94)   Other: 0.4ms
[2024-09-04T11:30:49.889+0530][gc,heap     ] GC(94) Eden regions: 157->0(211)
[2024-09-04T11:30:49.889+0530][gc,heap     ] GC(94) Survivor regions: 2->5(20)
[2024-09-04T11:30:49.889+0530][gc,heap     ] GC(94) Old regions: 206->206
[2024-09-04T11:30:49.889+0530][gc,heap     ] GC(94) Archive regions: 2->2
[2024-09-04T11:30:49.889+0530][gc,heap     ] GC(94) Humongous regions: 129->129
[2024-09-04T11:30:49.890+0530][gc,metaspace] GC(94) Metaspace: 47287K(48000K)->47287K(48000K) NonClass: 41648K(42048K)->41648K(42048K) Class: 5639K(5952K)->5639K(5952K)
[2024-09-04T11:30:49.890+0530][gc          ] GC(94) Pause Young (Normal) (G1 Evacuation Pause) 493M->339M(1024M) 4.837ms
[2024-09-04T11:30:49.890+0530][gc,cpu      ] GC(94) User=0.03s Sys=0.00s Real=0.01s
[2024-09-04T11:33:36.686+0530][gc,start    ] GC(95) Pause Young (Normal) (G1 Evacuation Pause)
[2024-09-04T11:33:36.687+0530][gc,task     ] GC(95) Using 8 workers of 8 for evacuation
[2024-09-04T11:33:36.704+0530][gc,phases   ] GC(95)   Pre Evacuate Collection Set: 0.2ms
[2024-09-04T11:33:36.704+0530][gc,phases   ] GC(95)   Merge Heap Roots: 0.1ms
[2024-09-04T11:33:36.704+0530][gc,phases   ] GC(95)   Evacuate Collection Set: 11.3ms
[2024-09-04T11:33:36.704+0530][gc,phases   ] GC(95)   Post Evacuate Collection Set: 0.4ms
[2024-09-04T11:33:36.704+0530][gc,phases   ] GC(95)   Other: 6.2ms
[2024-09-04T11:33:36.704+0530][gc,heap     ] GC(95) Eden regions: 211->0(37)
[2024-09-04T11:33:36.704+0530][gc,heap     ] GC(95) Survivor regions: 5->14(27)
[2024-09-04T11:33:36.704+0530][gc,heap     ] GC(95) Old regions: 206->206
[2024-09-04T11:33:36.704+0530][gc,heap     ] GC(95) Archive regions: 2->2
[2024-09-04T11:33:36.704+0530][gc,heap     ] GC(95) Humongous regions: 129->129
[2024-09-04T11:33:36.704+0530][gc,metaspace] GC(95) Metaspace: 47308K(48128K)->47308K(48128K) NonClass: 41663K(42112K)->41663K(42112K) Class: 5645K(6016K)->5645K(6016K)
[2024-09-04T11:33:36.704+0530][gc          ] GC(95) Pause Young (Normal) (G1 Evacuation Pause) 550M->348M(1024M) 18.450ms
[2024-09-04T11:33:36.704+0530][gc,cpu      ] GC(95) User=0.09s Sys=0.00s Real=0.02s
[2024-09-04T11:34:11.403+0530][gc,start    ] GC(96) Pause Young (Normal) (G1 Evacuation Pause)
[2024-09-04T11:34:11.403+0530][gc,task     ] GC(96) Using 8 workers of 8 for evacuation
[2024-09-04T11:34:11.413+0530][gc,phases   ] GC(96)   Pre Evacuate Collection Set: 0.2ms
[2024-09-04T11:34:11.413+0530][gc,phases   ] GC(96)   Merge Heap Roots: 0.1ms
[2024-09-04T11:34:11.413+0530][gc,phases   ] GC(96)   Evacuate Collection Set: 8.4ms
[2024-09-04T11:34:11.413+0530][gc,phases   ] GC(96)   Post Evacuate Collection Set: 0.3ms
[2024-09-04T11:34:11.413+0530][gc,phases   ] GC(96)   Other: 0.5ms
[2024-09-04T11:34:11.413+0530][gc,heap     ] GC(96) Eden regions: 37->0(377)
[2024-09-04T11:34:11.413+0530][gc,heap     ] GC(96) Survivor regions: 14->3(7)
[2024-09-04T11:34:11.413+0530][gc,heap     ] GC(96) Old regions: 206->212
[2024-09-04T11:34:11.413+0530][gc,heap     ] GC(96) Archive regions: 2->2
[2024-09-04T11:34:11.413+0530][gc,heap     ] GC(96) Humongous regions: 129->129
[2024-09-04T11:34:11.413+0530][gc,metaspace] GC(96) Metaspace: 47308K(48128K)->47308K(48128K) NonClass: 41663K(42112K)->41663K(42112K) Class: 5645K(6016K)->5645K(6016K)
[2024-09-04T11:34:11.413+0530][gc          ] GC(96) Pause Young (Normal) (G1 Evacuation Pause) 385M->344M(1024M) 9.741ms
[2024-09-04T11:34:11.413+0530][gc,cpu      ] GC(96) User=0.06s Sys=0.01s Real=0.01s
[2024-09-04T11:40:45.520+0530][gc,start    ] GC(97) Pause Young (Normal) (G1 Evacuation Pause)
[2024-09-04T11:40:45.521+0530][gc,task     ] GC(97) Using 8 workers of 8 for evacuation
[2024-09-04T11:40:45.567+0530][gc,mmu      ] GC(97) MMU target violated: 21.0ms (20.0ms/21.0ms)
[2024-09-04T11:40:45.567+0530][gc,phases   ] GC(97)   Pre Evacuate Collection Set: 1.2ms
[2024-09-04T11:40:45.567+0530][gc,phases   ] GC(97)   Merge Heap Roots: 0.5ms
[2024-09-04T11:40:45.567+0530][gc,phases   ] GC(97)   Evacuate Collection Set: 42.7ms
[2024-09-04T11:40:45.567+0530][gc,phases   ] GC(97)   Post Evacuate Collection Set: 2.1ms
[2024-09-04T11:40:45.567+0530][gc,phases   ] GC(97)   Other: 1.1ms
[2024-09-04T11:40:45.567+0530][gc,heap     ] GC(97) Eden regions: 377->0(42)
[2024-09-04T11:40:45.567+0530][gc,heap     ] GC(97) Survivor regions: 3->9(48)
[2024-09-04T11:40:45.567+0530][gc,heap     ] GC(97) Old regions: 212->212
[2024-09-04T11:40:45.567+0530][gc,heap     ] GC(97) Archive regions: 2->2
[2024-09-04T11:40:45.567+0530][gc,heap     ] GC(97) Humongous regions: 129->129
[2024-09-04T11:40:45.568+0530][gc,metaspace] GC(97) Metaspace: 47308K(48128K)->47308K(48128K) NonClass: 41663K(42112K)->41663K(42112K) Class: 5645K(6016K)->5645K(6016K)
[2024-09-04T11:40:45.568+0530][gc          ] GC(97) Pause Young (Normal) (G1 Evacuation Pause) 721M->349M(1024M) 47.679ms
[2024-09-04T11:40:45.568+0530][gc,cpu      ] GC(97) User=0.05s Sys=0.09s Real=0.04s
[2024-09-04T11:41:07.883+0530][gc,start    ] GC(98) Pause Young (Normal) (G1 Evacuation Pause)
[2024-09-04T11:41:07.887+0530][gc,task     ] GC(98) Using 8 workers of 8 for evacuation
[2024-09-04T11:41:07.904+0530][gc,phases   ] GC(98)   Pre Evacuate Collection Set: 0.2ms
[2024-09-04T11:41:07.906+0530][gc,phases   ] GC(98)   Merge Heap Roots: 0.1ms
[2024-09-04T11:41:07.906+0530][gc,phases   ] GC(98)   Evacuate Collection Set: 15.3ms
[2024-09-04T11:41:07.906+0530][gc,phases   ] GC(98)   Post Evacuate Collection Set: 0.4ms
[2024-09-04T11:41:07.906+0530][gc,phases   ] GC(98)   Other: 4.7ms
[2024-09-04T11:41:07.906+0530][gc,heap     ] GC(98) Eden regions: 42->0(69)
[2024-09-04T11:41:07.906+0530][gc,heap     ] GC(98) Survivor regions: 9->4(7)
[2024-09-04T11:41:07.906+0530][gc,heap     ] GC(98) Old regions: 212->220
[2024-09-04T11:41:07.906+0530][gc,heap     ] GC(98) Archive regions: 2->2
[2024-09-04T11:41:07.906+0530][gc,heap     ] GC(98) Humongous regions: 129->129
[2024-09-04T11:41:07.906+0530][gc,metaspace] GC(98) Metaspace: 47308K(48128K)->47308K(48128K) NonClass: 41663K(42112K)->41663K(42112K) Class: 5645K(6016K)->5645K(6016K)
[2024-09-04T11:41:07.906+0530][gc          ] GC(98) Pause Young (Normal) (G1 Evacuation Pause) 391M->353M(1024M) 23.441ms
[2024-09-04T11:41:07.906+0530][gc,cpu      ] GC(98) User=0.07s Sys=0.03s Real=0.02s
[2024-09-04T11:42:08.194+0530][gc,start    ] GC(99) Pause Young (Normal) (G1 Evacuation Pause)
[2024-09-04T11:42:08.196+0530][gc,task     ] GC(99) Using 8 workers of 8 for evacuation
[2024-09-04T11:42:08.208+0530][gc,phases   ] GC(99)   Pre Evacuate Collection Set: 0.1ms
[2024-09-04T11:42:08.208+0530][gc,phases   ] GC(99)   Merge Heap Roots: 0.1ms
[2024-09-04T11:42:08.208+0530][gc,phases   ] GC(99)   Evacuate Collection Set: 11.7ms
[2024-09-04T11:42:08.208+0530][gc,phases   ] GC(99)   Post Evacuate Collection Set: 0.3ms
[2024-09-04T11:42:08.208+0530][gc,phases   ] GC(99)   Other: 2.0ms
[2024-09-04T11:42:08.208+0530][gc,heap     ] GC(99) Eden regions: 69->0(69)
[2024-09-04T11:42:08.208+0530][gc,heap     ] GC(99) Survivor regions: 4->4(10)
[2024-09-04T11:42:08.208+0530][gc,heap     ] GC(99) Old regions: 220->220
[2024-09-04T11:42:08.208+0530][gc,heap     ] GC(99) Archive regions: 2->2
[2024-09-04T11:42:08.208+0530][gc,heap     ] GC(99) Humongous regions: 129->129
[2024-09-04T11:42:08.208+0530][gc,metaspace] GC(99) Metaspace: 47308K(48128K)->47308K(48128K) NonClass: 41663K(42112K)->41663K(42112K) Class: 5645K(6016K)->5645K(6016K)
[2024-09-04T11:42:08.208+0530][gc          ] GC(99) Pause Young (Normal) (G1 Evacuation Pause) 422M->353M(1024M) 14.316ms
[2024-09-04T11:42:08.208+0530][gc,cpu      ] GC(99) User=0.02s Sys=0.03s Real=0.01s
[2024-09-04T11:43:12.620+0530][gc,start    ] GC(100) Pause Young (Normal) (G1 Evacuation Pause)
[2024-09-04T11:43:12.622+0530][gc,task     ] GC(100) Using 8 workers of 8 for evacuation
[2024-09-04T11:43:12.639+0530][gc,phases   ] GC(100)   Pre Evacuate Collection Set: 0.2ms
[2024-09-04T11:43:12.639+0530][gc,phases   ] GC(100)   Merge Heap Roots: 0.1ms
[2024-09-04T11:43:12.639+0530][gc,phases   ] GC(100)   Evacuate Collection Set: 15.7ms
[2024-09-04T11:43:12.639+0530][gc,phases   ] GC(100)   Post Evacuate Collection Set: 0.3ms
[2024-09-04T11:43:12.639+0530][gc,phases   ] GC(100)   Other: 2.1ms
[2024-09-04T11:43:12.639+0530][gc,heap     ] GC(100) Eden regions: 69->0(42)
[2024-09-04T11:43:12.639+0530][gc,heap     ] GC(100) Survivor regions: 4->9(10)
[2024-09-04T11:43:12.639+0530][gc,heap     ] GC(100) Old regions: 220->220
[2024-09-04T11:43:12.639+0530][gc,heap     ] GC(100) Archive regions: 2->2
[2024-09-04T11:43:12.639+0530][gc,heap     ] GC(100) Humongous regions: 129->129
[2024-09-04T11:43:12.639+0530][gc,metaspace] GC(100) Metaspace: 47308K(48128K)->47308K(48128K) NonClass: 41663K(42112K)->41663K(42112K) Class: 5645K(6016K)->5645K(6016K)
[2024-09-04T11:43:12.639+0530][gc          ] GC(100) Pause Young (Normal) (G1 Evacuation Pause) 422M->357M(1024M) 18.601ms
[2024-09-04T11:43:12.639+0530][gc,cpu      ] GC(100) User=0.05s Sys=0.04s Real=0.01s
[2024-09-04T11:43:31.621+0530][gc,start    ] GC(101) Pause Young (Normal) (G1 Evacuation Pause)
[2024-09-04T11:43:31.621+0530][gc,task     ] GC(101) Using 8 workers of 8 for evacuation
[2024-09-04T11:43:31.632+0530][gc,phases   ] GC(101)   Pre Evacuate Collection Set: 0.2ms
[2024-09-04T11:43:31.632+0530][gc,phases   ] GC(101)   Merge Heap Roots: 0.1ms
[2024-09-04T11:43:31.632+0530][gc,phases   ] GC(101)   Evacuate Collection Set: 10.7ms
[2024-09-04T11:43:31.632+0530][gc,phases   ] GC(101)   Post Evacuate Collection Set: 0.3ms
[2024-09-04T11:43:31.632+0530][gc,phases   ] GC(101)   Other: 0.4ms
[2024-09-04T11:43:31.632+0530][gc,heap     ] GC(101) Eden regions: 42->0(62)
[2024-09-04T11:43:31.632+0530][gc,heap     ] GC(101) Survivor regions: 9->5(7)
[2024-09-04T11:43:31.632+0530][gc,heap     ] GC(101) Old regions: 220->228
[2024-09-04T11:43:31.632+0530][gc,heap     ] GC(101) Archive regions: 2->2
[2024-09-04T11:43:31.632+0530][gc,heap     ] GC(101) Humongous regions: 129->129
[2024-09-04T11:43:31.632+0530][gc,metaspace] GC(101) Metaspace: 47308K(48128K)->47308K(48128K) NonClass: 41663K(42112K)->41663K(42112K) Class: 5645K(6016K)->5645K(6016K)
[2024-09-04T11:43:31.632+0530][gc          ] GC(101) Pause Young (Normal) (G1 Evacuation Pause) 399M->361M(1024M) 11.833ms
[2024-09-04T11:43:31.632+0530][gc,cpu      ] GC(101) User=0.05s Sys=0.01s Real=0.01s
[2024-09-04T11:45:09.274+0530][gc,start    ] GC(102) Pause Young (Concurrent Start) (G1 Evacuation Pause)
[2024-09-04T11:45:09.274+0530][gc,task     ] GC(102) Using 8 workers of 8 for evacuation
[2024-09-04T11:45:09.329+0530][gc,mmu      ] GC(102) MMU target violated: 21.0ms (20.0ms/21.0ms)
[2024-09-04T11:45:09.329+0530][gc,phases   ] GC(102)   Pre Evacuate Collection Set: 0.3ms
[2024-09-04T11:45:09.329+0530][gc,phases   ] GC(102)   Merge Heap Roots: 0.1ms
[2024-09-04T11:45:09.329+0530][gc,phases   ] GC(102)   Evacuate Collection Set: 51.5ms
[2024-09-04T11:45:09.329+0530][gc,phases   ] GC(102)   Post Evacuate Collection Set: 0.3ms
[2024-09-04T11:45:09.329+0530][gc,phases   ] GC(102)   Other: 3.0ms
[2024-09-04T11:45:09.329+0530][gc,heap     ] GC(102) Eden regions: 61->0(63)
[2024-09-04T11:45:09.329+0530][gc,heap     ] GC(102) Survivor regions: 5->6(9)
[2024-09-04T11:45:09.329+0530][gc,heap     ] GC(102) Old regions: 228->228
[2024-09-04T11:45:09.329+0530][gc,heap     ] GC(102) Archive regions: 2->2
[2024-09-04T11:45:09.329+0530][gc,heap     ] GC(102) Humongous regions: 129->129
[2024-09-04T11:45:09.329+0530][gc,metaspace] GC(102) Metaspace: 47308K(48128K)->47308K(48128K) NonClass: 41663K(42112K)->41663K(42112K) Class: 5645K(6016K)->5645K(6016K)
[2024-09-04T11:45:09.329+0530][gc          ] GC(102) Pause Young (Concurrent Start) (G1 Evacuation Pause) 422M->362M(1024M) 55.389ms
[2024-09-04T11:45:09.329+0530][gc,cpu      ] GC(102) User=0.07s Sys=0.03s Real=0.05s
[2024-09-04T11:45:09.331+0530][gc          ] GC(103) Concurrent Mark Cycle
[2024-09-04T11:45:09.331+0530][gc,marking  ] GC(103) Concurrent Clear Claimed Marks
[2024-09-04T11:45:09.331+0530][gc,marking  ] GC(103) Concurrent Clear Claimed Marks 0.048ms
[2024-09-04T11:45:09.331+0530][gc,marking  ] GC(103) Concurrent Scan Root Regions
[2024-09-04T11:45:09.417+0530][gc,marking  ] GC(103) Concurrent Scan Root Regions 85.773ms
[2024-09-04T11:45:09.417+0530][gc,marking  ] GC(103) Concurrent Mark
[2024-09-04T11:45:09.417+0530][gc,marking  ] GC(103) Concurrent Mark From Roots
[2024-09-04T11:45:09.417+0530][gc,task     ] GC(103) Using 2 workers of 2 for marking
[2024-09-04T11:45:09.840+0530][gc,marking  ] GC(103) Concurrent Mark From Roots 423.103ms
[2024-09-04T11:45:09.840+0530][gc,marking  ] GC(103) Concurrent Preclean
[2024-09-04T11:45:09.840+0530][gc,marking  ] GC(103) Concurrent Preclean 0.440ms
[2024-09-04T11:45:09.840+0530][gc,start    ] GC(103) Pause Remark
[2024-09-04T11:45:10.170+0530][gc,mmu      ] GC(103) MMU target violated: 21.0ms (20.0ms/21.0ms)
[2024-09-04T11:45:10.170+0530][gc          ] GC(103) Pause Remark 363M->299M(1024M) 329.753ms
[2024-09-04T11:45:10.170+0530][gc,cpu      ] GC(103) User=0.07s Sys=0.50s Real=0.33s
[2024-09-04T11:45:10.170+0530][gc,marking  ] GC(103) Concurrent Mark 753.762ms
[2024-09-04T11:45:10.171+0530][gc,marking  ] GC(103) Concurrent Rebuild Remembered Sets
[2024-09-04T11:45:10.274+0530][gc,marking  ] GC(103) Concurrent Rebuild Remembered Sets 103.152ms
[2024-09-04T11:45:10.274+0530][gc,start    ] GC(103) Pause Cleanup
[2024-09-04T11:45:10.274+0530][gc          ] GC(103) Pause Cleanup 299M->299M(1024M) 0.237ms
[2024-09-04T11:45:10.274+0530][gc,cpu      ] GC(103) User=0.00s Sys=0.00s Real=0.00s
[2024-09-04T11:45:10.274+0530][gc,marking  ] GC(103) Concurrent Cleanup for Next Mark
[2024-09-04T11:45:10.282+0530][gc,marking  ] GC(103) Concurrent Cleanup for Next Mark 7.687ms
[2024-09-04T11:45:10.282+0530][gc          ] GC(103) Concurrent Mark Cycle 951.150ms
[2024-09-04T11:46:19.743+0530][gc,start    ] GC(104) Pause Young (Prepare Mixed) (G1 Evacuation Pause)
[2024-09-04T11:46:19.744+0530][gc,task     ] GC(104) Using 8 workers of 8 for evacuation
[2024-09-04T11:46:19.774+0530][gc,mmu      ] GC(104) MMU target violated: 21.0ms (20.0ms/21.0ms)
[2024-09-04T11:46:19.774+0530][gc,phases   ] GC(104)   Pre Evacuate Collection Set: 0.3ms
[2024-09-04T11:46:19.774+0530][gc,phases   ] GC(104)   Merge Heap Roots: 0.4ms
[2024-09-04T11:46:19.774+0530][gc,phases   ] GC(104)   Evacuate Collection Set: 28.8ms
[2024-09-04T11:46:19.774+0530][gc,phases   ] GC(104)   Post Evacuate Collection Set: 0.4ms
[2024-09-04T11:46:19.774+0530][gc,phases   ] GC(104)   Other: 0.5ms
[2024-09-04T11:46:19.774+0530][gc,heap     ] GC(104) Eden regions: 72->0(41)
[2024-09-04T11:46:19.774+0530][gc,heap     ] GC(104) Survivor regions: 6->10(10)
[2024-09-04T11:46:19.774+0530][gc,heap     ] GC(104) Old regions: 164->164
[2024-09-04T11:46:19.774+0530][gc,heap     ] GC(104) Archive regions: 2->2
[2024-09-04T11:46:19.774+0530][gc,heap     ] GC(104) Humongous regions: 129->129
[2024-09-04T11:46:19.774+0530][gc,metaspace] GC(104) Metaspace: 47264K(48128K)->47264K(48128K) NonClass: 41629K(42112K)->41629K(42112K) Class: 5634K(6016K)->5634K(6016K)
[2024-09-04T11:46:19.774+0530][gc          ] GC(104) Pause Young (Prepare Mixed) (G1 Evacuation Pause) 370M->303M(1024M) 30.547ms
[2024-09-04T11:46:19.774+0530][gc,cpu      ] GC(104) User=0.05s Sys=0.04s Real=0.03s
[2024-09-04T11:47:17.426+0530][gc,start    ] GC(105) Pause Young (Mixed) (G1 Evacuation Pause)
[2024-09-04T11:47:17.426+0530][gc,task     ] GC(105) Using 8 workers of 8 for evacuation
[2024-09-04T11:47:17.454+0530][gc,mmu      ] GC(105) MMU target violated: 21.0ms (20.0ms/21.0ms)
[2024-09-04T11:47:17.455+0530][gc,phases   ] GC(105)   Pre Evacuate Collection Set: 0.5ms
[2024-09-04T11:47:17.455+0530][gc,phases   ] GC(105)   Merge Heap Roots: 0.2ms
[2024-09-04T11:47:17.455+0530][gc,phases   ] GC(105)   Evacuate Collection Set: 25.5ms
[2024-09-04T11:47:17.455+0530][gc,phases   ] GC(105)   Post Evacuate Collection Set: 1.5ms
[2024-09-04T11:47:17.455+0530][gc,phases   ] GC(105)   Other: 1.3ms
[2024-09-04T11:47:17.455+0530][gc,heap     ] GC(105) Eden regions: 41->0(47)
[2024-09-04T11:47:17.455+0530][gc,heap     ] GC(105) Survivor regions: 10->4(7)
[2024-09-04T11:47:17.455+0530][gc,heap     ] GC(105) Old regions: 164->152
[2024-09-04T11:47:17.455+0530][gc,heap     ] GC(105) Archive regions: 2->2
[2024-09-04T11:47:17.455+0530][gc,heap     ] GC(105) Humongous regions: 129->129
[2024-09-04T11:47:17.455+0530][gc,metaspace] GC(105) Metaspace: 47264K(48128K)->47264K(48128K) NonClass: 41629K(42112K)->41629K(42112K) Class: 5634K(6016K)->5634K(6016K)
[2024-09-04T11:47:17.455+0530][gc          ] GC(105) Pause Young (Mixed) (G1 Evacuation Pause) 344M->284M(1024M) 29.179ms
[2024-09-04T11:47:17.455+0530][gc,cpu      ] GC(105) User=0.04s Sys=0.04s Real=0.03s
[2024-09-04T11:48:58.105+0530][gc,start    ] GC(106) Pause Young (Mixed) (G1 Evacuation Pause)
[2024-09-04T11:48:58.107+0530][gc,task     ] GC(106) Using 8 workers of 8 for evacuation
[2024-09-04T11:48:58.128+0530][gc,mmu      ] GC(106) MMU target violated: 20.8ms (20.0ms/21.0ms)
[2024-09-04T11:48:58.128+0530][gc,phases   ] GC(106)   Pre Evacuate Collection Set: 0.2ms
[2024-09-04T11:48:58.128+0530][gc,phases   ] GC(106)   Merge Heap Roots: 0.2ms
[2024-09-04T11:48:58.128+0530][gc,phases   ] GC(106)   Evacuate Collection Set: 17.6ms
[2024-09-04T11:48:58.128+0530][gc,phases   ] GC(106)   Merge Optional Heap Roots: 0.0ms
[2024-09-04T11:48:58.128+0530][gc,phases   ] GC(106)   Evacuate Optional Collection Set: 0.8ms
[2024-09-04T11:48:58.129+0530][gc,phases   ] GC(106)   Post Evacuate Collection Set: 1.2ms
[2024-09-04T11:48:58.129+0530][gc,phases   ] GC(106)   Other: 3.0ms
[2024-09-04T11:48:58.129+0530][gc,heap     ] GC(106) Eden regions: 47->0(44)
[2024-09-04T11:48:58.129+0530][gc,heap     ] GC(106) Survivor regions: 4->7(7)
[2024-09-04T11:48:58.129+0530][gc,heap     ] GC(106) Old regions: 152->139
[2024-09-04T11:48:58.129+0530][gc,heap     ] GC(106) Archive regions: 2->2
[2024-09-04T11:48:58.129+0530][gc,heap     ] GC(106) Humongous regions: 129->129
[2024-09-04T11:48:58.129+0530][gc,metaspace] GC(106) Metaspace: 47264K(48128K)->47264K(48128K) NonClass: 41629K(42112K)->41629K(42112K) Class: 5634K(6016K)->5634K(6016K)
[2024-09-04T11:48:58.129+0530][gc          ] GC(106) Pause Young (Mixed) (G1 Evacuation Pause) 331M->274M(1024M) 23.248ms
[2024-09-04T11:48:58.129+0530][gc,cpu      ] GC(106) User=0.04s Sys=0.06s Real=0.02s
[2024-09-04T11:50:31.567+0530][gc,start    ] GC(107) Pause Young (Mixed) (G1 Evacuation Pause)
[2024-09-04T11:50:31.569+0530][gc,task     ] GC(107) Using 8 workers of 8 for evacuation
[2024-09-04T11:50:31.581+0530][gc,phases   ] GC(107)   Pre Evacuate Collection Set: 0.3ms
[2024-09-04T11:50:31.581+0530][gc,phases   ] GC(107)   Merge Heap Roots: 0.1ms
[2024-09-04T11:50:31.581+0530][gc,phases   ] GC(107)   Evacuate Collection Set: 10.0ms
[2024-09-04T11:50:31.581+0530][gc,phases   ] GC(107)   Merge Optional Heap Roots: 0.1ms
[2024-09-04T11:50:31.581+0530][gc,phases   ] GC(107)   Evacuate Optional Collection Set: 0.3ms
[2024-09-04T11:50:31.581+0530][gc,phases   ] GC(107)   Post Evacuate Collection Set: 1.4ms
[2024-09-04T11:50:31.581+0530][gc,phases   ] GC(107)   Other: 2.3ms
[2024-09-04T11:50:31.581+0530][gc,heap     ] GC(107) Eden regions: 44->0(49)
[2024-09-04T11:50:31.581+0530][gc,heap     ] GC(107) Survivor regions: 7->2(7)
[2024-09-04T11:50:31.581+0530][gc,heap     ] GC(107) Old regions: 139->116
[2024-09-04T11:50:31.581+0530][gc,heap     ] GC(107) Archive regions: 2->2
[2024-09-04T11:50:31.581+0530][gc,heap     ] GC(107) Humongous regions: 129->129
[2024-09-04T11:50:31.581+0530][gc,metaspace] GC(107) Metaspace: 47264K(48128K)->47264K(48128K) NonClass: 41629K(42112K)->41629K(42112K) Class: 5634K(6016K)->5634K(6016K)
[2024-09-04T11:50:31.581+0530][gc          ] GC(107) Pause Young (Mixed) (G1 Evacuation Pause) 318M->246M(1024M) 14.740ms
[2024-09-04T11:50:31.581+0530][gc,cpu      ] GC(107) User=0.03s Sys=0.02s Real=0.02s
[2024-09-04T11:52:15.606+0530][gc,start    ] GC(108) Pause Young (Mixed) (G1 Evacuation Pause)
[2024-09-04T11:52:15.606+0530][gc,task     ] GC(108) Using 8 workers of 8 for evacuation
[2024-09-04T11:52:15.618+0530][gc,phases   ] GC(108)   Pre Evacuate Collection Set: 0.3ms
[2024-09-04T11:52:15.618+0530][gc,phases   ] GC(108)   Merge Heap Roots: 0.1ms
[2024-09-04T11:52:15.618+0530][gc,phases   ] GC(108)   Evacuate Collection Set: 10.3ms
[2024-09-04T11:52:15.618+0530][gc,phases   ] GC(108)   Merge Optional Heap Roots: 0.0ms
[2024-09-04T11:52:15.618+0530][gc,phases   ] GC(108)   Evacuate Optional Collection Set: 0.5ms
[2024-09-04T11:52:15.618+0530][gc,phases   ] GC(108)   Post Evacuate Collection Set: 0.4ms
[2024-09-04T11:52:15.618+0530][gc,phases   ] GC(108)   Other: 0.8ms
[2024-09-04T11:52:15.618+0530][gc,heap     ] GC(108) Eden regions: 49->0(45)
[2024-09-04T11:52:15.618+0530][gc,heap     ] GC(108) Survivor regions: 2->6(7)
[2024-09-04T11:52:15.618+0530][gc,heap     ] GC(108) Old regions: 116->91
[2024-09-04T11:52:15.618+0530][gc,heap     ] GC(108) Archive regions: 2->2
[2024-09-04T11:52:15.618+0530][gc,heap     ] GC(108) Humongous regions: 129->129
[2024-09-04T11:52:15.618+0530][gc,metaspace] GC(108) Metaspace: 47264K(48128K)->47264K(48128K) NonClass: 41629K(42112K)->41629K(42112K) Class: 5634K(6016K)->5634K(6016K)
[2024-09-04T11:52:15.618+0530][gc          ] GC(108) Pause Young (Mixed) (G1 Evacuation Pause) 295M->225M(1024M) 12.732ms
[2024-09-04T11:52:15.618+0530][gc,cpu      ] GC(108) User=0.04s Sys=0.01s Real=0.01s
[2024-09-04T11:53:50.937+0530][gc,start    ] GC(109) Pause Young (Mixed) (G1 Evacuation Pause)
[2024-09-04T11:53:50.939+0530][gc,task     ] GC(109) Using 8 workers of 8 for evacuation
[2024-09-04T11:53:50.981+0530][gc,mmu      ] GC(109) MMU target violated: 21.0ms (20.0ms/21.0ms)
[2024-09-04T11:53:50.982+0530][gc,phases   ] GC(109)   Pre Evacuate Collection Set: 0.3ms
[2024-09-04T11:53:50.982+0530][gc,phases   ] GC(109)   Merge Heap Roots: 0.2ms
[2024-09-04T11:53:50.982+0530][gc,phases   ] GC(109)   Evacuate Collection Set: 41.6ms
[2024-09-04T11:53:50.982+0530][gc,phases   ] GC(109)   Post Evacuate Collection Set: 0.4ms
[2024-09-04T11:53:50.982+0530][gc,phases   ] GC(109)   Other: 2.0ms
[2024-09-04T11:53:50.982+0530][gc,heap     ] GC(109) Eden regions: 45->0(47)
[2024-09-04T11:53:50.982+0530][gc,heap     ] GC(109) Survivor regions: 6->4(7)
[2024-09-04T11:53:50.982+0530][gc,heap     ] GC(109) Old regions: 91->83
[2024-09-04T11:53:50.982+0530][gc,heap     ] GC(109) Archive regions: 2->2
[2024-09-04T11:53:50.982+0530][gc,heap     ] GC(109) Humongous regions: 129->129
[2024-09-04T11:53:50.982+0530][gc,metaspace] GC(109) Metaspace: 47264K(48128K)->47264K(48128K) NonClass: 41629K(42112K)->41629K(42112K) Class: 5634K(6016K)->5634K(6016K)
[2024-09-04T11:53:50.982+0530][gc          ] GC(109) Pause Young (Mixed) (G1 Evacuation Pause) 270M->216M(1024M) 44.535ms
[2024-09-04T11:53:50.982+0530][gc,cpu      ] GC(109) User=0.05s Sys=0.07s Real=0.05s
[2024-09-04T11:55:30.013+0530][gc,start    ] GC(110) Pause Young (Normal) (G1 Evacuation Pause)
[2024-09-04T11:55:30.015+0530][gc,task     ] GC(110) Using 8 workers of 8 for evacuation
[2024-09-04T11:55:30.021+0530][gc,phases   ] GC(110)   Pre Evacuate Collection Set: 0.3ms
[2024-09-04T11:55:30.021+0530][gc,phases   ] GC(110)   Merge Heap Roots: 0.1ms
[2024-09-04T11:55:30.021+0530][gc,phases   ] GC(110)   Evacuate Collection Set: 4.3ms
[2024-09-04T11:55:30.021+0530][gc,phases   ] GC(110)   Post Evacuate Collection Set: 0.5ms
[2024-09-04T11:55:30.021+0530][gc,phases   ] GC(110)   Other: 2.3ms
[2024-09-04T11:55:30.021+0530][gc,heap     ] GC(110) Eden regions: 47->0(47)
[2024-09-04T11:55:30.021+0530][gc,heap     ] GC(110) Survivor regions: 4->4(7)
[2024-09-04T11:55:30.021+0530][gc,heap     ] GC(110) Old regions: 83->83
[2024-09-04T11:55:30.021+0530][gc,heap     ] GC(110) Archive regions: 2->2
[2024-09-04T11:55:30.021+0530][gc,heap     ] GC(110) Humongous regions: 129->129
[2024-09-04T11:55:30.021+0530][gc,metaspace] GC(110) Metaspace: 47264K(48128K)->47264K(48128K) NonClass: 41629K(42112K)->41629K(42112K) Class: 5634K(6016K)->5634K(6016K)
[2024-09-04T11:55:30.021+0530][gc          ] GC(110) Pause Young (Normal) (G1 Evacuation Pause) 263M->215M(1024M) 7.705ms
[2024-09-04T11:55:30.021+0530][gc,cpu      ] GC(110) User=0.03s Sys=0.00s Real=0.01s
[2024-09-04T11:57:08.961+0530][gc,start    ] GC(111) Pause Young (Normal) (G1 Evacuation Pause)
[2024-09-04T11:57:08.963+0530][gc,task     ] GC(111) Using 8 workers of 8 for evacuation
[2024-09-04T11:57:08.971+0530][gc,phases   ] GC(111)   Pre Evacuate Collection Set: 0.2ms
[2024-09-04T11:57:08.971+0530][gc,phases   ] GC(111)   Merge Heap Roots: 0.1ms
[2024-09-04T11:57:08.971+0530][gc,phases   ] GC(111)   Evacuate Collection Set: 7.6ms
[2024-09-04T11:57:08.971+0530][gc,phases   ] GC(111)   Post Evacuate Collection Set: 0.4ms
[2024-09-04T11:57:08.971+0530][gc,phases   ] GC(111)   Other: 2.3ms
[2024-09-04T11:57:08.971+0530][gc,heap     ] GC(111) Eden regions: 47->0(44)
[2024-09-04T11:57:08.971+0530][gc,heap     ] GC(111) Survivor regions: 4->7(7)
[2024-09-04T11:57:08.971+0530][gc,heap     ] GC(111) Old regions: 83->83
[2024-09-04T11:57:08.971+0530][gc,heap     ] GC(111) Archive regions: 2->2
[2024-09-04T11:57:08.971+0530][gc,heap     ] GC(111) Humongous regions: 129->129
[2024-09-04T11:57:08.971+0530][gc,metaspace] GC(111) Metaspace: 47264K(48128K)->47264K(48128K) NonClass: 41629K(42112K)->41629K(42112K) Class: 5634K(6016K)->5634K(6016K)
[2024-09-04T11:57:08.971+0530][gc          ] GC(111) Pause Young (Normal) (G1 Evacuation Pause) 262M->219M(1024M) 10.795ms
[2024-09-04T11:57:08.971+0530][gc,cpu      ] GC(111) User=0.05s Sys=0.01s Real=0.01s
[2024-09-04T11:58:43.878+0530][gc,start    ] GC(112) Pause Young (Normal) (G1 Evacuation Pause)
[2024-09-04T11:58:43.880+0530][gc,task     ] GC(112) Using 8 workers of 8 for evacuation
[2024-09-04T11:58:43.907+0530][gc,mmu      ] GC(112) MMU target violated: 21.0ms (20.0ms/21.0ms)
[2024-09-04T11:58:43.907+0530][gc,phases   ] GC(112)   Pre Evacuate Collection Set: 0.2ms
[2024-09-04T11:58:43.907+0530][gc,phases   ] GC(112)   Merge Heap Roots: 0.1ms
[2024-09-04T11:58:43.907+0530][gc,phases   ] GC(112)   Evacuate Collection Set: 26.1ms
[2024-09-04T11:58:43.907+0530][gc,phases   ] GC(112)   Post Evacuate Collection Set: 0.4ms
[2024-09-04T11:58:43.908+0530][gc,phases   ] GC(112)   Other: 2.3ms
[2024-09-04T11:58:43.908+0530][gc,heap     ] GC(112) Eden regions: 44->0(44)
[2024-09-04T11:58:43.908+0530][gc,heap     ] GC(112) Survivor regions: 7->7(7)
[2024-09-04T11:58:43.908+0530][gc,heap     ] GC(112) Old regions: 83->86
[2024-09-04T11:58:43.908+0530][gc,heap     ] GC(112) Archive regions: 2->2
[2024-09-04T11:58:43.908+0530][gc,heap     ] GC(112) Humongous regions: 129->129
[2024-09-04T11:58:43.908+0530][gc,metaspace] GC(112) Metaspace: 47264K(48128K)->47264K(48128K) NonClass: 41629K(42112K)->41629K(42112K) Class: 5634K(6016K)->5634K(6016K)
[2024-09-04T11:58:43.908+0530][gc          ] GC(112) Pause Young (Normal) (G1 Evacuation Pause) 263M->222M(1024M) 29.257ms
[2024-09-04T11:58:43.908+0530][gc,cpu      ] GC(112) User=0.06s Sys=0.04s Real=0.03s
[2024-09-04T12:00:16.825+0530][gc,start    ] GC(113) Pause Young (Normal) (G1 Evacuation Pause)
[2024-09-04T12:00:16.827+0530][gc,task     ] GC(113) Using 8 workers of 8 for evacuation
[2024-09-04T12:00:16.834+0530][gc,phases   ] GC(113)   Pre Evacuate Collection Set: 0.2ms
[2024-09-04T12:00:16.834+0530][gc,phases   ] GC(113)   Merge Heap Roots: 0.1ms
[2024-09-04T12:00:16.834+0530][gc,phases   ] GC(113)   Evacuate Collection Set: 4.7ms
[2024-09-04T12:00:16.834+0530][gc,phases   ] GC(113)   Post Evacuate Collection Set: 0.3ms
[2024-09-04T12:00:16.834+0530][gc,phases   ] GC(113)   Other: 2.9ms
[2024-09-04T12:00:16.834+0530][gc,heap     ] GC(113) Eden regions: 44->0(59)
[2024-09-04T12:00:16.834+0530][gc,heap     ] GC(113) Survivor regions: 7->5(7)
[2024-09-04T12:00:16.834+0530][gc,heap     ] GC(113) Old regions: 86->87
[2024-09-04T12:00:16.834+0530][gc,heap     ] GC(113) Archive regions: 2->2
[2024-09-04T12:00:16.834+0530][gc,heap     ] GC(113) Humongous regions: 129->129
[2024-09-04T12:00:16.834+0530][gc,metaspace] GC(113) Metaspace: 47264K(48128K)->47264K(48128K) NonClass: 41629K(42112K)->41629K(42112K) Class: 5634K(6016K)->5634K(6016K)
[2024-09-04T12:00:16.834+0530][gc          ] GC(113) Pause Young (Normal) (G1 Evacuation Pause) 266M->221M(1024M) 8.608ms
[2024-09-04T12:00:16.834+0530][gc,cpu      ] GC(113) User=0.03s Sys=0.00s Real=0.01s
[2024-09-04T12:02:22.479+0530][gc,start    ] GC(114) Pause Young (Normal) (G1 Evacuation Pause)
[2024-09-04T12:02:22.481+0530][gc,task     ] GC(114) Using 8 workers of 8 for evacuation
[2024-09-04T12:02:22.534+0530][gc,mmu      ] GC(114) MMU target violated: 21.0ms (20.0ms/21.0ms)
[2024-09-04T12:02:22.534+0530][gc,phases   ] GC(114)   Pre Evacuate Collection Set: 1.9ms
[2024-09-04T12:02:22.534+0530][gc,phases   ] GC(114)   Merge Heap Roots: 0.6ms
[2024-09-04T12:02:22.534+0530][gc,phases   ] GC(114)   Evacuate Collection Set: 48.3ms
[2024-09-04T12:02:22.534+0530][gc,phases   ] GC(114)   Post Evacuate Collection Set: 1.5ms
[2024-09-04T12:02:22.534+0530][gc,phases   ] GC(114)   Other: 2.8ms
[2024-09-04T12:02:22.534+0530][gc,heap     ] GC(114) Eden regions: 59->0(43)
[2024-09-04T12:02:22.534+0530][gc,heap     ] GC(114) Survivor regions: 5->8(8)
[2024-09-04T12:02:22.534+0530][gc,heap     ] GC(114) Old regions: 87->87
[2024-09-04T12:02:22.534+0530][gc,heap     ] GC(114) Archive regions: 2->2
[2024-09-04T12:02:22.534+0530][gc,heap     ] GC(114) Humongous regions: 129->129
[2024-09-04T12:02:22.534+0530][gc,metaspace] GC(114) Metaspace: 47266K(48128K)->47266K(48128K) NonClass: 41632K(42112K)->41632K(42112K) Class: 5634K(6016K)->5634K(6016K)
[2024-09-04T12:02:22.534+0530][gc          ] GC(114) Pause Young (Normal) (G1 Evacuation Pause) 280M->224M(1024M) 55.110ms
[2024-09-04T12:02:22.534+0530][gc,cpu      ] GC(114) User=0.06s Sys=0.19s Real=0.06s
[2024-09-04T12:03:54.050+0530][gc,start    ] GC(115) Pause Young (Normal) (G1 Evacuation Pause)
[2024-09-04T12:03:54.052+0530][gc,task     ] GC(115) Using 8 workers of 8 for evacuation
[2024-09-04T12:03:54.060+0530][gc,phases   ] GC(115)   Pre Evacuate Collection Set: 0.2ms
[2024-09-04T12:03:54.060+0530][gc,phases   ] GC(115)   Merge Heap Roots: 0.1ms
[2024-09-04T12:03:54.060+0530][gc,phases   ] GC(115)   Evacuate Collection Set: 7.7ms
[2024-09-04T12:03:54.060+0530][gc,phases   ] GC(115)   Post Evacuate Collection Set: 0.4ms
[2024-09-04T12:03:54.060+0530][gc,phases   ] GC(115)   Other: 2.1ms
[2024-09-04T12:03:54.060+0530][gc,heap     ] GC(115) Eden regions: 43->0(48)
[2024-09-04T12:03:54.060+0530][gc,heap     ] GC(115) Survivor regions: 8->3(7)
[2024-09-04T12:03:54.060+0530][gc,heap     ] GC(115) Old regions: 87->89
[2024-09-04T12:03:54.060+0530][gc,heap     ] GC(115) Archive regions: 2->2
[2024-09-04T12:03:54.060+0530][gc,heap     ] GC(115) Humongous regions: 129->129
[2024-09-04T12:03:54.060+0530][gc,metaspace] GC(115) Metaspace: 47266K(48128K)->47266K(48128K) NonClass: 41632K(42112K)->41632K(42112K) Class: 5634K(6016K)->5634K(6016K)
[2024-09-04T12:03:54.060+0530][gc          ] GC(115) Pause Young (Normal) (G1 Evacuation Pause) 267M->221M(1024M) 10.636ms
[2024-09-04T12:03:54.061+0530][gc,cpu      ] GC(115) User=0.03s Sys=0.02s Real=0.01s
[2024-09-04T12:05:36.056+0530][gc,start    ] GC(116) Pause Young (Normal) (G1 Evacuation Pause)
[2024-09-04T12:05:36.056+0530][gc,task     ] GC(116) Using 8 workers of 8 for evacuation
[2024-09-04T12:05:36.068+0530][gc,phases   ] GC(116)   Pre Evacuate Collection Set: 0.3ms
[2024-09-04T12:05:36.068+0530][gc,phases   ] GC(116)   Merge Heap Roots: 0.1ms
[2024-09-04T12:05:36.068+0530][gc,phases   ] GC(116)   Evacuate Collection Set: 10.7ms
[2024-09-04T12:05:36.068+0530][gc,phases   ] GC(116)   Post Evacuate Collection Set: 0.4ms
[2024-09-04T12:05:36.068+0530][gc,phases   ] GC(116)   Other: 0.7ms
[2024-09-04T12:05:36.068+0530][gc,heap     ] GC(116) Eden regions: 48->0(45)
[2024-09-04T12:05:36.068+0530][gc,heap     ] GC(116) Survivor regions: 3->6(7)
[2024-09-04T12:05:36.068+0530][gc,heap     ] GC(116) Old regions: 89->89
[2024-09-04T12:05:36.068+0530][gc,heap     ] GC(116) Archive regions: 2->2
[2024-09-04T12:05:36.068+0530][gc,heap     ] GC(116) Humongous regions: 129->129
[2024-09-04T12:05:36.068+0530][gc,metaspace] GC(116) Metaspace: 47266K(48128K)->47266K(48128K) NonClass: 41632K(42112K)->41632K(42112K) Class: 5634K(6016K)->5634K(6016K)
[2024-09-04T12:05:36.068+0530][gc          ] GC(116) Pause Young (Normal) (G1 Evacuation Pause) 269M->224M(1024M) 12.500ms
[2024-09-04T12:05:36.068+0530][gc,cpu      ] GC(116) User=0.03s Sys=0.01s Real=0.01s
[2024-09-04T12:07:10.019+0530][gc,start    ] GC(117) Pause Young (Normal) (G1 Evacuation Pause)
[2024-09-04T12:07:10.021+0530][gc,task     ] GC(117) Using 8 workers of 8 for evacuation
[2024-09-04T12:07:10.034+0530][gc,phases   ] GC(117)   Pre Evacuate Collection Set: 0.2ms
[2024-09-04T12:07:10.034+0530][gc,phases   ] GC(117)   Merge Heap Roots: 0.1ms
[2024-09-04T12:07:10.034+0530][gc,phases   ] GC(117)   Evacuate Collection Set: 12.0ms
[2024-09-04T12:07:10.034+0530][gc,phases   ] GC(117)   Post Evacuate Collection Set: 0.5ms
[2024-09-04T12:07:10.034+0530][gc,phases   ] GC(117)   Other: 2.3ms
[2024-09-04T12:07:10.034+0530][gc,heap     ] GC(117) Eden regions: 45->0(44)
[2024-09-04T12:07:10.034+0530][gc,heap     ] GC(117) Survivor regions: 6->7(7)
[2024-09-04T12:07:10.034+0530][gc,heap     ] GC(117) Old regions: 89->92
[2024-09-04T12:07:10.034+0530][gc,heap     ] GC(117) Archive regions: 2->2
[2024-09-04T12:07:10.034+0530][gc,heap     ] GC(117) Humongous regions: 129->129
[2024-09-04T12:07:10.034+0530][gc,metaspace] GC(117) Metaspace: 47276K(48128K)->47276K(48128K) NonClass: 41642K(42112K)->41642K(42112K) Class: 5634K(6016K)->5634K(6016K)
[2024-09-04T12:07:10.034+0530][gc          ] GC(117) Pause Young (Normal) (G1 Evacuation Pause) 269M->228M(1024M) 15.241ms
[2024-09-04T12:07:10.034+0530][gc,cpu      ] GC(117) User=0.05s Sys=0.01s Real=0.02s
[2024-09-04T12:08:44.482+0530][gc,start    ] GC(118) Pause Young (Normal) (G1 Evacuation Pause)
[2024-09-04T12:08:44.484+0530][gc,task     ] GC(118) Using 8 workers of 8 for evacuation
[2024-09-04T12:08:44.492+0530][gc,phases   ] GC(118)   Pre Evacuate Collection Set: 0.2ms
[2024-09-04T12:08:44.492+0530][gc,phases   ] GC(118)   Merge Heap Roots: 0.2ms
[2024-09-04T12:08:44.492+0530][gc,phases   ] GC(118)   Evacuate Collection Set: 7.2ms
[2024-09-04T12:08:44.492+0530][gc,phases   ] GC(118)   Post Evacuate Collection Set: 0.4ms
[2024-09-04T12:08:44.492+0530][gc,phases   ] GC(118)   Other: 2.2ms
[2024-09-04T12:08:44.492+0530][gc,heap     ] GC(118) Eden regions: 44->0(60)
[2024-09-04T12:08:44.492+0530][gc,heap     ] GC(118) Survivor regions: 7->5(7)
[2024-09-04T12:08:44.492+0530][gc,heap     ] GC(118) Old regions: 92->93
[2024-09-04T12:08:44.492+0530][gc,heap     ] GC(118) Archive regions: 2->2
[2024-09-04T12:08:44.492+0530][gc,heap     ] GC(118) Humongous regions: 129->129
[2024-09-04T12:08:44.492+0530][gc,metaspace] GC(118) Metaspace: 47276K(48128K)->47276K(48128K) NonClass: 41642K(42112K)->41642K(42112K) Class: 5634K(6016K)->5634K(6016K)
[2024-09-04T12:08:44.492+0530][gc          ] GC(118) Pause Young (Normal) (G1 Evacuation Pause) 272M->226M(1024M) 10.557ms
[2024-09-04T12:08:44.492+0530][gc,cpu      ] GC(118) User=0.03s Sys=0.01s Real=0.01s
[2024-09-04T12:10:53.603+0530][gc,start    ] GC(119) Pause Young (Normal) (G1 Evacuation Pause)
[2024-09-04T12:10:53.603+0530][gc,task     ] GC(119) Using 8 workers of 8 for evacuation
[2024-09-04T12:10:53.614+0530][gc,phases   ] GC(119)   Pre Evacuate Collection Set: 0.2ms
[2024-09-04T12:10:53.614+0530][gc,phases   ] GC(119)   Merge Heap Roots: 0.2ms
[2024-09-04T12:10:53.614+0530][gc,phases   ] GC(119)   Evacuate Collection Set: 10.2ms
[2024-09-04T12:10:53.614+0530][gc,phases   ] GC(119)   Post Evacuate Collection Set: 0.4ms
[2024-09-04T12:10:53.614+0530][gc,phases   ] GC(119)   Other: 0.3ms
[2024-09-04T12:10:53.614+0530][gc,heap     ] GC(119) Eden regions: 60->0(42)
[2024-09-04T12:10:53.614+0530][gc,heap     ] GC(119) Survivor regions: 5->9(9)
[2024-09-04T12:10:53.614+0530][gc,heap     ] GC(119) Old regions: 93->93
[2024-09-04T12:10:53.614+0530][gc,heap     ] GC(119) Archive regions: 2->2
[2024-09-04T12:10:53.614+0530][gc,heap     ] GC(119) Humongous regions: 129->129
[2024-09-04T12:10:53.614+0530][gc,metaspace] GC(119) Metaspace: 47276K(48128K)->47276K(48128K) NonClass: 41642K(42112K)->41642K(42112K) Class: 5634K(6016K)->5634K(6016K)
[2024-09-04T12:10:53.614+0530][gc          ] GC(119) Pause Young (Normal) (G1 Evacuation Pause) 286M->231M(1024M) 11.410ms
[2024-09-04T12:10:53.614+0530][gc,cpu      ] GC(119) User=0.06s Sys=0.01s Real=0.01s
[2024-09-04T12:12:21.987+0530][gc,start    ] GC(120) Pause Young (Normal) (G1 Evacuation Pause)
[2024-09-04T12:12:21.989+0530][gc,task     ] GC(120) Using 8 workers of 8 for evacuation
[2024-09-04T12:12:22.006+0530][gc,phases   ] GC(120)   Pre Evacuate Collection Set: 0.2ms
[2024-09-04T12:12:22.006+0530][gc,phases   ] GC(120)   Merge Heap Roots: 0.1ms
[2024-09-04T12:12:22.006+0530][gc,phases   ] GC(120)   Evacuate Collection Set: 16.0ms
[2024-09-04T12:12:22.006+0530][gc,phases   ] GC(120)   Post Evacuate Collection Set: 0.4ms
[2024-09-04T12:12:22.006+0530][gc,phases   ] GC(120)   Other: 2.3ms
[2024-09-04T12:12:22.006+0530][gc,heap     ] GC(120) Eden regions: 42->0(70)
[2024-09-04T12:12:22.006+0530][gc,heap     ] GC(120) Survivor regions: 9->3(7)
[2024-09-04T12:12:22.006+0530][gc,heap     ] GC(120) Old regions: 93->95
[2024-09-04T12:12:22.006+0530][gc,heap     ] GC(120) Archive regions: 2->2
[2024-09-04T12:12:22.006+0530][gc,heap     ] GC(120) Humongous regions: 129->129
[2024-09-04T12:12:22.006+0530][gc,metaspace] GC(120) Metaspace: 47276K(48128K)->47276K(48128K) NonClass: 41642K(42112K)->41642K(42112K) Class: 5634K(6016K)->5634K(6016K)
[2024-09-04T12:12:22.006+0530][gc          ] GC(120) Pause Young (Normal) (G1 Evacuation Pause) 273M->227M(1024M) 19.082ms
[2024-09-04T12:12:22.006+0530][gc,cpu      ] GC(120) User=0.03s Sys=0.02s Real=0.02s
[2024-09-04T12:14:52.322+0530][gc,start    ] GC(121) Pause Young (Normal) (G1 Evacuation Pause)
[2024-09-04T12:14:52.322+0530][gc,task     ] GC(121) Using 8 workers of 8 for evacuation
[2024-09-04T12:14:52.342+0530][gc,phases   ] GC(121)   Pre Evacuate Collection Set: 0.2ms
[2024-09-04T12:14:52.342+0530][gc,phases   ] GC(121)   Merge Heap Roots: 0.1ms
[2024-09-04T12:14:52.342+0530][gc,phases   ] GC(121)   Evacuate Collection Set: 18.9ms
[2024-09-04T12:14:52.342+0530][gc,phases   ] GC(121)   Post Evacuate Collection Set: 0.4ms
[2024-09-04T12:14:52.342+0530][gc,phases   ] GC(121)   Other: 0.6ms
[2024-09-04T12:14:52.342+0530][gc,heap     ] GC(121) Eden regions: 70->0(43)
[2024-09-04T12:14:52.342+0530][gc,heap     ] GC(121) Survivor regions: 3->8(10)
[2024-09-04T12:14:52.342+0530][gc,heap     ] GC(121) Old regions: 95->95
[2024-09-04T12:14:52.342+0530][gc,heap     ] GC(121) Archive regions: 2->2
[2024-09-04T12:14:52.342+0530][gc,heap     ] GC(121) Humongous regions: 129->129
[2024-09-04T12:14:52.342+0530][gc,metaspace] GC(121) Metaspace: 47276K(48128K)->47276K(48128K) NonClass: 41642K(42112K)->41642K(42112K) Class: 5634K(6016K)->5634K(6016K)
[2024-09-04T12:14:52.342+0530][gc          ] GC(121) Pause Young (Normal) (G1 Evacuation Pause) 297M->232M(1024M) 20.334ms
[2024-09-04T12:14:52.342+0530][gc,cpu      ] GC(121) User=0.05s Sys=0.06s Real=0.02s
[2024-09-04T12:16:24.027+0530][gc,start    ] GC(122) Pause Young (Normal) (G1 Evacuation Pause)
[2024-09-04T12:16:24.027+0530][gc,task     ] GC(122) Using 8 workers of 8 for evacuation
[2024-09-04T12:16:24.040+0530][gc,phases   ] GC(122)   Pre Evacuate Collection Set: 0.1ms
[2024-09-04T12:16:24.040+0530][gc,phases   ] GC(122)   Merge Heap Roots: 0.1ms
[2024-09-04T12:16:24.040+0530][gc,phases   ] GC(122)   Evacuate Collection Set: 12.0ms
[2024-09-04T12:16:24.040+0530][gc,phases   ] GC(122)   Post Evacuate Collection Set: 0.3ms
[2024-09-04T12:16:24.040+0530][gc,phases   ] GC(122)   Other: 0.4ms
[2024-09-04T12:16:24.040+0530][gc,heap     ] GC(122) Eden regions: 43->0(70)
[2024-09-04T12:16:24.040+0530][gc,heap     ] GC(122) Survivor regions: 8->3(7)
[2024-09-04T12:16:24.040+0530][gc,heap     ] GC(122) Old regions: 95->96
[2024-09-04T12:16:24.040+0530][gc,heap     ] GC(122) Archive regions: 2->2
[2024-09-04T12:16:24.040+0530][gc,heap     ] GC(122) Humongous regions: 129->129
[2024-09-04T12:16:24.040+0530][gc,metaspace] GC(122) Metaspace: 47276K(48128K)->47276K(48128K) NonClass: 41642K(42112K)->41642K(42112K) Class: 5634K(6016K)->5634K(6016K)
[2024-09-04T12:16:24.040+0530][gc          ] GC(122) Pause Young (Normal) (G1 Evacuation Pause) 275M->228M(1024M) 13.057ms
[2024-09-04T12:16:24.040+0530][gc,cpu      ] GC(122) User=0.02s Sys=0.01s Real=0.02s
[2024-09-04T12:18:54.838+0530][gc,start    ] GC(123) Pause Young (Normal) (G1 Evacuation Pause)
[2024-09-04T12:18:54.838+0530][gc,task     ] GC(123) Using 8 workers of 8 for evacuation
[2024-09-04T12:18:54.845+0530][gc,phases   ] GC(123)   Pre Evacuate Collection Set: 0.1ms
[2024-09-04T12:18:54.845+0530][gc,phases   ] GC(123)   Merge Heap Roots: 0.1ms
[2024-09-04T12:18:54.845+0530][gc,phases   ] GC(123)   Evacuate Collection Set: 6.2ms
[2024-09-04T12:18:54.845+0530][gc,phases   ] GC(123)   Post Evacuate Collection Set: 0.5ms
[2024-09-04T12:18:54.845+0530][gc,phases   ] GC(123)   Other: 0.2ms
[2024-09-04T12:18:54.845+0530][gc,heap     ] GC(123) Eden regions: 70->0(43)
[2024-09-04T12:18:54.845+0530][gc,heap     ] GC(123) Survivor regions: 3->8(10)
[2024-09-04T12:18:54.845+0530][gc,heap     ] GC(123) Old regions: 96->96
[2024-09-04T12:18:54.845+0530][gc,heap     ] GC(123) Archive regions: 2->2
[2024-09-04T12:18:54.845+0530][gc,heap     ] GC(123) Humongous regions: 129->129
[2024-09-04T12:18:54.845+0530][gc,metaspace] GC(123) Metaspace: 47276K(48128K)->47276K(48128K) NonClass: 41642K(42112K)->41642K(42112K) Class: 5634K(6016K)->5634K(6016K)
[2024-09-04T12:18:54.845+0530][gc          ] GC(123) Pause Young (Normal) (G1 Evacuation Pause) 298M->233M(1024M) 7.316ms
[2024-09-04T12:18:54.845+0530][gc,cpu      ] GC(123) User=0.04s Sys=0.00s Real=0.01s
[2024-09-04T12:20:26.226+0530][gc,start    ] GC(124) Pause Young (Normal) (G1 Evacuation Pause)
[2024-09-04T12:20:26.228+0530][gc,task     ] GC(124) Using 8 workers of 8 for evacuation
[2024-09-04T12:20:26.237+0530][gc,phases   ] GC(124)   Pre Evacuate Collection Set: 0.2ms
[2024-09-04T12:20:26.237+0530][gc,phases   ] GC(124)   Merge Heap Roots: 0.1ms
[2024-09-04T12:20:26.237+0530][gc,phases   ] GC(124)   Evacuate Collection Set: 8.1ms
[2024-09-04T12:20:26.237+0530][gc,phases   ] GC(124)   Post Evacuate Collection Set: 0.4ms
[2024-09-04T12:20:26.237+0530][gc,phases   ] GC(124)   Other: 2.2ms
[2024-09-04T12:20:26.237+0530][gc,heap     ] GC(124) Eden regions: 43->0(97)
[2024-09-04T12:20:26.237+0530][gc,heap     ] GC(124) Survivor regions: 8->2(7)
[2024-09-04T12:20:26.237+0530][gc,heap     ] GC(124) Old regions: 96->98
[2024-09-04T12:20:26.237+0530][gc,heap     ] GC(124) Archive regions: 2->2
[2024-09-04T12:20:26.237+0530][gc,heap     ] GC(124) Humongous regions: 129->129
[2024-09-04T12:20:26.237+0530][gc,metaspace] GC(124) Metaspace: 47279K(48128K)->47279K(48128K) NonClass: 41644K(42112K)->41644K(42112K) Class: 5634K(6016K)->5634K(6016K)
[2024-09-04T12:20:26.237+0530][gc          ] GC(124) Pause Young (Normal) (G1 Evacuation Pause) 276M->229M(1024M) 11.129ms
[2024-09-04T12:20:26.237+0530][gc,cpu      ] GC(124) User=0.02s Sys=0.01s Real=0.01s
[2024-09-04T12:23:55.630+0530][gc,start    ] GC(125) Pause Young (Normal) (G1 Evacuation Pause)
[2024-09-04T12:23:55.632+0530][gc,task     ] GC(125) Using 8 workers of 8 for evacuation
[2024-09-04T12:23:55.658+0530][gc,mmu      ] GC(125) MMU target violated: 21.0ms (20.0ms/21.0ms)
[2024-09-04T12:23:55.658+0530][gc,phases   ] GC(125)   Pre Evacuate Collection Set: 0.2ms
[2024-09-04T12:23:55.658+0530][gc,phases   ] GC(125)   Merge Heap Roots: 0.1ms
[2024-09-04T12:23:55.658+0530][gc,phases   ] GC(125)   Evacuate Collection Set: 25.0ms
[2024-09-04T12:23:55.658+0530][gc,phases   ] GC(125)   Post Evacuate Collection Set: 0.5ms
[2024-09-04T12:23:55.658+0530][gc,phases   ] GC(125)   Other: 2.3ms
[2024-09-04T12:23:55.658+0530][gc,heap     ] GC(125) Eden regions: 97->0(42)
[2024-09-04T12:23:55.658+0530][gc,heap     ] GC(125) Survivor regions: 2->9(13)
[2024-09-04T12:23:55.658+0530][gc,heap     ] GC(125) Old regions: 98->98
[2024-09-04T12:23:55.658+0530][gc,heap     ] GC(125) Archive regions: 2->2
[2024-09-04T12:23:55.658+0530][gc,heap     ] GC(125) Humongous regions: 129->129
[2024-09-04T12:23:55.658+0530][gc,metaspace] GC(125) Metaspace: 47281K(48128K)->47281K(48128K) NonClass: 41647K(42112K)->41647K(42112K) Class: 5634K(6016K)->5634K(6016K)
[2024-09-04T12:23:55.658+0530][gc          ] GC(125) Pause Young (Normal) (G1 Evacuation Pause) 326M->236M(1024M) 28.310ms
[2024-09-04T12:23:55.658+0530][gc,cpu      ] GC(125) User=0.05s Sys=0.08s Real=0.02s
[2024-09-04T12:25:25.839+0530][gc,start    ] GC(126) Pause Young (Normal) (G1 Evacuation Pause)
[2024-09-04T12:25:25.841+0530][gc,task     ] GC(126) Using 8 workers of 8 for evacuation
[2024-09-04T12:25:25.851+0530][gc,phases   ] GC(126)   Pre Evacuate Collection Set: 0.2ms
[2024-09-04T12:25:25.851+0530][gc,phases   ] GC(126)   Merge Heap Roots: 0.1ms
[2024-09-04T12:25:25.851+0530][gc,phases   ] GC(126)   Evacuate Collection Set: 9.2ms
[2024-09-04T12:25:25.851+0530][gc,phases   ] GC(126)   Post Evacuate Collection Set: 0.4ms
[2024-09-04T12:25:25.851+0530][gc,phases   ] GC(126)   Other: 2.3ms
[2024-09-04T12:25:25.851+0530][gc,heap     ] GC(126) Eden regions: 42->0(83)
[2024-09-04T12:25:25.851+0530][gc,heap     ] GC(126) Survivor regions: 9->4(7)
[2024-09-04T12:25:25.851+0530][gc,heap     ] GC(126) Old regions: 98->100
[2024-09-04T12:25:25.851+0530][gc,heap     ] GC(126) Archive regions: 2->2
[2024-09-04T12:25:25.851+0530][gc,heap     ] GC(126) Humongous regions: 129->129
[2024-09-04T12:25:25.851+0530][gc,metaspace] GC(126) Metaspace: 47281K(48128K)->47281K(48128K) NonClass: 41647K(42112K)->41647K(42112K) Class: 5634K(6016K)->5634K(6016K)
[2024-09-04T12:25:25.851+0530][gc          ] GC(126) Pause Young (Normal) (G1 Evacuation Pause) 278M->232M(1024M) 12.412ms
[2024-09-04T12:25:25.851+0530][gc,cpu      ] GC(126) User=0.03s Sys=0.01s Real=0.02s
[2024-09-04T12:28:23.303+0530][gc,start    ] GC(127) Pause Young (Normal) (G1 Evacuation Pause)
[2024-09-04T12:28:23.305+0530][gc,task     ] GC(127) Using 8 workers of 8 for evacuation
[2024-09-04T12:28:23.309+0530][gc,phases   ] GC(127)   Pre Evacuate Collection Set: 0.3ms
[2024-09-04T12:28:23.309+0530][gc,phases   ] GC(127)   Merge Heap Roots: 0.1ms
[2024-09-04T12:28:23.309+0530][gc,phases   ] GC(127)   Evacuate Collection Set: 3.5ms
[2024-09-04T12:28:23.309+0530][gc,phases   ] GC(127)   Post Evacuate Collection Set: 0.4ms
[2024-09-04T12:28:23.309+0530][gc,phases   ] GC(127)   Other: 2.3ms
[2024-09-04T12:28:23.309+0530][gc,heap     ] GC(127) Eden regions: 83->0(135)
[2024-09-04T12:28:23.309+0530][gc,heap     ] GC(127) Survivor regions: 4->3(11)
[2024-09-04T12:28:23.309+0530][gc,heap     ] GC(127) Old regions: 100->100
[2024-09-04T12:28:23.309+0530][gc,heap     ] GC(127) Archive regions: 2->2
[2024-09-04T12:28:23.309+0530][gc,heap     ] GC(127) Humongous regions: 129->129
[2024-09-04T12:28:23.309+0530][gc,metaspace] GC(127) Metaspace: 47281K(48128K)->47281K(48128K) NonClass: 41647K(42112K)->41647K(42112K) Class: 5634K(6016K)->5634K(6016K)
[2024-09-04T12:28:23.310+0530][gc          ] GC(127) Pause Young (Normal) (G1 Evacuation Pause) 315M->231M(1024M) 6.756ms
[2024-09-04T12:28:23.310+0530][gc,cpu      ] GC(127) User=0.03s Sys=0.00s Real=0.01s
[2024-09-04T12:33:13.267+0530][gc,start    ] GC(128) Pause Young (Normal) (G1 Evacuation Pause)
[2024-09-04T12:33:13.269+0530][gc,task     ] GC(128) Using 8 workers of 8 for evacuation
[2024-09-04T12:33:13.286+0530][gc,phases   ] GC(128)   Pre Evacuate Collection Set: 0.2ms
[2024-09-04T12:33:13.286+0530][gc,phases   ] GC(128)   Merge Heap Roots: 0.2ms
[2024-09-04T12:33:13.286+0530][gc,phases   ] GC(128)   Evacuate Collection Set: 16.0ms
[2024-09-04T12:33:13.286+0530][gc,phases   ] GC(128)   Post Evacuate Collection Set: 0.5ms
[2024-09-04T12:33:13.286+0530][gc,phases   ] GC(128)   Other: 2.3ms
[2024-09-04T12:33:13.286+0530][gc,heap     ] GC(128) Eden regions: 135->0(86)
[2024-09-04T12:33:13.286+0530][gc,heap     ] GC(128) Survivor regions: 3->5(18)
[2024-09-04T12:33:13.286+0530][gc,heap     ] GC(128) Old regions: 100->100
[2024-09-04T12:33:13.286+0530][gc,heap     ] GC(128) Archive regions: 2->2
[2024-09-04T12:33:13.286+0530][gc,heap     ] GC(128) Humongous regions: 129->129
[2024-09-04T12:33:13.286+0530][gc,metaspace] GC(128) Metaspace: 47281K(48128K)->47281K(48128K) NonClass: 41647K(42112K)->41647K(42112K) Class: 5634K(6016K)->5634K(6016K)
[2024-09-04T12:33:13.286+0530][gc          ] GC(128) Pause Young (Normal) (G1 Evacuation Pause) 366M->234M(1024M) 19.277ms
[2024-09-04T12:33:13.286+0530][gc,cpu      ] GC(128) User=0.04s Sys=0.05s Real=0.02s
[2024-09-04T12:36:13.714+0530][gc,start    ] GC(129) Pause Young (Normal) (G1 Evacuation Pause)
[2024-09-04T12:36:13.716+0530][gc,task     ] GC(129) Using 8 workers of 8 for evacuation
[2024-09-04T12:36:13.726+0530][gc,phases   ] GC(129)   Pre Evacuate Collection Set: 0.2ms
[2024-09-04T12:36:13.726+0530][gc,phases   ] GC(129)   Merge Heap Roots: 0.1ms
[2024-09-04T12:36:13.726+0530][gc,phases   ] GC(129)   Evacuate Collection Set: 9.5ms
[2024-09-04T12:36:13.726+0530][gc,phases   ] GC(129)   Post Evacuate Collection Set: 0.3ms
[2024-09-04T12:36:13.726+0530][gc,phases   ] GC(129)   Other: 2.2ms
[2024-09-04T12:36:13.726+0530][gc,heap     ] GC(129) Eden regions: 86->0(39)
[2024-09-04T12:36:13.726+0530][gc,heap     ] GC(129) Survivor regions: 5->12(12)
[2024-09-04T12:36:13.726+0530][gc,heap     ] GC(129) Old regions: 100->100
[2024-09-04T12:36:13.726+0530][gc,heap     ] GC(129) Archive regions: 2->2
[2024-09-04T12:36:13.726+0530][gc,heap     ] GC(129) Humongous regions: 129->129
[2024-09-04T12:36:13.726+0530][gc,metaspace] GC(129) Metaspace: 47281K(48128K)->47281K(48128K) NonClass: 41647K(42112K)->41647K(42112K) Class: 5634K(6016K)->5634K(6016K)
[2024-09-04T12:36:13.726+0530][gc          ] GC(129) Pause Young (Normal) (G1 Evacuation Pause) 320M->241M(1024M) 12.467ms
[2024-09-04T12:36:13.726+0530][gc,cpu      ] GC(129) User=0.06s Sys=0.00s Real=0.01s
[2024-09-04T12:37:37.390+0530][gc,start    ] GC(130) Pause Young (Normal) (G1 Evacuation Pause)
[2024-09-04T12:37:37.392+0530][gc,task     ] GC(130) Using 8 workers of 8 for evacuation
[2024-09-04T12:37:37.431+0530][gc,mmu      ] GC(130) MMU target violated: 21.0ms (20.0ms/21.0ms)
[2024-09-04T12:37:37.431+0530][gc,phases   ] GC(130)   Pre Evacuate Collection Set: 0.2ms
[2024-09-04T12:37:37.431+0530][gc,phases   ] GC(130)   Merge Heap Roots: 0.1ms
[2024-09-04T12:37:37.431+0530][gc,phases   ] GC(130)   Evacuate Collection Set: 38.7ms
[2024-09-04T12:37:37.431+0530][gc,phases   ] GC(130)   Post Evacuate Collection Set: 0.4ms
[2024-09-04T12:37:37.431+0530][gc,phases   ] GC(130)   Other: 2.2ms
[2024-09-04T12:37:37.431+0530][gc,heap     ] GC(130) Eden regions: 39->0(47)
[2024-09-04T12:37:37.431+0530][gc,heap     ] GC(130) Survivor regions: 12->4(7)
[2024-09-04T12:37:37.431+0530][gc,heap     ] GC(130) Old regions: 100->105
[2024-09-04T12:37:37.431+0530][gc,heap     ] GC(130) Archive regions: 2->2
[2024-09-04T12:37:37.431+0530][gc,heap     ] GC(130) Humongous regions: 129->129
[2024-09-04T12:37:37.431+0530][gc,metaspace] GC(130) Metaspace: 47281K(48128K)->47281K(48128K) NonClass: 41647K(42112K)->41647K(42112K) Class: 5634K(6016K)->5634K(6016K)
[2024-09-04T12:37:37.431+0530][gc          ] GC(130) Pause Young (Normal) (G1 Evacuation Pause) 280M->238M(1024M) 41.662ms
[2024-09-04T12:37:37.431+0530][gc,cpu      ] GC(130) User=0.05s Sys=0.07s Real=0.04s
[2024-09-04T12:39:17.403+0530][gc,start    ] GC(131) Pause Young (Normal) (G1 Evacuation Pause)
[2024-09-04T12:39:17.405+0530][gc,task     ] GC(131) Using 8 workers of 8 for evacuation
[2024-09-04T12:39:17.412+0530][gc,phases   ] GC(131)   Pre Evacuate Collection Set: 0.3ms
[2024-09-04T12:39:17.412+0530][gc,phases   ] GC(131)   Merge Heap Roots: 0.1ms
[2024-09-04T12:39:17.412+0530][gc,phases   ] GC(131)   Evacuate Collection Set: 6.0ms
[2024-09-04T12:39:17.412+0530][gc,phases   ] GC(131)   Post Evacuate Collection Set: 0.4ms
[2024-09-04T12:39:17.412+0530][gc,phases   ] GC(131)   Other: 2.2ms
[2024-09-04T12:39:17.412+0530][gc,heap     ] GC(131) Eden regions: 47->0(44)
[2024-09-04T12:39:17.412+0530][gc,heap     ] GC(131) Survivor regions: 4->7(7)
[2024-09-04T12:39:17.412+0530][gc,heap     ] GC(131) Old regions: 105->105
[2024-09-04T12:39:17.412+0530][gc,heap     ] GC(131) Archive regions: 2->2
[2024-09-04T12:39:17.412+0530][gc,heap     ] GC(131) Humongous regions: 129->129
[2024-09-04T12:39:17.412+0530][gc,metaspace] GC(131) Metaspace: 47281K(48128K)->47281K(48128K) NonClass: 41647K(42112K)->41647K(42112K) Class: 5634K(6016K)->5634K(6016K)
[2024-09-04T12:39:17.412+0530][gc          ] GC(131) Pause Young (Normal) (G1 Evacuation Pause) 285M->240M(1024M) 9.303ms
[2024-09-04T12:39:17.412+0530][gc,cpu      ] GC(131) User=0.05s Sys=0.01s Real=0.01s
[2024-09-04T12:40:50.426+0530][gc,start    ] GC(132) Pause Young (Normal) (G1 Evacuation Pause)
[2024-09-04T12:40:50.427+0530][gc,task     ] GC(132) Using 8 workers of 8 for evacuation
[2024-09-04T12:40:50.434+0530][gc,phases   ] GC(132)   Pre Evacuate Collection Set: 0.2ms
[2024-09-04T12:40:50.434+0530][gc,phases   ] GC(132)   Merge Heap Roots: 0.1ms
[2024-09-04T12:40:50.434+0530][gc,phases   ] GC(132)   Evacuate Collection Set: 7.0ms
[2024-09-04T12:40:50.434+0530][gc,phases   ] GC(132)   Post Evacuate Collection Set: 0.4ms
[2024-09-04T12:40:50.434+0530][gc,phases   ] GC(132)   Other: 0.6ms
[2024-09-04T12:40:50.435+0530][gc,heap     ] GC(132) Eden regions: 44->0(90)
[2024-09-04T12:40:50.435+0530][gc,heap     ] GC(132) Survivor regions: 7->2(7)
[2024-09-04T12:40:50.435+0530][gc,heap     ] GC(132) Old regions: 105->107
[2024-09-04T12:40:50.435+0530][gc,heap     ] GC(132) Archive regions: 2->2
[2024-09-04T12:40:50.435+0530][gc,heap     ] GC(132) Humongous regions: 129->129
[2024-09-04T12:40:50.435+0530][gc,metaspace] GC(132) Metaspace: 47281K(48128K)->47281K(48128K) NonClass: 41647K(42112K)->41647K(42112K) Class: 5634K(6016K)->5634K(6016K)
[2024-09-04T12:40:50.435+0530][gc          ] GC(132) Pause Young (Normal) (G1 Evacuation Pause) 284M->237M(1024M) 8.426ms
[2024-09-04T12:40:50.435+0530][gc,cpu      ] GC(132) User=0.02s Sys=0.02s Real=0.01s
[2024-09-04T12:44:02.197+0530][gc,start    ] GC(133) Pause Young (Normal) (G1 Evacuation Pause)
[2024-09-04T12:44:02.198+0530][gc,task     ] GC(133) Using 8 workers of 8 for evacuation
[2024-09-04T12:44:02.219+0530][gc,mmu      ] GC(133) MMU target violated: 20.3ms (20.0ms/21.0ms)
[2024-09-04T12:44:02.219+0530][gc,phases   ] GC(133)   Pre Evacuate Collection Set: 0.2ms
[2024-09-04T12:44:02.219+0530][gc,phases   ] GC(133)   Merge Heap Roots: 0.1ms
[2024-09-04T12:44:02.219+0530][gc,phases   ] GC(133)   Evacuate Collection Set: 19.5ms
[2024-09-04T12:44:02.219+0530][gc,phases   ] GC(133)   Post Evacuate Collection Set: 0.5ms
[2024-09-04T12:44:02.219+0530][gc,phases   ] GC(133)   Other: 2.1ms
[2024-09-04T12:44:02.219+0530][gc,heap     ] GC(133) Eden regions: 90->0(43)
[2024-09-04T12:44:02.219+0530][gc,heap     ] GC(133) Survivor regions: 2->8(12)
[2024-09-04T12:44:02.219+0530][gc,heap     ] GC(133) Old regions: 107->107
[2024-09-04T12:44:02.219+0530][gc,heap     ] GC(133) Archive regions: 2->2
[2024-09-04T12:44:02.219+0530][gc,heap     ] GC(133) Humongous regions: 129->129
[2024-09-04T12:44:02.219+0530][gc,metaspace] GC(133) Metaspace: 47282K(48128K)->47282K(48128K) NonClass: 41647K(42112K)->41647K(42112K) Class: 5634K(6016K)->5634K(6016K)
[2024-09-04T12:44:02.219+0530][gc          ] GC(133) Pause Young (Normal) (G1 Evacuation Pause) 327M->243M(1024M) 22.529ms
[2024-09-04T12:44:02.219+0530][gc,cpu      ] GC(133) User=0.06s Sys=0.06s Real=0.02s
[2024-09-04T12:45:34.350+0530][gc,start    ] GC(134) Pause Young (Normal) (G1 Evacuation Pause)
[2024-09-04T12:45:34.352+0530][gc,task     ] GC(134) Using 8 workers of 8 for evacuation
[2024-09-04T12:45:34.376+0530][gc,mmu      ] GC(134) MMU target violated: 21.0ms (20.0ms/21.0ms)
[2024-09-04T12:45:34.376+0530][gc,phases   ] GC(134)   Pre Evacuate Collection Set: 0.2ms
[2024-09-04T12:45:34.376+0530][gc,phases   ] GC(134)   Merge Heap Roots: 0.1ms
[2024-09-04T12:45:34.376+0530][gc,phases   ] GC(134)   Evacuate Collection Set: 22.4ms
[2024-09-04T12:45:34.376+0530][gc,phases   ] GC(134)   Post Evacuate Collection Set: 0.5ms
[2024-09-04T12:45:34.377+0530][gc,phases   ] GC(134)   Other: 3.2ms
[2024-09-04T12:45:34.377+0530][gc,heap     ] GC(134) Eden regions: 43->0(50)
[2024-09-04T12:45:34.377+0530][gc,heap     ] GC(134) Survivor regions: 8->2(7)
[2024-09-04T12:45:34.377+0530][gc,heap     ] GC(134) Old regions: 107->109
[2024-09-04T12:45:34.377+0530][gc,heap     ] GC(134) Archive regions: 2->2
[2024-09-04T12:45:34.377+0530][gc,heap     ] GC(134) Humongous regions: 129->129
[2024-09-04T12:45:34.377+0530][gc,metaspace] GC(134) Metaspace: 47282K(48128K)->47282K(48128K) NonClass: 41647K(42112K)->41647K(42112K) Class: 5634K(6016K)->5634K(6016K)
[2024-09-04T12:45:34.377+0530][gc          ] GC(134) Pause Young (Normal) (G1 Evacuation Pause) 286M->239M(1024M) 26.531ms
[2024-09-04T12:45:34.377+0530][gc,cpu      ] GC(134) User=0.03s Sys=0.03s Real=0.02s
[2024-09-04T12:47:20.614+0530][gc,start    ] GC(135) Pause Young (Normal) (G1 Evacuation Pause)
[2024-09-04T12:47:20.616+0530][gc,task     ] GC(135) Using 8 workers of 8 for evacuation
[2024-09-04T12:47:20.628+0530][gc,phases   ] GC(135)   Pre Evacuate Collection Set: 0.3ms
[2024-09-04T12:47:20.628+0530][gc,phases   ] GC(135)   Merge Heap Roots: 0.1ms
[2024-09-04T12:47:20.628+0530][gc,phases   ] GC(135)   Evacuate Collection Set: 10.4ms
[2024-09-04T12:47:20.628+0530][gc,phases   ] GC(135)   Post Evacuate Collection Set: 0.4ms
[2024-09-04T12:47:20.628+0530][gc,phases   ] GC(135)   Other: 2.3ms
[2024-09-04T12:47:20.628+0530][gc,heap     ] GC(135) Eden regions: 50->0(45)
[2024-09-04T12:47:20.628+0530][gc,heap     ] GC(135) Survivor regions: 2->6(7)
[2024-09-04T12:47:20.628+0530][gc,heap     ] GC(135) Old regions: 109->109
[2024-09-04T12:47:20.628+0530][gc,heap     ] GC(135) Archive regions: 2->2
[2024-09-04T12:47:20.628+0530][gc,heap     ] GC(135) Humongous regions: 129->129
[2024-09-04T12:47:20.628+0530][gc,metaspace] GC(135) Metaspace: 47283K(48128K)->47283K(48128K) NonClass: 41648K(42112K)->41648K(42112K) Class: 5634K(6016K)->5634K(6016K)
[2024-09-04T12:47:20.628+0530][gc          ] GC(135) Pause Young (Normal) (G1 Evacuation Pause) 289M->243M(1024M) 13.718ms
[2024-09-04T12:47:20.628+0530][gc,cpu      ] GC(135) User=0.05s Sys=0.03s Real=0.01s
[2024-09-04T12:48:56.546+0530][gc,start    ] GC(136) Pause Young (Normal) (G1 Evacuation Pause)
[2024-09-04T12:48:56.548+0530][gc,task     ] GC(136) Using 8 workers of 8 for evacuation
[2024-09-04T12:48:56.570+0530][gc,mmu      ] GC(136) MMU target violated: 21.0ms (20.0ms/21.0ms)
[2024-09-04T12:48:56.570+0530][gc,phases   ] GC(136)   Pre Evacuate Collection Set: 0.2ms
[2024-09-04T12:48:56.570+0530][gc,phases   ] GC(136)   Merge Heap Roots: 0.1ms
[2024-09-04T12:48:56.570+0530][gc,phases   ] GC(136)   Evacuate Collection Set: 21.7ms
[2024-09-04T12:48:56.570+0530][gc,phases   ] GC(136)   Post Evacuate Collection Set: 0.4ms
[2024-09-04T12:48:56.570+0530][gc,phases   ] GC(136)   Other: 2.3ms
[2024-09-04T12:48:56.570+0530][gc,heap     ] GC(136) Eden regions: 45->0(47)
[2024-09-04T12:48:56.570+0530][gc,heap     ] GC(136) Survivor regions: 6->4(7)
[2024-09-04T12:48:56.570+0530][gc,heap     ] GC(136) Old regions: 109->114
[2024-09-04T12:48:56.570+0530][gc,heap     ] GC(136) Archive regions: 2->2
[2024-09-04T12:48:56.570+0530][gc,heap     ] GC(136) Humongous regions: 129->129
[2024-09-04T12:48:56.570+0530][gc,metaspace] GC(136) Metaspace: 47283K(48128K)->47283K(48128K) NonClass: 41648K(42112K)->41648K(42112K) Class: 5634K(6016K)->5634K(6016K)
[2024-09-04T12:48:56.570+0530][gc          ] GC(136) Pause Young (Normal) (G1 Evacuation Pause) 288M->247M(1024M) 24.749ms
[2024-09-04T12:48:56.570+0530][gc,cpu      ] GC(136) User=0.04s Sys=0.04s Real=0.03s
[2024-09-04T12:50:38.218+0530][gc,start    ] GC(137) Pause Young (Normal) (G1 Evacuation Pause)
[2024-09-04T12:50:38.220+0530][gc,task     ] GC(137) Using 8 workers of 8 for evacuation
[2024-09-04T12:50:38.226+0530][gc,phases   ] GC(137)   Pre Evacuate Collection Set: 0.3ms
[2024-09-04T12:50:38.226+0530][gc,phases   ] GC(137)   Merge Heap Roots: 0.1ms
[2024-09-04T12:50:38.226+0530][gc,phases   ] GC(137)   Evacuate Collection Set: 5.0ms
[2024-09-04T12:50:38.226+0530][gc,phases   ] GC(137)   Post Evacuate Collection Set: 0.4ms
[2024-09-04T12:50:38.226+0530][gc,phases   ] GC(137)   Other: 2.3ms
[2024-09-04T12:50:38.226+0530][gc,heap     ] GC(137) Eden regions: 47->0(46)
[2024-09-04T12:50:38.226+0530][gc,heap     ] GC(137) Survivor regions: 4->5(7)
[2024-09-04T12:50:38.226+0530][gc,heap     ] GC(137) Old regions: 114->114
[2024-09-04T12:50:38.226+0530][gc,heap     ] GC(137) Archive regions: 2->2
[2024-09-04T12:50:38.226+0530][gc,heap     ] GC(137) Humongous regions: 129->129
[2024-09-04T12:50:38.226+0530][gc,metaspace] GC(137) Metaspace: 47283K(48128K)->47283K(48128K) NonClass: 41648K(42112K)->41648K(42112K) Class: 5634K(6016K)->5634K(6016K)
[2024-09-04T12:50:38.226+0530][gc          ] GC(137) Pause Young (Normal) (G1 Evacuation Pause) 294M->247M(1024M) 8.251ms
[2024-09-04T12:50:38.227+0530][gc,cpu      ] GC(137) User=0.03s Sys=0.00s Real=0.01s
[2024-09-04T12:52:15.870+0530][gc,start    ] GC(138) Pause Young (Normal) (G1 Evacuation Pause)
[2024-09-04T12:52:15.872+0530][gc,task     ] GC(138) Using 8 workers of 8 for evacuation
[2024-09-04T12:52:15.890+0530][gc,phases   ] GC(138)   Pre Evacuate Collection Set: 1.6ms
[2024-09-04T12:52:15.890+0530][gc,phases   ] GC(138)   Merge Heap Roots: 0.5ms
[2024-09-04T12:52:15.890+0530][gc,phases   ] GC(138)   Evacuate Collection Set: 13.9ms
[2024-09-04T12:52:15.890+0530][gc,phases   ] GC(138)   Post Evacuate Collection Set: 1.8ms
[2024-09-04T12:52:15.890+0530][gc,phases   ] GC(138)   Other: 2.5ms
[2024-09-04T12:52:15.890+0530][gc,heap     ] GC(138) Eden regions: 46->0(44)
[2024-09-04T12:52:15.890+0530][gc,heap     ] GC(138) Survivor regions: 5->7(7)
[2024-09-04T12:52:15.890+0530][gc,heap     ] GC(138) Old regions: 114->115
[2024-09-04T12:52:15.890+0530][gc,heap     ] GC(138) Archive regions: 2->2
[2024-09-04T12:52:15.890+0530][gc,heap     ] GC(138) Humongous regions: 129->129
[2024-09-04T12:52:15.890+0530][gc,metaspace] GC(138) Metaspace: 47290K(48128K)->47290K(48128K) NonClass: 41655K(42112K)->41655K(42112K) Class: 5634K(6016K)->5634K(6016K)
[2024-09-04T12:52:15.890+0530][gc          ] GC(138) Pause Young (Normal) (G1 Evacuation Pause) 293M->251M(1024M) 20.363ms
[2024-09-04T12:52:15.890+0530][gc,cpu      ] GC(138) User=0.05s Sys=0.04s Real=0.02s
[2024-09-04T12:53:49.427+0530][gc,start    ] GC(139) Pause Young (Normal) (G1 Evacuation Pause)
[2024-09-04T12:53:49.429+0530][gc,task     ] GC(139) Using 8 workers of 8 for evacuation
[2024-09-04T12:53:49.435+0530][gc,phases   ] GC(139)   Pre Evacuate Collection Set: 0.3ms
[2024-09-04T12:53:49.436+0530][gc,phases   ] GC(139)   Merge Heap Roots: 0.1ms
[2024-09-04T12:53:49.436+0530][gc,phases   ] GC(139)   Evacuate Collection Set: 5.8ms
[2024-09-04T12:53:49.436+0530][gc,phases   ] GC(139)   Post Evacuate Collection Set: 0.4ms
[2024-09-04T12:53:49.436+0530][gc,phases   ] GC(139)   Other: 2.2ms
[2024-09-04T12:53:49.436+0530][gc,heap     ] GC(139) Eden regions: 44->0(95)
[2024-09-04T12:53:49.436+0530][gc,heap     ] GC(139) Survivor regions: 7->3(7)
[2024-09-04T12:53:49.436+0530][gc,heap     ] GC(139) Old regions: 115->116
[2024-09-04T12:53:49.436+0530][gc,heap     ] GC(139) Archive regions: 2->2
[2024-09-04T12:53:49.436+0530][gc,heap     ] GC(139) Humongous regions: 129->129
[2024-09-04T12:53:49.436+0530][gc,metaspace] GC(139) Metaspace: 47290K(48128K)->47290K(48128K) NonClass: 41655K(42112K)->41655K(42112K) Class: 5634K(6016K)->5634K(6016K)
[2024-09-04T12:53:49.436+0530][gc          ] GC(139) Pause Young (Normal) (G1 Evacuation Pause) 295M->247M(1024M) 9.031ms
[2024-09-04T12:53:49.436+0530][gc,cpu      ] GC(139) User=0.03s Sys=0.01s Real=0.01s
[2024-09-04T12:57:12.882+0530][gc,start    ] GC(140) Pause Young (Normal) (G1 Evacuation Pause)
[2024-09-04T12:57:12.884+0530][gc,task     ] GC(140) Using 8 workers of 8 for evacuation
[2024-09-04T12:57:12.918+0530][gc,mmu      ] GC(140) MMU target violated: 21.0ms (20.0ms/21.0ms)
[2024-09-04T12:57:12.918+0530][gc,phases   ] GC(140)   Pre Evacuate Collection Set: 0.5ms
[2024-09-04T12:57:12.918+0530][gc,phases   ] GC(140)   Merge Heap Roots: 0.2ms
[2024-09-04T12:57:12.918+0530][gc,phases   ] GC(140)   Evacuate Collection Set: 32.1ms
[2024-09-04T12:57:12.918+0530][gc,phases   ] GC(140)   Post Evacuate Collection Set: 0.6ms
[2024-09-04T12:57:12.918+0530][gc,phases   ] GC(140)   Other: 2.2ms
[2024-09-04T12:57:12.918+0530][gc,heap     ] GC(140) Eden regions: 95->0(41)
[2024-09-04T12:57:12.918+0530][gc,heap     ] GC(140) Survivor regions: 3->10(13)
[2024-09-04T12:57:12.918+0530][gc,heap     ] GC(140) Old regions: 116->116
[2024-09-04T12:57:12.918+0530][gc,heap     ] GC(140) Archive regions: 2->2
[2024-09-04T12:57:12.918+0530][gc,heap     ] GC(140) Humongous regions: 129->129
[2024-09-04T12:57:12.918+0530][gc,metaspace] GC(140) Metaspace: 47294K(48128K)->47294K(48128K) NonClass: 41659K(42112K)->41659K(42112K) Class: 5634K(6016K)->5634K(6016K)
[2024-09-04T12:57:12.918+0530][gc          ] GC(140) Pause Young (Normal) (G1 Evacuation Pause) 342M->254M(1024M) 35.580ms
[2024-09-04T12:57:12.918+0530][gc,cpu      ] GC(140) User=0.05s Sys=0.08s Real=0.03s
[2024-09-04T12:58:40.799+0530][gc,start    ] GC(141) Pause Young (Normal) (G1 Evacuation Pause)
[2024-09-04T12:58:40.801+0530][gc,task     ] GC(141) Using 8 workers of 8 for evacuation
[2024-09-04T12:58:40.819+0530][gc,phases   ] GC(141)   Pre Evacuate Collection Set: 0.2ms
[2024-09-04T12:58:40.819+0530][gc,phases   ] GC(141)   Merge Heap Roots: 0.1ms
[2024-09-04T12:58:40.819+0530][gc,phases   ] GC(141)   Evacuate Collection Set: 16.5ms
[2024-09-04T12:58:40.819+0530][gc,phases   ] GC(141)   Post Evacuate Collection Set: 0.4ms
[2024-09-04T12:58:40.819+0530][gc,phases   ] GC(141)   Other: 2.4ms
[2024-09-04T12:58:40.819+0530][gc,heap     ] GC(141) Eden regions: 41->0(57)
[2024-09-04T12:58:40.819+0530][gc,heap     ] GC(141) Survivor regions: 10->4(7)
[2024-09-04T12:58:40.819+0530][gc,heap     ] GC(141) Old regions: 116->118
[2024-09-04T12:58:40.819+0530][gc,heap     ] GC(141) Archive regions: 2->2
[2024-09-04T12:58:40.819+0530][gc,heap     ] GC(141) Humongous regions: 129->129
[2024-09-04T12:58:40.819+0530][gc,metaspace] GC(141) Metaspace: 47294K(48128K)->47294K(48128K) NonClass: 41659K(42112K)->41659K(42112K) Class: 5634K(6016K)->5634K(6016K)
[2024-09-04T12:58:40.819+0530][gc          ] GC(141) Pause Young (Normal) (G1 Evacuation Pause) 295M->251M(1024M) 19.777ms
[2024-09-04T12:58:40.819+0530][gc,cpu      ] GC(141) User=0.03s Sys=0.03s Real=0.02s
[2024-09-04T13:00:42.534+0530][gc,start    ] GC(142) Pause Young (Normal) (G1 Evacuation Pause)
[2024-09-04T13:00:42.534+0530][gc,task     ] GC(142) Using 8 workers of 8 for evacuation
[2024-09-04T13:00:42.539+0530][gc,phases   ] GC(142)   Pre Evacuate Collection Set: 0.1ms
[2024-09-04T13:00:42.539+0530][gc,phases   ] GC(142)   Merge Heap Roots: 0.1ms
[2024-09-04T13:00:42.539+0530][gc,phases   ] GC(142)   Evacuate Collection Set: 4.3ms
[2024-09-04T13:00:42.539+0530][gc,phases   ] GC(142)   Post Evacuate Collection Set: 0.3ms
[2024-09-04T13:00:42.539+0530][gc,phases   ] GC(142)   Other: 0.2ms
[2024-09-04T13:00:42.539+0530][gc,heap     ] GC(142) Eden regions: 57->0(44)
[2024-09-04T13:00:42.539+0530][gc,heap     ] GC(142) Survivor regions: 4->7(8)
[2024-09-04T13:00:42.539+0530][gc,heap     ] GC(142) Old regions: 118->118
[2024-09-04T13:00:42.539+0530][gc,heap     ] GC(142) Archive regions: 2->2
[2024-09-04T13:00:42.539+0530][gc,heap     ] GC(142) Humongous regions: 129->129
[2024-09-04T13:00:42.539+0530][gc,metaspace] GC(142) Metaspace: 47294K(48128K)->47294K(48128K) NonClass: 41659K(42112K)->41659K(42112K) Class: 5634K(6016K)->5634K(6016K)
[2024-09-04T13:00:42.539+0530][gc          ] GC(142) Pause Young (Normal) (G1 Evacuation Pause) 308M->254M(1024M) 5.111ms
[2024-09-04T13:00:42.539+0530][gc,cpu      ] GC(142) User=0.03s Sys=0.00s Real=0.00s
[2024-09-04T13:02:15.016+0530][gc,start    ] GC(143) Pause Young (Normal) (G1 Evacuation Pause)
[2024-09-04T13:02:15.016+0530][gc,task     ] GC(143) Using 8 workers of 8 for evacuation
[2024-09-04T13:02:15.024+0530][gc,phases   ] GC(143)   Pre Evacuate Collection Set: 0.2ms
[2024-09-04T13:02:15.024+0530][gc,phases   ] GC(143)   Merge Heap Roots: 0.1ms
[2024-09-04T13:02:15.024+0530][gc,phases   ] GC(143)   Evacuate Collection Set: 6.9ms
[2024-09-04T13:02:15.024+0530][gc,phases   ] GC(143)   Post Evacuate Collection Set: 0.3ms
[2024-09-04T13:02:15.024+0530][gc,phases   ] GC(143)   Other: 0.3ms
[2024-09-04T13:02:15.024+0530][gc,heap     ] GC(143) Eden regions: 44->0(105)
[2024-09-04T13:02:15.024+0530][gc,heap     ] GC(143) Survivor regions: 7->2(7)
[2024-09-04T13:02:15.024+0530][gc,heap     ] GC(143) Old regions: 118->120
[2024-09-04T13:02:15.024+0530][gc,heap     ] GC(143) Archive regions: 2->2
[2024-09-04T13:02:15.024+0530][gc,heap     ] GC(143) Humongous regions: 129->129
[2024-09-04T13:02:15.024+0530][gc,metaspace] GC(143) Metaspace: 47294K(48128K)->47294K(48128K) NonClass: 41659K(42112K)->41659K(42112K) Class: 5634K(6016K)->5634K(6016K)
[2024-09-04T13:02:15.024+0530][gc          ] GC(143) Pause Young (Normal) (G1 Evacuation Pause) 298M->251M(1024M) 7.946ms
[2024-09-04T13:02:15.024+0530][gc,cpu      ] GC(143) User=0.02s Sys=0.01s Real=0.01s
[2024-09-04T13:05:59.960+0530][gc,start    ] GC(144) Pause Young (Normal) (G1 Evacuation Pause)
[2024-09-04T13:05:59.962+0530][gc,task     ] GC(144) Using 8 workers of 8 for evacuation
[2024-09-04T13:05:59.970+0530][gc,phases   ] GC(144)   Pre Evacuate Collection Set: 0.2ms
[2024-09-04T13:05:59.970+0530][gc,phases   ] GC(144)   Merge Heap Roots: 0.1ms
[2024-09-04T13:05:59.970+0530][gc,phases   ] GC(144)   Evacuate Collection Set: 6.9ms
[2024-09-04T13:05:59.970+0530][gc,phases   ] GC(144)   Post Evacuate Collection Set: 0.4ms
[2024-09-04T13:05:59.970+0530][gc,phases   ] GC(144)   Other: 2.3ms
[2024-09-04T13:05:59.970+0530][gc,heap     ] GC(144) Eden regions: 105->0(108)
[2024-09-04T13:05:59.970+0530][gc,heap     ] GC(144) Survivor regions: 2->3(14)
[2024-09-04T13:05:59.970+0530][gc,heap     ] GC(144) Old regions: 120->120
[2024-09-04T13:05:59.970+0530][gc,heap     ] GC(144) Archive regions: 2->2
[2024-09-04T13:05:59.970+0530][gc,heap     ] GC(144) Humongous regions: 129->129
[2024-09-04T13:05:59.970+0530][gc,metaspace] GC(144) Metaspace: 47296K(48128K)->47296K(48128K) NonClass: 41661K(42112K)->41661K(42112K) Class: 5634K(6016K)->5634K(6016K)
[2024-09-04T13:05:59.970+0530][gc          ] GC(144) Pause Young (Normal) (G1 Evacuation Pause) 356M->251M(1024M) 10.145ms
[2024-09-04T13:05:59.970+0530][gc,cpu      ] GC(144) User=0.02s Sys=0.01s Real=0.01s
[2024-09-04T13:09:55.637+0530][gc,start    ] GC(145) Pause Young (Normal) (G1 Evacuation Pause)
[2024-09-04T13:09:55.639+0530][gc,task     ] GC(145) Using 8 workers of 8 for evacuation
[2024-09-04T13:09:55.749+0530][gc,mmu      ] GC(145) MMU target violated: 21.0ms (20.0ms/21.0ms)
[2024-09-04T13:09:55.749+0530][gc,phases   ] GC(145)   Pre Evacuate Collection Set: 25.1ms
[2024-09-04T13:09:55.749+0530][gc,phases   ] GC(145)   Merge Heap Roots: 1.2ms
[2024-09-04T13:09:55.749+0530][gc,phases   ] GC(145)   Evacuate Collection Set: 80.8ms
[2024-09-04T13:09:55.749+0530][gc,phases   ] GC(145)   Post Evacuate Collection Set: 2.1ms
[2024-09-04T13:09:55.749+0530][gc,phases   ] GC(145)   Other: 2.9ms
[2024-09-04T13:09:55.749+0530][gc,heap     ] GC(145) Eden regions: 108->0(40)
[2024-09-04T13:09:55.749+0530][gc,heap     ] GC(145) Survivor regions: 3->11(14)
[2024-09-04T13:09:55.749+0530][gc,heap     ] GC(145) Old regions: 120->120
[2024-09-04T13:09:55.749+0530][gc,heap     ] GC(145) Archive regions: 2->2
[2024-09-04T13:09:55.749+0530][gc,heap     ] GC(145) Humongous regions: 129->129
[2024-09-04T13:09:55.749+0530][gc,metaspace] GC(145) Metaspace: 47296K(48128K)->47296K(48128K) NonClass: 41661K(42112K)->41661K(42112K) Class: 5634K(6016K)->5634K(6016K)
[2024-09-04T13:09:55.749+0530][gc          ] GC(145) Pause Young (Normal) (G1 Evacuation Pause) 359M->259M(1024M) 112.047ms
[2024-09-04T13:09:55.749+0530][gc,cpu      ] GC(145) User=0.07s Sys=0.30s Real=0.11s
[2024-09-04T13:10:25.916+0530][gc,heap,exit] Heap
[2024-09-04T13:10:25.923+0530][gc,heap,exit]  garbage-first heap   total 1048576K, used 291896K [0x00000007c0000000, 0x0000000800000000)
[2024-09-04T13:10:25.923+0530][gc,heap,exit]   region size 1024K, 37 young (37888K), 11 survivors (11264K)
[2024-09-04T13:10:25.923+0530][gc,heap,exit]  Metaspace       used 48175K, committed 48896K, reserved 1114112K
[2024-09-04T13:10:25.923+0530][gc,heap,exit]   class space    used 5819K, committed 6144K, reserved 1048576K
