[2024-09-04T14:59:49.870+0530][gc] Using G1
[2024-09-04T14:59:49.878+0530][gc,init] Version: 17.0.8+9-LTS-211 (release)
[2024-09-04T14:59:49.878+0530][gc,init] CPUs: 8 total, 8 available
[2024-09-04T14:59:49.878+0530][gc,init] Memory: 16384M
[2024-09-04T14:59:49.878+0530][gc,init] Large Page Support: Disabled
[2024-09-04T14:59:49.878+0530][gc,init] NUMA Support: Disabled
[2024-09-04T14:59:49.878+0530][gc,init] Compressed Oops: Enabled (Zero based)
[2024-09-04T14:59:49.878+0530][gc,init] Heap Region Size: 1M
[2024-09-04T14:59:49.878+0530][gc,init] Heap Min Capacity: 1G
[2024-09-04T14:59:49.878+0530][gc,init] Heap Initial Capacity: 1G
[2024-09-04T14:59:49.879+0530][gc,init] Heap Max Capacity: 1G
[2024-09-04T14:59:49.879+0530][gc,init] Pre-touch: Disabled
[2024-09-04T14:59:49.879+0530][gc,init] Parallel Workers: 8
[2024-09-04T14:59:49.879+0530][gc,init] Concurrent Workers: 2
[2024-09-04T14:59:49.879+0530][gc,init] Concurrent Refinement Workers: 8
[2024-09-04T14:59:49.879+0530][gc,init] Periodic GC: Disabled
[2024-09-04T14:59:49.886+0530][gc,metaspace] CDS archive(s) mapped at: [0x000000012c000000-0x000000012cbe4000-0x000000012cbe4000), size 12468224, SharedBaseAddress: 0x000000012c000000, ArchiveRelocationMode: 1.
[2024-09-04T14:59:49.886+0530][gc,metaspace] Compressed class space mapped at: 0x000000012d000000-0x000000016d000000, reserved size: 1073741824
[2024-09-04T14:59:49.887+0530][gc,metaspace] Narrow klass base: 0x000000012c000000, Narrow klass shift: 0, Narrow klass range: 0x100000000
[2024-09-04T14:59:50.864+0530][gc,start    ] GC(0) Pause Young (Normal) (G1 Evacuation Pause)
[2024-09-04T14:59:50.865+0530][gc,task     ] GC(0) Using 8 workers of 8 for evacuation
[2024-09-04T14:59:50.872+0530][gc,phases   ] GC(0)   Pre Evacuate Collection Set: 0.1ms
[2024-09-04T14:59:50.872+0530][gc,phases   ] GC(0)   Merge Heap Roots: 0.1ms
[2024-09-04T14:59:50.872+0530][gc,phases   ] GC(0)   Evacuate Collection Set: 6.0ms
[2024-09-04T14:59:50.872+0530][gc,phases   ] GC(0)   Post Evacuate Collection Set: 0.5ms
[2024-09-04T14:59:50.872+0530][gc,phases   ] GC(0)   Other: 0.6ms
[2024-09-04T14:59:50.872+0530][gc,heap     ] GC(0) Eden regions: 51->0(44)
[2024-09-04T14:59:50.872+0530][gc,heap     ] GC(0) Survivor regions: 0->7(7)
[2024-09-04T14:59:50.872+0530][gc,heap     ] GC(0) Old regions: 0->2
[2024-09-04T14:59:50.872+0530][gc,heap     ] GC(0) Archive regions: 2->2
[2024-09-04T14:59:50.872+0530][gc,heap     ] GC(0) Humongous regions: 0->0
[2024-09-04T14:59:50.872+0530][gc,metaspace] GC(0) Metaspace: 18467K(18688K)->18467K(18688K) NonClass: 16422K(16512K)->16422K(16512K) Class: 2045K(2176K)->2045K(2176K)
[2024-09-04T14:59:50.872+0530][gc          ] GC(0) Pause Young (Normal) (G1 Evacuation Pause) 51M->9M(1024M) 7.558ms
[2024-09-04T14:59:50.872+0530][gc,cpu      ] GC(0) User=0.03s Sys=0.01s Real=0.01s
[2024-09-04T14:59:51.064+0530][gc,start    ] GC(1) Pause Young (Concurrent Start) (Metadata GC Threshold)
[2024-09-04T14:59:51.065+0530][gc,task     ] GC(1) Using 8 workers of 8 for evacuation
[2024-09-04T14:59:51.070+0530][gc,phases   ] GC(1)   Pre Evacuate Collection Set: 0.1ms
[2024-09-04T14:59:51.070+0530][gc,phases   ] GC(1)   Merge Heap Roots: 0.1ms
[2024-09-04T14:59:51.070+0530][gc,phases   ] GC(1)   Evacuate Collection Set: 5.1ms
[2024-09-04T14:59:51.070+0530][gc,phases   ] GC(1)   Post Evacuate Collection Set: 0.4ms
[2024-09-04T14:59:51.070+0530][gc,phases   ] GC(1)   Other: 0.2ms
[2024-09-04T14:59:51.070+0530][gc,heap     ] GC(1) Eden regions: 14->0(49)
[2024-09-04T14:59:51.070+0530][gc,heap     ] GC(1) Survivor regions: 7->2(7)
[2024-09-04T14:59:51.070+0530][gc,heap     ] GC(1) Old regions: 2->9
[2024-09-04T14:59:51.070+0530][gc,heap     ] GC(1) Archive regions: 2->2
[2024-09-04T14:59:51.070+0530][gc,heap     ] GC(1) Humongous regions: 0->0
[2024-09-04T14:59:51.070+0530][gc,metaspace] GC(1) Metaspace: 21309K(21504K)->21309K(21504K) NonClass: 18910K(19008K)->18910K(19008K) Class: 2398K(2496K)->2398K(2496K)
[2024-09-04T14:59:51.071+0530][gc          ] GC(1) Pause Young (Concurrent Start) (Metadata GC Threshold) 22M->11M(1024M) 6.044ms
[2024-09-04T14:59:51.071+0530][gc,cpu      ] GC(1) User=0.03s Sys=0.00s Real=0.01s
[2024-09-04T14:59:51.071+0530][gc          ] GC(2) Concurrent Mark Cycle
[2024-09-04T14:59:51.071+0530][gc,marking  ] GC(2) Concurrent Clear Claimed Marks
[2024-09-04T14:59:51.071+0530][gc,marking  ] GC(2) Concurrent Clear Claimed Marks 0.015ms
[2024-09-04T14:59:51.071+0530][gc,marking  ] GC(2) Concurrent Scan Root Regions
[2024-09-04T14:59:51.073+0530][gc,marking  ] GC(2) Concurrent Scan Root Regions 2.686ms
[2024-09-04T14:59:51.073+0530][gc,marking  ] GC(2) Concurrent Mark
[2024-09-04T14:59:51.073+0530][gc,marking  ] GC(2) Concurrent Mark From Roots
[2024-09-04T14:59:51.073+0530][gc,task     ] GC(2) Using 2 workers of 2 for marking
[2024-09-04T14:59:51.075+0530][gc,marking  ] GC(2) Concurrent Mark From Roots 2.059ms
[2024-09-04T14:59:51.076+0530][gc,marking  ] GC(2) Concurrent Preclean
[2024-09-04T14:59:51.076+0530][gc,marking  ] GC(2) Concurrent Preclean 0.028ms
[2024-09-04T14:59:51.076+0530][gc,start    ] GC(2) Pause Remark
[2024-09-04T14:59:51.077+0530][gc          ] GC(2) Pause Remark 11M->11M(1024M) 1.493ms
[2024-09-04T14:59:51.077+0530][gc,cpu      ] GC(2) User=0.00s Sys=0.00s Real=0.00s
[2024-09-04T14:59:51.077+0530][gc,marking  ] GC(2) Concurrent Mark 3.889ms
[2024-09-04T14:59:51.077+0530][gc,marking  ] GC(2) Concurrent Rebuild Remembered Sets
[2024-09-04T14:59:51.080+0530][gc,marking  ] GC(2) Concurrent Rebuild Remembered Sets 2.349ms
[2024-09-04T14:59:51.080+0530][gc,start    ] GC(2) Pause Cleanup
[2024-09-04T14:59:51.080+0530][gc          ] GC(2) Pause Cleanup 11M->11M(1024M) 0.150ms
[2024-09-04T14:59:51.080+0530][gc,cpu      ] GC(2) User=0.00s Sys=0.00s Real=0.00s
[2024-09-04T14:59:51.080+0530][gc,marking  ] GC(2) Concurrent Cleanup for Next Mark
[2024-09-04T14:59:51.085+0530][gc,marking  ] GC(2) Concurrent Cleanup for Next Mark 4.762ms
[2024-09-04T14:59:51.085+0530][gc          ] GC(2) Concurrent Mark Cycle 14.293ms
[2024-09-04T14:59:51.645+0530][gc,start    ] GC(3) Pause Young (Normal) (G1 Evacuation Pause)
[2024-09-04T14:59:51.645+0530][gc,task     ] GC(3) Using 8 workers of 8 for evacuation
[2024-09-04T14:59:51.653+0530][gc,phases   ] GC(3)   Pre Evacuate Collection Set: 0.3ms
[2024-09-04T14:59:51.653+0530][gc,phases   ] GC(3)   Merge Heap Roots: 0.1ms
[2024-09-04T14:59:51.653+0530][gc,phases   ] GC(3)   Evacuate Collection Set: 6.2ms
[2024-09-04T14:59:51.653+0530][gc,phases   ] GC(3)   Post Evacuate Collection Set: 0.4ms
[2024-09-04T14:59:51.653+0530][gc,phases   ] GC(3)   Other: 0.3ms
[2024-09-04T14:59:51.653+0530][gc,heap     ] GC(3) Eden regions: 49->0(45)
[2024-09-04T14:59:51.653+0530][gc,heap     ] GC(3) Survivor regions: 2->6(7)
[2024-09-04T14:59:51.653+0530][gc,heap     ] GC(3) Old regions: 9->9
[2024-09-04T14:59:51.653+0530][gc,heap     ] GC(3) Archive regions: 2->2
[2024-09-04T14:59:51.653+0530][gc,heap     ] GC(3) Humongous regions: 0->0
[2024-09-04T14:59:51.653+0530][gc,metaspace] GC(3) Metaspace: 31039K(31296K)->31039K(31296K) NonClass: 27570K(27712K)->27570K(27712K) Class: 3469K(3584K)->3469K(3584K)
[2024-09-04T14:59:51.653+0530][gc          ] GC(3) Pause Young (Normal) (G1 Evacuation Pause) 60M->14M(1024M) 7.363ms
[2024-09-04T14:59:51.653+0530][gc,cpu      ] GC(3) User=0.05s Sys=0.00s Real=0.01s
[2024-09-04T14:59:52.319+0530][gc,heap,exit] Heap
[2024-09-04T14:59:52.319+0530][gc,heap,exit]  garbage-first heap   total 1048576K, used 32934K [0x00000007c0000000, 0x0000000800000000)
[2024-09-04T14:59:52.319+0530][gc,heap,exit]   region size 1024K, 24 young (24576K), 6 survivors (6144K)
[2024-09-04T14:59:52.319+0530][gc,heap,exit]  Metaspace       used 34670K, committed 35008K, reserved 1114112K
[2024-09-04T14:59:52.319+0530][gc,heap,exit]   class space    used 3852K, committed 4032K, reserved 1048576K
