[2024-08-27T16:35:24.946+0530][gc] Using G1
[2024-08-27T16:35:24.951+0530][gc,init] Version: 17.0.8+9-LTS-211 (release)
[2024-08-27T16:35:24.951+0530][gc,init] CPUs: 8 total, 8 available
[2024-08-27T16:35:24.951+0530][gc,init] Memory: 16384M
[2024-08-27T16:35:24.951+0530][gc,init] Large Page Support: Disabled
[2024-08-27T16:35:24.951+0530][gc,init] NUMA Support: Disabled
[2024-08-27T16:35:24.951+0530][gc,init] Compressed Oops: Enabled (Zero based)
[2024-08-27T16:35:24.951+0530][gc,init] Heap Region Size: 1M
[2024-08-27T16:35:24.951+0530][gc,init] Heap Min Capacity: 512M
[2024-08-27T16:35:24.951+0530][gc,init] Heap Initial Capacity: 512M
[2024-08-27T16:35:24.951+0530][gc,init] Heap Max Capacity: 512M
[2024-08-27T16:35:24.951+0530][gc,init] Pre-touch: Disabled
[2024-08-27T16:35:24.951+0530][gc,init] Parallel Workers: 8
[2024-08-27T16:35:24.951+0530][gc,init] Concurrent Workers: 2
[2024-08-27T16:35:24.951+0530][gc,init] Concurrent Refinement Workers: 8
[2024-08-27T16:35:24.951+0530][gc,init] Periodic GC: Disabled
[2024-08-27T16:35:24.959+0530][gc,metaspace] CDS archive(s) mapped at: [0x000000011f000000-0x000000011fbe4000-0x000000011fbe4000), size 12468224, SharedBaseAddress: 0x000000011f000000, ArchiveRelocationMode: 1.
[2024-08-27T16:35:24.959+0530][gc,metaspace] Compressed class space mapped at: 0x0000000120000000-0x0000000160000000, reserved size: 1073741824
[2024-08-27T16:35:24.959+0530][gc,metaspace] Narrow klass base: 0x000000011f000000, Narrow klass shift: 0, Narrow klass range: 0x100000000
[2024-08-27T16:35:48.846+0530][gc,start    ] GC(0) Pause Young (Normal) (G1 Evacuation Pause)
[2024-08-27T16:35:48.847+0530][gc,task     ] GC(0) Using 8 workers of 8 for evacuation
[2024-08-27T16:35:48.855+0530][gc,phases   ] GC(0)   Pre Evacuate Collection Set: 0.1ms
[2024-08-27T16:35:48.856+0530][gc,phases   ] GC(0)   Merge Heap Roots: 0.1ms
[2024-08-27T16:35:48.856+0530][gc,phases   ] GC(0)   Evacuate Collection Set: 7.8ms
[2024-08-27T16:35:48.856+0530][gc,phases   ] GC(0)   Post Evacuate Collection Set: 0.4ms
[2024-08-27T16:35:48.856+0530][gc,phases   ] GC(0)   Other: 0.8ms
[2024-08-27T16:35:48.856+0530][gc,heap     ] GC(0) Eden regions: 25->0(21)
[2024-08-27T16:35:48.856+0530][gc,heap     ] GC(0) Survivor regions: 0->4(4)
[2024-08-27T16:35:48.856+0530][gc,heap     ] GC(0) Old regions: 0->4
[2024-08-27T16:35:48.856+0530][gc,heap     ] GC(0) Archive regions: 2->2
[2024-08-27T16:35:48.856+0530][gc,heap     ] GC(0) Humongous regions: 0->0
[2024-08-27T16:35:48.856+0530][gc,metaspace] GC(0) Metaspace: 7903K(8128K)->7903K(8128K) NonClass: 6998K(7104K)->6998K(7104K) Class: 905K(1024K)->905K(1024K)
[2024-08-27T16:35:48.856+0530][gc          ] GC(0) Pause Young (Normal) (G1 Evacuation Pause) 25M->8M(512M) 9.474ms
[2024-08-27T16:35:48.856+0530][gc,cpu      ] GC(0) User=0.03s Sys=0.02s Real=0.01s
[2024-08-27T17:39:02.721+0530][gc,start    ] GC(1) Pause Young (Normal) (G1 Evacuation Pause)
[2024-08-27T17:39:02.723+0530][gc,task     ] GC(1) Using 8 workers of 8 for evacuation
[2024-08-27T17:39:02.747+0530][gc,mmu      ] GC(1) MMU target violated: 21.0ms (20.0ms/21.0ms)
[2024-08-27T17:39:02.747+0530][gc,phases   ] GC(1)   Pre Evacuate Collection Set: 1.2ms
[2024-08-27T17:39:02.747+0530][gc,phases   ] GC(1)   Merge Heap Roots: 0.3ms
[2024-08-27T17:39:02.747+0530][gc,phases   ] GC(1)   Evacuate Collection Set: 21.7ms
[2024-08-27T17:39:02.747+0530][gc,phases   ] GC(1)   Post Evacuate Collection Set: 0.4ms
[2024-08-27T17:39:02.747+0530][gc,phases   ] GC(1)   Other: 2.5ms
[2024-08-27T17:39:02.747+0530][gc,heap     ] GC(1) Eden regions: 21->0(24)
[2024-08-27T17:39:02.747+0530][gc,heap     ] GC(1) Survivor regions: 4->1(4)
[2024-08-27T17:39:02.747+0530][gc,heap     ] GC(1) Old regions: 4->8
[2024-08-27T17:39:02.747+0530][gc,heap     ] GC(1) Archive regions: 2->2
[2024-08-27T17:39:02.747+0530][gc,heap     ] GC(1) Humongous regions: 0->0
[2024-08-27T17:39:02.747+0530][gc,metaspace] GC(1) Metaspace: 8730K(8896K)->8730K(8896K) NonClass: 7800K(7872K)->7800K(7872K) Class: 929K(1024K)->929K(1024K)
[2024-08-27T17:39:02.747+0530][gc          ] GC(1) Pause Young (Normal) (G1 Evacuation Pause) 29M->9M(512M) 26.119ms
[2024-08-27T17:39:02.748+0530][gc,cpu      ] GC(1) User=0.03s Sys=0.09s Real=0.02s
[2024-08-27T18:23:30.556+0530][gc,heap,exit] Heap
[2024-08-27T18:23:30.556+0530][gc,heap,exit]  garbage-first heap   total 524288K, used 23952K [0x00000007e0000000, 0x0000000800000000)
[2024-08-27T18:23:30.567+0530][gc,heap,exit]   region size 1024K, 15 young (15360K), 1 survivors (1024K)
[2024-08-27T18:23:30.567+0530][gc,heap,exit]  Metaspace       used 8788K, committed 8960K, reserved 1114112K
[2024-08-27T18:23:30.567+0530][gc,heap,exit]   class space    used 930K, committed 1024K, reserved 1048576K
