[2024-09-02T17:03:48.982+0530][gc] Using G1
[2024-09-02T17:03:48.985+0530][gc,init] Version: 17.0.8+9-LTS-211 (release)
[2024-09-02T17:03:48.985+0530][gc,init] CPUs: 8 total, 8 available
[2024-09-02T17:03:48.985+0530][gc,init] Memory: 16384M
[2024-09-02T17:03:48.985+0530][gc,init] Large Page Support: Disabled
[2024-09-02T17:03:48.986+0530][gc,init] NUMA Support: Disabled
[2024-09-02T17:03:48.986+0530][gc,init] Compressed Oops: Enabled (Zero based)
[2024-09-02T17:03:48.986+0530][gc,init] Heap Region Size: 1M
[2024-09-02T17:03:48.986+0530][gc,init] Heap Min Capacity: 512M
[2024-09-02T17:03:48.986+0530][gc,init] Heap Initial Capacity: 512M
[2024-09-02T17:03:48.986+0530][gc,init] Heap Max Capacity: 512M
[2024-09-02T17:03:48.986+0530][gc,init] Pre-touch: Disabled
[2024-09-02T17:03:48.986+0530][gc,init] Parallel Workers: 8
[2024-09-02T17:03:48.986+0530][gc,init] Concurrent Workers: 2
[2024-09-02T17:03:48.986+0530][gc,init] Concurrent Refinement Workers: 8
[2024-09-02T17:03:48.986+0530][gc,init] Periodic GC: Disabled
[2024-09-02T17:03:48.993+0530][gc,metaspace] CDS archive(s) mapped at: [0x0000000122000000-0x0000000122be4000-0x0000000122be4000), size 12468224, SharedBaseAddress: 0x0000000122000000, ArchiveRelocationMode: 1.
[2024-09-02T17:03:48.993+0530][gc,metaspace] Compressed class space mapped at: 0x0000000123000000-0x0000000163000000, reserved size: 1073741824
[2024-09-02T17:03:48.993+0530][gc,metaspace] Narrow klass base: 0x0000000122000000, Narrow klass shift: 0, Narrow klass range: 0x100000000
[2024-09-02T17:03:49.380+0530][gc,heap,exit] Heap
[2024-09-02T17:03:49.380+0530][gc,heap,exit]  garbage-first heap   total 524288K, used 15322K [0x00000007e0000000, 0x0000000800000000)
[2024-09-02T17:03:49.380+0530][gc,heap,exit]   region size 1024K, 15 young (15360K), 0 survivors (0K)
[2024-09-02T17:03:49.380+0530][gc,heap,exit]  Metaspace       used 5710K, committed 5888K, reserved 1114112K
[2024-09-02T17:03:49.380+0530][gc,heap,exit]   class space    used 646K, committed 768K, reserved 1048576K
