[2024-09-03T16:33:00.602+0530][gc] Using G1
[2024-09-03T16:33:00.605+0530][gc,init] Version: 17.0.8+9-LTS-211 (release)
[2024-09-03T16:33:00.605+0530][gc,init] CPUs: 8 total, 8 available
[2024-09-03T16:33:00.605+0530][gc,init] Memory: 16384M
[2024-09-03T16:33:00.605+0530][gc,init] Large Page Support: Disabled
[2024-09-03T16:33:00.605+0530][gc,init] NUMA Support: Disabled
[2024-09-03T16:33:00.605+0530][gc,init] Compressed Oops: Enabled (Zero based)
[2024-09-03T16:33:00.605+0530][gc,init] Heap Region Size: 1M
[2024-09-03T16:33:00.605+0530][gc,init] Heap Min Capacity: 512M
[2024-09-03T16:33:00.605+0530][gc,init] Heap Initial Capacity: 512M
[2024-09-03T16:33:00.605+0530][gc,init] Heap Max Capacity: 512M
[2024-09-03T16:33:00.605+0530][gc,init] Pre-touch: Disabled
[2024-09-03T16:33:00.605+0530][gc,init] Parallel Workers: 8
[2024-09-03T16:33:00.605+0530][gc,init] Concurrent Workers: 2
[2024-09-03T16:33:00.605+0530][gc,init] Concurrent Refinement Workers: 8
[2024-09-03T16:33:00.605+0530][gc,init] Periodic GC: Disabled
[2024-09-03T16:33:00.614+0530][gc,metaspace] CDS archive(s) mapped at: [0x000000012a000000-0x000000012abe4000-0x000000012abe4000), size 12468224, SharedBaseAddress: 0x000000012a000000, ArchiveRelocationMode: 1.
[2024-09-03T16:33:00.614+0530][gc,metaspace] Compressed class space mapped at: 0x000000012b000000-0x000000016b000000, reserved size: 1073741824
[2024-09-03T16:33:00.614+0530][gc,metaspace] Narrow klass base: 0x000000012a000000, Narrow klass shift: 0, Narrow klass range: 0x100000000
[2024-09-03T16:33:11.677+0530][gc,start    ] GC(0) Pause Young (Normal) (G1 Evacuation Pause)
[2024-09-03T16:33:11.677+0530][gc,task     ] GC(0) Using 8 workers of 8 for evacuation
[2024-09-03T16:33:11.684+0530][gc,phases   ] GC(0)   Pre Evacuate Collection Set: 0.1ms
[2024-09-03T16:33:11.684+0530][gc,phases   ] GC(0)   Merge Heap Roots: 0.1ms
[2024-09-03T16:33:11.684+0530][gc,phases   ] GC(0)   Evacuate Collection Set: 5.5ms
[2024-09-03T16:33:11.684+0530][gc,phases   ] GC(0)   Post Evacuate Collection Set: 0.4ms
[2024-09-03T16:33:11.684+0530][gc,phases   ] GC(0)   Other: 0.8ms
[2024-09-03T16:33:11.684+0530][gc,heap     ] GC(0) Eden regions: 25->0(21)
[2024-09-03T16:33:11.684+0530][gc,heap     ] GC(0) Survivor regions: 0->4(4)
[2024-09-03T16:33:11.684+0530][gc,heap     ] GC(0) Old regions: 0->4
[2024-09-03T16:33:11.684+0530][gc,heap     ] GC(0) Archive regions: 2->2
[2024-09-03T16:33:11.684+0530][gc,heap     ] GC(0) Humongous regions: 0->0
[2024-09-03T16:33:11.684+0530][gc,metaspace] GC(0) Metaspace: 7844K(8000K)->7844K(8000K) NonClass: 6958K(7040K)->6958K(7040K) Class: 885K(960K)->885K(960K)
[2024-09-03T16:33:11.684+0530][gc          ] GC(0) Pause Young (Normal) (G1 Evacuation Pause) 25M->8M(512M) 7.184ms
[2024-09-03T16:33:11.684+0530][gc,cpu      ] GC(0) User=0.02s Sys=0.02s Real=0.01s
[2024-09-03T16:36:08.296+0530][gc,heap,exit] Heap
[2024-09-03T16:36:08.298+0530][gc,heap,exit]  garbage-first heap   total 524288K, used 18119K [0x00000007e0000000, 0x0000000800000000)
[2024-09-03T16:36:08.298+0530][gc,heap,exit]   region size 1024K, 13 young (13312K), 4 survivors (4096K)
[2024-09-03T16:36:08.298+0530][gc,heap,exit]  Metaspace       used 8615K, committed 8768K, reserved 1114112K
[2024-09-03T16:36:08.298+0530][gc,heap,exit]   class space    used 930K, committed 1024K, reserved 1048576K
